 dllPath = /usr/lib/wsl/drivers/iigd_dch.inf_amd64_3e6575b60ae27560, dllName = libigdgmm_w.so.12 
 IsWddmLinux = 1, dllWslName = /usr/lib/wsl/drivers/iigd_dch.inf_amd64_3e6575b60ae27560/libigdgmm_w.so.12  flags = 2
 dllPath = /usr/lib/wsl/drivers/iigd_dch.inf_amd64_3e6575b60ae27560, dllName = libigdgmm_w.so.12 
 IsWddmLinux = 1, dllWslName = /usr/lib/wsl/drivers/iigd_dch.inf_amd64_3e6575b60ae27560/libigdgmm_w.so.12  flags = 2
{"seed":43,"vendor":"Microsoft Corporation","renderer":"D3D12 (Intel(R) Arc(TM) 140T GPU (16GB))","gl_version":"4.6 (Compatibility Profile) Mesa 26.2.2","gallium_path":"/root/.cache/football-mesa-build-20260913-a/install-wayland/lib/libgallium-26.2.2.so","width":1920,"height":1080,"quality":"pbr+bloom+fxaa","swap_enabled":true,"swap_interval":0,"warmup_frames":30,"measured_frames":120,"in_play_frames":150,"p50_ms":30.785397,"p95_ms":57.408096,"p99_ms":61.484418,"submit_p50_ms":30.742029,"submit_p95_ms":57.364499,"finish_p50_ms":0.044156,"finish_p95_ms":0.068560,"samples_ms":[24.131389,33.879091,28.954601,29.062601,26.252902,24.998482,37.473602,32.593528,25.747080,25.708267,29.482752,27.486946,30.189766,26.480253,30.455538,30.835956,33.668366,33.507765,26.226113,25.148076,23.517670,31.652106,27.223203,31.357758,28.919193,32.951367,27.217673,37.090040,27.497402,27.445875,33.582549,26.971828,33.249769,28.786503,34.473445,31.772573,23.495961,26.475511,28.170416,28.569354,25.982239,24.351163,29.290887,28.340452,28.537673,34.005381,28.585951,32.467282,26.049818,34.216427,32.753212,29.469385,28.651750,32.747889,24.009703,31.039649,27.217399,27.088712,27.937960,33.251003,26.553106,33.987080,28.660755,34.388799,28.813899,26.930186,25.928453,30.364588,26.571348,33.269276,34.432333,28.225998,30.224469,29.388538,29.831702,30.785397,26.603649,33.184534,31.135569,30.140368,27.047083,33.672169,28.945198,33.561477,28.677671,28.013462,32.861825,33.007708,28.712388,26.969910,33.029350,28.441124,34.046497,39.406646,65.498793,51.527743,56.413075,44.891729,44.276818,58.523440,57.261862,57.585876,60.311183,56.309786,47.414264,46.500745,45.256673,43.979331,60.478487,61.484418,55.617883,45.599981,43.141169,43.886761,42.601828,44.527845,57.408096,44.692211,52.212348,43.622259],"submit_samples_ms":[24.068828,33.833484,28.911998,29.025899,26.211008,24.952945,37.432266,32.552267,25.708152,25.654231,29.437942,27.444807,30.147108,26.416470,30.416135,30.796024,33.629527,33.461886,26.186093,25.085258,23.479014,31.504598,27.184457,31.316156,28.877116,32.881162,27.176197,37.042866,27.456593,27.405942,33.544141,26.929497,33.209258,28.744759,34.433777,31.732575,23.452545,26.430171,28.125382,28.526780,25.938912,24.304172,29.244558,28.294980,28.494400,33.953451,28.517391,32.419709,26.005567,34.175544,32.710131,29.401401,28.607594,32.702427,23.913315,30.981097,27.168099,27.041107,27.897545,33.207840,26.482303,33.949436,28.619947,34.339981,28.768570,26.886424,25.863869,30.316907,26.526644,33.227133,34.388127,28.180329,30.180108,29.343422,29.787862,30.742029,26.558550,33.139245,31.088497,30.095912,27.005428,33.630472,28.903057,33.516539,28.610926,27.973830,32.822178,32.965688,28.571997,26.928744,32.990134,28.399125,33.999880,39.360768,65.390379,51.482852,56.366496,44.844951,44.231722,58.478110,57.213047,57.534191,60.265665,56.262234,47.371603,46.452675,45.210685,43.938013,60.436572,61.441769,55.573978,45.552296,43.095934,43.843739,42.558644,44.485446,57.364499,44.651548,52.165285,43.582261],"finish_samples_ms":[0.062561,0.045607,0.042603,0.036702,0.041894,0.045537,0.041336,0.041261,0.038928,0.054036,0.044810,0.042139,0.042658,0.063783,0.039403,0.039932,0.038839,0.045879,0.040020,0.062818,0.038656,0.147508,0.038746,0.041602,0.042077,0.070205,0.041476,0.047174,0.040809,0.039933,0.038408,0.042331,0.040511,0.041744,0.039668,0.039998,0.043416,0.045340,0.045034,0.042574,0.043327,0.046991,0.046329,0.045472,0.043273,0.051930,0.068560,0.047573,0.044251,0.040883,0.043081,0.067984,0.044156,0.045462,0.096388,0.058552,0.049300,0.047605,0.040415,0.043163,0.070803,0.037644,0.040808,0.048818,0.045329,0.043762,0.064584,0.047681,0.044704,0.042143,0.044206,0.045669,0.044361,0.045116,0.043840,0.043368,0.045099,0.045289,0.047072,0.044456,0.041655,0.041697,0.042141,0.044938,0.066745,0.039632,0.039647,0.042020,0.140391,0.041166,0.039216,0.041999,0.046617,0.045878,0.108414,0.044891,0.046579,0.046778,0.045096,0.045330,0.048815,0.051685,0.045518,0.047552,0.042661,0.048070,0.045988,0.041318,0.041915,0.042649,0.043905,0.047685,0.045235,0.043022,0.043184,0.042399,0.043597,0.040663,0.047063,0.039998]}
MESA-EGL: warning: egl: failed to create dri2 screen
GPU_TIMER_SAMPLE 0 2097152 4456448 3407872 9961472
GPU_TIMER_SAMPLE 1 3145728 6553600 7733248 17432576
GPU_TIMER_SAMPLE 2 2359296 4587520 3276800 10223616
GPU_TIMER_SAMPLE 3 2359296 4849664 3145728 10354688
GPU_TIMER_SAMPLE 4 2228224 4718592 3276800 10223616
GPU_TIMER_SAMPLE 5 2228224 4456448 3276800 9961472
GPU_TIMER_SAMPLE 6 3932160 9830400 5636096 19398656
GPU_TIMER_SAMPLE 7 3014656 6815744 3801088 13631488
GPU_TIMER_SAMPLE 8 2097152 4325376 3407872 9830400
GPU_TIMER_SAMPLE 9 2228224 4849664 3276800 10354688
GPU_TIMER_SAMPLE 10 2359296 4849664 7208960 14417920
GPU_TIMER_SAMPLE 11 2359296 4587520 3145728 10092544
GPU_TIMER_SAMPLE 12 2228224 4718592 3145728 10092544
GPU_TIMER_SAMPLE 13 2228224 4587520 3145728 9961472
GPU_TIMER_SAMPLE 14 3145728 7208960 3932160 14286848
GPU_TIMER_SAMPLE 15 3145728 6684672 4063232 13893632
GPU_TIMER_SAMPLE 16 3145728 7077888 4325376 14548992
GPU_TIMER_SAMPLE 17 3014656 6553600 5898240 15466496
GPU_TIMER_SAMPLE 18 2097152 4587520 3276800 9961472
GPU_TIMER_SAMPLE 19 2228224 4718592 3276800 10223616
GPU_TIMER_SAMPLE 20 2228224 4325376 3538944 10092544
GPU_TIMER_SAMPLE 21 3014656 6291456 3932160 13238272
GPU_TIMER_SAMPLE 22 2359296 4849664 3407872 10616832
GPU_TIMER_SAMPLE 23 3145728 7077888 3801088 14024704
GPU_TIMER_SAMPLE 24 2359296 4849664 3407872 10616832
GPU_TIMER_SAMPLE 25 3276800 6946816 3801088 14024704
GPU_TIMER_SAMPLE 26 2359296 4718592 3014656 10092544
GPU_TIMER_SAMPLE 27 4980736 9306112 8126464 22413312
GPU_TIMER_SAMPLE 28 2359296 4587520 3276800 10223616
GPU_TIMER_SAMPLE 29 2228224 4849664 3145728 10223616
GPU_TIMER_SAMPLE 30 3145728 6553600 5898240 15597568
GPU_TIMER_SAMPLE 31 2228224 4325376 3276800 9830400
GPU_TIMER_SAMPLE 32 3145728 7077888 3932160 14155776
GPU_TIMER_SAMPLE 33 2228224 4718592 3276800 10223616
GPU_TIMER_SAMPLE 34 3145728 6815744 5898240 15859712
GPU_TIMER_SAMPLE 35 3407872 6946816 5373952 15728640
GPU_TIMER_SAMPLE 36 2097152 4456448 3276800 9830400
GPU_TIMER_SAMPLE 37 2359296 4718592 3276800 10354688
GPU_TIMER_SAMPLE 38 2359296 4325376 6160384 12845056
GPU_TIMER_SAMPLE 39 2490368 4587520 3407872 10485760
GPU_TIMER_SAMPLE 40 2359296 4849664 3145728 10354688
GPU_TIMER_SAMPLE 41 2228224 4587520 3145728 9961472
GPU_TIMER_SAMPLE 42 2359296 4325376 8650752 15335424
GPU_TIMER_SAMPLE 43 2359296 4456448 3407872 10223616
GPU_TIMER_SAMPLE 44 2359296 4718592 3014656 10092544
GPU_TIMER_SAMPLE 45 3407872 6291456 8519680 18219008
GPU_TIMER_SAMPLE 46 2359296 4718592 3276800 10354688
GPU_TIMER_SAMPLE 47 3276800 6553600 5898240 15728640
GPU_TIMER_SAMPLE 48 2359296 4718592 3407872 10485760
GPU_TIMER_SAMPLE 49 3145728 6553600 3801088 13500416
GPU_TIMER_SAMPLE 50 3276800 6684672 5898240 15859712
GPU_TIMER_SAMPLE 51 2359296 4194304 3276800 9830400
GPU_TIMER_SAMPLE 52 2359296 4587520 3145728 10092544
GPU_TIMER_SAMPLE 53 3407872 6946816 5636096 15990784
GPU_TIMER_SAMPLE 54 2359296 4849664 3276800 10485760
GPU_TIMER_SAMPLE 55 2359296 9437184 4063232 15859712
GPU_TIMER_SAMPLE 56 2359296 4849664 3276800 10485760
GPU_TIMER_SAMPLE 57 2359296 4325376 5767168 12451840
GPU_TIMER_SAMPLE 58 2490368 4718592 3276800 10485760
GPU_TIMER_SAMPLE 59 3407872 6815744 5505024 15728640
GPU_TIMER_SAMPLE 60 2359296 4980736 3538944 10878976
GPU_TIMER_SAMPLE 61 3407872 7077888 6029312 16515072
GPU_TIMER_SAMPLE 62 2359296 4849664 3407872 10616832
GPU_TIMER_SAMPLE 63 3014656 6291456 6160384 15466496
GPU_TIMER_SAMPLE 64 2228224 4718592 3407872 10354688
GPU_TIMER_SAMPLE 65 2359296 4587520 3276800 10223616
GPU_TIMER_SAMPLE 66 2228224 4325376 3407872 9961472
GPU_TIMER_SAMPLE 67 3145728 6422528 4718592 14286848
GPU_TIMER_SAMPLE 68 2359296 4325376 3538944 10223616
GPU_TIMER_SAMPLE 69 3407872 6029312 7995392 17432576
GPU_TIMER_SAMPLE 70 3538944 6684672 8519680 18743296
GPU_TIMER_SAMPLE 71 2228224 4849664 3407872 10485760
GPU_TIMER_SAMPLE 72 2359296 4456448 7077888 13893632
GPU_TIMER_SAMPLE 73 2490368 4325376 6815744 13631488
GPU_TIMER_SAMPLE 74 2359296 4456448 6946816 13762560
GPU_TIMER_SAMPLE 75 2883584 5898240 7340032 16121856
GPU_TIMER_SAMPLE 76 2359296 4456448 3538944 10354688
GPU_TIMER_SAMPLE 77 2883584 6815744 8519680 18219008
GPU_TIMER_SAMPLE 78 2490368 4587520 3276800 10354688
GPU_TIMER_SAMPLE 79 2490368 4194304 3145728 9830400
GPU_TIMER_SAMPLE 80 2228224 4718592 3276800 10223616
GPU_TIMER_SAMPLE 81 3407872 7077888 6291456 16777216
GPU_TIMER_SAMPLE 82 2359296 4849664 3276800 10485760
GPU_TIMER_SAMPLE 83 3538944 6553600 8781824 18874368
GPU_TIMER_SAMPLE 84 2621440 4718592 3407872 10747904
GPU_TIMER_SAMPLE 85 2359296 4849664 3276800 10485760
GPU_TIMER_SAMPLE 86 3407872 6422528 5898240 15728640
GPU_TIMER_SAMPLE 87 3407872 6029312 7864320 17301504
GPU_TIMER_SAMPLE 88 2359296 4718592 3407872 10485760
GPU_TIMER_SAMPLE 89 2359296 4587520 3276800 10223616
GPU_TIMER_SAMPLE 90 3538944 6684672 3932160 14155776
GPU_TIMER_SAMPLE 91 2359296 4849664 3407872 10616832
GPU_TIMER_SAMPLE 92 3538944 6946816 5242880 15728640
GPU_TIMER_SAMPLE 93 2359296 4456448 11927552 18743296
GPU_TIMER_SAMPLE 94 7995392 13631488 15597568 37224448
GPU_TIMER_SAMPLE 95 6029312 10092544 15728640 31850496
GPU_TIMER_SAMPLE 96 7995392 15466496 14286848 37748736
GPU_TIMER_SAMPLE 97 6553600 10223616 11141120 27918336
GPU_TIMER_SAMPLE 98 6684672 14548992 5636096 26869760
GPU_TIMER_SAMPLE 99 7995392 20709376 11403264 40108032
GPU_TIMER_SAMPLE 100 7340032 12582912 18874368 38797312
GPU_TIMER_SAMPLE 101 7995392 13238272 16908288 38141952
GPU_TIMER_SAMPLE 102 7995392 22151168 9568256 39714816
GPU_TIMER_SAMPLE 103 7995392 13369344 16646144 38010880
GPU_TIMER_SAMPLE 104 6422528 10354688 11010048 27787264
GPU_TIMER_SAMPLE 105 6553600 10223616 11403264 28180480
GPU_TIMER_SAMPLE 106 6553600 10616832 10747904 27918336
GPU_TIMER_SAMPLE 107 6946816 14811136 5898240 27656192
GPU_TIMER_SAMPLE 108 7995392 20578304 9306112 37879808
GPU_TIMER_SAMPLE 109 7995392 21626880 8912896 38535168
GPU_TIMER_SAMPLE 110 7471104 12451840 17563648 37486592
GPU_TIMER_SAMPLE 111 7077888 10616832 10354688 28049408
GPU_TIMER_SAMPLE 112 6160384 13893632 5373952 25427968
GPU_TIMER_SAMPLE 113 6684672 10354688 10354688 27394048
GPU_TIMER_SAMPLE 114 5636096 10223616 10354688 26214400
GPU_TIMER_SAMPLE 115 5898240 9699328 10747904 26345472
GPU_TIMER_SAMPLE 116 7995392 13238272 16384000 37617664
GPU_TIMER_SAMPLE 117 6684672 10092544 10354688 27131904
GPU_TIMER_SAMPLE 118 7995392 13107200 14155776 35258368
GPU_TIMER_SAMPLE 119 6422528 9961472 11272192 27656192
