 dllPath = /usr/lib/wsl/drivers/iigd_dch.inf_amd64_3e6575b60ae27560, dllName = libigdgmm_w.so.12 
 IsWddmLinux = 1, dllWslName = /usr/lib/wsl/drivers/iigd_dch.inf_amd64_3e6575b60ae27560/libigdgmm_w.so.12  flags = 2
 dllPath = /usr/lib/wsl/drivers/iigd_dch.inf_amd64_3e6575b60ae27560, dllName = libigdgmm_w.so.12 
 IsWddmLinux = 1, dllWslName = /usr/lib/wsl/drivers/iigd_dch.inf_amd64_3e6575b60ae27560/libigdgmm_w.so.12  flags = 2
{"seed":42,"vendor":"Microsoft Corporation","renderer":"D3D12 (Intel(R) Arc(TM) 140T GPU (16GB))","gl_version":"4.6 (Compatibility Profile) Mesa 26.2.2","gallium_path":"/root/.cache/football-mesa-build-20260913-a/install-wayland/lib/libgallium-26.2.2.so","width":1920,"height":1080,"quality":"pbr+bloom+fxaa","swap_enabled":true,"swap_interval":0,"warmup_frames":30,"measured_frames":120,"in_play_frames":141,"p50_ms":26.462393,"p95_ms":32.204438,"p99_ms":34.598496,"submit_p50_ms":26.425355,"submit_p95_ms":32.164752,"finish_p50_ms":0.040642,"finish_p95_ms":0.063687,"samples_ms":[26.822114,26.561640,25.126308,28.607784,25.697148,22.753671,34.336631,28.579032,28.382002,23.595398,28.869429,27.309130,24.375953,28.206090,29.070871,21.274453,23.584968,21.973478,31.084312,27.242618,27.762605,21.081708,28.915984,24.212094,22.282675,27.708636,29.495046,25.152183,21.883855,32.204438,24.449040,20.983936,31.264553,25.769922,27.428221,27.185038,27.356744,23.878995,25.407738,28.590668,25.157970,22.988131,29.186009,21.212570,21.736419,21.615177,28.984613,29.382191,24.947537,29.185586,27.164630,26.351252,20.316987,26.089745,24.254909,26.462393,22.795870,25.551709,26.738981,24.471823,23.407185,28.384381,26.033467,21.979432,28.438496,23.793020,27.782911,26.206605,21.979886,28.234874,27.281823,25.438731,21.100780,30.092215,25.321987,20.968438,25.456697,21.448858,29.213722,21.479440,29.197681,27.171604,26.073886,21.385699,29.653827,23.957277,25.313742,28.162225,32.627819,29.885484,23.468154,28.489877,27.725354,30.151152,28.679478,31.708747,21.713945,24.001653,33.907641,25.788743,21.009660,30.353811,24.608286,26.030941,28.811455,23.214289,27.267890,29.152056,27.317584,32.417068,23.609923,28.184449,26.963855,29.556547,21.819270,30.093698,29.947788,22.976366,34.598496,34.870916],"submit_samples_ms":[26.761742,26.518518,25.089885,28.567948,25.656775,22.714319,34.297925,28.524895,28.340692,23.550922,28.824596,27.269607,24.330854,28.158973,29.012343,21.235402,23.546201,21.933763,31.046504,27.187440,27.723079,21.036411,28.870258,24.173986,22.241412,27.671928,29.456487,25.110574,21.844546,32.164752,24.409751,20.945972,31.227932,25.731934,27.381723,27.146520,27.291197,23.834287,25.370294,28.553032,25.117971,22.931562,29.149703,21.168110,21.680714,21.575453,28.946600,29.347059,24.909009,29.123449,27.125690,26.312745,20.275388,26.047775,24.207107,26.425355,22.754032,25.501407,26.703133,24.408070,23.369450,28.345427,25.994913,21.920865,28.396197,23.749605,27.736279,26.168570,21.932569,28.194150,27.244547,25.311875,21.062023,30.052170,25.273181,20.931751,25.414046,21.409570,29.174390,21.430985,29.160394,27.132606,26.030192,21.345057,29.614297,23.916631,25.275183,28.123045,32.590000,29.843129,23.418517,28.446973,27.684293,30.108240,28.639847,31.667809,21.666646,23.963281,33.869975,25.751079,20.972472,30.289785,24.566098,25.990763,28.774733,23.177542,27.222593,29.103343,27.275782,32.375594,23.567685,28.120654,26.919341,29.519496,21.755583,30.031633,29.880297,22.939090,34.553849,34.823547],"finish_samples_ms":[0.060372,0.043122,0.036423,0.039836,0.040373,0.039352,0.038706,0.054137,0.041310,0.044476,0.044833,0.039523,0.045099,0.047117,0.058528,0.039051,0.038767,0.039715,0.037808,0.055178,0.039526,0.045297,0.045726,0.038108,0.041263,0.036708,0.038559,0.041609,0.039309,0.039686,0.039289,0.037964,0.036621,0.037988,0.046498,0.038518,0.065547,0.044708,0.037444,0.037636,0.039999,0.056569,0.036306,0.044460,0.055705,0.039724,0.038013,0.035132,0.038528,0.062137,0.038940,0.038507,0.041599,0.041970,0.047802,0.037038,0.041838,0.050302,0.035848,0.063753,0.037735,0.038954,0.038554,0.058567,0.042299,0.043415,0.046632,0.038035,0.047317,0.040724,0.037276,0.126856,0.038757,0.040045,0.048806,0.036687,0.042651,0.039288,0.039332,0.048455,0.037287,0.038998,0.043694,0.040642,0.039530,0.040646,0.038559,0.039180,0.037819,0.042355,0.049637,0.042904,0.041061,0.042912,0.039631,0.040938,0.047299,0.038372,0.037666,0.037664,0.037188,0.064026,0.042188,0.040178,0.036722,0.036747,0.045297,0.048713,0.041802,0.041474,0.042238,0.063795,0.044514,0.037051,0.063687,0.062065,0.067491,0.037276,0.044647,0.047369]}
MESA-EGL: warning: egl: failed to create dri2 screen
GPU_TIMER_SAMPLE 0 2359296 5636096 3145728 11141120
GPU_TIMER_SAMPLE 1 1966080 4718592 3145728 9830400
GPU_TIMER_SAMPLE 2 1966080 3932160 2883584 8781824
GPU_TIMER_SAMPLE 3 2359296 5373952 3407872 11141120
GPU_TIMER_SAMPLE 4 2490368 5505024 3538944 11534336
GPU_TIMER_SAMPLE 5 2228224 4325376 3276800 9830400
GPU_TIMER_SAMPLE 6 3538944 7077888 5767168 16384000
GPU_TIMER_SAMPLE 7 2490368 5898240 3276800 11665408
GPU_TIMER_SAMPLE 8 2228224 5898240 3407872 11534336
GPU_TIMER_SAMPLE 9 1835008 4063232 2883584 8781824
GPU_TIMER_SAMPLE 10 2752512 5505024 6553600 14811136
GPU_TIMER_SAMPLE 11 2752512 5767168 3276800 11796480
GPU_TIMER_SAMPLE 12 2490368 5636096 3407872 11534336
GPU_TIMER_SAMPLE 13 3276800 7602176 4587520 15466496
GPU_TIMER_SAMPLE 14 2752512 5373952 6815744 14942208
GPU_TIMER_SAMPLE 15 2097152 4194304 2883584 9175040
GPU_TIMER_SAMPLE 16 1966080 3932160 5242880 11141120
GPU_TIMER_SAMPLE 17 1966080 4456448 2883584 9306112
GPU_TIMER_SAMPLE 18 3407872 7471104 7733248 18612224
GPU_TIMER_SAMPLE 19 2490368 5373952 6684672 14548992
GPU_TIMER_SAMPLE 20 2752512 5505024 3145728 11403264
GPU_TIMER_SAMPLE 21 1835008 4194304 2883584 8912896
GPU_TIMER_SAMPLE 22 2490368 5242880 6029312 13762560
GPU_TIMER_SAMPLE 23 2359296 5242880 3538944 11141120
GPU_TIMER_SAMPLE 24 1966080 4194304 2752512 8912896
GPU_TIMER_SAMPLE 25 2621440 5505024 3407872 11534336
GPU_TIMER_SAMPLE 26 2621440 6029312 3276800 11927552
GPU_TIMER_SAMPLE 27 2359296 5373952 3145728 10878976
GPU_TIMER_SAMPLE 28 1966080 3932160 3014656 8912896
GPU_TIMER_SAMPLE 29 3276800 7208960 4587520 15073280
GPU_TIMER_SAMPLE 30 2228224 5373952 3276800 10878976
GPU_TIMER_SAMPLE 31 1835008 4063232 2883584 8781824
GPU_TIMER_SAMPLE 32 2490368 5767168 3014656 11272192
GPU_TIMER_SAMPLE 33 2228224 6029312 3538944 11796480
GPU_TIMER_SAMPLE 34 2228224 6029312 3538944 11796480
GPU_TIMER_SAMPLE 35 2752512 5636096 6160384 14548992
GPU_TIMER_SAMPLE 36 2752512 5767168 3407872 11927552
GPU_TIMER_SAMPLE 37 1966080 4063232 2883584 8912896
GPU_TIMER_SAMPLE 38 1966080 4194304 2883584 9043968
GPU_TIMER_SAMPLE 39 2883584 6029312 3276800 12189696
GPU_TIMER_SAMPLE 40 2621440 5767168 3276800 11665408
GPU_TIMER_SAMPLE 41 1835008 4063232 2883584 8781824
GPU_TIMER_SAMPLE 42 2490368 5767168 3276800 11534336
GPU_TIMER_SAMPLE 43 2097152 4194304 2752512 9043968
GPU_TIMER_SAMPLE 44 1966080 4194304 2752512 8912896
GPU_TIMER_SAMPLE 45 1835008 4063232 3014656 8912896
GPU_TIMER_SAMPLE 46 2359296 5505024 3276800 11141120
GPU_TIMER_SAMPLE 47 2752512 5636096 3538944 11927552
GPU_TIMER_SAMPLE 48 2752512 5767168 3407872 11927552
GPU_TIMER_SAMPLE 49 1835008 5767168 7864320 15466496
GPU_TIMER_SAMPLE 50 2228224 5505024 3276800 11010048
GPU_TIMER_SAMPLE 51 2621440 5767168 3276800 11665408
GPU_TIMER_SAMPLE 52 1703936 4194304 2883584 8781824
GPU_TIMER_SAMPLE 53 2097152 5242880 3276800 10616832
GPU_TIMER_SAMPLE 54 1966080 4325376 3014656 9306112
GPU_TIMER_SAMPLE 55 1966080 3801088 2883584 8650752
GPU_TIMER_SAMPLE 56 1966080 4063232 2883584 8912896
GPU_TIMER_SAMPLE 57 1966080 4325376 6553600 12845056
GPU_TIMER_SAMPLE 58 2228224 4456448 3145728 9830400
GPU_TIMER_SAMPLE 59 2228224 5373952 3538944 11141120
GPU_TIMER_SAMPLE 60 1966080 4587520 3276800 9830400
GPU_TIMER_SAMPLE 61 2490368 5373952 3407872 11272192
GPU_TIMER_SAMPLE 62 2621440 5505024 3538944 11665408
GPU_TIMER_SAMPLE 63 1966080 3801088 2883584 8650752
GPU_TIMER_SAMPLE 64 2359296 5373952 3407872 11141120
GPU_TIMER_SAMPLE 65 2228224 4587520 2883584 9699328
GPU_TIMER_SAMPLE 66 2621440 5373952 6684672 14680064
GPU_TIMER_SAMPLE 67 2752512 5898240 3407872 12058624
GPU_TIMER_SAMPLE 68 1966080 3801088 2883584 8650752
GPU_TIMER_SAMPLE 69 2752512 5373952 6291456 14417920
GPU_TIMER_SAMPLE 70 2752512 5767168 3670016 12189696
GPU_TIMER_SAMPLE 71 2883584 5636096 3538944 12058624
GPU_TIMER_SAMPLE 72 1966080 3801088 2883584 8650752
GPU_TIMER_SAMPLE 73 2228224 5505024 3145728 10878976
GPU_TIMER_SAMPLE 74 2359296 5242880 3407872 11010048
GPU_TIMER_SAMPLE 75 1966080 3801088 2883584 8650752
GPU_TIMER_SAMPLE 76 1966080 4063232 2621440 8650752
GPU_TIMER_SAMPLE 77 1966080 3801088 2883584 8650752
GPU_TIMER_SAMPLE 78 2621440 5767168 3276800 11665408
GPU_TIMER_SAMPLE 79 1966080 4063232 2752512 8781824
GPU_TIMER_SAMPLE 80 2752512 5373952 3407872 11534336
GPU_TIMER_SAMPLE 81 2359296 5767168 3538944 11665408
GPU_TIMER_SAMPLE 82 2359296 5242880 3276800 10878976
GPU_TIMER_SAMPLE 83 2097152 3932160 2883584 8912896
GPU_TIMER_SAMPLE 84 2490368 5636096 3145728 11272192
GPU_TIMER_SAMPLE 85 1835008 3801088 2621440 8257536
GPU_TIMER_SAMPLE 86 1835008 4063232 2752512 8650752
GPU_TIMER_SAMPLE 87 2490368 5373952 3276800 11141120
GPU_TIMER_SAMPLE 88 3801088 7340032 3932160 15073280
GPU_TIMER_SAMPLE 89 2359296 5111808 3276800 10747904
GPU_TIMER_SAMPLE 90 2228224 4063232 2883584 9175040
GPU_TIMER_SAMPLE 91 2752512 5373952 6684672 14811136
GPU_TIMER_SAMPLE 92 2883584 5767168 3145728 11796480
GPU_TIMER_SAMPLE 93 2752512 5767168 3407872 11927552
GPU_TIMER_SAMPLE 94 2752512 5505024 3145728 11403264
GPU_TIMER_SAMPLE 95 3276800 7340032 4063232 14680064
GPU_TIMER_SAMPLE 96 1835008 3932160 2883584 8650752
GPU_TIMER_SAMPLE 97 2228224 4849664 3276800 10354688
GPU_TIMER_SAMPLE 98 3670016 7340032 4325376 15335424
GPU_TIMER_SAMPLE 99 2359296 5373952 3276800 11010048
GPU_TIMER_SAMPLE 100 1966080 3801088 2883584 8650752
GPU_TIMER_SAMPLE 101 2621440 5636096 3145728 11403264
GPU_TIMER_SAMPLE 102 2359296 5111808 3538944 11010048
GPU_TIMER_SAMPLE 103 2097152 3801088 6815744 12713984
GPU_TIMER_SAMPLE 104 2490368 5242880 4718592 12451840
GPU_TIMER_SAMPLE 105 2490368 5111808 3407872 11010048
GPU_TIMER_SAMPLE 106 2228224 4849664 7340032 14417920
GPU_TIMER_SAMPLE 107 2359296 4456448 3276800 10092544
GPU_TIMER_SAMPLE 108 2228224 4325376 3145728 9699328
GPU_TIMER_SAMPLE 109 2621440 5242880 3407872 11272192
GPU_TIMER_SAMPLE 110 1966080 3932160 2883584 8781824
GPU_TIMER_SAMPLE 111 2228224 8126464 3276800 13631488
GPU_TIMER_SAMPLE 112 2228224 4194304 6160384 12582912
GPU_TIMER_SAMPLE 113 2621440 5111808 3407872 11141120
GPU_TIMER_SAMPLE 114 1966080 3932160 2883584 8781824
GPU_TIMER_SAMPLE 115 2228224 4325376 8912896 15466496
GPU_TIMER_SAMPLE 116 2490368 4718592 8519680 15728640
GPU_TIMER_SAMPLE 117 2228224 4456448 3407872 10092544
GPU_TIMER_SAMPLE 118 3014656 5898240 7733248 16646144
GPU_TIMER_SAMPLE 119 3538944 6815744 5898240 16252928
