 dllPath = /usr/lib/wsl/drivers/iigd_dch.inf_amd64_3e6575b60ae27560, dllName = libigdgmm_w.so.12 
 IsWddmLinux = 1, dllWslName = /usr/lib/wsl/drivers/iigd_dch.inf_amd64_3e6575b60ae27560/libigdgmm_w.so.12  flags = 2
 dllPath = /usr/lib/wsl/drivers/iigd_dch.inf_amd64_3e6575b60ae27560, dllName = libigdgmm_w.so.12 
 IsWddmLinux = 1, dllWslName = /usr/lib/wsl/drivers/iigd_dch.inf_amd64_3e6575b60ae27560/libigdgmm_w.so.12  flags = 2
{"seed":42,"vendor":"Microsoft Corporation","renderer":"D3D12 (Intel(R) Arc(TM) 140T GPU (16GB))","gl_version":"4.6 (Compatibility Profile) Mesa 26.2.2","gallium_path":"/root/.cache/football-mesa-build-20260913-a/install-wayland/lib/libgallium-26.2.2.so","width":1920,"height":1080,"quality":"pbr+fxaa+auto_exposure","swap_enabled":true,"swap_interval":0,"warmup_frames":30,"measured_frames":120,"in_play_frames":141,"p50_ms":28.647916,"p95_ms":45.019610,"p99_ms":51.560101,"submit_p50_ms":28.595486,"submit_p95_ms":44.964564,"finish_p50_ms":0.047252,"finish_p95_ms":0.078269,"samples_ms":[30.283623,33.304823,32.682186,30.367863,40.527745,40.759679,28.624426,34.268031,29.531366,47.182532,30.769695,29.444462,27.109597,37.404249,35.110248,38.573681,40.592067,25.236262,45.019610,29.178161,46.582747,36.697086,34.756205,42.291696,37.430152,49.377665,46.988828,42.983385,54.360482,51.560101,24.007423,25.062873,21.999875,29.535110,25.222311,22.980791,26.332327,23.562720,29.869500,31.513398,23.522710,28.347834,28.894544,28.135898,27.476171,29.063766,23.515508,27.102761,25.869336,32.278415,31.200111,31.528172,29.354014,35.022201,31.728221,32.001074,28.156761,32.380415,24.455821,24.138952,29.950855,23.050407,28.477740,22.508454,28.781745,23.616081,28.114078,24.776294,34.208075,31.691845,31.773393,24.711548,23.472422,28.252915,27.081351,31.848993,31.892073,28.736856,33.864785,23.552375,33.312927,24.862404,27.908541,27.795230,34.373638,24.612403,28.673517,25.203288,31.143906,27.960133,25.718525,24.950036,28.647916,24.979275,24.746495,29.181131,29.185288,28.147919,32.550681,25.511510,22.385862,31.226433,24.838380,24.137127,25.970141,21.910095,27.109811,26.681019,27.401677,26.650235,21.512124,30.852529,29.595794,24.367578,24.485480,29.081833,26.222078,24.445111,28.419411,25.022987],"submit_samples_ms":[30.235384,33.256405,32.635401,30.319270,40.482172,40.683025,28.566994,34.190925,29.482469,47.133770,30.720436,29.394808,27.035343,37.353854,35.038420,38.524148,40.548168,25.189298,44.964564,29.134485,46.535180,36.647781,34.710315,42.244698,37.380140,49.331961,46.941810,42.932383,54.316405,51.512905,23.961731,25.010623,21.955310,29.466094,25.166107,22.902391,26.288845,23.519035,29.823583,31.431947,23.470416,28.276137,28.843522,28.088010,27.433469,29.020685,23.466407,27.058190,25.826309,32.230560,31.155992,31.483778,29.312829,34.975936,31.649952,31.947082,28.113875,32.329566,24.368068,24.088331,29.903289,22.968307,28.428088,22.464937,28.735906,23.566323,28.060424,24.700976,34.161900,31.646643,31.692289,24.662829,23.418841,28.201263,27.037195,31.807729,31.846905,28.694356,33.818875,23.506597,33.267816,24.803955,27.855759,27.726212,34.323292,24.538949,28.622134,25.153087,31.096654,27.915365,25.675010,24.903688,28.595486,24.933903,24.696917,29.137034,29.140346,28.107486,32.506224,25.474185,22.338097,31.177978,24.763003,24.091531,25.903929,21.864982,27.064198,26.638597,27.359426,26.603006,21.472005,30.811380,29.555554,24.290532,24.444770,29.038669,26.181998,24.398171,28.375347,24.929755],"finish_samples_ms":[0.048239,0.048418,0.046785,0.048593,0.045573,0.076654,0.057432,0.077106,0.048897,0.048762,0.049259,0.049654,0.074254,0.050395,0.071828,0.049533,0.043899,0.046964,0.055046,0.043676,0.047567,0.049305,0.045890,0.046998,0.050012,0.045704,0.047018,0.051002,0.044077,0.047196,0.045692,0.052250,0.044565,0.069016,0.056204,0.078400,0.043482,0.043685,0.045917,0.081451,0.052294,0.071697,0.051022,0.047888,0.042702,0.043081,0.049101,0.044571,0.043027,0.047855,0.044119,0.044394,0.041185,0.046265,0.078269,0.053992,0.042886,0.050849,0.087753,0.050621,0.047566,0.082100,0.049652,0.043517,0.045839,0.049758,0.053654,0.075318,0.046175,0.045202,0.081104,0.048719,0.053581,0.051652,0.044156,0.041264,0.045168,0.042500,0.045910,0.045778,0.045111,0.058449,0.052782,0.069018,0.050346,0.073454,0.051383,0.050201,0.047252,0.044768,0.043515,0.046348,0.052430,0.045372,0.049578,0.044097,0.044942,0.040433,0.044457,0.037325,0.047765,0.048455,0.075377,0.045596,0.066212,0.045113,0.045613,0.042422,0.042251,0.047229,0.040119,0.041149,0.040240,0.077046,0.040710,0.043164,0.040080,0.046940,0.044064,0.093232]}
MESA-EGL: warning: egl: failed to create dri2 screen
GPU_TIMER_SAMPLE 0 3014656 6946816 6160384 16121856
GPU_TIMER_SAMPLE 1 3014656 7077888 7733248 17825792
GPU_TIMER_SAMPLE 2 3014656 8257536 6291456 17563648
GPU_TIMER_SAMPLE 3 2097152 9175040 5242880 16515072
GPU_TIMER_SAMPLE 4 5767168 10354688 8388608 24510464
GPU_TIMER_SAMPLE 5 4980736 10223616 10354688 25559040
GPU_TIMER_SAMPLE 6 2097152 8126464 2490368 12713984
GPU_TIMER_SAMPLE 7 2359296 9830400 8388608 20578304
GPU_TIMER_SAMPLE 8 4194304 5242880 4587520 14024704
GPU_TIMER_SAMPLE 9 7077888 19922944 2752512 29753344
GPU_TIMER_SAMPLE 10 3014656 7602176 5767168 16384000
GPU_TIMER_SAMPLE 11 2228224 7602176 5111808 14942208
GPU_TIMER_SAMPLE 12 2228224 4325376 4849664 11403264
GPU_TIMER_SAMPLE 13 3801088 9306112 8257536 21364736
GPU_TIMER_SAMPLE 14 2228224 10616832 5505024 18350080
GPU_TIMER_SAMPLE 15 4849664 4980736 2490368 12320768
GPU_TIMER_SAMPLE 16 5111808 11665408 7995392 24772608
GPU_TIMER_SAMPLE 17 2228224 4587520 2490368 9306112
GPU_TIMER_SAMPLE 18 6946816 19660800 3276800 29884416
GPU_TIMER_SAMPLE 19 2883584 6946816 3407872 13238272
GPU_TIMER_SAMPLE 20 6815744 12320768 11534336 30670848
GPU_TIMER_SAMPLE 21 4456448 10092544 8650752 23199744
GPU_TIMER_SAMPLE 22 2097152 9175040 7208960 18481152
GPU_TIMER_SAMPLE 23 5898240 10354688 9175040 25427968
GPU_TIMER_SAMPLE 24 2228224 9306112 9043968 20578304
GPU_TIMER_SAMPLE 25 5636096 10223616 15990784 31850496
GPU_TIMER_SAMPLE 26 5111808 9830400 13762560 28704768
GPU_TIMER_SAMPLE 27 5373952 10092544 8650752 24117248
GPU_TIMER_SAMPLE 28 5898240 21889024 7077888 34865152
GPU_TIMER_SAMPLE 29 7077888 12845056 12976128 32899072
GPU_TIMER_SAMPLE 30 2359296 4980736 2359296 9699328
GPU_TIMER_SAMPLE 31 2097152 4718592 2490368 9306112
GPU_TIMER_SAMPLE 32 1966080 4194304 2359296 8519680
GPU_TIMER_SAMPLE 33 2621440 9043968 3407872 15073280
GPU_TIMER_SAMPLE 34 2097152 4718592 2490368 9306112
GPU_TIMER_SAMPLE 35 2097152 3932160 2359296 8388608
GPU_TIMER_SAMPLE 36 2359296 5242880 3014656 10616832
GPU_TIMER_SAMPLE 37 1966080 4587520 2621440 9175040
GPU_TIMER_SAMPLE 38 2883584 6422528 2883584 12189696
GPU_TIMER_SAMPLE 39 3014656 6815744 3014656 12845056
GPU_TIMER_SAMPLE 40 2097152 4456448 2621440 9175040
GPU_TIMER_SAMPLE 41 2097152 4456448 6684672 13238272
GPU_TIMER_SAMPLE 42 2097152 4325376 6553600 12976128
GPU_TIMER_SAMPLE 43 2097152 4718592 2490368 9306112
GPU_TIMER_SAMPLE 44 2097152 4849664 2490368 9437184
GPU_TIMER_SAMPLE 45 3014656 6291456 3014656 12320768
GPU_TIMER_SAMPLE 46 2228224 4587520 2490368 9306112
GPU_TIMER_SAMPLE 47 2228224 4325376 4849664 11403264
GPU_TIMER_SAMPLE 48 2228224 4456448 2490368 9175040
GPU_TIMER_SAMPLE 49 2883584 6029312 3407872 12320768
GPU_TIMER_SAMPLE 50 3014656 6422528 3145728 12582912
GPU_TIMER_SAMPLE 51 2883584 6815744 3014656 12713984
GPU_TIMER_SAMPLE 52 2883584 6291456 3014656 12189696
GPU_TIMER_SAMPLE 53 4325376 9043968 4587520 17956864
GPU_TIMER_SAMPLE 54 2883584 6160384 5373952 14417920
GPU_TIMER_SAMPLE 55 2883584 6422528 5373952 14680064
GPU_TIMER_SAMPLE 56 2097152 4587520 2621440 9306112
GPU_TIMER_SAMPLE 57 3014656 6815744 3407872 13238272
GPU_TIMER_SAMPLE 58 2228224 4849664 2752512 9830400
GPU_TIMER_SAMPLE 59 2097152 4456448 2359296 8912896
GPU_TIMER_SAMPLE 60 2883584 5767168 3145728 11796480
GPU_TIMER_SAMPLE 61 2228224 4587520 2490368 9306112
GPU_TIMER_SAMPLE 62 2228224 7602176 2490368 12320768
GPU_TIMER_SAMPLE 63 2228224 4325376 2621440 9175040
GPU_TIMER_SAMPLE 64 3014656 6422528 3014656 12451840
GPU_TIMER_SAMPLE 65 2228224 4456448 2490368 9175040
GPU_TIMER_SAMPLE 66 2228224 4194304 6684672 13107200
GPU_TIMER_SAMPLE 67 2228224 4718592 2621440 9568256
GPU_TIMER_SAMPLE 68 2883584 6946816 3538944 13369344
GPU_TIMER_SAMPLE 69 3014656 6422528 2883584 12320768
GPU_TIMER_SAMPLE 70 3014656 6553600 4980736 14548992
GPU_TIMER_SAMPLE 71 2359296 4718592 2752512 9830400
GPU_TIMER_SAMPLE 72 2228224 4849664 2490368 9568256
GPU_TIMER_SAMPLE 73 2228224 4587520 2490368 9306112
GPU_TIMER_SAMPLE 74 2359296 4587520 2490368 9437184
GPU_TIMER_SAMPLE 75 3145728 6815744 3145728 13107200
GPU_TIMER_SAMPLE 76 3407872 6422528 4456448 14286848
GPU_TIMER_SAMPLE 77 2359296 4849664 2621440 9830400
GPU_TIMER_SAMPLE 78 3276800 6946816 3145728 13369344
GPU_TIMER_SAMPLE 79 2097152 4587520 2752512 9437184
GPU_TIMER_SAMPLE 80 2359296 11927552 3407872 17694720
GPU_TIMER_SAMPLE 81 2490368 4849664 2621440 9961472
GPU_TIMER_SAMPLE 82 2359296 4456448 2752512 9568256
GPU_TIMER_SAMPLE 83 2228224 4456448 2490368 9175040
GPU_TIMER_SAMPLE 84 3407872 6815744 8912896 19136512
GPU_TIMER_SAMPLE 85 2359296 4587520 2621440 9568256
GPU_TIMER_SAMPLE 86 3145728 7208960 3407872 13762560
GPU_TIMER_SAMPLE 87 2228224 4718592 2752512 9699328
GPU_TIMER_SAMPLE 88 3276800 6553600 7471104 17301504
GPU_TIMER_SAMPLE 89 2359296 4718592 2752512 9830400
GPU_TIMER_SAMPLE 90 2359296 4325376 2621440 9306112
GPU_TIMER_SAMPLE 91 2228224 4980736 2490368 9699328
GPU_TIMER_SAMPLE 92 2359296 4194304 5505024 12058624
GPU_TIMER_SAMPLE 93 2359296 4587520 2490368 9437184
GPU_TIMER_SAMPLE 94 2359296 4325376 2752512 9437184
GPU_TIMER_SAMPLE 95 2097152 4325376 6291456 12713984
GPU_TIMER_SAMPLE 96 2359296 4063232 6422528 12845056
GPU_TIMER_SAMPLE 97 2359296 4587520 2490368 9437184
GPU_TIMER_SAMPLE 98 3407872 6946816 5242880 15597568
GPU_TIMER_SAMPLE 99 2359296 4718592 2621440 9699328
GPU_TIMER_SAMPLE 100 2359296 4587520 2883584 9830400
GPU_TIMER_SAMPLE 101 3407872 5767168 7471104 16646144
GPU_TIMER_SAMPLE 102 2359296 4718592 2359296 9437184
GPU_TIMER_SAMPLE 103 2359296 5242880 2752512 10354688
GPU_TIMER_SAMPLE 104 2359296 4456448 6684672 13500416
GPU_TIMER_SAMPLE 105 2228224 4063232 2359296 8650752
GPU_TIMER_SAMPLE 106 2359296 4849664 6029312 13238272
GPU_TIMER_SAMPLE 107 2359296 4587520 2621440 9568256
GPU_TIMER_SAMPLE 108 2883584 5767168 2621440 11272192
GPU_TIMER_SAMPLE 109 2752512 5505024 2752512 11010048
GPU_TIMER_SAMPLE 110 2097152 4063232 2228224 8388608
GPU_TIMER_SAMPLE 111 3670016 6946816 4587520 15204352
GPU_TIMER_SAMPLE 112 2359296 4980736 2752512 10092544
GPU_TIMER_SAMPLE 113 2621440 4980736 2621440 10223616
GPU_TIMER_SAMPLE 114 2097152 4325376 2359296 8781824
GPU_TIMER_SAMPLE 115 2359296 4849664 2621440 9830400
GPU_TIMER_SAMPLE 116 2752512 5373952 2752512 10878976
GPU_TIMER_SAMPLE 117 2228224 4849664 2621440 9699328
GPU_TIMER_SAMPLE 118 2883584 5636096 4587520 13107200
GPU_TIMER_SAMPLE 119 3014656 5898240 2752512 11665408
