 dllPath = /usr/lib/wsl/drivers/iigd_dch.inf_amd64_3e6575b60ae27560, dllName = libigdgmm_w.so.12 
 IsWddmLinux = 1, dllWslName = /usr/lib/wsl/drivers/iigd_dch.inf_amd64_3e6575b60ae27560/libigdgmm_w.so.12  flags = 2
 dllPath = /usr/lib/wsl/drivers/iigd_dch.inf_amd64_3e6575b60ae27560, dllName = libigdgmm_w.so.12 
 IsWddmLinux = 1, dllWslName = /usr/lib/wsl/drivers/iigd_dch.inf_amd64_3e6575b60ae27560/libigdgmm_w.so.12  flags = 2
{"seed":42,"vendor":"Microsoft Corporation","renderer":"D3D12 (Intel(R) Arc(TM) 140T GPU (16GB))","gl_version":"4.6 (Compatibility Profile) Mesa 26.2.2","gallium_path":"/root/.cache/football-mesa-build-20260913-a/install-wayland/lib/libgallium-26.2.2.so","width":1920,"height":1080,"quality":"pbr+bloom+auto_exposure","swap_enabled":true,"swap_interval":0,"warmup_frames":30,"measured_frames":120,"in_play_frames":141,"p50_ms":29.506125,"p95_ms":35.449407,"p99_ms":52.784004,"submit_p50_ms":29.456614,"submit_p95_ms":35.412006,"finish_p50_ms":0.045393,"finish_p95_ms":0.072836,"samples_ms":[29.506125,32.515991,27.555469,28.299868,33.581354,32.021016,25.900835,40.856202,27.128163,34.120285,28.941192,30.431256,25.365776,33.158273,32.347674,31.592936,32.360611,25.655225,36.573712,31.291207,26.093038,33.927868,31.845091,31.268737,23.740128,29.652608,23.020288,29.077780,30.950459,31.325186,32.161059,22.493416,27.168535,30.580047,23.929040,31.514313,35.449407,30.622487,24.083986,26.403110,28.357654,29.724446,27.629750,34.034237,31.199725,32.076177,23.085607,28.358184,26.028472,29.153305,30.651880,32.019675,32.386673,31.422786,23.187896,28.101699,23.623550,30.263839,28.189561,35.316166,23.740898,21.935762,31.215135,22.850165,28.396293,29.132425,30.223753,24.299483,27.186719,25.069921,30.982270,29.986079,31.504968,29.346830,31.036242,23.011315,29.548018,26.116248,32.735761,25.854915,23.271800,29.294200,22.930655,29.731944,32.682902,31.371488,29.676466,23.623281,25.145066,29.305992,23.904213,24.072879,28.141257,23.665889,29.799645,24.905948,30.790177,26.460351,32.936788,22.630463,29.602267,23.121729,30.554236,27.379347,26.998875,30.024096,31.566374,27.192453,30.737816,28.486661,33.204878,23.355266,31.495696,24.320445,23.668884,32.562103,42.765520,49.991860,53.176206,52.784004],"submit_samples_ms":[29.456614,32.467743,27.514947,28.255471,33.541346,31.950812,25.853296,40.810302,27.081114,34.073352,28.891507,30.385350,25.324198,33.115570,32.307345,31.548959,32.315115,25.615654,36.527720,31.218371,26.048314,33.889723,31.805757,31.208627,23.696301,29.599883,22.981061,29.039084,30.889789,31.285610,32.119534,22.449642,27.123064,30.534424,23.887989,31.450432,35.412006,30.566482,24.010137,26.361926,28.312643,29.685981,27.583428,33.976144,31.160469,32.038254,23.013334,28.316405,25.984779,29.112664,30.583733,31.981282,32.338810,31.375404,23.107501,28.060016,23.580536,30.223884,28.150225,35.275634,23.696892,21.896784,31.176948,22.805973,28.352763,29.084357,30.176212,24.257423,27.141971,25.023016,30.936788,29.941828,31.456094,29.302904,30.993927,22.967303,29.483202,26.068480,32.689839,25.813167,23.230777,29.251684,22.890446,29.659001,32.640161,31.329722,29.603827,23.577680,25.091677,29.262626,23.861699,24.031408,28.096636,23.615074,29.722490,24.858819,30.743487,26.407653,32.890333,22.582755,29.558100,23.046182,30.480525,27.309379,26.954070,29.979456,31.520684,27.146023,30.692406,28.436367,33.159115,23.312748,31.435218,24.274537,23.619701,32.516336,42.722280,49.946467,53.128632,52.738005],"finish_samples_ms":[0.049511,0.048248,0.040522,0.044397,0.040008,0.070204,0.047539,0.045900,0.047049,0.046933,0.049685,0.045906,0.041578,0.042703,0.040329,0.043977,0.045496,0.039571,0.045992,0.072836,0.044724,0.038145,0.039334,0.060110,0.043827,0.052725,0.039227,0.038696,0.060670,0.039576,0.041525,0.043774,0.045471,0.045623,0.041051,0.063881,0.037401,0.056005,0.073849,0.041184,0.045011,0.038465,0.046322,0.058093,0.039256,0.037923,0.072273,0.041779,0.043693,0.040641,0.068147,0.038393,0.047863,0.047382,0.080395,0.041683,0.043014,0.039955,0.039336,0.040532,0.044006,0.038978,0.038187,0.044192,0.043530,0.048068,0.047541,0.042060,0.044748,0.046905,0.045482,0.044251,0.048874,0.043926,0.042315,0.044012,0.064816,0.047768,0.045922,0.041748,0.041023,0.042516,0.040209,0.072943,0.042741,0.041766,0.072639,0.045601,0.053389,0.043366,0.042514,0.041471,0.044621,0.050815,0.077155,0.047129,0.046690,0.052698,0.046455,0.047708,0.044167,0.075547,0.073711,0.069968,0.044805,0.044640,0.045690,0.046430,0.045410,0.050294,0.045763,0.042518,0.060478,0.045908,0.049183,0.045767,0.043240,0.045393,0.047574,0.045999]}
MESA-EGL: warning: egl: failed to create dri2 screen
GPU_TIMER_SAMPLE 0 2359296 5111808 5505024 12976128
GPU_TIMER_SAMPLE 1 3276800 6815744 6684672 16777216
GPU_TIMER_SAMPLE 2 1966080 4849664 1835008 8650752
GPU_TIMER_SAMPLE 3 2228224 4980736 1703936 8912896
GPU_TIMER_SAMPLE 4 3145728 7077888 4456448 14680064
GPU_TIMER_SAMPLE 5 2883584 6160384 5505024 14548992
GPU_TIMER_SAMPLE 6 2228224 4980736 1703936 8912896
GPU_TIMER_SAMPLE 7 5898240 10616832 8388608 24903680
GPU_TIMER_SAMPLE 8 2228224 4456448 4849664 11534336
GPU_TIMER_SAMPLE 9 3014656 6029312 7864320 16908288
GPU_TIMER_SAMPLE 10 2228224 4456448 4849664 11534336
GPU_TIMER_SAMPLE 11 3276800 6684672 6291456 16252928
GPU_TIMER_SAMPLE 12 2228224 4456448 1835008 8519680
GPU_TIMER_SAMPLE 13 3014656 7077888 7208960 17301504
GPU_TIMER_SAMPLE 14 3145728 6815744 6291456 16252928
GPU_TIMER_SAMPLE 15 3276800 6684672 6553600 16515072
GPU_TIMER_SAMPLE 16 3145728 7340032 6946816 17432576
GPU_TIMER_SAMPLE 17 2359296 4718592 1703936 8781824
GPU_TIMER_SAMPLE 18 4849664 9437184 6553600 20840448
GPU_TIMER_SAMPLE 19 3014656 6815744 6160384 15990784
GPU_TIMER_SAMPLE 20 2228224 4456448 1703936 8388608
GPU_TIMER_SAMPLE 21 3145728 7208960 4456448 14811136
GPU_TIMER_SAMPLE 22 3276800 6815744 6946816 17039360
GPU_TIMER_SAMPLE 23 3145728 6553600 2097152 11796480
GPU_TIMER_SAMPLE 24 2228224 4849664 1703936 8781824
GPU_TIMER_SAMPLE 25 2621440 7208960 2359296 12189696
GPU_TIMER_SAMPLE 26 2097152 4587520 1835008 8519680
GPU_TIMER_SAMPLE 27 3014656 6553600 2228224 11796480
GPU_TIMER_SAMPLE 28 3014656 6946816 3932160 13893632
GPU_TIMER_SAMPLE 29 3014656 6946816 3014656 12976128
GPU_TIMER_SAMPLE 30 3145728 7077888 4325376 14548992
GPU_TIMER_SAMPLE 31 2228224 4849664 1703936 8781824
GPU_TIMER_SAMPLE 32 2097152 4587520 6553600 13238272
GPU_TIMER_SAMPLE 33 3145728 6422528 6422528 15990784
GPU_TIMER_SAMPLE 34 2228224 4718592 1703936 8650752
GPU_TIMER_SAMPLE 35 3145728 7208960 2228224 12582912
GPU_TIMER_SAMPLE 36 4849664 9306112 4456448 18612224
GPU_TIMER_SAMPLE 37 3014656 6815744 3801088 13631488
GPU_TIMER_SAMPLE 38 2097152 4587520 1835008 8519680
GPU_TIMER_SAMPLE 39 2228224 7077888 1703936 11010048
GPU_TIMER_SAMPLE 40 2097152 4456448 5767168 12320768
GPU_TIMER_SAMPLE 41 3145728 6291456 5373952 14811136
GPU_TIMER_SAMPLE 42 2752512 6291456 2228224 11272192
GPU_TIMER_SAMPLE 43 3276800 7077888 7208960 17563648
GPU_TIMER_SAMPLE 44 3276800 6946816 6815744 17039360
GPU_TIMER_SAMPLE 45 2752512 7208960 6553600 16515072
GPU_TIMER_SAMPLE 46 2359296 4849664 1835008 9043968
GPU_TIMER_SAMPLE 47 5111808 4587520 1835008 11534336
GPU_TIMER_SAMPLE 48 3014656 7077888 2359296 12451840
GPU_TIMER_SAMPLE 49 3276800 6553600 1966080 11796480
GPU_TIMER_SAMPLE 50 3014656 6684672 3801088 13500416
GPU_TIMER_SAMPLE 51 3145728 6684672 7077888 16908288
GPU_TIMER_SAMPLE 52 3145728 7077888 4194304 14417920
GPU_TIMER_SAMPLE 53 3145728 6684672 6684672 16515072
GPU_TIMER_SAMPLE 54 2097152 4849664 1835008 8781824
GPU_TIMER_SAMPLE 55 2097152 4587520 1703936 8388608
GPU_TIMER_SAMPLE 56 2097152 4194304 1835008 8126464
GPU_TIMER_SAMPLE 57 2883584 6553600 2228224 11665408
GPU_TIMER_SAMPLE 58 3014656 6946816 3538944 13500416
GPU_TIMER_SAMPLE 59 3670016 8912896 4063232 16646144
GPU_TIMER_SAMPLE 60 2228224 4718592 1835008 8781824
GPU_TIMER_SAMPLE 61 2228224 4587520 1835008 8650752
GPU_TIMER_SAMPLE 62 3014656 6160384 6029312 15204352
GPU_TIMER_SAMPLE 63 2228224 4718592 1835008 8781824
GPU_TIMER_SAMPLE 64 2097152 7208960 1703936 11010048
GPU_TIMER_SAMPLE 65 1966080 4587520 6029312 12582912
GPU_TIMER_SAMPLE 66 3407872 6291456 5505024 15204352
GPU_TIMER_SAMPLE 67 2359296 4456448 1835008 8650752
GPU_TIMER_SAMPLE 68 2752512 6160384 2228224 11141120
GPU_TIMER_SAMPLE 69 2097152 4456448 1703936 8257536
GPU_TIMER_SAMPLE 70 3014656 5636096 6029312 14680064
GPU_TIMER_SAMPLE 71 3407872 6291456 5636096 15335424
GPU_TIMER_SAMPLE 72 3145728 6291456 6291456 15728640
GPU_TIMER_SAMPLE 73 2228224 4980736 1703936 8912896
GPU_TIMER_SAMPLE 74 3276800 6815744 2097152 12189696
GPU_TIMER_SAMPLE 75 2228224 4849664 1703936 8781824
GPU_TIMER_SAMPLE 76 2097152 9830400 2097152 14024704
GPU_TIMER_SAMPLE 77 2359296 4718592 1835008 8912896
GPU_TIMER_SAMPLE 78 3407872 6422528 5767168 15597568
GPU_TIMER_SAMPLE 79 2359296 4456448 1835008 8650752
GPU_TIMER_SAMPLE 80 2359296 4849664 1966080 9175040
GPU_TIMER_SAMPLE 81 2228224 4849664 6684672 13762560
GPU_TIMER_SAMPLE 82 2359296 4456448 1835008 8650752
GPU_TIMER_SAMPLE 83 3407872 6291456 2097152 11796480
GPU_TIMER_SAMPLE 84 3538944 7077888 4456448 15073280
GPU_TIMER_SAMPLE 85 3276800 7340032 4194304 14811136
GPU_TIMER_SAMPLE 86 3407872 6684672 2097152 12189696
GPU_TIMER_SAMPLE 87 2359296 4849664 1835008 9043968
GPU_TIMER_SAMPLE 88 2228224 4587520 1703936 8519680
GPU_TIMER_SAMPLE 89 3276800 6291456 5373952 14942208
GPU_TIMER_SAMPLE 90 2228224 4718592 1703936 8650752
GPU_TIMER_SAMPLE 91 2228224 4587520 1835008 8650752
GPU_TIMER_SAMPLE 92 2359296 4587520 4718592 11665408
GPU_TIMER_SAMPLE 93 2359296 4849664 1703936 8912896
GPU_TIMER_SAMPLE 94 3276800 9043968 1966080 14286848
GPU_TIMER_SAMPLE 95 2490368 4718592 1703936 8912896
GPU_TIMER_SAMPLE 96 3276800 5898240 6160384 15335424
GPU_TIMER_SAMPLE 97 2359296 4587520 1703936 8650752
GPU_TIMER_SAMPLE 98 3276800 7340032 5505024 16121856
GPU_TIMER_SAMPLE 99 2359296 4718592 1703936 8781824
GPU_TIMER_SAMPLE 100 2359296 9699328 2228224 14286848
GPU_TIMER_SAMPLE 101 2228224 4587520 1703936 8519680
GPU_TIMER_SAMPLE 102 3145728 6684672 3932160 13762560
GPU_TIMER_SAMPLE 103 2359296 4849664 1703936 8912896
GPU_TIMER_SAMPLE 104 3145728 6684672 2359296 12189696
GPU_TIMER_SAMPLE 105 2883584 7077888 3801088 13762560
GPU_TIMER_SAMPLE 106 2883584 7602176 2359296 12845056
GPU_TIMER_SAMPLE 107 2359296 4587520 1835008 8781824
GPU_TIMER_SAMPLE 108 3276800 6684672 4849664 14811136
GPU_TIMER_SAMPLE 109 2228224 4456448 6553600 13238272
GPU_TIMER_SAMPLE 110 3145728 5767168 7602176 16515072
GPU_TIMER_SAMPLE 111 2228224 4456448 1966080 8650752
GPU_TIMER_SAMPLE 112 3014656 6029312 2097152 11141120
GPU_TIMER_SAMPLE 113 2359296 4849664 1835008 9043968
GPU_TIMER_SAMPLE 114 2359296 4587520 1703936 8650752
GPU_TIMER_SAMPLE 115 4063232 6029312 6160384 16252928
GPU_TIMER_SAMPLE 116 6946816 15466496 2883584 25296896
GPU_TIMER_SAMPLE 117 7602176 15728640 10485760 33816576
GPU_TIMER_SAMPLE 118 7733248 22151168 4980736 34865152
GPU_TIMER_SAMPLE 119 7602176 20971520 4980736 33554432
