 dllPath = /usr/lib/wsl/drivers/iigd_dch.inf_amd64_3e6575b60ae27560, dllName = libigdgmm_w.so.12 
 IsWddmLinux = 1, dllWslName = /usr/lib/wsl/drivers/iigd_dch.inf_amd64_3e6575b60ae27560/libigdgmm_w.so.12  flags = 2
 dllPath = /usr/lib/wsl/drivers/iigd_dch.inf_amd64_3e6575b60ae27560, dllName = libigdgmm_w.so.12 
 IsWddmLinux = 1, dllWslName = /usr/lib/wsl/drivers/iigd_dch.inf_amd64_3e6575b60ae27560/libigdgmm_w.so.12  flags = 2
{"seed":43,"vendor":"Microsoft Corporation","renderer":"D3D12 (Intel(R) Arc(TM) 140T GPU (16GB))","gl_version":"4.6 (Compatibility Profile) Mesa 26.2.2","gallium_path":"/root/.cache/football-mesa-build-20260913-a/install-wayland/lib/libgallium-26.2.2.so","width":1920,"height":1080,"quality":"pbr+bloom+auto_exposure","swap_enabled":true,"swap_interval":0,"warmup_frames":30,"measured_frames":120,"in_play_frames":150,"p50_ms":23.584094,"p95_ms":29.493423,"p99_ms":35.150384,"submit_p50_ms":23.519175,"submit_p95_ms":29.452851,"finish_p50_ms":0.041910,"finish_p95_ms":0.073566,"samples_ms":[28.559670,26.988141,20.803710,25.594398,23.254965,26.396464,22.850338,23.487018,23.620816,28.764839,23.382470,25.461993,21.569668,27.153876,23.528117,25.871936,21.050265,26.866380,22.410072,23.662566,26.317541,21.403359,25.625599,21.751803,26.617782,22.087665,24.771058,23.346482,23.110363,20.303527,26.736352,23.541287,24.859064,21.127667,25.682380,24.310083,22.019588,26.331209,23.332511,23.232560,22.303196,23.676199,24.860959,20.718467,23.820420,20.659415,31.712902,23.592741,24.029492,27.099980,22.798498,23.941396,21.286305,21.921837,22.133845,27.090773,22.957779,22.581010,28.870357,22.748749,22.878611,24.116246,24.452401,23.890995,20.803579,23.472560,22.766726,25.230863,22.990383,24.645354,22.802116,28.833987,23.891501,21.691326,29.798566,23.584094,24.643363,20.106569,24.951515,23.929059,21.861135,25.925664,21.984470,23.730710,22.828261,23.419360,26.787373,22.272269,24.497825,22.391452,23.409999,22.513126,22.318189,20.619119,25.936770,21.336285,24.380223,22.338489,29.221612,24.556993,22.628518,25.797279,20.976435,24.806622,21.752330,21.421537,22.407619,22.715870,22.243909,25.720874,24.515292,23.111580,27.612751,35.190701,31.351306,29.493423,32.992458,24.050699,21.647720,35.150384],"submit_samples_ms":[28.495129,26.942276,20.699211,25.547242,23.214425,26.353384,22.809243,23.399093,23.575756,28.722686,23.336935,25.414149,21.502006,27.106540,23.488720,25.832514,21.010121,26.802367,22.360940,23.623389,26.277779,21.364142,25.582189,21.712549,26.572831,22.042668,24.729319,23.301424,23.070860,20.260086,26.695802,23.498217,24.815792,21.083032,25.635017,24.269980,21.974586,26.292408,23.264776,23.194998,22.257610,23.637931,24.816406,20.680307,23.779754,20.619607,31.634509,23.519175,23.992476,27.060487,22.723094,23.901654,21.215470,21.882168,22.088281,27.050235,22.843719,22.541507,28.829176,22.698597,22.840009,24.070513,24.412775,23.847602,20.764629,23.403026,22.727689,25.190480,22.952738,24.591781,22.761276,28.795646,23.847621,21.652161,29.760654,23.542268,24.603822,20.056315,24.909724,23.890366,21.822152,25.884282,21.938921,23.690362,22.784219,23.376488,26.744648,22.234974,24.440365,22.349530,23.369243,22.470961,22.277070,20.578828,25.894010,21.291425,24.340573,22.298956,29.180621,24.515013,22.587612,25.736047,20.935250,24.768469,21.707064,21.382795,22.370057,22.673046,22.201663,25.635441,24.470865,23.068680,27.570384,35.151433,31.311596,29.452851,32.952829,24.004014,21.605810,35.097997],"finish_samples_ms":[0.064541,0.045865,0.104499,0.047156,0.040540,0.043080,0.041095,0.087925,0.045060,0.042153,0.045535,0.047844,0.067662,0.047336,0.039397,0.039422,0.040144,0.064013,0.049132,0.039177,0.039762,0.039217,0.043410,0.039254,0.044951,0.044997,0.041739,0.045058,0.039503,0.043441,0.040550,0.043070,0.043272,0.044635,0.047363,0.040103,0.045002,0.038801,0.067735,0.037562,0.045586,0.038268,0.044553,0.038160,0.040666,0.039808,0.078393,0.073566,0.037016,0.039493,0.075404,0.039742,0.070835,0.039669,0.045564,0.040538,0.114060,0.039503,0.041181,0.050152,0.038602,0.045733,0.039626,0.043393,0.038950,0.069534,0.039037,0.040383,0.037645,0.053573,0.040840,0.038341,0.043880,0.039165,0.037912,0.041826,0.039541,0.050254,0.041791,0.038693,0.038983,0.041382,0.045549,0.040348,0.044042,0.042872,0.042725,0.037295,0.057460,0.041922,0.040756,0.042165,0.041119,0.040291,0.042760,0.044860,0.039650,0.039533,0.040991,0.041980,0.040906,0.061232,0.041185,0.038153,0.045266,0.038742,0.037562,0.042824,0.042246,0.085433,0.044427,0.042900,0.042367,0.039268,0.039710,0.040572,0.039629,0.046685,0.041910,0.052387]}
MESA-EGL: warning: egl: failed to create dri2 screen
GPU_TIMER_SAMPLE 0 1966080 9043968 1703936 12713984
GPU_TIMER_SAMPLE 1 2097152 4456448 5767168 12320768
GPU_TIMER_SAMPLE 2 1966080 3932160 1441792 7340032
GPU_TIMER_SAMPLE 3 1966080 6291456 1572864 9830400
GPU_TIMER_SAMPLE 4 2228224 4718592 1703936 8650752
GPU_TIMER_SAMPLE 5 2621440 5636096 1835008 10092544
GPU_TIMER_SAMPLE 6 1966080 4587520 1703936 8257536
GPU_TIMER_SAMPLE 7 2228224 4980736 1835008 9043968
GPU_TIMER_SAMPLE 8 2097152 4587520 1703936 8388608
GPU_TIMER_SAMPLE 9 3407872 6946816 4718592 15073280
GPU_TIMER_SAMPLE 10 2752512 5767168 1966080 10485760
GPU_TIMER_SAMPLE 11 2228224 4325376 5505024 12058624
GPU_TIMER_SAMPLE 12 2228224 4718592 1703936 8650752
GPU_TIMER_SAMPLE 13 1966080 4587520 6291456 12845056
GPU_TIMER_SAMPLE 14 2097152 4456448 1703936 8257536
GPU_TIMER_SAMPLE 15 2490368 5505024 1835008 9830400
GPU_TIMER_SAMPLE 16 2097152 4587520 1703936 8388608
GPU_TIMER_SAMPLE 17 2490368 5242880 1703936 9437184
GPU_TIMER_SAMPLE 18 2228224 4849664 1572864 8650752
GPU_TIMER_SAMPLE 19 2621440 5505024 1703936 9830400
GPU_TIMER_SAMPLE 20 3538944 7864320 1966080 13369344
GPU_TIMER_SAMPLE 21 2228224 4456448 1835008 8519680
GPU_TIMER_SAMPLE 22 2490368 5505024 1703936 9699328
GPU_TIMER_SAMPLE 23 2097152 4325376 1835008 8257536
GPU_TIMER_SAMPLE 24 2621440 5242880 1966080 9830400
GPU_TIMER_SAMPLE 25 1966080 4849664 1835008 8650752
GPU_TIMER_SAMPLE 26 2490368 5111808 1835008 9437184
GPU_TIMER_SAMPLE 27 2359296 5111808 1703936 9175040
GPU_TIMER_SAMPLE 28 2359296 4456448 1703936 8519680
GPU_TIMER_SAMPLE 29 1966080 4063232 1572864 7602176
GPU_TIMER_SAMPLE 30 2752512 5636096 1703936 10092544
GPU_TIMER_SAMPLE 31 2752512 5636096 1835008 10223616
GPU_TIMER_SAMPLE 32 2097152 4587520 4718592 11403264
GPU_TIMER_SAMPLE 33 2097152 4063232 1572864 7733248
GPU_TIMER_SAMPLE 34 2228224 4325376 5242880 11796480
GPU_TIMER_SAMPLE 35 2228224 4456448 1572864 8257536
GPU_TIMER_SAMPLE 36 2097152 4587520 1835008 8519680
GPU_TIMER_SAMPLE 37 2752512 5767168 1703936 10223616
GPU_TIMER_SAMPLE 38 2359296 4980736 1835008 9175040
GPU_TIMER_SAMPLE 39 2228224 4456448 3932160 10616832
GPU_TIMER_SAMPLE 40 2359296 4980736 1835008 9175040
GPU_TIMER_SAMPLE 41 2228224 4849664 3801088 10878976
GPU_TIMER_SAMPLE 42 2621440 5111808 1835008 9568256
GPU_TIMER_SAMPLE 43 2097152 4587520 1835008 8519680
GPU_TIMER_SAMPLE 44 2490368 5505024 1703936 9699328
GPU_TIMER_SAMPLE 45 2359296 4194304 1703936 8257536
GPU_TIMER_SAMPLE 46 3276800 6553600 3276800 13107200
GPU_TIMER_SAMPLE 47 2359296 4718592 1703936 8781824
GPU_TIMER_SAMPLE 48 2228224 4325376 4587520 11141120
GPU_TIMER_SAMPLE 49 2752512 5636096 1703936 10092544
GPU_TIMER_SAMPLE 50 2359296 4456448 1703936 8519680
GPU_TIMER_SAMPLE 51 2097152 4063232 1441792 7602176
GPU_TIMER_SAMPLE 52 1966080 4063232 1572864 7602176
GPU_TIMER_SAMPLE 53 2228224 4063232 1572864 7864320
GPU_TIMER_SAMPLE 54 2097152 4718592 1703936 8519680
GPU_TIMER_SAMPLE 55 2490368 5373952 4456448 12320768
GPU_TIMER_SAMPLE 56 2621440 4849664 1703936 9175040
GPU_TIMER_SAMPLE 57 2359296 4325376 3932160 10616832
GPU_TIMER_SAMPLE 58 4063232 7471104 3670016 15204352
GPU_TIMER_SAMPLE 59 2359296 4587520 1703936 8650752
GPU_TIMER_SAMPLE 60 2359296 4718592 1572864 8650752
GPU_TIMER_SAMPLE 61 2228224 4718592 1703936 8650752
GPU_TIMER_SAMPLE 62 2359296 4325376 1703936 8388608
GPU_TIMER_SAMPLE 63 2490368 4980736 1703936 9175040
GPU_TIMER_SAMPLE 64 2228224 4325376 1835008 8388608
GPU_TIMER_SAMPLE 65 2228224 4456448 1703936 8388608
GPU_TIMER_SAMPLE 66 2359296 4325376 4063232 10747904
GPU_TIMER_SAMPLE 67 2752512 5242880 1703936 9699328
GPU_TIMER_SAMPLE 68 2883584 5636096 1966080 10485760
GPU_TIMER_SAMPLE 69 2883584 5636096 1835008 10354688
GPU_TIMER_SAMPLE 70 2228224 4587520 1703936 8519680
GPU_TIMER_SAMPLE 71 4063232 6815744 5242880 16121856
GPU_TIMER_SAMPLE 72 3014656 5505024 1966080 10485760
GPU_TIMER_SAMPLE 73 2228224 4325376 1703936 8257536
GPU_TIMER_SAMPLE 74 3932160 6946816 3407872 14286848
GPU_TIMER_SAMPLE 75 2752512 5505024 1966080 10223616
GPU_TIMER_SAMPLE 76 2359296 4325376 5505024 12189696
GPU_TIMER_SAMPLE 77 2228224 4063232 1572864 7864320
GPU_TIMER_SAMPLE 78 2490368 4456448 4456448 11403264
GPU_TIMER_SAMPLE 79 3014656 5636096 1966080 10616832
GPU_TIMER_SAMPLE 80 2228224 4980736 1703936 8912896
GPU_TIMER_SAMPLE 81 2752512 5505024 1835008 10092544
GPU_TIMER_SAMPLE 82 2490368 4718592 1835008 9043968
GPU_TIMER_SAMPLE 83 2621440 5242880 1703936 9568256
GPU_TIMER_SAMPLE 84 2359296 4587520 1703936 8650752
GPU_TIMER_SAMPLE 85 2490368 4718592 1835008 9043968
GPU_TIMER_SAMPLE 86 3801088 7733248 2228224 13762560
GPU_TIMER_SAMPLE 87 2359296 4325376 1835008 8519680
GPU_TIMER_SAMPLE 88 2752512 5373952 1835008 9961472
GPU_TIMER_SAMPLE 89 2228224 4587520 1703936 8519680
GPU_TIMER_SAMPLE 90 2621440 5111808 1703936 9437184
GPU_TIMER_SAMPLE 91 2228224 4718592 1703936 8650752
GPU_TIMER_SAMPLE 92 2752512 5242880 1835008 9830400
GPU_TIMER_SAMPLE 93 2097152 4063232 1572864 7733248
GPU_TIMER_SAMPLE 94 2621440 5636096 1703936 9961472
GPU_TIMER_SAMPLE 95 2359296 4325376 1835008 8519680
GPU_TIMER_SAMPLE 96 2752512 5636096 1835008 10223616
GPU_TIMER_SAMPLE 97 2359296 4849664 1835008 9043968
GPU_TIMER_SAMPLE 98 3014656 5636096 1835008 10485760
GPU_TIMER_SAMPLE 99 3145728 5636096 1966080 10747904
GPU_TIMER_SAMPLE 100 2228224 4456448 1572864 8257536
GPU_TIMER_SAMPLE 101 2752512 5505024 1703936 9961472
GPU_TIMER_SAMPLE 102 2359296 4194304 1703936 8257536
GPU_TIMER_SAMPLE 103 2621440 4849664 1703936 9175040
GPU_TIMER_SAMPLE 104 2359296 4718592 1835008 8912896
GPU_TIMER_SAMPLE 105 2621440 4718592 1835008 9175040
GPU_TIMER_SAMPLE 106 2359296 4718592 1703936 8781824
GPU_TIMER_SAMPLE 107 2752512 4980736 1835008 9568256
GPU_TIMER_SAMPLE 108 2228224 4849664 1703936 8781824
GPU_TIMER_SAMPLE 109 2621440 4980736 1835008 9437184
GPU_TIMER_SAMPLE 110 2228224 4325376 1703936 8257536
GPU_TIMER_SAMPLE 111 2228224 4063232 1703936 7995392
GPU_TIMER_SAMPLE 112 2621440 5373952 2228224 10223616
GPU_TIMER_SAMPLE 113 3276800 6291456 3932160 13500416
GPU_TIMER_SAMPLE 114 3538944 6160384 4325376 14024704
GPU_TIMER_SAMPLE 115 3538944 6684672 2097152 12320768
GPU_TIMER_SAMPLE 116 3407872 5898240 3670016 12976128
GPU_TIMER_SAMPLE 117 2359296 4194304 1835008 8388608
GPU_TIMER_SAMPLE 118 2228224 4325376 1703936 8257536
GPU_TIMER_SAMPLE 119 5111808 7995392 6553600 19660800
