 dllPath = /usr/lib/wsl/drivers/iigd_dch.inf_amd64_3e6575b60ae27560, dllName = libigdgmm_w.so.12 
 IsWddmLinux = 1, dllWslName = /usr/lib/wsl/drivers/iigd_dch.inf_amd64_3e6575b60ae27560/libigdgmm_w.so.12  flags = 2
 dllPath = /usr/lib/wsl/drivers/iigd_dch.inf_amd64_3e6575b60ae27560, dllName = libigdgmm_w.so.12 
 IsWddmLinux = 1, dllWslName = /usr/lib/wsl/drivers/iigd_dch.inf_amd64_3e6575b60ae27560/libigdgmm_w.so.12  flags = 2
{"seed":43,"vendor":"Microsoft Corporation","renderer":"D3D12 (Intel(R) Arc(TM) 140T GPU (16GB))","gl_version":"4.6 (Compatibility Profile) Mesa 26.2.2","gallium_path":"/root/.cache/football-mesa-build-20260913-a/install-wayland/lib/libgallium-26.2.2.so","width":1920,"height":1080,"quality":"pbr+fxaa+auto_exposure","swap_enabled":true,"swap_interval":0,"warmup_frames":30,"measured_frames":120,"in_play_frames":150,"p50_ms":27.394315,"p95_ms":33.563721,"p99_ms":36.177432,"submit_p50_ms":27.345230,"submit_p95_ms":33.519981,"finish_p50_ms":0.045037,"finish_p95_ms":0.077791,"samples_ms":[26.686823,28.352880,31.689755,30.146794,30.652052,29.813605,33.724950,26.782223,25.250855,30.175740,29.255615,29.182651,27.660173,31.906293,27.824379,33.563721,31.693244,28.517999,36.177432,27.372901,34.196623,26.539213,32.687838,24.067612,26.087467,26.646586,25.425312,30.603865,31.084815,23.092523,27.458223,26.341166,32.781605,31.067138,23.573291,24.954989,25.285441,23.586119,28.002082,27.783279,27.261283,27.997054,32.636657,31.049755,30.350943,30.560771,31.149065,27.472500,24.361848,25.684555,23.479932,26.305200,28.271867,27.419536,32.478631,25.011756,23.439652,24.947080,30.091321,23.895588,28.679049,24.575312,31.840749,31.063051,25.022687,23.335070,29.142272,24.170642,22.456360,28.181428,24.540680,26.879483,26.423066,22.598482,26.290103,25.848796,22.756048,22.777396,24.920547,26.272194,25.022539,21.869033,28.335576,21.265250,35.306635,32.831666,33.435369,22.548240,27.524919,29.062137,27.461658,28.322920,32.625188,31.852615,26.764085,31.167763,32.782952,24.686081,37.546860,26.215173,25.887861,26.547462,25.854537,34.908574,27.724677,29.966841,24.804191,27.394315,23.737346,27.085589,22.240364,23.866727,27.779772,27.124295,26.506197,29.397559,28.350430,23.415631,25.327363,25.904539],"submit_samples_ms":[26.642960,28.275243,31.621190,30.085762,30.609279,29.771039,33.653846,26.735255,25.195550,30.128467,29.205618,29.133042,27.586608,31.861727,27.729074,33.519981,31.653364,28.471194,36.093280,27.325466,34.151133,26.454939,32.619425,24.024564,26.039285,26.567869,25.382714,30.559865,31.016205,23.042784,27.409764,26.297116,32.737753,31.023176,23.504760,24.905784,25.240444,23.539889,27.926425,27.738808,27.216246,27.952219,32.568797,31.007329,30.275245,30.522087,31.107409,27.430540,24.312391,25.643589,23.434277,26.260923,28.229297,27.358181,32.437271,24.967424,23.395272,24.908389,30.028631,23.814952,28.630009,24.535812,31.802184,31.009115,24.979348,23.296338,29.100406,24.131618,22.416985,28.140207,24.495407,26.831920,26.384592,22.552947,26.249153,25.807449,22.710870,22.737931,24.871667,26.225817,24.977335,21.793815,28.289999,21.215623,35.258392,32.788615,33.393574,22.485163,27.476234,29.016728,27.421562,28.276426,32.582302,31.774824,26.675326,31.126644,32.743562,24.638659,37.481978,26.173092,25.841744,26.500015,25.813756,34.866188,27.682677,29.927716,24.759182,27.345230,23.697163,27.043286,22.199540,23.818676,27.712093,27.082556,26.465392,29.356085,28.311694,23.368116,25.286086,25.861429],"finish_samples_ms":[0.043863,0.077637,0.068565,0.061032,0.042773,0.042566,0.071104,0.046968,0.055305,0.047273,0.049997,0.049609,0.073565,0.044566,0.095305,0.043740,0.039880,0.046805,0.084152,0.047435,0.045490,0.084274,0.068413,0.043048,0.048182,0.078717,0.042598,0.044000,0.068610,0.049739,0.048459,0.044050,0.043852,0.043962,0.068531,0.049205,0.044997,0.046230,0.075657,0.044471,0.045037,0.044835,0.067860,0.042426,0.075698,0.038684,0.041656,0.041960,0.049457,0.040966,0.045655,0.044277,0.042570,0.061355,0.041360,0.044332,0.044380,0.038691,0.062690,0.080636,0.049040,0.039500,0.038565,0.053936,0.043339,0.038732,0.041866,0.039024,0.039375,0.041221,0.045273,0.047563,0.038474,0.045535,0.040950,0.041347,0.045178,0.039465,0.048880,0.046377,0.045204,0.075218,0.045577,0.049627,0.048243,0.043051,0.041795,0.063077,0.048685,0.045409,0.040096,0.046494,0.042886,0.077791,0.088759,0.041119,0.039390,0.047422,0.064882,0.042081,0.046117,0.047447,0.040781,0.042386,0.042000,0.039125,0.045009,0.049085,0.040183,0.042303,0.040824,0.048051,0.067679,0.041739,0.040805,0.041474,0.038736,0.047515,0.041277,0.043110]}
MESA-EGL: warning: egl: failed to create dri2 screen
GPU_TIMER_SAMPLE 0 2228224 4587520 2359296 9175040
GPU_TIMER_SAMPLE 1 2228224 4980736 2359296 9568256
GPU_TIMER_SAMPLE 2 2752512 6422528 3014656 12189696
GPU_TIMER_SAMPLE 3 3276800 6815744 2883584 12976128
GPU_TIMER_SAMPLE 4 3145728 6946816 2883584 12976128
GPU_TIMER_SAMPLE 5 3014656 6684672 3407872 13107200
GPU_TIMER_SAMPLE 6 3145728 7208960 3407872 13762560
GPU_TIMER_SAMPLE 7 2359296 4849664 2621440 9830400
GPU_TIMER_SAMPLE 8 2228224 4718592 2621440 9568256
GPU_TIMER_SAMPLE 9 2228224 4980736 6684672 13893632
GPU_TIMER_SAMPLE 10 2228224 4325376 6946816 13500416
GPU_TIMER_SAMPLE 11 2359296 4718592 2490368 9568256
GPU_TIMER_SAMPLE 12 2228224 4325376 2621440 9175040
GPU_TIMER_SAMPLE 13 3145728 7340032 3014656 13500416
GPU_TIMER_SAMPLE 14 2359296 4718592 2621440 9699328
GPU_TIMER_SAMPLE 15 3276800 6946816 3014656 13238272
GPU_TIMER_SAMPLE 16 3145728 6946816 4718592 14811136
GPU_TIMER_SAMPLE 17 2228224 4849664 2752512 9830400
GPU_TIMER_SAMPLE 18 3145728 6684672 3014656 12845056
GPU_TIMER_SAMPLE 19 2097152 4456448 2621440 9175040
GPU_TIMER_SAMPLE 20 3014656 6029312 8388608 17432576
GPU_TIMER_SAMPLE 21 2228224 4456448 2621440 9306112
GPU_TIMER_SAMPLE 22 3145728 7208960 4849664 15204352
GPU_TIMER_SAMPLE 23 2228224 4456448 2490368 9175040
GPU_TIMER_SAMPLE 24 2228224 4849664 2621440 9699328
GPU_TIMER_SAMPLE 25 2228224 4587520 2490368 9306112
GPU_TIMER_SAMPLE 26 2228224 4718592 2621440 9568256
GPU_TIMER_SAMPLE 27 3276800 6684672 3145728 13107200
GPU_TIMER_SAMPLE 28 3276800 7077888 3014656 13369344
GPU_TIMER_SAMPLE 29 2228224 4718592 2621440 9568256
GPU_TIMER_SAMPLE 30 2228224 4325376 6291456 12845056
GPU_TIMER_SAMPLE 31 2228224 4587520 2359296 9175040
GPU_TIMER_SAMPLE 32 3145728 6815744 4587520 14548992
GPU_TIMER_SAMPLE 33 3014656 6684672 3014656 12713984
GPU_TIMER_SAMPLE 34 2228224 4718592 2752512 9699328
GPU_TIMER_SAMPLE 35 2228224 4718592 2490368 9437184
GPU_TIMER_SAMPLE 36 2228224 4456448 2621440 9306112
GPU_TIMER_SAMPLE 37 2228224 4718592 2621440 9568256
GPU_TIMER_SAMPLE 38 2228224 4456448 6684672 13369344
GPU_TIMER_SAMPLE 39 2228224 4456448 6291456 12976128
GPU_TIMER_SAMPLE 40 2490368 4849664 2621440 9961472
GPU_TIMER_SAMPLE 41 2228224 4456448 2621440 9306112
GPU_TIMER_SAMPLE 42 3276800 6422528 3014656 12713984
GPU_TIMER_SAMPLE 43 3407872 6684672 3145728 13238272
GPU_TIMER_SAMPLE 44 3145728 7077888 2883584 13107200
GPU_TIMER_SAMPLE 45 3276800 6946816 3014656 13238272
GPU_TIMER_SAMPLE 46 3276800 6946816 3145728 13369344
GPU_TIMER_SAMPLE 47 3014656 6291456 3276800 12582912
GPU_TIMER_SAMPLE 48 2097152 4849664 2490368 9437184
GPU_TIMER_SAMPLE 49 2228224 4587520 2490368 9306112
GPU_TIMER_SAMPLE 50 2359296 4718592 2752512 9830400
GPU_TIMER_SAMPLE 51 2359296 4325376 5505024 12189696
GPU_TIMER_SAMPLE 52 2359296 4325376 2621440 9306112
GPU_TIMER_SAMPLE 53 2490368 4587520 2490368 9568256
GPU_TIMER_SAMPLE 54 3407872 6422528 4587520 14417920
GPU_TIMER_SAMPLE 55 2228224 4718592 2490368 9437184
GPU_TIMER_SAMPLE 56 2097152 4980736 2621440 9699328
GPU_TIMER_SAMPLE 57 2359296 4849664 2490368 9699328
GPU_TIMER_SAMPLE 58 3276800 6553600 3276800 13107200
GPU_TIMER_SAMPLE 59 2359296 4718592 2490368 9568256
GPU_TIMER_SAMPLE 60 2359296 4194304 6291456 12845056
GPU_TIMER_SAMPLE 61 2359296 4718592 2490368 9568256
GPU_TIMER_SAMPLE 62 3276800 6815744 3145728 13238272
GPU_TIMER_SAMPLE 63 3276800 6553600 3407872 13238272
GPU_TIMER_SAMPLE 64 2621440 5111808 2621440 10354688
GPU_TIMER_SAMPLE 65 2359296 4587520 2490368 9437184
GPU_TIMER_SAMPLE 66 2621440 4980736 2752512 10354688
GPU_TIMER_SAMPLE 67 2883584 5505024 2621440 11010048
GPU_TIMER_SAMPLE 68 2228224 4587520 2490368 9306112
GPU_TIMER_SAMPLE 69 2490368 4849664 2621440 9961472
GPU_TIMER_SAMPLE 70 2883584 5505024 2621440 11010048
GPU_TIMER_SAMPLE 71 2883584 5111808 4980736 12976128
GPU_TIMER_SAMPLE 72 2490368 4980736 2752512 10223616
GPU_TIMER_SAMPLE 73 2359296 4456448 2359296 9175040
GPU_TIMER_SAMPLE 74 2490368 4325376 2621440 9437184
GPU_TIMER_SAMPLE 75 2359296 4587520 2621440 9568256
GPU_TIMER_SAMPLE 76 2359296 4325376 2490368 9175040
GPU_TIMER_SAMPLE 77 2228224 3932160 2359296 8519680
GPU_TIMER_SAMPLE 78 2752512 5505024 2752512 11010048
GPU_TIMER_SAMPLE 79 2359296 4325376 5898240 12582912
GPU_TIMER_SAMPLE 80 2359296 4718592 2490368 9568256
GPU_TIMER_SAMPLE 81 1966080 3932160 2359296 8257536
GPU_TIMER_SAMPLE 82 2883584 5111808 2752512 10747904
GPU_TIMER_SAMPLE 83 2097152 3932160 2228224 8257536
GPU_TIMER_SAMPLE 84 3932160 5898240 2359296 12189696
GPU_TIMER_SAMPLE 85 3538944 6291456 3145728 12976128
GPU_TIMER_SAMPLE 86 3407872 6815744 4849664 15073280
GPU_TIMER_SAMPLE 87 2359296 4325376 2490368 9175040
GPU_TIMER_SAMPLE 88 2490368 7208960 2621440 12320768
GPU_TIMER_SAMPLE 89 2359296 4194304 6422528 12976128
GPU_TIMER_SAMPLE 90 2359296 4456448 2621440 9437184
GPU_TIMER_SAMPLE 91 2490368 4849664 2621440 9961472
GPU_TIMER_SAMPLE 92 3538944 6553600 4587520 14680064
GPU_TIMER_SAMPLE 93 3407872 6684672 4980736 15073280
GPU_TIMER_SAMPLE 94 2490368 4849664 2490368 9830400
GPU_TIMER_SAMPLE 95 3538944 6553600 3145728 13238272
GPU_TIMER_SAMPLE 96 3538944 6422528 3014656 12976128
GPU_TIMER_SAMPLE 97 2490368 4849664 2490368 9830400
GPU_TIMER_SAMPLE 98 3014656 5636096 3014656 11665408
GPU_TIMER_SAMPLE 99 2490368 4718592 2490368 9699328
GPU_TIMER_SAMPLE 100 2359296 4456448 2490368 9306112
GPU_TIMER_SAMPLE 101 2490368 4587520 5373952 12451840
GPU_TIMER_SAMPLE 102 2490368 4587520 2359296 9437184
GPU_TIMER_SAMPLE 103 4980736 9437184 5636096 20054016
GPU_TIMER_SAMPLE 104 2490368 4718592 2490368 9699328
GPU_TIMER_SAMPLE 105 3407872 6291456 3538944 13238272
GPU_TIMER_SAMPLE 106 2490368 4718592 2490368 9699328
GPU_TIMER_SAMPLE 107 2490368 4194304 6160384 12845056
GPU_TIMER_SAMPLE 108 2359296 4718592 2621440 9699328
GPU_TIMER_SAMPLE 109 4325376 5505024 2752512 12582912
GPU_TIMER_SAMPLE 110 2359296 4325376 2621440 9306112
GPU_TIMER_SAMPLE 111 2228224 3932160 2228224 8388608
GPU_TIMER_SAMPLE 112 2228224 4849664 2621440 9699328
GPU_TIMER_SAMPLE 113 2490368 4325376 5898240 12713984
GPU_TIMER_SAMPLE 114 2490368 4718592 2490368 9699328
GPU_TIMER_SAMPLE 115 2621440 4456448 2621440 9699328
GPU_TIMER_SAMPLE 116 3407872 6422528 2883584 12713984
GPU_TIMER_SAMPLE 117 2228224 4587520 2621440 9437184
GPU_TIMER_SAMPLE 118 2228224 4194304 2228224 8650752
GPU_TIMER_SAMPLE 119 2883584 5505024 2752512 11141120
