 dllPath = /usr/lib/wsl/drivers/iigd_dch.inf_amd64_3e6575b60ae27560, dllName = libigdgmm_w.so.12 
 IsWddmLinux = 1, dllWslName = /usr/lib/wsl/drivers/iigd_dch.inf_amd64_3e6575b60ae27560/libigdgmm_w.so.12  flags = 2
 dllPath = /usr/lib/wsl/drivers/iigd_dch.inf_amd64_3e6575b60ae27560, dllName = libigdgmm_w.so.12 
 IsWddmLinux = 1, dllWslName = /usr/lib/wsl/drivers/iigd_dch.inf_amd64_3e6575b60ae27560/libigdgmm_w.so.12  flags = 2
{"seed":43,"vendor":"Microsoft Corporation","renderer":"D3D12 (Intel(R) Arc(TM) 140T GPU (16GB))","gl_version":"4.6 (Compatibility Profile) Mesa 26.2.2","gallium_path":"/root/.cache/football-mesa-build-20260913-a/install-wayland/lib/libgallium-26.2.2.so","width":1920,"height":1080,"quality":"pbr","swap_enabled":true,"swap_interval":0,"warmup_frames":30,"measured_frames":120,"in_play_frames":150,"p50_ms":23.727814,"p95_ms":30.108644,"p99_ms":33.966592,"submit_p50_ms":23.685144,"submit_p95_ms":30.067311,"finish_p50_ms":0.044034,"finish_p95_ms":0.078944,"samples_ms":[25.178940,24.498258,22.918424,25.718625,21.705877,27.244190,21.784474,23.275870,21.416524,22.030252,20.447806,23.984066,20.317206,22.684668,21.643997,26.532007,21.116294,25.293901,21.230709,23.859592,22.318163,26.246525,21.695674,28.091303,22.354819,24.655661,20.573883,25.215572,23.125449,27.673311,23.298600,28.021917,23.032538,26.098196,24.177758,25.354314,20.154528,29.674306,32.315292,24.390668,20.456490,30.108644,26.635146,23.439736,28.189676,26.070034,24.942279,23.347417,28.657192,22.272810,27.937928,29.705745,24.341686,21.699450,28.031886,34.924331,25.179485,23.247320,33.966592,21.296949,31.124030,31.253451,29.923753,26.129158,21.860051,29.791623,23.747026,25.566907,21.229909,26.574770,25.985292,24.083730,22.801400,33.774263,26.183672,22.323318,26.591953,24.025135,22.806364,21.295952,23.404030,20.880217,22.325295,21.871358,20.678947,23.133892,23.352493,20.385930,24.774913,20.317935,23.107048,22.584570,25.901705,20.247670,22.951672,22.878519,25.379683,22.502589,26.050578,23.368656,25.112870,20.485834,24.171388,23.727814,22.503452,22.904425,23.412951,22.779640,22.974657,25.021271,24.087620,22.731692,25.016765,23.073887,24.267351,22.598192,23.719549,26.569352,24.399262,24.259144],"submit_samples_ms":[25.139549,24.454168,22.878675,25.679168,21.666627,27.204239,21.736058,23.235993,21.320188,21.960125,20.408356,23.940218,20.277202,22.638660,21.602880,26.489773,21.078322,25.253408,21.191877,23.742731,22.239219,26.205517,21.647894,27.936440,22.280635,24.604104,20.532077,25.172349,23.086318,27.632950,23.252473,27.980159,22.987894,26.022069,24.137009,25.310144,20.114431,29.631662,32.274947,24.347848,20.416894,30.067311,26.560541,23.395904,28.150131,25.999640,24.893186,23.304598,28.617263,22.166491,27.896494,29.666359,24.297456,21.653161,27.976101,34.851466,25.137454,23.200506,33.919975,21.253232,31.079492,31.209715,29.879719,26.063572,21.819382,29.750263,23.700415,25.517866,21.189090,26.531022,25.942088,24.035284,22.758770,33.728923,26.091124,22.258439,26.547394,23.962327,22.757747,21.252851,23.355146,20.838109,22.280421,21.800801,20.637873,23.084406,23.313695,20.308991,24.735517,20.269827,23.067345,22.542246,25.862836,20.200818,22.911879,22.832873,25.330018,22.444222,26.005358,23.324648,25.073228,20.446422,24.123040,23.685144,22.434588,22.861746,23.260287,22.740761,22.899646,24.973894,24.047221,22.677990,24.977802,23.000352,24.203818,22.551675,23.669751,26.522959,24.352887,24.193167],"finish_samples_ms":[0.039391,0.044090,0.039749,0.039457,0.039250,0.039951,0.048416,0.039877,0.096336,0.070127,0.039450,0.043848,0.040004,0.046008,0.041117,0.042234,0.037972,0.040493,0.038832,0.116861,0.078944,0.041008,0.047780,0.154863,0.074184,0.051557,0.041806,0.043223,0.039131,0.040361,0.046127,0.041758,0.044644,0.076127,0.040749,0.044170,0.040097,0.042644,0.040345,0.042820,0.039596,0.041333,0.074605,0.043832,0.039545,0.070394,0.049093,0.042819,0.039929,0.106319,0.041434,0.039386,0.044230,0.046289,0.055785,0.072865,0.042031,0.046814,0.046617,0.043717,0.044538,0.043736,0.044034,0.065586,0.040669,0.041360,0.046611,0.049041,0.040819,0.043748,0.043204,0.048446,0.042630,0.045340,0.092548,0.064879,0.044559,0.062808,0.048617,0.043101,0.048884,0.042108,0.044874,0.070557,0.041074,0.049486,0.038798,0.076939,0.039396,0.048108,0.039703,0.042324,0.038869,0.046852,0.039793,0.045646,0.049665,0.058367,0.045220,0.044008,0.039642,0.039412,0.048348,0.042670,0.068864,0.042679,0.152664,0.038879,0.075011,0.047377,0.040399,0.053702,0.038963,0.073535,0.063533,0.046517,0.049798,0.046393,0.046375,0.065977]}
MESA-EGL: warning: egl: failed to create dri2 screen
GPU_TIMER_SAMPLE 0 2621440 5767168 786432 9175040
GPU_TIMER_SAMPLE 1 2490368 5767168 786432 9043968
GPU_TIMER_SAMPLE 2 2752512 5111808 786432 8650752
GPU_TIMER_SAMPLE 3 2490368 5373952 655360 8519680
GPU_TIMER_SAMPLE 4 1966080 4587520 786432 7340032
GPU_TIMER_SAMPLE 5 3407872 6946816 786432 11141120
GPU_TIMER_SAMPLE 6 2228224 4718592 655360 7602176
GPU_TIMER_SAMPLE 7 2752512 5242880 655360 8650752
GPU_TIMER_SAMPLE 8 2228224 4849664 655360 7733248
GPU_TIMER_SAMPLE 9 2359296 5636096 655360 8650752
GPU_TIMER_SAMPLE 10 1966080 4325376 786432 7077888
GPU_TIMER_SAMPLE 11 2490368 5373952 786432 8650752
GPU_TIMER_SAMPLE 12 2097152 4194304 786432 7077888
GPU_TIMER_SAMPLE 13 2228224 4456448 786432 7471104
GPU_TIMER_SAMPLE 14 2097152 4325376 655360 7077888
GPU_TIMER_SAMPLE 15 2752512 6422528 917504 10092544
GPU_TIMER_SAMPLE 16 2097152 4325376 786432 7208960
GPU_TIMER_SAMPLE 17 2883584 6291456 786432 9961472
GPU_TIMER_SAMPLE 18 1966080 4587520 786432 7340032
GPU_TIMER_SAMPLE 19 3014656 6160384 786432 9961472
GPU_TIMER_SAMPLE 20 2097152 4718592 655360 7471104
GPU_TIMER_SAMPLE 21 3145728 6553600 917504 10616832
GPU_TIMER_SAMPLE 22 2359296 4587520 655360 7602176
GPU_TIMER_SAMPLE 23 3145728 6291456 4456448 13893632
GPU_TIMER_SAMPLE 24 2228224 4718592 786432 7733248
GPU_TIMER_SAMPLE 25 2359296 4718592 3670016 10747904
GPU_TIMER_SAMPLE 26 2359296 4587520 655360 7602176
GPU_TIMER_SAMPLE 27 2359296 6553600 655360 9568256
GPU_TIMER_SAMPLE 28 2228224 4456448 655360 7340032
GPU_TIMER_SAMPLE 29 3145728 6553600 917504 10616832
GPU_TIMER_SAMPLE 30 2359296 4849664 524288 7733248
GPU_TIMER_SAMPLE 31 3145728 6291456 3932160 13369344
GPU_TIMER_SAMPLE 32 2228224 4456448 786432 7471104
GPU_TIMER_SAMPLE 33 2097152 4587520 4980736 11665408
GPU_TIMER_SAMPLE 34 2359296 4456448 655360 7471104
GPU_TIMER_SAMPLE 35 3145728 6422528 917504 10485760
GPU_TIMER_SAMPLE 36 2097152 4325376 786432 7208960
GPU_TIMER_SAMPLE 37 3145728 6291456 1966080 11403264
GPU_TIMER_SAMPLE 38 4587520 8912896 4456448 17956864
GPU_TIMER_SAMPLE 39 3014656 6422528 917504 10354688
GPU_TIMER_SAMPLE 40 2228224 4325376 786432 7340032
GPU_TIMER_SAMPLE 41 3014656 6291456 917504 10223616
GPU_TIMER_SAMPLE 42 3145728 6422528 1179648 10747904
GPU_TIMER_SAMPLE 43 2359296 4325376 786432 7471104
GPU_TIMER_SAMPLE 44 3014656 6684672 786432 10485760
GPU_TIMER_SAMPLE 45 3407872 6946816 917504 11272192
GPU_TIMER_SAMPLE 46 2228224 4456448 655360 7340032
GPU_TIMER_SAMPLE 47 2359296 4456448 655360 7471104
GPU_TIMER_SAMPLE 48 3145728 6160384 917504 10223616
GPU_TIMER_SAMPLE 49 2490368 4587520 786432 7864320
GPU_TIMER_SAMPLE 50 3145728 6029312 3670016 12845056
GPU_TIMER_SAMPLE 51 3276800 6291456 4980736 14548992
GPU_TIMER_SAMPLE 52 3276800 6422528 917504 10616832
GPU_TIMER_SAMPLE 53 2359296 4194304 786432 7340032
GPU_TIMER_SAMPLE 54 3276800 6422528 917504 10616832
GPU_TIMER_SAMPLE 55 4325376 9043968 5111808 18481152
GPU_TIMER_SAMPLE 56 2359296 4849664 917504 8126464
GPU_TIMER_SAMPLE 57 2490368 4718592 786432 7995392
GPU_TIMER_SAMPLE 58 3407872 6684672 4587520 14680064
GPU_TIMER_SAMPLE 59 2359296 4456448 786432 7602176
GPU_TIMER_SAMPLE 60 3407872 6815744 1048576 11272192
GPU_TIMER_SAMPLE 61 3276800 7077888 1048576 11403264
GPU_TIMER_SAMPLE 62 3407872 7208960 2621440 13238272
GPU_TIMER_SAMPLE 63 3014656 6291456 1048576 10354688
GPU_TIMER_SAMPLE 64 2359296 4718592 786432 7864320
GPU_TIMER_SAMPLE 65 3276800 6553600 5111808 14942208
GPU_TIMER_SAMPLE 66 2490368 4849664 655360 7995392
GPU_TIMER_SAMPLE 67 2359296 4718592 3801088 10878976
GPU_TIMER_SAMPLE 68 2359296 4587520 786432 7733248
GPU_TIMER_SAMPLE 69 2359296 4194304 4456448 11010048
GPU_TIMER_SAMPLE 70 2359296 4587520 786432 7733248
GPU_TIMER_SAMPLE 71 2228224 4456448 655360 7340032
GPU_TIMER_SAMPLE 72 2490368 4718592 786432 7995392
GPU_TIMER_SAMPLE 73 5242880 8650752 5373952 19267584
GPU_TIMER_SAMPLE 74 2490368 4587520 3801088 10878976
GPU_TIMER_SAMPLE 75 2621440 4980736 786432 8388608
GPU_TIMER_SAMPLE 76 2228224 4587520 4456448 11272192
GPU_TIMER_SAMPLE 77 2490368 4718592 786432 7995392
GPU_TIMER_SAMPLE 78 2752512 5111808 917504 8781824
GPU_TIMER_SAMPLE 79 2359296 3801088 655360 6815744
GPU_TIMER_SAMPLE 80 2490368 5111808 655360 8257536
GPU_TIMER_SAMPLE 81 2228224 4325376 524288 7077888
GPU_TIMER_SAMPLE 82 2359296 4718592 786432 7864320
GPU_TIMER_SAMPLE 83 3014656 5636096 655360 9306112
GPU_TIMER_SAMPLE 84 2228224 4587520 655360 7471104
GPU_TIMER_SAMPLE 85 2359296 5111808 524288 7995392
GPU_TIMER_SAMPLE 86 2359296 4456448 3145728 9961472
GPU_TIMER_SAMPLE 87 2359296 4063232 655360 7077888
GPU_TIMER_SAMPLE 88 2359296 4325376 4194304 10878976
GPU_TIMER_SAMPLE 89 2359296 4063232 786432 7208960
GPU_TIMER_SAMPLE 90 2490368 4194304 3407872 10092544
GPU_TIMER_SAMPLE 91 2883584 5767168 786432 9437184
GPU_TIMER_SAMPLE 92 2359296 4456448 4063232 10878976
GPU_TIMER_SAMPLE 93 2097152 4063232 655360 6815744
GPU_TIMER_SAMPLE 94 2097152 3932160 655360 6684672
GPU_TIMER_SAMPLE 95 2752512 4849664 786432 8388608
GPU_TIMER_SAMPLE 96 2228224 4456448 4587520 11272192
GPU_TIMER_SAMPLE 97 2490368 4587520 786432 7864320
GPU_TIMER_SAMPLE 98 3014656 8257536 655360 11927552
GPU_TIMER_SAMPLE 99 2359296 4456448 786432 7602176
GPU_TIMER_SAMPLE 100 2752512 5636096 786432 9175040
GPU_TIMER_SAMPLE 101 2359296 4325376 655360 7340032
GPU_TIMER_SAMPLE 102 2752512 5373952 917504 9043968
GPU_TIMER_SAMPLE 103 2359296 4456448 3801088 10616832
GPU_TIMER_SAMPLE 104 2752512 4849664 786432 8388608
GPU_TIMER_SAMPLE 105 2359296 4325376 3801088 10485760
GPU_TIMER_SAMPLE 106 3014656 5636096 786432 9437184
GPU_TIMER_SAMPLE 107 2359296 4194304 3538944 10092544
GPU_TIMER_SAMPLE 108 3014656 5505024 655360 9175040
GPU_TIMER_SAMPLE 109 2359296 4587520 4718592 11665408
GPU_TIMER_SAMPLE 110 2490368 4325376 655360 7471104
GPU_TIMER_SAMPLE 111 2621440 4849664 786432 8257536
GPU_TIMER_SAMPLE 112 3145728 5111808 3407872 11665408
GPU_TIMER_SAMPLE 113 3145728 5636096 786432 9568256
GPU_TIMER_SAMPLE 114 2359296 4456448 4325376 11141120
GPU_TIMER_SAMPLE 115 2752512 5111808 655360 8519680
GPU_TIMER_SAMPLE 116 2359296 4456448 3801088 10616832
GPU_TIMER_SAMPLE 117 2228224 3801088 655360 6684672
GPU_TIMER_SAMPLE 118 2752512 4980736 786432 8519680
GPU_TIMER_SAMPLE 119 2359296 4325376 3014656 9699328
