 dllPath = /usr/lib/wsl/drivers/iigd_dch.inf_amd64_3e6575b60ae27560, dllName = libigdgmm_w.so.12 
 IsWddmLinux = 1, dllWslName = /usr/lib/wsl/drivers/iigd_dch.inf_amd64_3e6575b60ae27560/libigdgmm_w.so.12  flags = 2
 dllPath = /usr/lib/wsl/drivers/iigd_dch.inf_amd64_3e6575b60ae27560, dllName = libigdgmm_w.so.12 
 IsWddmLinux = 1, dllWslName = /usr/lib/wsl/drivers/iigd_dch.inf_amd64_3e6575b60ae27560/libigdgmm_w.so.12  flags = 2
{"seed":42,"vendor":"Microsoft Corporation","renderer":"D3D12 (Intel(R) Arc(TM) 140T GPU (16GB))","gl_version":"4.6 (Compatibility Profile) Mesa 26.2.2","gallium_path":"/root/.cache/football-mesa-build-20260913-a/install-wayland/lib/libgallium-26.2.2.so","width":1920,"height":1080,"quality":"pbr+bloom+fxaa+auto_exposure","swap_enabled":true,"swap_interval":0,"warmup_frames":30,"measured_frames":120,"in_play_frames":141,"p50_ms":27.307855,"p95_ms":32.082083,"p99_ms":38.653155,"submit_p50_ms":27.270058,"submit_p95_ms":32.042411,"finish_p50_ms":0.043170,"finish_p95_ms":0.076482,"samples_ms":[23.529624,28.089535,26.686452,24.334099,28.238102,25.885391,27.068889,22.723000,27.697490,25.784612,22.723429,29.695074,28.968658,24.189412,26.251834,22.943240,28.282708,28.908404,24.113098,26.006232,25.822944,28.616208,29.175145,30.690391,25.364827,25.614816,22.470311,27.440641,25.078620,22.903335,25.724788,30.338025,28.370754,26.218922,27.355736,25.903809,31.085566,33.488517,26.636620,39.762186,27.686631,32.789155,32.040869,28.184611,26.195399,38.653155,27.133786,29.490600,30.915191,31.992590,29.399435,29.873541,23.757325,28.436566,30.644118,28.473261,30.671538,23.499053,28.077306,27.237340,30.837346,27.044461,31.300499,25.340330,30.193274,27.794696,25.716937,33.434602,27.722441,24.357969,27.324711,26.575956,26.221994,22.821872,28.724337,24.524385,27.988664,27.199658,28.923867,28.199543,23.906657,24.872774,29.924328,31.500864,27.012361,23.299612,25.996960,26.253821,23.292901,30.327747,28.531157,23.062946,29.237722,27.605947,29.581176,25.349440,26.431567,25.285323,32.951886,28.670494,24.169640,25.428699,26.046728,24.292901,28.704792,29.313546,27.357142,24.931969,24.397849,28.450588,32.082083,25.091639,28.809231,28.836369,22.470739,26.899000,26.074586,27.307855,22.917795,30.488031],"submit_samples_ms":[23.484124,28.044157,26.602239,24.290822,28.194870,25.845606,27.027002,22.655075,27.658186,25.726392,22.684713,29.655825,28.929793,24.141497,26.211916,22.899918,28.238260,28.862632,24.071502,25.960676,25.782789,28.577043,29.132875,30.646407,25.317697,25.572997,22.424817,27.352128,25.037778,22.855549,25.683479,30.297398,28.330453,26.175974,27.308049,25.857499,31.004348,33.442572,26.591835,39.715742,27.638201,32.737009,31.991379,28.139851,26.155199,38.606226,27.093620,29.448174,30.869435,31.949420,29.359277,29.831566,23.685192,28.360084,30.599974,28.433936,30.632142,23.455423,28.033025,27.196419,30.799938,27.004688,31.222238,25.291714,30.148885,27.750101,25.661482,33.392478,27.683621,24.313731,27.280736,26.533958,26.179422,22.780292,28.686298,24.477600,27.931961,27.156574,28.873905,28.160631,23.832232,24.834033,29.883439,31.461880,26.974907,23.257639,25.954648,26.207820,23.200720,30.283485,28.491621,22.987228,29.188063,27.565144,29.540735,25.272734,26.381519,25.243140,32.910121,28.629967,24.117669,25.387312,25.974213,24.246331,28.660853,29.273306,27.315656,24.866722,24.358470,28.408423,32.042411,25.027645,28.764836,28.794636,22.428845,26.855919,26.034843,27.270058,22.866609,30.449513],"finish_samples_ms":[0.045500,0.045378,0.084213,0.043277,0.043232,0.039785,0.041887,0.067925,0.039304,0.058220,0.038716,0.039249,0.038865,0.047915,0.039918,0.043322,0.044448,0.045772,0.041596,0.045556,0.040155,0.039165,0.042270,0.043984,0.047130,0.041819,0.045494,0.088513,0.040842,0.047786,0.041309,0.040627,0.040301,0.042948,0.047687,0.046310,0.081218,0.045945,0.044785,0.046444,0.048430,0.052146,0.049490,0.044760,0.040200,0.046929,0.040166,0.042426,0.045756,0.043170,0.040158,0.041975,0.072133,0.076482,0.044144,0.039325,0.039396,0.043630,0.044281,0.040921,0.037408,0.039773,0.078261,0.048616,0.044389,0.044595,0.055455,0.042124,0.038820,0.044238,0.043975,0.041998,0.042572,0.041580,0.038039,0.046785,0.056703,0.043084,0.049962,0.038912,0.074425,0.038741,0.040889,0.038984,0.037454,0.041973,0.042312,0.046001,0.092181,0.044262,0.039536,0.075718,0.049659,0.040803,0.040441,0.076706,0.050048,0.042183,0.041765,0.040527,0.051971,0.041387,0.072515,0.046570,0.043939,0.040240,0.041486,0.065247,0.039379,0.042165,0.039672,0.063994,0.044395,0.041733,0.041894,0.043081,0.039743,0.037797,0.051186,0.038518]}
MESA-EGL: warning: egl: failed to create dri2 screen
GPU_TIMER_SAMPLE 0 2097152 4718592 3276800 10092544
GPU_TIMER_SAMPLE 1 2621440 5242880 6422528 14286848
GPU_TIMER_SAMPLE 2 2490368 5505024 3670016 11665408
GPU_TIMER_SAMPLE 3 2490368 5636096 3538944 11665408
GPU_TIMER_SAMPLE 4 2490368 4980736 6946816 14417920
GPU_TIMER_SAMPLE 5 2097152 4718592 3276800 10092544
GPU_TIMER_SAMPLE 6 2490368 5767168 3670016 11927552
GPU_TIMER_SAMPLE 7 1966080 4587520 3538944 10092544
GPU_TIMER_SAMPLE 8 2621440 5505024 3538944 11665408
GPU_TIMER_SAMPLE 9 2228224 5111808 3538944 10878976
GPU_TIMER_SAMPLE 10 1966080 4587520 3538944 10092544
GPU_TIMER_SAMPLE 11 2097152 4718592 3538944 10354688
GPU_TIMER_SAMPLE 12 2752512 5636096 3670016 12058624
GPU_TIMER_SAMPLE 13 2228224 4718592 3407872 10354688
GPU_TIMER_SAMPLE 14 1966080 3932160 3145728 9043968
GPU_TIMER_SAMPLE 15 1966080 3801088 3014656 8781824
GPU_TIMER_SAMPLE 16 2359296 5242880 7077888 14680064
GPU_TIMER_SAMPLE 17 2228224 4325376 7602176 14155776
GPU_TIMER_SAMPLE 18 2228224 4718592 3407872 10354688
GPU_TIMER_SAMPLE 19 3932160 4456448 3276800 11665408
GPU_TIMER_SAMPLE 20 2097152 4325376 5373952 11796480
GPU_TIMER_SAMPLE 21 2752512 5505024 3670016 11927552
GPU_TIMER_SAMPLE 22 2621440 5767168 3538944 11927552
GPU_TIMER_SAMPLE 23 3145728 6553600 4325376 14024704
GPU_TIMER_SAMPLE 24 2097152 4587520 3407872 10092544
GPU_TIMER_SAMPLE 25 1966080 3801088 5898240 11665408
GPU_TIMER_SAMPLE 26 1835008 4063232 3145728 9043968
GPU_TIMER_SAMPLE 27 1966080 3801088 7077888 12845056
GPU_TIMER_SAMPLE 28 1966080 4718592 3276800 9961472
GPU_TIMER_SAMPLE 29 1966080 4718592 3276800 9961472
GPU_TIMER_SAMPLE 30 1966080 3932160 3014656 8912896
GPU_TIMER_SAMPLE 31 1835008 3932160 4063232 9830400
GPU_TIMER_SAMPLE 32 2490368 5636096 3670016 11796480
GPU_TIMER_SAMPLE 33 2228224 4980736 3538944 10747904
GPU_TIMER_SAMPLE 34 1966080 3932160 7077888 12976128
GPU_TIMER_SAMPLE 35 2228224 4718592 3407872 10354688
GPU_TIMER_SAMPLE 36 2228224 5111808 3538944 10878976
GPU_TIMER_SAMPLE 37 2097152 4456448 3538944 10092544
GPU_TIMER_SAMPLE 38 2097152 4849664 3407872 10354688
GPU_TIMER_SAMPLE 39 4718592 9043968 9961472 23724032
GPU_TIMER_SAMPLE 40 2228224 4587520 3538944 10354688
GPU_TIMER_SAMPLE 41 2621440 6553600 4587520 13762560
GPU_TIMER_SAMPLE 42 3145728 6815744 8126464 18087936
GPU_TIMER_SAMPLE 43 2228224 4456448 3670016 10354688
GPU_TIMER_SAMPLE 44 2228224 4718592 3670016 10616832
GPU_TIMER_SAMPLE 45 4980736 8519680 10616832 24117248
GPU_TIMER_SAMPLE 46 2228224 4587520 3538944 10354688
GPU_TIMER_SAMPLE 47 2097152 4325376 3407872 9830400
GPU_TIMER_SAMPLE 48 2883584 7077888 4063232 14024704
GPU_TIMER_SAMPLE 49 3145728 7077888 4063232 14286848
GPU_TIMER_SAMPLE 50 2883584 6553600 4325376 13762560
GPU_TIMER_SAMPLE 51 2883584 6553600 4587520 14024704
GPU_TIMER_SAMPLE 52 2097152 4718592 3407872 10223616
GPU_TIMER_SAMPLE 53 2490368 5505024 7602176 15597568
GPU_TIMER_SAMPLE 54 2883584 6946816 8126464 17956864
GPU_TIMER_SAMPLE 55 2097152 4718592 3407872 10223616
GPU_TIMER_SAMPLE 56 2883584 5898240 4063232 12845056
GPU_TIMER_SAMPLE 57 2097152 4849664 3538944 10485760
GPU_TIMER_SAMPLE 58 2228224 4325376 8126464 14680064
GPU_TIMER_SAMPLE 59 2097152 4456448 3407872 9961472
GPU_TIMER_SAMPLE 60 3014656 6815744 5373952 15204352
GPU_TIMER_SAMPLE 61 2228224 4849664 3538944 10616832
GPU_TIMER_SAMPLE 62 3014656 6815744 4325376 14155776
GPU_TIMER_SAMPLE 63 2097152 4587520 3407872 10092544
GPU_TIMER_SAMPLE 64 1966080 4587520 8388608 14942208
GPU_TIMER_SAMPLE 65 2228224 4456448 6422528 13107200
GPU_TIMER_SAMPLE 66 1966080 4194304 3145728 9306112
GPU_TIMER_SAMPLE 67 3014656 6815744 4325376 14155776
GPU_TIMER_SAMPLE 68 2752512 5767168 3538944 12058624
GPU_TIMER_SAMPLE 69 2097152 4587520 3276800 9961472
GPU_TIMER_SAMPLE 70 2097152 4194304 6553600 12845056
GPU_TIMER_SAMPLE 71 2097152 4194304 3145728 9437184
GPU_TIMER_SAMPLE 72 2490368 5111808 3407872 11010048
GPU_TIMER_SAMPLE 73 2228224 4456448 3538944 10223616
GPU_TIMER_SAMPLE 74 2490368 5242880 3538944 11272192
GPU_TIMER_SAMPLE 75 2228224 4587520 3407872 10223616
GPU_TIMER_SAMPLE 76 2228224 4456448 7077888 13762560
GPU_TIMER_SAMPLE 77 2228224 4587520 3276800 10092544
GPU_TIMER_SAMPLE 78 2752512 5505024 3538944 11796480
GPU_TIMER_SAMPLE 79 2621440 5636096 3538944 11796480
GPU_TIMER_SAMPLE 80 2228224 4718592 3407872 10354688
GPU_TIMER_SAMPLE 81 2228224 3932160 2883584 9043968
GPU_TIMER_SAMPLE 82 2359296 5111808 3407872 10878976
GPU_TIMER_SAMPLE 83 3932160 7471104 4456448 15859712
GPU_TIMER_SAMPLE 84 2752512 5767168 3801088 12320768
GPU_TIMER_SAMPLE 85 2228224 4587520 3538944 10354688
GPU_TIMER_SAMPLE 86 2621440 5636096 3407872 11665408
GPU_TIMER_SAMPLE 87 2097152 4980736 3407872 10485760
GPU_TIMER_SAMPLE 88 2359296 4194304 3407872 9961472
GPU_TIMER_SAMPLE 89 2228224 5111808 3538944 10878976
GPU_TIMER_SAMPLE 90 2490368 5636096 3670016 11796480
GPU_TIMER_SAMPLE 91 2359296 4718592 3276800 10354688
GPU_TIMER_SAMPLE 92 2752512 4980736 6291456 14024704
GPU_TIMER_SAMPLE 93 2752512 5373952 3407872 11534336
GPU_TIMER_SAMPLE 94 2752512 5767168 3801088 12320768
GPU_TIMER_SAMPLE 95 2490368 4980736 3538944 11010048
GPU_TIMER_SAMPLE 96 2228224 4456448 6553600 13238272
GPU_TIMER_SAMPLE 97 2228224 4980736 3276800 10485760
GPU_TIMER_SAMPLE 98 3801088 7471104 4194304 15466496
GPU_TIMER_SAMPLE 99 2490368 5111808 3670016 11272192
GPU_TIMER_SAMPLE 100 2359296 4718592 3407872 10485760
GPU_TIMER_SAMPLE 101 2097152 3932160 3145728 9175040
GPU_TIMER_SAMPLE 102 2752512 5767168 3801088 12320768
GPU_TIMER_SAMPLE 103 2097152 4718592 3538944 10354688
GPU_TIMER_SAMPLE 104 2621440 5111808 6291456 14024704
GPU_TIMER_SAMPLE 105 2883584 5505024 5373952 13762560
GPU_TIMER_SAMPLE 106 2359296 4980736 3538944 10878976
GPU_TIMER_SAMPLE 107 2097152 4456448 3407872 9961472
GPU_TIMER_SAMPLE 108 2097152 3801088 3145728 9043968
GPU_TIMER_SAMPLE 109 2883584 6422528 3932160 13238272
GPU_TIMER_SAMPLE 110 2490368 5373952 3670016 11534336
GPU_TIMER_SAMPLE 111 2621440 5505024 3670016 11796480
GPU_TIMER_SAMPLE 112 1966080 3932160 7471104 13369344
GPU_TIMER_SAMPLE 113 2228224 4718592 3276800 10223616
GPU_TIMER_SAMPLE 114 1966080 4063232 3276800 9306112
GPU_TIMER_SAMPLE 115 2228224 4718592 6815744 13762560
GPU_TIMER_SAMPLE 116 2359296 4718592 3407872 10485760
GPU_TIMER_SAMPLE 117 2883584 5767168 3538944 12189696
GPU_TIMER_SAMPLE 118 2228224 4849664 3538944 10616832
GPU_TIMER_SAMPLE 119 2883584 5373952 3538944 11796480
