 dllPath = /usr/lib/wsl/drivers/iigd_dch.inf_amd64_3e6575b60ae27560, dllName = libigdgmm_w.so.12 
 IsWddmLinux = 1, dllWslName = /usr/lib/wsl/drivers/iigd_dch.inf_amd64_3e6575b60ae27560/libigdgmm_w.so.12  flags = 2
 dllPath = /usr/lib/wsl/drivers/iigd_dch.inf_amd64_3e6575b60ae27560, dllName = libigdgmm_w.so.12 
 IsWddmLinux = 1, dllWslName = /usr/lib/wsl/drivers/iigd_dch.inf_amd64_3e6575b60ae27560/libigdgmm_w.so.12  flags = 2
{"seed":43,"vendor":"Microsoft Corporation","renderer":"D3D12 (Intel(R) Arc(TM) 140T GPU (16GB))","gl_version":"4.6 (Compatibility Profile) Mesa 26.2.2","gallium_path":"/root/.cache/football-mesa-build-20260913-a/install-wayland/lib/libgallium-26.2.2.so","width":1920,"height":1080,"quality":"pbr+bloom+fxaa+auto_exposure","swap_enabled":true,"swap_interval":0,"warmup_frames":30,"measured_frames":120,"in_play_frames":150,"p50_ms":28.590931,"p95_ms":44.466967,"p99_ms":58.662960,"submit_p50_ms":28.549868,"submit_p95_ms":44.422966,"finish_p50_ms":0.043479,"finish_p95_ms":0.064381,"samples_ms":[43.991546,62.223559,57.685840,58.662960,44.466967,42.067251,42.780388,43.897269,43.293900,43.509703,52.745905,42.927318,31.767363,54.867261,45.564684,27.818301,32.766801,27.321934,30.423531,30.430457,29.680038,30.508905,32.561401,27.947240,31.577555,32.510725,28.824320,29.321765,32.029082,28.395087,28.590931,32.773827,25.921650,43.518760,31.574403,29.998951,26.342767,30.786406,28.692958,29.270723,28.827386,27.058628,34.501241,31.345119,29.633524,28.402988,36.265646,32.176587,29.206081,27.009483,33.115185,28.505356,26.186195,25.523137,27.523936,27.579217,33.020564,29.869148,25.971938,24.586589,27.765604,28.188269,25.107913,26.650828,29.168698,26.859695,28.660990,33.323820,28.707760,26.383829,24.760389,29.164700,32.444552,30.572420,24.142757,25.354566,29.352243,28.634422,28.040500,29.021625,24.684898,23.662145,22.536801,22.769098,27.933177,26.220524,24.524396,26.925091,27.039980,29.256146,28.192625,23.553339,23.925230,22.748240,27.464874,22.412328,25.792598,27.275739,23.493896,25.683363,25.436183,22.911401,27.315553,23.456898,26.096425,25.200836,30.302097,29.721631,23.211984,26.534159,25.025305,28.326179,25.150764,26.519658,30.394841,26.356890,33.507786,29.454409,28.794119,28.442584],"submit_samples_ms":[43.949043,62.185114,57.639810,58.610164,44.422966,42.028465,42.737113,43.853841,43.247986,43.469371,52.699521,42.885872,31.723500,54.823614,45.520908,27.768725,32.724305,27.263182,30.380917,30.371337,29.635380,30.467585,32.517923,27.904740,31.529791,32.363912,28.773291,29.276688,31.979570,28.350319,28.549868,32.731523,25.880266,43.473329,31.533014,29.959356,26.290781,30.743848,28.643694,29.226653,28.788222,27.000976,34.445175,31.306421,29.595093,28.364206,36.225782,32.133938,29.169278,26.972102,33.074627,28.467757,26.147771,25.480996,27.479476,27.541104,32.981139,29.831399,25.924227,24.545032,27.720589,28.148542,25.060851,26.607359,29.097690,26.796185,28.621922,33.286007,28.668621,26.339222,24.696363,29.100319,32.397176,30.526206,24.100804,25.308159,29.288636,28.589822,27.983892,28.966133,24.622241,23.625675,22.494991,22.712584,27.893773,26.175708,24.480471,26.887469,26.983361,29.216475,28.127386,23.516521,23.883713,22.687347,27.425388,22.368849,25.754890,27.238652,23.432780,25.644617,25.392204,22.869020,27.248294,23.420038,26.035171,25.144938,30.263787,29.685080,23.168022,26.407214,24.986952,28.287448,25.059503,26.479165,30.347207,26.313091,33.447842,29.412242,28.748178,28.397554],"finish_samples_ms":[0.042503,0.038445,0.046030,0.052796,0.044001,0.038786,0.043275,0.043428,0.045914,0.040332,0.046384,0.041446,0.043863,0.043647,0.043776,0.049576,0.042496,0.058752,0.042614,0.059120,0.044658,0.041320,0.043478,0.042500,0.047764,0.146813,0.051029,0.045077,0.049512,0.044768,0.041063,0.042304,0.041384,0.045431,0.041389,0.039595,0.051986,0.042558,0.049264,0.044070,0.039164,0.057652,0.056066,0.038698,0.038431,0.038782,0.039864,0.042649,0.036803,0.037381,0.040558,0.037599,0.038424,0.042141,0.044460,0.038113,0.039425,0.037749,0.047711,0.041557,0.045015,0.039727,0.047062,0.043469,0.071008,0.063510,0.039068,0.037813,0.039139,0.044607,0.064026,0.064381,0.047376,0.046214,0.041953,0.046407,0.063607,0.044600,0.056608,0.055492,0.062657,0.036470,0.041810,0.056514,0.039404,0.044816,0.043925,0.037622,0.056619,0.039671,0.065239,0.036818,0.041517,0.060893,0.039486,0.043479,0.037708,0.037087,0.061116,0.038746,0.043979,0.042381,0.067259,0.036860,0.061254,0.055898,0.038310,0.036551,0.043962,0.126945,0.038353,0.038731,0.091261,0.040493,0.047634,0.043799,0.059944,0.042167,0.045941,0.045030]}
MESA-EGL: warning: egl: failed to create dri2 screen
GPU_TIMER_SAMPLE 0 6160384 10354688 10616832 27131904
GPU_TIMER_SAMPLE 1 7208960 21889024 9961472 39059456
GPU_TIMER_SAMPLE 2 7208960 13238272 16252928 36700160
GPU_TIMER_SAMPLE 3 7077888 12976128 15466496 35520512
GPU_TIMER_SAMPLE 4 5505024 14680064 5767168 25952256
GPU_TIMER_SAMPLE 5 5767168 10223616 9830400 25821184
GPU_TIMER_SAMPLE 6 5767168 10485760 10485760 26738688
GPU_TIMER_SAMPLE 7 5767168 10354688 9437184 25559040
GPU_TIMER_SAMPLE 8 5898240 13762560 5898240 25559040
GPU_TIMER_SAMPLE 9 6291456 10747904 10354688 27394048
GPU_TIMER_SAMPLE 10 7077888 13238272 14286848 34603008
GPU_TIMER_SAMPLE 11 5898240 9961472 9699328 25559040
GPU_TIMER_SAMPLE 12 3014656 6553600 4456448 14024704
GPU_TIMER_SAMPLE 13 7208960 13500416 15859712 36569088
GPU_TIMER_SAMPLE 14 5767168 10092544 10485760 26345472
GPU_TIMER_SAMPLE 15 2752512 6291456 3407872 12451840
GPU_TIMER_SAMPLE 16 2490368 7602176 6029312 16121856
GPU_TIMER_SAMPLE 17 2228224 4980736 3407872 10616832
GPU_TIMER_SAMPLE 18 2228224 4718592 6553600 13500416
GPU_TIMER_SAMPLE 19 2359296 4849664 6160384 13369344
GPU_TIMER_SAMPLE 20 2359296 4718592 6029312 13107200
GPU_TIMER_SAMPLE 21 2228224 4980736 5636096 12845056
GPU_TIMER_SAMPLE 22 3014656 6553600 7340032 16908288
GPU_TIMER_SAMPLE 23 2359296 4456448 6553600 13369344
GPU_TIMER_SAMPLE 24 2228224 4587520 3407872 10223616
GPU_TIMER_SAMPLE 25 3276800 7077888 6553600 16908288
GPU_TIMER_SAMPLE 26 2359296 4325376 6553600 13238272
GPU_TIMER_SAMPLE 27 2359296 4325376 3538944 10223616
GPU_TIMER_SAMPLE 28 2752512 6291456 7602176 16646144
GPU_TIMER_SAMPLE 29 2228224 4325376 6815744 13369344
GPU_TIMER_SAMPLE 30 2228224 4587520 3407872 10223616
GPU_TIMER_SAMPLE 31 2228224 4587520 3407872 10223616
GPU_TIMER_SAMPLE 32 2228224 4587520 3538944 10354688
GPU_TIMER_SAMPLE 33 6422528 11010048 8257536 25690112
GPU_TIMER_SAMPLE 34 4587520 4587520 3407872 12582912
GPU_TIMER_SAMPLE 35 3145728 6815744 4456448 14417920
GPU_TIMER_SAMPLE 36 2097152 4194304 3407872 9699328
GPU_TIMER_SAMPLE 37 2228224 4980736 6422528 13631488
GPU_TIMER_SAMPLE 38 2228224 4718592 6946816 13893632
GPU_TIMER_SAMPLE 39 2359296 4718592 3538944 10616832
GPU_TIMER_SAMPLE 40 2359296 4849664 3670016 10878976
GPU_TIMER_SAMPLE 41 2359296 4849664 3538944 10747904
GPU_TIMER_SAMPLE 42 3014656 6815744 4587520 14417920
GPU_TIMER_SAMPLE 43 3145728 6946816 5242880 15335424
GPU_TIMER_SAMPLE 44 2490368 4718592 3538944 10747904
GPU_TIMER_SAMPLE 45 2359296 4849664 3538944 10747904
GPU_TIMER_SAMPLE 46 3145728 6684672 5767168 15597568
GPU_TIMER_SAMPLE 47 3145728 6160384 4325376 13631488
GPU_TIMER_SAMPLE 48 2228224 4587520 3407872 10223616
GPU_TIMER_SAMPLE 49 2490368 4587520 3538944 10616832
GPU_TIMER_SAMPLE 50 3276800 6946816 5111808 15335424
GPU_TIMER_SAMPLE 51 2359296 4849664 3407872 10616832
GPU_TIMER_SAMPLE 52 2359296 4718592 3538944 10616832
GPU_TIMER_SAMPLE 53 2228224 4718592 3670016 10616832
GPU_TIMER_SAMPLE 54 2228224 4718592 3407872 10354688
GPU_TIMER_SAMPLE 55 2228224 4718592 3538944 10485760
GPU_TIMER_SAMPLE 56 3407872 6815744 4194304 14417920
GPU_TIMER_SAMPLE 57 2359296 4718592 3407872 10485760
GPU_TIMER_SAMPLE 58 2228224 4849664 3538944 10616832
GPU_TIMER_SAMPLE 59 2228224 4456448 3801088 10485760
GPU_TIMER_SAMPLE 60 2359296 4718592 3276800 10354688
GPU_TIMER_SAMPLE 61 2490368 4849664 3407872 10747904
GPU_TIMER_SAMPLE 62 2490368 4587520 3538944 10616832
GPU_TIMER_SAMPLE 63 2359296 4325376 6291456 12976128
GPU_TIMER_SAMPLE 64 2490368 4587520 3670016 10747904
GPU_TIMER_SAMPLE 65 2490368 4587520 3407872 10485760
GPU_TIMER_SAMPLE 66 2490368 4718592 3407872 10616832
GPU_TIMER_SAMPLE 67 3276800 7208960 4063232 14548992
GPU_TIMER_SAMPLE 68 2490368 4718592 3538944 10747904
GPU_TIMER_SAMPLE 69 2621440 4718592 3407872 10747904
GPU_TIMER_SAMPLE 70 2359296 4456448 3670016 10485760
GPU_TIMER_SAMPLE 71 2490368 4587520 3407872 10485760
GPU_TIMER_SAMPLE 72 2359296 4456448 3407872 10223616
GPU_TIMER_SAMPLE 73 2883584 6160384 4456448 13500416
GPU_TIMER_SAMPLE 74 2490368 4849664 3407872 10747904
GPU_TIMER_SAMPLE 75 2490368 4718592 3538944 10747904
GPU_TIMER_SAMPLE 76 2359296 4718592 7340032 14417920
GPU_TIMER_SAMPLE 77 2490368 4718592 6946816 14155776
GPU_TIMER_SAMPLE 78 2359296 4718592 3276800 10354688
GPU_TIMER_SAMPLE 79 2490368 4587520 3407872 10485760
GPU_TIMER_SAMPLE 80 2359296 4718592 3538944 10616832
GPU_TIMER_SAMPLE 81 2359296 4456448 3538944 10354688
GPU_TIMER_SAMPLE 82 2228224 4063232 3145728 9437184
GPU_TIMER_SAMPLE 83 2097152 4063232 3145728 9306112
GPU_TIMER_SAMPLE 84 2097152 4063232 3014656 9175040
GPU_TIMER_SAMPLE 85 2621440 4980736 3538944 11141120
GPU_TIMER_SAMPLE 86 2228224 4849664 3276800 10354688
GPU_TIMER_SAMPLE 87 2490368 4587520 3276800 10354688
GPU_TIMER_SAMPLE 88 2490368 4718592 3407872 10616832
GPU_TIMER_SAMPLE 89 2883584 5767168 3801088 12451840
GPU_TIMER_SAMPLE 90 2359296 4456448 3276800 10092544
GPU_TIMER_SAMPLE 91 2359296 4456448 3538944 10354688
GPU_TIMER_SAMPLE 92 2359296 4587520 3276800 10223616
GPU_TIMER_SAMPLE 93 2228224 4456448 3538944 10223616
GPU_TIMER_SAMPLE 94 2490368 4718592 3407872 10616832
GPU_TIMER_SAMPLE 95 2490368 4456448 3407872 10354688
GPU_TIMER_SAMPLE 96 2359296 4456448 6160384 12976128
GPU_TIMER_SAMPLE 97 2490368 4849664 3407872 10747904
GPU_TIMER_SAMPLE 98 2359296 4325376 3407872 10092544
GPU_TIMER_SAMPLE 99 2359296 4456448 6160384 12976128
GPU_TIMER_SAMPLE 100 2490368 4718592 3276800 10485760
GPU_TIMER_SAMPLE 101 2097152 4194304 3276800 9568256
GPU_TIMER_SAMPLE 102 2097152 3801088 7208960 13107200
GPU_TIMER_SAMPLE 103 2490368 4587520 3407872 10485760
GPU_TIMER_SAMPLE 104 2359296 6160384 3145728 11665408
GPU_TIMER_SAMPLE 105 2490368 4194304 3407872 10092544
GPU_TIMER_SAMPLE 106 2752512 5242880 3407872 11403264
GPU_TIMER_SAMPLE 107 3014656 5505024 3670016 12189696
GPU_TIMER_SAMPLE 108 2097152 3932160 3145728 9175040
GPU_TIMER_SAMPLE 109 2359296 4325376 6684672 13369344
GPU_TIMER_SAMPLE 110 2228224 4456448 3407872 10092544
GPU_TIMER_SAMPLE 111 2883584 5898240 3538944 12320768
GPU_TIMER_SAMPLE 112 2359296 4587520 3407872 10354688
GPU_TIMER_SAMPLE 113 2490368 4456448 3407872 10354688
GPU_TIMER_SAMPLE 114 2359296 5373952 3276800 11010048
GPU_TIMER_SAMPLE 115 2228224 4456448 3538944 10223616
GPU_TIMER_SAMPLE 116 3014656 7864320 4063232 14942208
GPU_TIMER_SAMPLE 117 2359296 4325376 3407872 10092544
GPU_TIMER_SAMPLE 118 2490368 4587520 3538944 10616832
GPU_TIMER_SAMPLE 119 2359296 4456448 3538944 10354688
