 dllPath = /usr/lib/wsl/drivers/iigd_dch.inf_amd64_3e6575b60ae27560, dllName = libigdgmm_w.so.12 
 IsWddmLinux = 1, dllWslName = /usr/lib/wsl/drivers/iigd_dch.inf_amd64_3e6575b60ae27560/libigdgmm_w.so.12  flags = 2
 dllPath = /usr/lib/wsl/drivers/iigd_dch.inf_amd64_3e6575b60ae27560, dllName = libigdgmm_w.so.12 
 IsWddmLinux = 1, dllWslName = /usr/lib/wsl/drivers/iigd_dch.inf_amd64_3e6575b60ae27560/libigdgmm_w.so.12  flags = 2
{"seed":42,"vendor":"Microsoft Corporation","renderer":"D3D12 (Intel(R) Arc(TM) 140T GPU (16GB))","gl_version":"4.6 (Compatibility Profile) Mesa 26.2.2","gallium_path":"/root/.cache/football-mesa-build-20260913-a/install-wayland/lib/libgallium-26.2.2.so","width":1920,"height":1080,"quality":"pbr","swap_enabled":true,"swap_interval":0,"warmup_frames":30,"measured_frames":120,"in_play_frames":141,"p50_ms":23.556366,"p95_ms":28.964547,"p99_ms":29.790467,"submit_p50_ms":23.518733,"submit_p95_ms":28.886174,"finish_p50_ms":0.043681,"finish_p95_ms":0.069126,"samples_ms":[23.363435,25.030735,25.818807,22.841750,26.340368,32.717721,28.387921,26.299399,20.968493,22.910843,25.456146,28.964547,25.804285,20.429889,28.228431,22.005916,28.622878,26.063861,22.916197,29.178377,20.529490,27.235955,22.801718,23.979108,22.017260,23.811524,27.761550,22.657241,24.267368,20.114259,26.591012,20.776345,24.979135,19.154653,26.624311,20.401078,28.255951,23.008951,20.627862,22.214220,23.462100,20.066941,25.230711,28.096167,24.102528,24.821942,20.540202,25.909052,22.789841,23.764878,26.792447,22.102621,29.045014,28.686384,21.058710,24.918766,20.894929,25.495373,21.122111,24.912557,21.327866,27.642128,20.565830,29.790467,22.499032,29.180794,20.479326,28.468499,25.815518,26.362955,25.128394,25.810450,27.573153,29.600854,21.750519,27.808822,26.048816,23.397988,26.256536,22.311387,23.967860,20.621209,23.861393,22.617067,23.292647,22.173331,23.569829,24.195643,20.684709,23.289366,23.228943,23.637465,23.556366,22.558579,19.966907,25.401143,20.163556,23.341266,25.483318,21.703469,24.124263,23.051332,23.054775,21.860544,26.100641,20.562332,23.947661,22.117032,22.065831,22.925110,23.265477,23.750817,22.735603,21.744711,19.606117,20.333989,24.805042,19.691581,24.639703,19.966738],"submit_samples_ms":[23.318799,24.990732,25.775208,22.793811,26.297394,32.676651,28.345701,26.248318,20.906908,22.864327,25.375310,28.886174,25.756433,20.384855,28.184080,21.957388,28.580164,25.998122,22.870799,29.133105,20.485875,27.190221,22.761430,23.930105,21.977148,23.742398,27.718526,22.599864,24.220215,20.074682,26.546804,20.735057,24.932884,19.114333,26.579785,20.341382,28.213825,22.970201,20.586860,22.173720,23.416274,20.024075,25.167306,28.057024,24.061015,24.773561,20.482486,25.865438,22.748617,23.716218,26.716883,22.054812,29.003428,28.639622,21.018440,24.870231,20.851722,25.448049,21.077024,24.870104,21.282847,27.598572,20.524013,29.751240,22.451039,29.130152,20.431639,28.423304,25.736889,26.320899,25.079232,25.733927,27.531933,29.543266,21.697792,27.767832,26.005920,23.350237,26.215141,22.242743,23.928510,20.575534,23.819792,22.572537,23.250963,22.126502,23.529411,24.154470,20.643549,23.243474,23.182964,23.598004,23.518733,22.518660,19.928011,25.360929,20.126217,23.296796,25.442705,21.632433,24.085310,23.003931,23.013989,21.815809,26.055384,20.521415,23.903045,22.052314,22.007801,22.881429,23.223587,23.708816,22.696303,21.679208,19.567180,20.295495,24.764607,19.651023,24.602525,19.926094],"finish_samples_ms":[0.044636,0.040003,0.043599,0.047939,0.042974,0.041070,0.042220,0.051081,0.061585,0.046516,0.080836,0.078373,0.047852,0.045034,0.044351,0.048528,0.042714,0.065739,0.045398,0.045272,0.043615,0.045734,0.040288,0.049003,0.040112,0.069126,0.043024,0.057377,0.047153,0.039577,0.044208,0.041288,0.046251,0.040320,0.044526,0.059696,0.042126,0.038750,0.041002,0.040500,0.045826,0.042866,0.063405,0.039143,0.041513,0.048381,0.057716,0.043614,0.041224,0.048660,0.075564,0.047809,0.041586,0.046762,0.040270,0.048535,0.043207,0.047324,0.045087,0.042453,0.045019,0.043556,0.041817,0.039227,0.047993,0.050642,0.047687,0.045195,0.078629,0.042056,0.049162,0.076523,0.041220,0.057588,0.052727,0.040990,0.042896,0.047751,0.041395,0.068644,0.039350,0.045675,0.041601,0.044530,0.041684,0.046829,0.040418,0.041173,0.041160,0.045892,0.045979,0.039461,0.037633,0.039919,0.038896,0.040214,0.037339,0.044470,0.040613,0.071036,0.038953,0.047401,0.040786,0.044735,0.045257,0.040917,0.044616,0.064718,0.058030,0.043681,0.041890,0.042001,0.039300,0.065503,0.038937,0.038494,0.040435,0.040558,0.037178,0.040644]}
MESA-EGL: warning: egl: failed to create dri2 screen
GPU_TIMER_SAMPLE 0 2228224 4587520 786432 7602176
GPU_TIMER_SAMPLE 1 2228224 4325376 3014656 9568256
GPU_TIMER_SAMPLE 2 2883584 6553600 786432 10223616
GPU_TIMER_SAMPLE 3 2097152 4718592 786432 7602176
GPU_TIMER_SAMPLE 4 2883584 6422528 917504 10223616
GPU_TIMER_SAMPLE 5 4587520 8912896 5111808 18612224
GPU_TIMER_SAMPLE 6 2490368 6815744 2228224 11534336
GPU_TIMER_SAMPLE 7 2883584 6291456 917504 10092544
GPU_TIMER_SAMPLE 8 2228224 4587520 655360 7471104
GPU_TIMER_SAMPLE 9 2097152 4325376 655360 7077888
GPU_TIMER_SAMPLE 10 2097152 4325376 4587520 11010048
GPU_TIMER_SAMPLE 11 2883584 6160384 5505024 14548992
GPU_TIMER_SAMPLE 12 2883584 6815744 917504 10616832
GPU_TIMER_SAMPLE 13 2097152 4194304 786432 7077888
GPU_TIMER_SAMPLE 14 2883584 6160384 786432 9830400
GPU_TIMER_SAMPLE 15 2097152 4587520 786432 7471104
GPU_TIMER_SAMPLE 16 3014656 6553600 4718592 14286848
GPU_TIMER_SAMPLE 17 3014656 6422528 2359296 11796480
GPU_TIMER_SAMPLE 18 2097152 4325376 786432 7208960
GPU_TIMER_SAMPLE 19 2883584 6684672 3932160 13500416
GPU_TIMER_SAMPLE 20 2228224 4587520 786432 7602176
GPU_TIMER_SAMPLE 21 2097152 4587520 4325376 11010048
GPU_TIMER_SAMPLE 22 2097152 4587520 655360 7340032
GPU_TIMER_SAMPLE 23 2097152 4325376 655360 7077888
GPU_TIMER_SAMPLE 24 2228224 4194304 655360 7077888
GPU_TIMER_SAMPLE 25 2097152 4456448 655360 7208960
GPU_TIMER_SAMPLE 26 2883584 6291456 5111808 14286848
GPU_TIMER_SAMPLE 27 2097152 5111808 524288 7733248
GPU_TIMER_SAMPLE 28 2228224 4587520 3145728 9961472
GPU_TIMER_SAMPLE 29 2228224 4587520 655360 7471104
GPU_TIMER_SAMPLE 30 2097152 7733248 655360 10485760
GPU_TIMER_SAMPLE 31 2097152 4718592 655360 7471104
GPU_TIMER_SAMPLE 32 2097152 4587520 3801088 10485760
GPU_TIMER_SAMPLE 33 2097152 4587520 655360 7340032
GPU_TIMER_SAMPLE 34 2228224 5373952 4063232 11665408
GPU_TIMER_SAMPLE 35 2228224 4587520 524288 7340032
GPU_TIMER_SAMPLE 36 2359296 7077888 4456448 13893632
GPU_TIMER_SAMPLE 37 2097152 4325376 655360 7077888
GPU_TIMER_SAMPLE 38 2097152 4325376 786432 7208960
GPU_TIMER_SAMPLE 39 2097152 4587520 655360 7340032
GPU_TIMER_SAMPLE 40 3801088 4325376 786432 8912896
GPU_TIMER_SAMPLE 41 2097152 4587520 655360 7340032
GPU_TIMER_SAMPLE 42 1966080 7995392 655360 10616832
GPU_TIMER_SAMPLE 43 3670016 7077888 4587520 15335424
GPU_TIMER_SAMPLE 44 2621440 5505024 786432 8912896
GPU_TIMER_SAMPLE 45 2097152 7077888 786432 9961472
GPU_TIMER_SAMPLE 46 2228224 4587520 786432 7602176
GPU_TIMER_SAMPLE 47 2097152 4718592 4194304 11010048
GPU_TIMER_SAMPLE 48 2097152 4194304 655360 6946816
GPU_TIMER_SAMPLE 49 2097152 6422528 524288 9043968
GPU_TIMER_SAMPLE 50 2228224 6291456 3538944 12058624
GPU_TIMER_SAMPLE 51 1835008 3932160 655360 6422528
GPU_TIMER_SAMPLE 52 2097152 9043968 786432 11927552
GPU_TIMER_SAMPLE 53 2228224 6946816 5111808 14286848
GPU_TIMER_SAMPLE 54 2097152 4456448 655360 7208960
GPU_TIMER_SAMPLE 55 1966080 4325376 3801088 10092544
GPU_TIMER_SAMPLE 56 2097152 4456448 655360 7208960
GPU_TIMER_SAMPLE 57 2228224 4194304 5242880 11665408
GPU_TIMER_SAMPLE 58 2228224 4456448 655360 7340032
GPU_TIMER_SAMPLE 59 2097152 4325376 655360 7077888
GPU_TIMER_SAMPLE 60 2228224 4456448 655360 7340032
GPU_TIMER_SAMPLE 61 1966080 9699328 1048576 12713984
GPU_TIMER_SAMPLE 62 2097152 4325376 786432 7208960
GPU_TIMER_SAMPLE 63 3145728 6422528 2359296 11927552
GPU_TIMER_SAMPLE 64 2097152 4587520 786432 7471104
GPU_TIMER_SAMPLE 65 3014656 6946816 4063232 14024704
GPU_TIMER_SAMPLE 66 2097152 4325376 655360 7077888
GPU_TIMER_SAMPLE 67 2752512 5898240 4849664 13500416
GPU_TIMER_SAMPLE 68 2097152 4194304 786432 7077888
GPU_TIMER_SAMPLE 69 2097152 4456448 655360 7208960
GPU_TIMER_SAMPLE 70 3014656 6422528 786432 10223616
GPU_TIMER_SAMPLE 71 2097152 4456448 3670016 10223616
GPU_TIMER_SAMPLE 72 3014656 6291456 917504 10223616
GPU_TIMER_SAMPLE 73 3014656 6684672 917504 10616832
GPU_TIMER_SAMPLE 74 2359296 4456448 655360 7471104
GPU_TIMER_SAMPLE 75 3014656 6815744 4587520 14417920
GPU_TIMER_SAMPLE 76 2359296 5242880 786432 8388608
GPU_TIMER_SAMPLE 77 2621440 5505024 655360 8781824
GPU_TIMER_SAMPLE 78 2490368 5767168 3932160 12189696
GPU_TIMER_SAMPLE 79 2752512 5636096 655360 9043968
GPU_TIMER_SAMPLE 80 2228224 4325376 4587520 11141120
GPU_TIMER_SAMPLE 81 1966080 4194304 655360 6815744
GPU_TIMER_SAMPLE 82 2228224 4325376 655360 7208960
GPU_TIMER_SAMPLE 83 2621440 5505024 917504 9043968
GPU_TIMER_SAMPLE 84 2228224 4063232 3538944 9830400
GPU_TIMER_SAMPLE 85 2228224 4587520 786432 7602176
GPU_TIMER_SAMPLE 86 2097152 4456448 3932160 10485760
GPU_TIMER_SAMPLE 87 2490368 5373952 917504 8781824
GPU_TIMER_SAMPLE 88 2097152 4194304 786432 7077888
GPU_TIMER_SAMPLE 89 2490368 5373952 917504 8781824
GPU_TIMER_SAMPLE 90 2097152 4456448 3670016 10223616
GPU_TIMER_SAMPLE 91 2490368 5111808 786432 8388608
GPU_TIMER_SAMPLE 92 2359296 5373952 917504 8650752
GPU_TIMER_SAMPLE 93 2490368 5111808 786432 8388608
GPU_TIMER_SAMPLE 94 2228224 4325376 655360 7208960
GPU_TIMER_SAMPLE 95 2621440 5373952 655360 8650752
GPU_TIMER_SAMPLE 96 2097152 4456448 786432 7340032
GPU_TIMER_SAMPLE 97 2228224 4194304 786432 7208960
GPU_TIMER_SAMPLE 98 2228224 4194304 786432 7208960
GPU_TIMER_SAMPLE 99 2752512 5505024 655360 8912896
GPU_TIMER_SAMPLE 100 2228224 4325376 4194304 10747904
GPU_TIMER_SAMPLE 101 2752512 5242880 786432 8781824
GPU_TIMER_SAMPLE 102 2228224 4194304 3407872 9830400
GPU_TIMER_SAMPLE 103 2490368 4849664 786432 8126464
GPU_TIMER_SAMPLE 104 2621440 5111808 4587520 12320768
GPU_TIMER_SAMPLE 105 2228224 4718592 655360 7602176
GPU_TIMER_SAMPLE 106 2097152 4325376 3932160 10354688
GPU_TIMER_SAMPLE 107 2752512 5373952 786432 8912896
GPU_TIMER_SAMPLE 108 2228224 4194304 3538944 9961472
GPU_TIMER_SAMPLE 109 2752512 5505024 786432 9043968
GPU_TIMER_SAMPLE 110 2228224 4325376 3145728 9699328
GPU_TIMER_SAMPLE 111 2490368 4718592 786432 7995392
GPU_TIMER_SAMPLE 112 2097152 4325376 3407872 9830400
GPU_TIMER_SAMPLE 113 2752512 5767168 917504 9437184
GPU_TIMER_SAMPLE 114 2097152 3932160 655360 6684672
GPU_TIMER_SAMPLE 115 1835008 4194304 655360 6684672
GPU_TIMER_SAMPLE 116 2621440 5505024 655360 8781824
GPU_TIMER_SAMPLE 117 1966080 4063232 524288 6553600
GPU_TIMER_SAMPLE 118 2621440 5373952 786432 8781824
GPU_TIMER_SAMPLE 119 2097152 3670016 524288 6291456
