
FOOTBALL
WASD: direction | 0: stop | Z/X/C: pass | V: shoot | Space: pressure | Q: back

[1] Local play   [2] Host and play   [3] Join match   [4] Preferences
[5] Quit   [6] Continue saved match   [7] Replay saved match
Select: Checkpoint file []: Replay output for this continuation [off; - disables]: Frame limit [until Q]: Could not complete this action: Match checkpoint does not exist

FOOTBALL
WASD: direction | 0: stop | Z/X/C: pass | V: shoot | Space: pressure | Q: back

[1] Local play   [2] Host and play   [3] Join match   [4] Preferences
[5] Quit   [6] Continue saved match   [7] Replay saved match
Select: Scenario [academy_empty_goal]: Left controlled slots [1]: Right controlled slots; other players use engine AI [0]: Random seed [42]: Replay output file [off; - disables]: Checkpoint file [off; - disables]: Frame limit [until Q]: 
FOOTBALL
WASD: direction | 0: stop | Z/X/C: pass | V: shoot | Space: pressure | Q: back

K: pause or resume
P: save checkpoint
Score (0, 0) ball=(0.019999999552965164, -0.0, 0.11061639338731766)
Score (0, 0) ball=(0.019999999552965164, -0.0, 0.11061639338731766)
Score (0, 0) ball=(0.019999999552965164, -0.0, 0.11061639338731766)

FOOTBALL
WASD: direction | 0: stop | Z/X/C: pass | V: shoot | Space: pressure | Q: back

[1] Local play   [2] Host and play   [3] Join match   [4] Preferences
[5] Quit   [6] Continue saved match   [7] Replay saved match
Select: Checkpoint file []: Replay output for this continuation [off; - disables]: Frame limit [until Q]: K: pause or resume | P: save checkpoint | Q: exit
Score (0, 0) ball=(0.019999999552965164, -0.0, 0.11061639338731766)
Score (0, 0) ball=(0.019999999552965164, -0.0, 0.11061639338731766)

FOOTBALL
WASD: direction | 0: stop | Z/X/C: pass | V: shoot | Space: pressure | Q: back

[1] Local play   [2] Host and play   [3] Join match   [4] Preferences
[5] Quit   [6] Continue saved match   [7] Replay saved match
Select: Match replay file []: Replayed frame 0
Replayed frame 1
Replayed frame 2
{'frames': 3, 'digest': 'aacc82e184558d59f273af27f2e54cd194a4a4d4d06a0381715e9c7dbce4c326', 'score': (0, 0), 'verified': True}

FOOTBALL
WASD: direction | 0: stop | Z/X/C: pass | V: shoot | Space: pressure | Q: back

[1] Local play   [2] Host and play   [3] Join match   [4] Preferences
[5] Quit   [6] Continue saved match   [7] Replay saved match
Select: Scenario [11_vs_11_stochastic]: Left controlled slots [1]: Right controlled slots [1]: Random seed [42]: Listen port; 0 assigns a port [12345]: Replay output file [off; - disables]: Checkpoint file [off; - disables]: Frame limit [until Q]: Hosting UDP on port 47247 - waiting for 1 players including this host.

FOOTBALL
WASD: direction | 0: stop | Z/X/C: pass | V: shoot | Space: pressure | Q: back

K: pause or resume. Each controlled slot requires a connected player.
Score (0, 0) ball=(0.0, -0.0, 0.0)
Score (0, 0) ball=(0.0, -0.0, 0.11061639338731766)
Score (0, 0) ball=(0.0, -0.0, 0.11061639338731766)
Score (0, 0) ball=(0.0, -0.0, 0.11061639338731766)
Score (0, 0) ball=(0.0, -0.0, 0.11061639338731766)
Score (0, 0) ball=(0.0, -0.0, 0.11061639338731766)
Match ended after 3 frames.

FOOTBALL
WASD: direction | 0: stop | Z/X/C: pass | V: shoot | Space: pressure | Q: back

[1] Local play   [2] Host and play   [3] Join match   [4] Preferences
[5] Quit   [6] Continue saved match   [7] Replay saved match
Select: 