	linux-vdso.so.1 (0x000075bcd4077000)
	libfootball_engine.so => /root/work_space/football/.project/optimization/benchmarks/ai-regression-1791234779986026567/release-build/bin/../libfootball_engine.so (0x000075bcd3c00000)
	libSDL2_image-2.0.so.0 => /usr/lib/libSDL2_image-2.0.so.0 (0x000075bcd4037000)
	libSDL2_ttf-2.0.so.0 => /usr/lib/libSDL2_ttf-2.0.so.0 (0x000075bcd4022000)
	libSDL2_gfx-1.0.so.0 => /usr/lib/libSDL2_gfx-1.0.so.0 (0x000075bcd400f000)
	libSDL2-2.0.so.0 => /usr/lib/libSDL2-2.0.so.0 (0x000075bcd3fa9000)
	libEGL.so.1 => /usr/lib/libEGL.so.1 (0x000075bcd3f97000)
	libOpenGL.so.0 => /usr/lib/libOpenGL.so.0 (0x000075bcd3f73000)
	libGLX.so.0 => /usr/lib/libGLX.so.0 (0x000075bcd3f42000)
	libstdc++.so.6 => /usr/lib/libstdc++.so.6 (0x000075bcd3800000)
	libm.so.6 => /usr/lib/libm.so.6 (0x000075bcd36c9000)
	libgcc_s.so.1 => /usr/lib/libgcc_s.so.1 (0x000075bcd3f13000)
	libc.so.6 => /usr/lib/libc.so.6 (0x000075bcd3400000)
	/lib64/ld-linux-x86-64.so.2 => /usr/lib64/ld-linux-x86-64.so.2 (0x000075bcd4079000)
	libpng16.so.16 => /usr/lib/libpng16.so.16 (0x000075bcd3ed6000)
	libjxl.so.0.12 => /usr/lib/libjxl.so.0.12 (0x000075bcd2e00000)
	libjpeg.so.8 => /usr/lib/libjpeg.so.8 (0x000075bcd3b58000)
	libtiff.so.6 => /usr/lib/libtiff.so.6 (0x000075bcd3631000)
	libavif.so.16 => /usr/lib/libavif.so.16 (0x000075bcd3b10000)
	libwebpdemux.so.2 => /usr/lib/libwebpdemux.so.2 (0x000075bcd3ecd000)
	libwebp.so.7 => /usr/lib/libwebp.so.7 (0x000075bcd3379000)
	libfreetype.so.6 => /usr/lib/libfreetype.so.6 (0x000075bcd32a9000)
	libharfbuzz.so.0 => /usr/lib/libharfbuzz.so.0 (0x000075bcd2cc1000)
	libGLdispatch.so.0 => /usr/lib/libGLdispatch.so.0 (0x000075bcd2c48000)
	libX11.so.6 => /usr/lib/libX11.so.6 (0x000075bcd2b06000)
	libz.so.1 => /usr/lib/libz.so.1 (0x000075bcd3eb0000)
	libjxl_cms.so.0.12 => /usr/lib/libjxl_cms.so.0.12 (0x000075bcd3ae7000)
	libhwy.so.1 => /usr/lib/libhwy.so.1 (0x000075bcd3ea1000)
	libbrotlidec.so.1 => /usr/lib/libbrotlidec.so.1 (0x000075bcd3ad8000)
	libbrotlienc.so.1 => /usr/lib/libbrotlienc.so.1 (0x000075bcd2a46000)
	libdeflate.so.0 => /usr/lib/libdeflate.so.0 (0x000075bcd3291000)
	libjbig.so.2.1 => /usr/lib/libjbig.so.2.1 (0x000075bcd3623000)
	liblzma.so.5 => /usr/lib/liblzma.so.5 (0x000075bcd325c000)
	libzstd.so.1 => /usr/lib/libzstd.so.1 (0x000075bcd2960000)
	libyuv.so => /usr/lib/libyuv.so (0x000075bcd28b9000)
	libsharpyuv.so.0 => /usr/lib/libsharpyuv.so.0 (0x000075bcd3253000)
	libdav1d.so.7 => /usr/lib/libdav1d.so.7 (0x000075bcd26d8000)
	librav1e.so.0.8 => /usr/lib/librav1e.so.0.8 (0x000075bcd2200000)
	libSvtAv1Enc.so.4 => /usr/lib/libSvtAv1Enc.so.4 (0x000075bcc9c00000)
	libaom.so.3 => /usr/lib/libaom.so.3 (0x000075bcc9200000)
	libbz2.so.1.0 => /usr/lib/libbz2.so.1.0 (0x000075bcd3240000)
	libglib-2.0.so.0 => /usr/lib/libglib-2.0.so.0 (0x000075bcd2575000)
	libgraphite2.so.3 => /usr/lib/libgraphite2.so.3 (0x000075bcd2552000)
	libxcb.so.1 => /usr/lib/libxcb.so.1 (0x000075bcd2527000)
	libbrotlicommon.so.1 => /usr/lib/libbrotlicommon.so.1 (0x000075bcd21dd000)
	libpcre2-8.so.0 => /usr/lib/libpcre2-8.so.0 (0x000075bcc9b4d000)
	libXau.so.6 => /usr/lib/libXau.so.6 (0x000075bcd3239000)
	libXdmcp.so.6 => /usr/lib/libXdmcp.so.6 (0x000075bcd21d5000)
