	linux-vdso.so.1 (0x0000706cf520d000)
	libasan.so.8 => /usr/lib/libasan.so.8 (0x0000706cf4a00000)
	libfootball_engine.so => /root/work_space/football/.project/optimization/benchmarks/ai-regression-1791234779986026567/sanitized-build/bin/../libfootball_engine.so (0x0000706cf1800000)
	libSDL2_image-2.0.so.0 => /usr/lib/libSDL2_image-2.0.so.0 (0x0000706cf5184000)
	libSDL2_ttf-2.0.so.0 => /usr/lib/libSDL2_ttf-2.0.so.0 (0x0000706cf516f000)
	libSDL2_gfx-1.0.so.0 => /usr/lib/libSDL2_gfx-1.0.so.0 (0x0000706cf515a000)
	libSDL2-2.0.so.0 => /usr/lib/libSDL2-2.0.so.0 (0x0000706cf499c000)
	libEGL.so.1 => /usr/lib/libEGL.so.1 (0x0000706cf5148000)
	libOpenGL.so.0 => /usr/lib/libOpenGL.so.0 (0x0000706cf5124000)
	libGLX.so.0 => /usr/lib/libGLX.so.0 (0x0000706cf17cf000)
	libstdc++.so.6 => /usr/lib/libstdc++.so.6 (0x0000706cf1400000)
	libm.so.6 => /usr/lib/libm.so.6 (0x0000706cf12c9000)
	libubsan.so.1 => /usr/lib/libubsan.so.1 (0x0000706cf0c00000)
	libgcc_s.so.1 => /usr/lib/libgcc_s.so.1 (0x0000706cf17a2000)
	libc.so.6 => /usr/lib/libc.so.6 (0x0000706cf0800000)
	libpng16.so.16 => /usr/lib/libpng16.so.16 (0x0000706cf1765000)
	libjxl.so.0.12 => /usr/lib/libjxl.so.0.12 (0x0000706cf0200000)
	libjpeg.so.8 => /usr/lib/libjpeg.so.8 (0x0000706cf1221000)
	libtiff.so.6 => /usr/lib/libtiff.so.6 (0x0000706cf0b68000)
	libavif.so.16 => /usr/lib/libavif.so.16 (0x0000706cf171d000)
	libwebpdemux.so.2 => /usr/lib/libwebpdemux.so.2 (0x0000706cf5119000)
	libwebp.so.7 => /usr/lib/libwebp.so.7 (0x0000706cf0ae1000)
	libfreetype.so.6 => /usr/lib/libfreetype.so.6 (0x0000706cf0730000)
	libharfbuzz.so.0 => /usr/lib/libharfbuzz.so.0 (0x0000706cf00c1000)
	libGLdispatch.so.0 => /usr/lib/libGLdispatch.so.0 (0x0000706cf0a68000)
	libX11.so.6 => /usr/lib/libX11.so.6 (0x0000706ceff7f000)
	/lib64/ld-linux-x86-64.so.2 => /usr/lib64/ld-linux-x86-64.so.2 (0x0000706cf520f000)
	libz.so.1 => /usr/lib/libz.so.1 (0x0000706cf1702000)
	libjxl_cms.so.0.12 => /usr/lib/libjxl_cms.so.0.12 (0x0000706cf16d9000)
	libhwy.so.1 => /usr/lib/libhwy.so.1 (0x0000706cf498b000)
	libbrotlidec.so.1 => /usr/lib/libbrotlidec.so.1 (0x0000706cf0a59000)
	libbrotlienc.so.1 => /usr/lib/libbrotlienc.so.1 (0x0000706cf0670000)
	libdeflate.so.0 => /usr/lib/libdeflate.so.0 (0x0000706cf0a41000)
	libjbig.so.2.1 => /usr/lib/libjbig.so.2.1 (0x0000706cf0a33000)
	liblzma.so.5 => /usr/lib/liblzma.so.5 (0x0000706cf063b000)
	libzstd.so.1 => /usr/lib/libzstd.so.1 (0x0000706cefe99000)
	libyuv.so => /usr/lib/libyuv.so (0x0000706cefdf2000)
	libsharpyuv.so.0 => /usr/lib/libsharpyuv.so.0 (0x0000706cf0a2a000)
	libdav1d.so.7 => /usr/lib/libdav1d.so.7 (0x0000706cefc11000)
	librav1e.so.0.8 => /usr/lib/librav1e.so.0.8 (0x0000706cef800000)
	libSvtAv1Enc.so.4 => /usr/lib/libSvtAv1Enc.so.4 (0x0000706ce7200000)
	libaom.so.3 => /usr/lib/libaom.so.3 (0x0000706ce6800000)
	libbz2.so.1.0 => /usr/lib/libbz2.so.1.0 (0x0000706cefbfe000)
	libglib-2.0.so.0 => /usr/lib/libglib-2.0.so.0 (0x0000706ce669d000)
	libgraphite2.so.3 => /usr/lib/libgraphite2.so.3 (0x0000706cefbdb000)
	libxcb.so.1 => /usr/lib/libxcb.so.1 (0x0000706cefbb0000)
	libbrotlicommon.so.1 => /usr/lib/libbrotlicommon.so.1 (0x0000706cefb8d000)
	libpcre2-8.so.0 => /usr/lib/libpcre2-8.so.0 (0x0000706ce714d000)
	libXau.so.6 => /usr/lib/libXau.so.6 (0x0000706cf16d4000)
	libXdmcp.so.6 => /usr/lib/libXdmcp.so.6 (0x0000706cefb85000)
