 dllPath = /usr/lib/wsl/drivers/iigd_dch.inf_amd64_3e6575b60ae27560, dllName = libigdgmm_w.so.12 
 IsWddmLinux = 1, dllWslName = /usr/lib/wsl/drivers/iigd_dch.inf_amd64_3e6575b60ae27560/libigdgmm_w.so.12  flags = 2
 dllPath = /usr/lib/wsl/drivers/iigd_dch.inf_amd64_3e6575b60ae27560, dllName = libigdgmm_w.so.12 
 IsWddmLinux = 1, dllWslName = /usr/lib/wsl/drivers/iigd_dch.inf_amd64_3e6575b60ae27560/libigdgmm_w.so.12  flags = 2
{"seed":43,"vendor":"Microsoft Corporation","renderer":"D3D12 (Intel(R) Arc(TM) 140T GPU (16GB))","gl_version":"4.6 (Compatibility Profile) Mesa 26.2.2","gallium_path":"/root/.cache/football-mesa-build-20260913-a/install-wayland/lib/libgallium-26.2.2.so","width":1920,"height":1080,"quality":"pbr+bloom+fxaa+auto_exposure","swap_enabled":true,"swap_interval":0,"warmup_frames":30,"measured_frames":120,"in_play_frames":150,"p50_ms":21.482143,"p95_ms":29.106246,"p99_ms":31.280690,"submit_p50_ms":21.466935,"submit_p95_ms":29.093944,"finish_p50_ms":0.012905,"finish_p95_ms":0.017524,"samples_ms":[24.153897,29.081791,19.149607,18.276790,18.741700,22.551604,20.871718,18.673564,23.974352,19.095809,21.110220,18.423151,20.687299,17.707855,24.059516,19.003208,20.308105,18.619300,22.600855,18.204350,19.873038,21.713670,17.597723,21.251298,19.688105,18.867098,22.862291,20.368020,18.286277,21.620501,17.241798,18.732924,20.850895,18.618852,20.208736,18.834895,20.726749,24.178136,23.456772,22.834811,19.280515,23.488126,18.186681,21.436104,19.626848,18.540212,17.808914,18.961970,21.712285,19.144775,18.566133,23.156543,17.070747,18.395593,24.507953,25.290517,20.540268,21.482143,29.279917,19.696430,24.819502,19.062883,21.617372,19.532184,22.788841,18.454424,19.292224,19.745131,19.970660,21.429035,19.336305,20.436278,20.283021,19.868631,18.445590,19.402001,19.553986,18.272192,21.665417,19.945231,24.871075,22.860066,24.283536,25.658431,22.226250,28.006467,28.549107,32.503454,27.110959,31.280690,22.099295,30.026274,22.655572,25.472928,26.986123,23.210279,27.920203,30.355171,28.921946,22.654449,24.354427,28.604950,26.699584,22.176285,30.175130,25.771701,23.483916,26.799786,21.420391,21.415999,23.621032,29.106246,28.820933,23.484482,28.051587,26.868732,22.605731,26.821690,27.932195,22.628460],"submit_samples_ms":[24.143304,29.069677,19.138622,18.260044,18.728888,22.541198,20.857401,18.660197,23.963420,19.079912,21.097701,18.408731,20.672018,17.695017,24.045958,18.987249,20.295986,18.607332,22.585339,18.192249,19.861449,21.699077,17.583763,21.239828,19.675539,18.851723,22.850313,20.350201,18.275122,21.609782,17.231160,18.717710,20.839382,18.608285,20.192468,18.821578,20.713386,24.163901,23.443838,22.820983,19.268901,23.471574,18.170713,21.424492,19.610980,18.522666,17.796925,18.949065,21.700221,19.129155,18.552432,23.140776,17.055544,18.383027,24.496607,25.278734,20.528618,21.466935,29.264503,19.683108,24.803306,19.050165,21.606200,19.516895,22.776750,18.442981,19.276744,19.730562,19.959279,21.418261,19.322760,20.424726,20.269995,19.852337,18.433751,19.390209,19.536671,18.258562,21.654100,19.930505,24.859313,22.826747,24.271999,25.645213,22.214580,27.996309,28.531410,32.490113,27.097198,31.265804,22.087253,30.013830,22.637012,25.461904,26.973367,23.197210,27.905916,30.342987,28.910497,22.637755,24.343036,28.592306,26.683042,22.163979,30.163676,25.758706,23.471378,26.787365,21.402867,21.404145,23.604102,29.093944,28.808763,23.458273,28.035531,26.857191,22.592301,26.805171,27.919542,22.613756],"finish_samples_ms":[0.010593,0.012114,0.010985,0.016746,0.012812,0.010406,0.014317,0.013367,0.010932,0.015897,0.012519,0.014420,0.015281,0.012838,0.013558,0.015959,0.012119,0.011968,0.015516,0.012101,0.011589,0.014593,0.013960,0.011470,0.012566,0.015375,0.011978,0.017819,0.011155,0.010719,0.010638,0.015214,0.011513,0.010567,0.016268,0.013317,0.013363,0.014235,0.012934,0.013828,0.011614,0.016552,0.015968,0.011612,0.015868,0.017546,0.011989,0.012905,0.012064,0.015620,0.013701,0.015767,0.015203,0.012566,0.011346,0.011783,0.011650,0.015208,0.015414,0.013322,0.016196,0.012718,0.011172,0.015289,0.012091,0.011443,0.015480,0.014569,0.011381,0.010774,0.013545,0.011552,0.013026,0.016294,0.011839,0.011792,0.017315,0.013630,0.011317,0.014726,0.011762,0.033319,0.011537,0.013218,0.011670,0.010158,0.017697,0.013341,0.013761,0.014886,0.012042,0.012444,0.018560,0.011024,0.012756,0.013069,0.014287,0.012184,0.011449,0.016694,0.011391,0.012644,0.016542,0.012306,0.011454,0.012995,0.012538,0.012421,0.017524,0.011854,0.016930,0.012302,0.012170,0.026209,0.016056,0.011541,0.013430,0.016519,0.012653,0.014704]}
MESA-EGL: warning: egl: failed to create dri2 screen
GPU_TIMER_SAMPLE 0 2097152 4063232 2752512 8912896
GPU_TIMER_SAMPLE 1 2359296 5242880 3538944 11141120
GPU_TIMER_SAMPLE 2 1572864 2490368 2228224 6291456
GPU_TIMER_SAMPLE 3 1441792 2621440 2097152 6160384
GPU_TIMER_SAMPLE 4 1966080 3014656 2097152 7077888
GPU_TIMER_SAMPLE 5 1310720 2752512 2752512 6815744
GPU_TIMER_SAMPLE 6 2490368 2752512 2359296 7602176
GPU_TIMER_SAMPLE 7 1441792 2621440 2097152 6160384
GPU_TIMER_SAMPLE 8 1310720 3014656 5898240 10223616
GPU_TIMER_SAMPLE 9 1572864 3014656 2097152 6684672
GPU_TIMER_SAMPLE 10 1179648 2621440 2359296 6160384
GPU_TIMER_SAMPLE 11 1179648 2621440 2097152 5898240
GPU_TIMER_SAMPLE 12 1310720 2883584 2228224 6422528
GPU_TIMER_SAMPLE 13 1310720 2490368 2359296 6160384
GPU_TIMER_SAMPLE 14 1572864 3670016 5505024 10747904
GPU_TIMER_SAMPLE 15 1310720 2490368 2097152 5898240
GPU_TIMER_SAMPLE 16 1310720 2490368 2097152 5898240
GPU_TIMER_SAMPLE 17 1179648 2621440 2097152 5898240
GPU_TIMER_SAMPLE 18 1441792 2752512 2359296 6553600
GPU_TIMER_SAMPLE 19 1441792 2621440 2359296 6422528
GPU_TIMER_SAMPLE 20 1310720 2752512 4325376 8388608
GPU_TIMER_SAMPLE 21 1441792 3014656 2097152 6553600
GPU_TIMER_SAMPLE 22 1310720 2490368 2359296 6160384
GPU_TIMER_SAMPLE 23 1310720 2490368 2359296 6160384
GPU_TIMER_SAMPLE 24 1441792 2621440 2097152 6160384
GPU_TIMER_SAMPLE 25 1441792 2490368 2228224 6160384
GPU_TIMER_SAMPLE 26 1572864 3145728 5373952 10092544
GPU_TIMER_SAMPLE 27 1441792 2752512 2359296 6553600
GPU_TIMER_SAMPLE 28 1441792 2621440 2097152 6160384
GPU_TIMER_SAMPLE 29 1572864 2490368 4980736 9043968
GPU_TIMER_SAMPLE 30 1310720 2752512 2097152 6160384
GPU_TIMER_SAMPLE 31 1572864 2228224 2359296 6160384
GPU_TIMER_SAMPLE 32 1310720 2490368 2359296 6160384
GPU_TIMER_SAMPLE 33 1441792 3014656 2097152 6553600
GPU_TIMER_SAMPLE 34 1703936 3145728 2228224 7077888
GPU_TIMER_SAMPLE 35 2097152 3276800 2097152 7471104
GPU_TIMER_SAMPLE 36 2228224 3407872 2883584 8519680
GPU_TIMER_SAMPLE 37 2359296 3801088 2359296 8519680
GPU_TIMER_SAMPLE 38 1310720 2752512 2752512 6815744
GPU_TIMER_SAMPLE 39 2359296 3670016 2228224 8257536
GPU_TIMER_SAMPLE 40 1441792 2490368 2359296 6291456
GPU_TIMER_SAMPLE 41 1179648 3932160 5505024 10616832
GPU_TIMER_SAMPLE 42 1572864 2490368 2228224 6291456
GPU_TIMER_SAMPLE 43 1441792 2621440 2097152 6160384
GPU_TIMER_SAMPLE 44 1966080 2883584 2228224 7077888
GPU_TIMER_SAMPLE 45 1572864 2752512 2359296 6684672
GPU_TIMER_SAMPLE 46 1572864 2490368 2097152 6160384
GPU_TIMER_SAMPLE 47 1179648 2621440 2359296 6160384
GPU_TIMER_SAMPLE 48 1703936 4587520 2359296 8650752
GPU_TIMER_SAMPLE 49 1572864 2752512 2359296 6684672
GPU_TIMER_SAMPLE 50 1441792 2621440 2359296 6422528
GPU_TIMER_SAMPLE 51 1572864 3014656 4456448 9043968
GPU_TIMER_SAMPLE 52 1310720 2490368 2359296 6160384
GPU_TIMER_SAMPLE 53 1441792 2621440 2097152 6160384
GPU_TIMER_SAMPLE 54 1441792 3014656 6422528 10878976
GPU_TIMER_SAMPLE 55 2752512 4718592 2228224 9699328
GPU_TIMER_SAMPLE 56 1572864 4063232 2359296 7995392
GPU_TIMER_SAMPLE 57 1835008 4063232 2752512 8650752
GPU_TIMER_SAMPLE 58 2490368 5373952 7077888 14942208
GPU_TIMER_SAMPLE 59 1310720 2752512 2097152 6160384
GPU_TIMER_SAMPLE 60 1441792 7471104 2228224 11141120
GPU_TIMER_SAMPLE 61 1179648 2752512 2228224 6160384
GPU_TIMER_SAMPLE 62 1703936 2752512 5505024 9961472
GPU_TIMER_SAMPLE 63 1703936 2883584 2097152 6684672
GPU_TIMER_SAMPLE 64 2621440 3014656 2097152 7733248
GPU_TIMER_SAMPLE 65 1572864 2490368 2359296 6422528
GPU_TIMER_SAMPLE 66 1441792 3014656 2097152 6553600
GPU_TIMER_SAMPLE 67 1572864 2752512 2359296 6684672
GPU_TIMER_SAMPLE 68 1572864 3145728 2228224 6946816
GPU_TIMER_SAMPLE 69 1572864 3014656 2097152 6684672
GPU_TIMER_SAMPLE 70 1441792 3014656 2359296 6815744
GPU_TIMER_SAMPLE 71 1441792 2621440 2097152 6160384
GPU_TIMER_SAMPLE 72 1441792 2621440 2359296 6422528
GPU_TIMER_SAMPLE 73 1441792 4063232 2359296 7864320
GPU_TIMER_SAMPLE 74 1572864 2490368 2359296 6422528
GPU_TIMER_SAMPLE 75 1572864 3145728 2359296 7077888
GPU_TIMER_SAMPLE 76 1441792 2752512 2359296 6553600
GPU_TIMER_SAMPLE 77 1441792 2883584 2359296 6684672
GPU_TIMER_SAMPLE 78 1441792 2752512 2359296 6553600
GPU_TIMER_SAMPLE 79 1572864 4063232 3145728 8781824
GPU_TIMER_SAMPLE 80 1835008 4325376 2883584 9043968
GPU_TIMER_SAMPLE 81 2359296 4325376 3145728 9830400
GPU_TIMER_SAMPLE 82 2359296 4063232 2883584 9306112
GPU_TIMER_SAMPLE 83 2359296 5111808 3407872 10878976
GPU_TIMER_SAMPLE 84 2097152 4063232 3014656 9175040
GPU_TIMER_SAMPLE 85 3014656 5505024 3407872 11927552
GPU_TIMER_SAMPLE 86 2752512 5767168 3407872 11927552
GPU_TIMER_SAMPLE 87 3014656 5505024 3670016 12189696
GPU_TIMER_SAMPLE 88 3014656 5636096 3670016 12320768
GPU_TIMER_SAMPLE 89 2752512 5505024 6684672 14942208
GPU_TIMER_SAMPLE 90 2097152 3801088 3276800 9175040
GPU_TIMER_SAMPLE 91 2752512 5505024 3407872 11665408
GPU_TIMER_SAMPLE 92 2359296 4063232 2883584 9306112
GPU_TIMER_SAMPLE 93 2359296 4063232 2752512 9175040
GPU_TIMER_SAMPLE 94 2621440 5505024 3670016 11796480
GPU_TIMER_SAMPLE 95 2097152 4063232 3014656 9175040
GPU_TIMER_SAMPLE 96 3014656 5505024 6422528 14942208
GPU_TIMER_SAMPLE 97 2621440 5111808 5111808 12845056
GPU_TIMER_SAMPLE 98 3014656 5767168 3407872 12189696
GPU_TIMER_SAMPLE 99 2228224 4194304 3014656 9437184
GPU_TIMER_SAMPLE 100 2097152 4325376 2752512 9175040
GPU_TIMER_SAMPLE 101 3276800 5767168 3407872 12451840
GPU_TIMER_SAMPLE 102 3014656 5767168 3670016 12451840
GPU_TIMER_SAMPLE 103 2228224 3801088 3014656 9043968
GPU_TIMER_SAMPLE 104 2490368 5636096 3407872 11534336
GPU_TIMER_SAMPLE 105 2490368 5242880 3145728 10878976
GPU_TIMER_SAMPLE 106 2097152 4325376 2883584 9306112
GPU_TIMER_SAMPLE 107 2490368 5636096 3538944 11665408
GPU_TIMER_SAMPLE 108 2097152 4063232 3014656 9175040
GPU_TIMER_SAMPLE 109 2228224 3801088 3014656 9043968
GPU_TIMER_SAMPLE 110 2097152 4063232 3014656 9175040
GPU_TIMER_SAMPLE 111 2752512 5636096 3538944 11927552
GPU_TIMER_SAMPLE 112 3145728 5505024 3670016 12320768
GPU_TIMER_SAMPLE 113 2359296 4456448 3407872 10223616
GPU_TIMER_SAMPLE 114 2359296 4456448 8126464 14942208
GPU_TIMER_SAMPLE 115 2359296 4194304 3670016 10223616
GPU_TIMER_SAMPLE 116 2097152 4063232 3014656 9175040
GPU_TIMER_SAMPLE 117 2359296 4587520 6946816 13893632
GPU_TIMER_SAMPLE 118 2359296 4194304 6422528 12976128
GPU_TIMER_SAMPLE 119 2228224 4063232 3145728 9437184
