 dllPath = /usr/lib/wsl/drivers/iigd_dch.inf_amd64_3e6575b60ae27560, dllName = libigdgmm_w.so.12 
 IsWddmLinux = 1, dllWslName = /usr/lib/wsl/drivers/iigd_dch.inf_amd64_3e6575b60ae27560/libigdgmm_w.so.12  flags = 2
 dllPath = /usr/lib/wsl/drivers/iigd_dch.inf_amd64_3e6575b60ae27560, dllName = libigdgmm_w.so.12 
 IsWddmLinux = 1, dllWslName = /usr/lib/wsl/drivers/iigd_dch.inf_amd64_3e6575b60ae27560/libigdgmm_w.so.12  flags = 2
{"seed":42,"vendor":"Microsoft Corporation","renderer":"D3D12 (Intel(R) Arc(TM) 140T GPU (16GB))","gl_version":"4.6 (Compatibility Profile) Mesa 26.2.2","gallium_path":"/root/.cache/football-mesa-build-20260913-a/install-wayland/lib/libgallium-26.2.2.so","width":1920,"height":1080,"quality":"pbr+bloom+fxaa+auto_exposure","swap_enabled":true,"swap_interval":0,"warmup_frames":30,"measured_frames":120,"in_play_frames":141,"p50_ms":19.774065,"p95_ms":25.167845,"p99_ms":26.136789,"submit_p50_ms":19.745096,"submit_p95_ms":25.156414,"finish_p50_ms":0.012611,"finish_p95_ms":0.019721,"samples_ms":[18.412030,19.117091,18.144472,19.072571,20.572751,18.810575,20.916889,23.352514,17.431267,21.856304,20.496604,26.263978,20.981034,26.136789,22.109708,24.760532,22.732685,22.329281,23.029225,25.436698,21.831040,22.873673,21.619106,25.355614,22.573682,23.226362,22.541999,22.295109,20.769803,19.291882,25.167845,20.945690,24.721367,21.449828,22.407355,18.116362,18.235499,20.521981,18.327533,19.262644,19.180378,20.480089,19.751856,19.077167,17.905283,21.808453,18.547484,19.186434,20.190781,18.998308,20.596690,18.107190,18.599041,25.281049,18.860222,21.884285,19.102617,18.602776,20.366145,19.442600,18.225897,17.352912,17.049742,21.462349,17.257619,18.088845,18.017891,24.236310,22.847340,25.252842,18.933444,21.376508,19.596658,19.774065,20.036015,17.856156,19.519472,17.327774,18.394780,24.399095,18.684592,21.399912,20.005498,17.312625,18.834220,17.270477,21.451981,19.290895,20.656966,22.645482,19.400293,18.138062,23.390263,19.639633,24.428204,18.933106,18.326488,20.337231,18.428892,20.737719,19.812587,19.751979,18.379238,18.638313,19.264197,21.511924,18.643536,17.427109,21.142016,19.618629,18.525511,20.398218,17.596045,19.278370,19.430391,18.489575,22.742899,19.798564,20.041471,21.314708],"submit_samples_ms":[18.399419,19.099614,18.131871,19.060419,20.559571,18.795327,20.905050,23.339573,17.399061,21.842315,20.480044,26.252695,20.961313,26.125696,22.095725,24.748780,22.706522,22.318120,23.013870,25.425091,21.815497,22.862998,21.589557,25.345545,22.556874,23.214168,22.525789,22.284111,20.754296,19.278866,25.156414,20.929685,24.709602,21.434998,22.394995,18.103202,18.219486,20.509234,18.315254,19.246144,19.166419,20.468851,19.741704,19.059909,17.892760,21.796194,18.534624,19.172320,20.178934,18.987599,20.582043,18.094972,18.587974,25.264343,18.848507,21.872854,19.087002,18.562187,20.354863,19.429900,18.211518,17.341318,17.038384,21.450849,17.245366,18.074091,18.005998,24.224397,22.836328,25.238818,18.905902,21.364927,19.584135,19.745096,20.024257,17.845497,19.504039,17.312985,18.381637,24.385072,18.671948,21.387138,19.990358,17.297362,18.821943,17.259265,21.440551,19.277970,20.645627,22.633032,19.387970,18.125474,23.375987,19.626821,24.416919,18.917686,18.314695,20.326257,18.418965,20.721618,19.801828,19.742120,18.365630,18.624425,19.251891,21.499487,18.628300,17.414510,21.129469,19.603508,18.511675,20.387684,17.582354,19.262782,19.417053,18.477618,22.731170,19.785610,20.028558,21.303735],"finish_samples_ms":[0.012611,0.017477,0.012601,0.012152,0.013180,0.015248,0.011839,0.012941,0.032206,0.013989,0.016560,0.011283,0.019721,0.011093,0.013983,0.011752,0.026163,0.011161,0.015355,0.011607,0.015543,0.010675,0.029549,0.010069,0.016808,0.012194,0.016210,0.010998,0.015507,0.013016,0.011431,0.016005,0.011765,0.014830,0.012360,0.013160,0.016013,0.012747,0.012279,0.016500,0.013959,0.011238,0.010152,0.017258,0.012523,0.012259,0.012860,0.014114,0.011847,0.010709,0.014647,0.012218,0.011067,0.016706,0.011715,0.011431,0.015615,0.040589,0.011282,0.012700,0.014379,0.011594,0.011358,0.011500,0.012253,0.014754,0.011893,0.011913,0.011012,0.014024,0.027542,0.011581,0.012523,0.028969,0.011758,0.010659,0.015433,0.014789,0.013143,0.014023,0.012644,0.012774,0.015140,0.015263,0.012277,0.011212,0.011430,0.012925,0.011339,0.012450,0.012323,0.012588,0.014276,0.012812,0.011285,0.015420,0.011793,0.010974,0.009927,0.016101,0.010759,0.009859,0.013608,0.013888,0.012306,0.012437,0.015236,0.012599,0.012547,0.015121,0.013836,0.010534,0.013691,0.015588,0.013338,0.011957,0.011729,0.012954,0.012913,0.010973]}
MESA-EGL: warning: egl: failed to create dri2 screen
GPU_TIMER_SAMPLE 0 1310720 2621440 2097152 6029312
GPU_TIMER_SAMPLE 1 1441792 2621440 2097152 6160384
GPU_TIMER_SAMPLE 2 1310720 2490368 2097152 5898240
GPU_TIMER_SAMPLE 3 1179648 2621440 2359296 6160384
GPU_TIMER_SAMPLE 4 3407872 2621440 2097152 8126464
GPU_TIMER_SAMPLE 5 1179648 2621440 2097152 5898240
GPU_TIMER_SAMPLE 6 1179648 2621440 2097152 5898240
GPU_TIMER_SAMPLE 7 1703936 6160384 2097152 9961472
GPU_TIMER_SAMPLE 8 1179648 2621440 2097152 5898240
GPU_TIMER_SAMPLE 9 1703936 2490368 2097152 6291456
GPU_TIMER_SAMPLE 10 1572864 4063232 2228224 7864320
GPU_TIMER_SAMPLE 11 1966080 4194304 2752512 8912896
GPU_TIMER_SAMPLE 12 1966080 4063232 3014656 9043968
GPU_TIMER_SAMPLE 13 1966080 4063232 2752512 8781824
GPU_TIMER_SAMPLE 14 1835008 4325376 3014656 9175040
GPU_TIMER_SAMPLE 15 1835008 4063232 3276800 9175040
GPU_TIMER_SAMPLE 16 1966080 4194304 2883584 9043968
GPU_TIMER_SAMPLE 17 1966080 4325376 2752512 9043968
GPU_TIMER_SAMPLE 18 1703936 4063232 3014656 8781824
GPU_TIMER_SAMPLE 19 1966080 4063232 3014656 9043968
GPU_TIMER_SAMPLE 20 1966080 4194304 3014656 9175040
GPU_TIMER_SAMPLE 21 1966080 4063232 4849664 10878976
GPU_TIMER_SAMPLE 22 1835008 3670016 2097152 7602176
GPU_TIMER_SAMPLE 23 1835008 4063232 2752512 8650752
GPU_TIMER_SAMPLE 24 1966080 3932160 3014656 8912896
GPU_TIMER_SAMPLE 25 1835008 4063232 4980736 10878976
GPU_TIMER_SAMPLE 26 1835008 4063232 2621440 8519680
GPU_TIMER_SAMPLE 27 1966080 2883584 3014656 7864320
GPU_TIMER_SAMPLE 28 1966080 4063232 2752512 8781824
GPU_TIMER_SAMPLE 29 1966080 2621440 2097152 6684672
GPU_TIMER_SAMPLE 30 1966080 4063232 6160384 12189696
GPU_TIMER_SAMPLE 31 1966080 4194304 3014656 9175040
GPU_TIMER_SAMPLE 32 1966080 3801088 3014656 8781824
GPU_TIMER_SAMPLE 33 1703936 3801088 2097152 7602176
GPU_TIMER_SAMPLE 34 1310720 2752512 2490368 6553600
GPU_TIMER_SAMPLE 35 1310720 2752512 2097152 6160384
GPU_TIMER_SAMPLE 36 1310720 2490368 2097152 5898240
GPU_TIMER_SAMPLE 37 1310720 2621440 2097152 6029312
GPU_TIMER_SAMPLE 38 1572864 2490368 2228224 6291456
GPU_TIMER_SAMPLE 39 1441792 2359296 2359296 6160384
GPU_TIMER_SAMPLE 40 1310720 2490368 2228224 6029312
GPU_TIMER_SAMPLE 41 1441792 2359296 2359296 6160384
GPU_TIMER_SAMPLE 42 1572864 2752512 2359296 6684672
GPU_TIMER_SAMPLE 43 1572864 2490368 2228224 6291456
GPU_TIMER_SAMPLE 44 1441792 2359296 2359296 6160384
GPU_TIMER_SAMPLE 45 1441792 2621440 2097152 6160384
GPU_TIMER_SAMPLE 46 1310720 2621440 2097152 6029312
GPU_TIMER_SAMPLE 47 1572864 2359296 2359296 6291456
GPU_TIMER_SAMPLE 48 1441792 2621440 2097152 6160384
GPU_TIMER_SAMPLE 49 1310720 2490368 2097152 5898240
GPU_TIMER_SAMPLE 50 1441792 2621440 2097152 6160384
GPU_TIMER_SAMPLE 51 1310720 2490368 2097152 5898240
GPU_TIMER_SAMPLE 52 1310720 2621440 2359296 6291456
GPU_TIMER_SAMPLE 53 1572864 4063232 5767168 11403264
GPU_TIMER_SAMPLE 54 1179648 2621440 2097152 5898240
GPU_TIMER_SAMPLE 55 1966080 4194304 4718592 10878976
GPU_TIMER_SAMPLE 56 1310720 2621440 2097152 6029312
GPU_TIMER_SAMPLE 57 1310720 2621440 2097152 6029312
GPU_TIMER_SAMPLE 58 1310720 2621440 2359296 6291456
GPU_TIMER_SAMPLE 59 1179648 2621440 2097152 5898240
GPU_TIMER_SAMPLE 60 1179648 2621440 2097152 5898240
GPU_TIMER_SAMPLE 61 1310720 2490368 2228224 6029312
GPU_TIMER_SAMPLE 62 1310720 2621440 2097152 6029312
GPU_TIMER_SAMPLE 63 1310720 2621440 5242880 9175040
GPU_TIMER_SAMPLE 64 1310720 2621440 2097152 6029312
GPU_TIMER_SAMPLE 65 1310720 2490368 2228224 6029312
GPU_TIMER_SAMPLE 66 1310720 2490368 2097152 5898240
GPU_TIMER_SAMPLE 67 1835008 4063232 6029312 11927552
GPU_TIMER_SAMPLE 68 1703936 3801088 3014656 8519680
GPU_TIMER_SAMPLE 69 1966080 3932160 5373952 11272192
GPU_TIMER_SAMPLE 70 1310720 2621440 2097152 6029312
GPU_TIMER_SAMPLE 71 1441792 2621440 2359296 6422528
GPU_TIMER_SAMPLE 72 1441792 2359296 2359296 6160384
GPU_TIMER_SAMPLE 73 1572864 2490368 2097152 6160384
GPU_TIMER_SAMPLE 74 1441792 2621440 2097152 6160384
GPU_TIMER_SAMPLE 75 1310720 2490368 2228224 6029312
GPU_TIMER_SAMPLE 76 1310720 2621440 2097152 6029312
GPU_TIMER_SAMPLE 77 1572864 2490368 2097152 6160384
GPU_TIMER_SAMPLE 78 1572864 2490368 2097152 6160384
GPU_TIMER_SAMPLE 79 1572864 2359296 5111808 9043968
GPU_TIMER_SAMPLE 80 1310720 2490368 2228224 6029312
GPU_TIMER_SAMPLE 81 1441792 3014656 2490368 6946816
GPU_TIMER_SAMPLE 82 1572864 2228224 2359296 6160384
GPU_TIMER_SAMPLE 83 1310720 2490368 2228224 6029312
GPU_TIMER_SAMPLE 84 1441792 2490368 2228224 6160384
GPU_TIMER_SAMPLE 85 1441792 2621440 2097152 6160384
GPU_TIMER_SAMPLE 86 1179648 2621440 5111808 8912896
GPU_TIMER_SAMPLE 87 1441792 2490368 2228224 6160384
GPU_TIMER_SAMPLE 88 1441792 2621440 2097152 6160384
GPU_TIMER_SAMPLE 89 3538944 2359296 2228224 8126464
GPU_TIMER_SAMPLE 90 1441792 2621440 2097152 6160384
GPU_TIMER_SAMPLE 91 1310720 2752512 2097152 6160384
GPU_TIMER_SAMPLE 92 1966080 4325376 4587520 10878976
GPU_TIMER_SAMPLE 93 1179648 2621440 2097152 5898240
GPU_TIMER_SAMPLE 94 1572864 2490368 6684672 10747904
GPU_TIMER_SAMPLE 95 1572864 2359296 2228224 6160384
GPU_TIMER_SAMPLE 96 1441792 2359296 2228224 6029312
GPU_TIMER_SAMPLE 97 1179648 2883584 2097152 6160384
GPU_TIMER_SAMPLE 98 1179648 2621440 2097152 5898240
GPU_TIMER_SAMPLE 99 1572864 2490368 2097152 6160384
GPU_TIMER_SAMPLE 100 1572864 2490368 2228224 6291456
GPU_TIMER_SAMPLE 101 1179648 2621440 2097152 5898240
GPU_TIMER_SAMPLE 102 1441792 2359296 2359296 6160384
GPU_TIMER_SAMPLE 103 1441792 2621440 2097152 6160384
GPU_TIMER_SAMPLE 104 1572864 2359296 2228224 6160384
GPU_TIMER_SAMPLE 105 1835008 4718592 2097152 8650752
GPU_TIMER_SAMPLE 106 1572864 2490368 2097152 6160384
GPU_TIMER_SAMPLE 107 1441792 2621440 2097152 6160384
GPU_TIMER_SAMPLE 108 1441792 2621440 5111808 9175040
GPU_TIMER_SAMPLE 109 1441792 2621440 2097152 6160384
GPU_TIMER_SAMPLE 110 1441792 2359296 2359296 6160384
GPU_TIMER_SAMPLE 111 1179648 2621440 2097152 5898240
GPU_TIMER_SAMPLE 112 1310720 2490368 2097152 5898240
GPU_TIMER_SAMPLE 113 1310720 2490368 2097152 5898240
GPU_TIMER_SAMPLE 114 1572864 2490368 2097152 6160384
GPU_TIMER_SAMPLE 115 1310720 2490368 2097152 5898240
GPU_TIMER_SAMPLE 116 1966080 4980736 2097152 9043968
GPU_TIMER_SAMPLE 117 1572864 2490368 2228224 6291456
GPU_TIMER_SAMPLE 118 1572864 2752512 2359296 6684672
GPU_TIMER_SAMPLE 119 1441792 2621440 4849664 8912896
