 dllPath = /usr/lib/wsl/drivers/iigd_dch.inf_amd64_3e6575b60ae27560, dllName = libigdgmm_w.so.12 
 IsWddmLinux = 1, dllWslName = /usr/lib/wsl/drivers/iigd_dch.inf_amd64_3e6575b60ae27560/libigdgmm_w.so.12  flags = 2
 dllPath = /usr/lib/wsl/drivers/iigd_dch.inf_amd64_3e6575b60ae27560, dllName = libigdgmm_w.so.12 
 IsWddmLinux = 1, dllWslName = /usr/lib/wsl/drivers/iigd_dch.inf_amd64_3e6575b60ae27560/libigdgmm_w.so.12  flags = 2
{"seed":43,"vendor":"Microsoft Corporation","renderer":"D3D12 (Intel(R) Arc(TM) 140T GPU (16GB))","gl_version":"4.6 (Compatibility Profile) Mesa 26.2.2","gallium_path":"/root/.cache/football-mesa-build-20260913-a/install-wayland/lib/libgallium-26.2.2.so","width":1920,"height":1080,"quality":"pbr+bloom+fxaa+auto_exposure","swap_enabled":true,"swap_interval":0,"warmup_frames":30,"measured_frames":120,"in_play_frames":150,"p50_ms":20.189725,"p95_ms":23.556221,"p99_ms":24.361291,"submit_p50_ms":20.146711,"submit_p95_ms":23.521572,"finish_p50_ms":0.037720,"finish_p95_ms":0.055545,"samples_ms":[23.131213,21.787868,21.486719,19.124732,22.044347,19.422604,19.353528,24.361291,20.365537,24.222630,19.541093,18.548656,24.914038,19.360519,20.978464,19.834525,23.034596,22.111876,21.197381,18.750393,21.065199,19.752844,23.506432,18.521771,20.457539,19.670023,18.825945,21.874817,18.696144,21.438593,18.116119,20.101285,21.713109,18.234775,18.565198,23.829002,20.063194,23.517142,20.121773,19.168006,17.667281,22.752467,19.084976,21.499335,19.872276,18.935266,23.491492,19.755399,21.933654,20.324173,20.725693,19.359764,23.614572,20.891921,23.355594,19.025565,22.684622,19.134701,20.613000,19.351974,21.099897,20.189725,20.218513,19.085738,20.871489,17.479879,21.103561,18.771955,19.351152,20.977486,20.117106,21.527163,17.882169,21.206745,19.399435,19.781744,23.367676,20.031299,23.279854,19.268051,23.407235,20.466812,23.387761,21.858606,21.725493,20.164260,21.964800,17.843282,23.808443,19.059278,23.152807,20.431339,20.043582,17.771239,20.570987,19.263909,18.550023,20.899578,19.582488,19.447268,21.460544,20.493027,22.285815,20.873614,18.119795,20.181715,18.937556,19.569969,17.338973,18.715980,20.250826,19.096407,17.325266,20.508544,22.498078,18.404589,20.687129,18.635952,20.132097,23.556221],"submit_samples_ms":[23.086880,21.753246,21.445412,19.086131,22.007962,19.377878,19.317370,24.321271,20.327646,24.186097,19.498738,18.514180,24.878616,19.320418,20.943069,19.798170,22.999023,22.072440,21.141836,18.714046,21.032773,19.710994,23.470079,18.483958,20.417803,19.635552,18.793102,21.836283,18.659654,21.398077,18.075145,20.054815,21.677330,18.194566,18.527357,23.795113,20.021263,23.482100,20.057512,19.131596,17.630102,22.711276,19.035684,21.461615,19.833801,18.895957,23.454873,19.715179,21.899689,20.288081,20.686618,19.323287,23.550161,20.856859,23.311983,18.980027,22.650341,19.099382,20.556739,19.316947,21.060707,20.144001,20.185420,19.049127,20.833939,17.445428,21.069548,18.731443,19.315260,20.940558,20.076776,21.491898,17.845174,21.158894,19.361531,19.722729,23.304370,19.995169,23.240516,19.229511,23.373934,20.424341,23.349320,21.815896,21.690463,20.130841,21.926969,17.807059,23.762284,19.023696,23.115853,20.390932,20.005579,17.734872,20.521797,19.213204,18.514365,20.860216,19.479393,19.411505,21.424779,20.456283,22.250678,20.824928,18.081412,20.146711,18.900982,19.530590,17.302294,18.681108,20.215548,19.053647,17.288995,20.474000,22.447778,18.366317,20.650456,18.596620,20.094171,23.521572],"finish_samples_ms":[0.044333,0.034622,0.041307,0.038601,0.036385,0.044726,0.036158,0.040020,0.037891,0.036533,0.042355,0.034476,0.035422,0.040101,0.035395,0.036355,0.035573,0.039436,0.055545,0.036347,0.032426,0.041850,0.036353,0.037813,0.039736,0.034471,0.032843,0.038534,0.036490,0.040516,0.040974,0.046470,0.035779,0.040209,0.037841,0.033889,0.041931,0.035042,0.064261,0.036410,0.037179,0.041191,0.049292,0.037720,0.038475,0.039309,0.036619,0.040220,0.033965,0.036092,0.039075,0.036477,0.064411,0.035062,0.043611,0.045538,0.034281,0.035319,0.056261,0.035027,0.039190,0.045724,0.033093,0.036611,0.037550,0.034451,0.034013,0.040512,0.035892,0.036928,0.040330,0.035265,0.036995,0.047851,0.037904,0.059015,0.063306,0.036130,0.039338,0.038540,0.033301,0.042471,0.038441,0.042710,0.035030,0.033419,0.037831,0.036223,0.046159,0.035582,0.036954,0.040407,0.038003,0.036367,0.049190,0.050705,0.035658,0.039362,0.103095,0.035763,0.035765,0.036744,0.035137,0.048686,0.038383,0.035004,0.036574,0.039379,0.036679,0.034872,0.035278,0.042760,0.036271,0.034544,0.050300,0.038272,0.036673,0.039332,0.037926,0.034649]}
MESA-EGL: warning: egl: failed to create dri2 screen
GPU_TIMER_SAMPLE 0 2359296 2752512 2097152 7208960
GPU_TIMER_SAMPLE 1 1441792 3014656 2097152 6553600
GPU_TIMER_SAMPLE 2 2097152 3014656 2228224 7340032
GPU_TIMER_SAMPLE 3 1441792 2621440 2097152 6160384
GPU_TIMER_SAMPLE 4 1572864 3014656 4063232 8650752
GPU_TIMER_SAMPLE 5 1179648 3014656 2097152 6291456
GPU_TIMER_SAMPLE 6 1441792 2752512 2359296 6553600
GPU_TIMER_SAMPLE 7 1310720 3670016 6160384 11141120
GPU_TIMER_SAMPLE 8 1703936 4063232 2359296 8126464
GPU_TIMER_SAMPLE 9 1572864 2883584 3670016 8126464
GPU_TIMER_SAMPLE 10 1441792 2752512 2359296 6553600
GPU_TIMER_SAMPLE 11 1572864 2752512 2359296 6684672
GPU_TIMER_SAMPLE 12 1441792 3932160 6160384 11534336
GPU_TIMER_SAMPLE 13 1441792 2752512 2359296 6553600
GPU_TIMER_SAMPLE 14 1179648 2621440 2097152 5898240
GPU_TIMER_SAMPLE 15 1310720 3145728 2621440 7077888
GPU_TIMER_SAMPLE 16 2621440 2752512 2097152 7471104
GPU_TIMER_SAMPLE 17 1703936 4063232 2097152 7864320
GPU_TIMER_SAMPLE 18 1441792 2883584 2359296 6684672
GPU_TIMER_SAMPLE 19 1572864 2490368 2097152 6160384
GPU_TIMER_SAMPLE 20 1441792 2490368 2228224 6160384
GPU_TIMER_SAMPLE 21 1310720 3014656 2097152 6422528
GPU_TIMER_SAMPLE 22 1310720 3014656 2097152 6422528
GPU_TIMER_SAMPLE 23 1441792 2752512 2359296 6553600
GPU_TIMER_SAMPLE 24 1441792 2752512 2359296 6553600
GPU_TIMER_SAMPLE 25 1310720 2883584 2359296 6553600
GPU_TIMER_SAMPLE 26 1441792 2752512 2359296 6553600
GPU_TIMER_SAMPLE 27 1572864 2883584 2228224 6684672
GPU_TIMER_SAMPLE 28 1572864 2883584 2883584 7340032
GPU_TIMER_SAMPLE 29 1441792 4325376 2097152 7864320
GPU_TIMER_SAMPLE 30 1441792 3014656 2097152 6553600
GPU_TIMER_SAMPLE 31 1310720 3014656 2097152 6422528
GPU_TIMER_SAMPLE 32 1572864 5505024 2097152 9175040
GPU_TIMER_SAMPLE 33 1441792 3014656 2097152 6553600
GPU_TIMER_SAMPLE 34 1310720 2490368 2359296 6160384
GPU_TIMER_SAMPLE 35 1572864 3538944 4325376 9437184
GPU_TIMER_SAMPLE 36 1441792 2752512 2097152 6291456
GPU_TIMER_SAMPLE 37 1572864 2490368 2228224 6291456
GPU_TIMER_SAMPLE 38 1441792 3014656 2097152 6553600
GPU_TIMER_SAMPLE 39 1572864 2752512 2359296 6684672
GPU_TIMER_SAMPLE 40 1572864 2490368 2228224 6291456
GPU_TIMER_SAMPLE 41 1441792 2621440 4325376 8388608
GPU_TIMER_SAMPLE 42 1441792 2752512 2359296 6553600
GPU_TIMER_SAMPLE 43 1441792 2621440 2097152 6160384
GPU_TIMER_SAMPLE 44 1572864 2883584 2228224 6684672
GPU_TIMER_SAMPLE 45 1441792 3014656 2097152 6553600
GPU_TIMER_SAMPLE 46 1310720 2752512 2752512 6815744
GPU_TIMER_SAMPLE 47 2228224 2752512 2097152 7077888
GPU_TIMER_SAMPLE 48 1572864 2752512 2359296 6684672
GPU_TIMER_SAMPLE 49 1441792 2621440 2097152 6160384
GPU_TIMER_SAMPLE 50 1572864 2883584 2228224 6684672
GPU_TIMER_SAMPLE 51 1441792 2752512 2359296 6553600
GPU_TIMER_SAMPLE 52 1441792 6422528 2359296 10223616
GPU_TIMER_SAMPLE 53 1441792 2752512 2359296 6553600
GPU_TIMER_SAMPLE 54 1703936 5767168 2228224 9699328
GPU_TIMER_SAMPLE 55 1441792 2883584 2228224 6553600
GPU_TIMER_SAMPLE 56 1703936 2752512 2359296 6815744
GPU_TIMER_SAMPLE 57 1441792 3014656 2097152 6553600
GPU_TIMER_SAMPLE 58 1572864 2752512 2097152 6422528
GPU_TIMER_SAMPLE 59 1441792 2621440 2359296 6422528
GPU_TIMER_SAMPLE 60 1441792 4980736 2097152 8519680
GPU_TIMER_SAMPLE 61 1703936 2752512 2359296 6815744
GPU_TIMER_SAMPLE 62 1441792 3014656 2097152 6553600
GPU_TIMER_SAMPLE 63 1441792 2621440 2228224 6291456
GPU_TIMER_SAMPLE 64 1441792 2752512 2228224 6422528
GPU_TIMER_SAMPLE 65 1441792 2621440 2097152 6160384
GPU_TIMER_SAMPLE 66 1441792 2621440 4718592 8781824
GPU_TIMER_SAMPLE 67 1572864 2752512 2359296 6684672
GPU_TIMER_SAMPLE 68 1441792 3014656 2097152 6553600
GPU_TIMER_SAMPLE 69 1441792 2621440 2097152 6160384
GPU_TIMER_SAMPLE 70 1441792 3014656 2097152 6553600
GPU_TIMER_SAMPLE 71 1703936 2752512 2359296 6815744
GPU_TIMER_SAMPLE 72 1572864 2490368 2097152 6160384
GPU_TIMER_SAMPLE 73 1703936 4587520 2359296 8650752
GPU_TIMER_SAMPLE 74 1572864 2490368 2359296 6422528
GPU_TIMER_SAMPLE 75 1572864 2490368 2097152 6160384
GPU_TIMER_SAMPLE 76 1441792 3014656 2097152 6553600
GPU_TIMER_SAMPLE 77 1572864 2490368 2097152 6160384
GPU_TIMER_SAMPLE 78 1572864 2490368 4980736 9043968
GPU_TIMER_SAMPLE 79 1572864 2490368 2097152 6160384
GPU_TIMER_SAMPLE 80 1441792 2752512 4980736 9175040
GPU_TIMER_SAMPLE 81 1441792 2752512 2359296 6553600
GPU_TIMER_SAMPLE 82 1441792 2621440 2752512 6815744
GPU_TIMER_SAMPLE 83 1441792 3014656 2097152 6553600
GPU_TIMER_SAMPLE 84 1441792 3014656 2097152 6553600
GPU_TIMER_SAMPLE 85 1441792 2359296 2359296 6160384
GPU_TIMER_SAMPLE 86 1703936 2752512 2359296 6815744
GPU_TIMER_SAMPLE 87 1441792 2490368 2228224 6160384
GPU_TIMER_SAMPLE 88 1441792 2490368 4718592 8650752
GPU_TIMER_SAMPLE 89 1572864 2490368 2359296 6422528
GPU_TIMER_SAMPLE 90 1572864 4063232 5111808 10747904
GPU_TIMER_SAMPLE 91 1441792 3014656 2097152 6553600
GPU_TIMER_SAMPLE 92 1572864 2490368 2228224 6291456
GPU_TIMER_SAMPLE 93 1572864 2490368 2359296 6422528
GPU_TIMER_SAMPLE 94 1703936 2752512 2359296 6815744
GPU_TIMER_SAMPLE 95 1572864 2490368 2097152 6160384
GPU_TIMER_SAMPLE 96 1572864 2883584 2359296 6815744
GPU_TIMER_SAMPLE 97 1572864 4587520 2228224 8388608
GPU_TIMER_SAMPLE 98 1703936 2752512 2228224 6684672
GPU_TIMER_SAMPLE 99 1441792 2621440 2097152 6160384
GPU_TIMER_SAMPLE 100 1572864 4849664 2097152 8519680
GPU_TIMER_SAMPLE 101 1572864 2490368 2097152 6160384
GPU_TIMER_SAMPLE 102 1441792 2621440 2097152 6160384
GPU_TIMER_SAMPLE 103 1441792 3014656 2228224 6684672
GPU_TIMER_SAMPLE 104 1703936 2752512 2359296 6815744
GPU_TIMER_SAMPLE 105 1441792 3014656 2097152 6553600
GPU_TIMER_SAMPLE 106 1441792 3145728 2228224 6815744
GPU_TIMER_SAMPLE 107 1703936 4194304 2097152 7995392
GPU_TIMER_SAMPLE 108 1441792 2621440 2228224 6291456
GPU_TIMER_SAMPLE 109 1441792 2621440 2359296 6422528
GPU_TIMER_SAMPLE 110 1572864 4718592 2097152 8388608
GPU_TIMER_SAMPLE 111 1703936 3014656 2097152 6815744
GPU_TIMER_SAMPLE 112 1572864 3014656 2228224 6815744
GPU_TIMER_SAMPLE 113 1441792 2621440 2359296 6422528
GPU_TIMER_SAMPLE 114 2097152 2752512 2228224 7077888
GPU_TIMER_SAMPLE 115 1441792 2621440 2359296 6422528
GPU_TIMER_SAMPLE 116 1572864 2490368 2359296 6422528
GPU_TIMER_SAMPLE 117 1572864 2490368 2228224 6291456
GPU_TIMER_SAMPLE 118 1441792 2752512 2359296 6553600
GPU_TIMER_SAMPLE 119 1572864 2490368 2097152 6160384
