 dllPath = /usr/lib/wsl/drivers/iigd_dch.inf_amd64_3e6575b60ae27560, dllName = libigdgmm_w.so.12 
 IsWddmLinux = 1, dllWslName = /usr/lib/wsl/drivers/iigd_dch.inf_amd64_3e6575b60ae27560/libigdgmm_w.so.12  flags = 2
 dllPath = /usr/lib/wsl/drivers/iigd_dch.inf_amd64_3e6575b60ae27560, dllName = libigdgmm_w.so.12 
 IsWddmLinux = 1, dllWslName = /usr/lib/wsl/drivers/iigd_dch.inf_amd64_3e6575b60ae27560/libigdgmm_w.so.12  flags = 2
{"seed":42,"vendor":"Microsoft Corporation","renderer":"D3D12 (Intel(R) Arc(TM) 140T GPU (16GB))","gl_version":"4.6 (Compatibility Profile) Mesa 26.2.2","gallium_path":"/root/.cache/football-mesa-build-20260913-a/install-wayland/lib/libgallium-26.2.2.so","width":1920,"height":1080,"quality":"pbr+bloom+fxaa+auto_exposure","swap_enabled":true,"swap_interval":0,"warmup_frames":30,"measured_frames":120,"in_play_frames":141,"p50_ms":23.969108,"p95_ms":29.861266,"p99_ms":31.089106,"submit_p50_ms":23.953994,"submit_p95_ms":29.846626,"finish_p50_ms":0.013686,"finish_p95_ms":0.019051,"samples_ms":[21.681518,28.936629,22.742254,29.007843,21.440975,28.940034,25.764547,27.121302,28.504073,23.102000,27.463851,27.514767,23.703477,28.998404,27.588344,26.305740,26.442497,23.207002,28.228874,25.922175,31.089106,26.065710,22.895401,28.133516,25.782731,21.279191,30.754719,27.335824,30.499989,24.522744,25.952562,30.285086,23.911032,28.629473,28.424845,23.129215,28.285289,24.589107,29.462246,24.891658,23.145498,25.839773,25.002114,24.581124,25.530088,22.978047,29.861266,23.969108,27.877528,27.393062,26.702481,27.184703,22.685631,31.969986,27.018184,26.442389,20.803445,30.408715,24.756186,23.537348,28.832841,20.797012,28.401926,27.131407,21.144367,26.503298,22.534707,22.997785,22.767770,28.422529,21.127219,25.857707,28.236716,23.253586,21.685997,19.626260,26.809399,17.697549,18.545693,19.886904,20.431018,20.869110,19.082642,27.436330,18.613278,20.081864,22.351337,19.632825,23.965720,19.349495,19.039575,22.867775,18.506238,24.711665,23.241744,24.363223,18.879825,25.977082,20.443151,17.878126,21.745615,28.099705,22.201311,21.499879,25.357605,21.462846,25.650027,18.656156,18.432225,23.283642,18.965510,22.748051,19.094546,21.547309,24.813540,19.279730,23.819371,19.680840,19.301288,19.393191],"submit_samples_ms":[21.669071,28.921366,22.722866,28.994166,21.426759,28.924844,25.752061,27.108503,28.487891,23.089537,27.450260,27.500137,23.688659,28.985659,27.572836,26.288236,26.428578,23.192445,28.215803,25.909176,31.076810,26.053527,22.877372,28.121517,25.769863,21.266935,30.741554,27.323836,30.487936,24.509058,25.940540,30.272373,23.895053,28.612224,28.408846,23.116054,28.269351,24.575984,29.417519,24.876851,23.131419,25.825725,24.981357,24.566957,25.516170,22.960508,29.846626,23.953994,27.862218,27.378973,26.686362,27.168882,22.671367,31.957791,27.004508,26.429806,20.789948,30.395889,24.741798,23.524920,28.820860,20.781555,28.389416,27.102954,21.128366,26.492324,22.518634,22.985301,22.750687,28.411088,21.110169,25.845345,28.224854,23.239371,21.674314,19.614624,26.796941,17.686170,18.530297,19.874328,20.419569,20.854533,19.066141,27.420988,18.599003,20.069344,22.336833,19.616956,23.953761,19.334993,19.026940,22.857190,18.488997,24.699219,23.223179,24.350914,18.833103,25.965111,20.431145,17.863925,21.731514,28.083388,22.188468,21.485231,25.344664,21.449229,25.638569,18.641948,18.418985,23.271404,18.949896,22.735221,19.082043,21.528258,24.801810,19.242767,23.807022,19.669429,19.285507,19.379054],"finish_samples_ms":[0.012447,0.015263,0.019388,0.013677,0.014216,0.015190,0.012486,0.012799,0.016182,0.012463,0.013591,0.014630,0.014818,0.012745,0.015508,0.017504,0.013919,0.014557,0.013071,0.012999,0.012296,0.012183,0.018029,0.011999,0.012868,0.012256,0.013165,0.011988,0.012053,0.013686,0.012022,0.012713,0.015979,0.017249,0.015999,0.013161,0.015938,0.013123,0.044727,0.014807,0.014079,0.014048,0.020757,0.014167,0.013918,0.017539,0.014640,0.015114,0.015310,0.014089,0.016119,0.015821,0.014264,0.012195,0.013676,0.012583,0.013497,0.012826,0.014388,0.012428,0.011981,0.015457,0.012510,0.028453,0.016001,0.010974,0.016073,0.012484,0.017083,0.011441,0.017050,0.012362,0.011862,0.014215,0.011683,0.011636,0.012458,0.011379,0.015396,0.012576,0.011449,0.014577,0.016501,0.015342,0.014275,0.012520,0.014504,0.015869,0.011959,0.014502,0.012635,0.010585,0.017241,0.012446,0.018565,0.012309,0.046722,0.011971,0.012006,0.014201,0.014101,0.016317,0.012843,0.014648,0.012941,0.013617,0.011458,0.014208,0.013240,0.012238,0.015614,0.012830,0.012503,0.019051,0.011730,0.036963,0.012349,0.011411,0.015781,0.014137]}
MESA-EGL: warning: egl: failed to create dri2 screen
GPU_TIMER_SAMPLE 0 1835008 4063232 3014656 8912896
GPU_TIMER_SAMPLE 1 2359296 5767168 3407872 11534336
GPU_TIMER_SAMPLE 2 1966080 4194304 3014656 9175040
GPU_TIMER_SAMPLE 3 2621440 5505024 7077888 15204352
GPU_TIMER_SAMPLE 4 1703936 4194304 3014656 8912896
GPU_TIMER_SAMPLE 5 1966080 4063232 7995392 14024704
GPU_TIMER_SAMPLE 6 1703936 4063232 2883584 8650752
GPU_TIMER_SAMPLE 7 2490368 5767168 3407872 11665408
GPU_TIMER_SAMPLE 8 1703936 3801088 3276800 8781824
GPU_TIMER_SAMPLE 9 2097152 4456448 3407872 9961472
GPU_TIMER_SAMPLE 10 2359296 5373952 3407872 11141120
GPU_TIMER_SAMPLE 11 2621440 6160384 3801088 12582912
GPU_TIMER_SAMPLE 12 2097152 4587520 3538944 10223616
GPU_TIMER_SAMPLE 13 2621440 5373952 3538944 11534336
GPU_TIMER_SAMPLE 14 2621440 5505024 3670016 11796480
GPU_TIMER_SAMPLE 15 2097152 4194304 3407872 9699328
GPU_TIMER_SAMPLE 16 2097152 4325376 7077888 13500416
GPU_TIMER_SAMPLE 17 1966080 3801088 3145728 8912896
GPU_TIMER_SAMPLE 18 1835008 4718592 7471104 14024704
GPU_TIMER_SAMPLE 19 1966080 4456448 3407872 9830400
GPU_TIMER_SAMPLE 20 2490368 5505024 5636096 13631488
GPU_TIMER_SAMPLE 21 2621440 5373952 3538944 11534336
GPU_TIMER_SAMPLE 22 1966080 3932160 3014656 8912896
GPU_TIMER_SAMPLE 23 2621440 5505024 5767168 13893632
GPU_TIMER_SAMPLE 24 2621440 5505024 3670016 11796480
GPU_TIMER_SAMPLE 25 1703936 4063232 3014656 8781824
GPU_TIMER_SAMPLE 26 3145728 6815744 7077888 17039360
GPU_TIMER_SAMPLE 27 2490368 5767168 3407872 11665408
GPU_TIMER_SAMPLE 28 2359296 5767168 3407872 11534336
GPU_TIMER_SAMPLE 29 2621440 5767168 3407872 11796480
GPU_TIMER_SAMPLE 30 1835008 3932160 2883584 8650752
GPU_TIMER_SAMPLE 31 2621440 5505024 3276800 11403264
GPU_TIMER_SAMPLE 32 2621440 5636096 3538944 11796480
GPU_TIMER_SAMPLE 33 1966080 3801088 3014656 8781824
GPU_TIMER_SAMPLE 34 1835008 3932160 2752512 8519680
GPU_TIMER_SAMPLE 35 1835008 3932160 2752512 8519680
GPU_TIMER_SAMPLE 36 2228224 4194304 3276800 9699328
GPU_TIMER_SAMPLE 37 2228224 4194304 3407872 9830400
GPU_TIMER_SAMPLE 38 2097152 5373952 3145728 10616832
GPU_TIMER_SAMPLE 39 2097152 5242880 3407872 10747904
GPU_TIMER_SAMPLE 40 1835008 4325376 3407872 9568256
GPU_TIMER_SAMPLE 41 2097152 4718592 3407872 10223616
GPU_TIMER_SAMPLE 42 1966080 4587520 3407872 9961472
GPU_TIMER_SAMPLE 43 1966080 3801088 3014656 8781824
GPU_TIMER_SAMPLE 44 2359296 5767168 3670016 11796480
GPU_TIMER_SAMPLE 45 2097152 4325376 3407872 9830400
GPU_TIMER_SAMPLE 46 2359296 5505024 3670016 11534336
GPU_TIMER_SAMPLE 47 1966080 3801088 3014656 8781824
GPU_TIMER_SAMPLE 48 2097152 4325376 6553600 12976128
GPU_TIMER_SAMPLE 49 2097152 4456448 3407872 9961472
GPU_TIMER_SAMPLE 50 1966080 4063232 3014656 9043968
GPU_TIMER_SAMPLE 51 2490368 5373952 3670016 11534336
GPU_TIMER_SAMPLE 52 1966080 4456448 3407872 9830400
GPU_TIMER_SAMPLE 53 3407872 7077888 7208960 17694720
GPU_TIMER_SAMPLE 54 2621440 5505024 3670016 11796480
GPU_TIMER_SAMPLE 55 2097152 6029312 3407872 11534336
GPU_TIMER_SAMPLE 56 1835008 3932160 2883584 8650752
GPU_TIMER_SAMPLE 57 2359296 5505024 3407872 11272192
GPU_TIMER_SAMPLE 58 2490368 5636096 3538944 11665408
GPU_TIMER_SAMPLE 59 1966080 3801088 3014656 8781824
GPU_TIMER_SAMPLE 60 2359296 5505024 3407872 11272192
GPU_TIMER_SAMPLE 61 1703936 3801088 2752512 8257536
GPU_TIMER_SAMPLE 62 2883584 5505024 4718592 13107200
GPU_TIMER_SAMPLE 63 2359296 5111808 3407872 10878976
GPU_TIMER_SAMPLE 64 1703936 4194304 3014656 8912896
GPU_TIMER_SAMPLE 65 2621440 5373952 3538944 11534336
GPU_TIMER_SAMPLE 66 1835008 4063232 3014656 8912896
GPU_TIMER_SAMPLE 67 1966080 4063232 2883584 8912896
GPU_TIMER_SAMPLE 68 1966080 3801088 3014656 8781824
GPU_TIMER_SAMPLE 69 2621440 5505024 3407872 11534336
GPU_TIMER_SAMPLE 70 1835008 4063232 3014656 8912896
GPU_TIMER_SAMPLE 71 2097152 3538944 7077888 12713984
GPU_TIMER_SAMPLE 72 2621440 5373952 4194304 12189696
GPU_TIMER_SAMPLE 73 2490368 5636096 3407872 11534336
GPU_TIMER_SAMPLE 74 1966080 2752512 2752512 7471104
GPU_TIMER_SAMPLE 75 1703936 3407872 2097152 7208960
GPU_TIMER_SAMPLE 76 2490368 4980736 2883584 10354688
GPU_TIMER_SAMPLE 77 1310720 2490368 2228224 6029312
GPU_TIMER_SAMPLE 78 1179648 2883584 2228224 6291456
GPU_TIMER_SAMPLE 79 1310720 3014656 2097152 6422528
GPU_TIMER_SAMPLE 80 1441792 3670016 2359296 7471104
GPU_TIMER_SAMPLE 81 1966080 3014656 2097152 7077888
GPU_TIMER_SAMPLE 82 1572864 2359296 2359296 6291456
GPU_TIMER_SAMPLE 83 1310720 6553600 5373952 13238272
GPU_TIMER_SAMPLE 84 1310720 2621440 2097152 6029312
GPU_TIMER_SAMPLE 85 1310720 2490368 2228224 6029312
GPU_TIMER_SAMPLE 86 1441792 3145728 2359296 6946816
GPU_TIMER_SAMPLE 87 1310720 2490368 2097152 5898240
GPU_TIMER_SAMPLE 88 1310720 3538944 5636096 10485760
GPU_TIMER_SAMPLE 89 1441792 2883584 2097152 6422528
GPU_TIMER_SAMPLE 90 1310720 2490368 2228224 6029312
GPU_TIMER_SAMPLE 91 1441792 2621440 5898240 9961472
GPU_TIMER_SAMPLE 92 1441792 2752512 2359296 6553600
GPU_TIMER_SAMPLE 93 1835008 3670016 3014656 8519680
GPU_TIMER_SAMPLE 94 2621440 5505024 2752512 10878976
GPU_TIMER_SAMPLE 95 2097152 3801088 3407872 9306112
GPU_TIMER_SAMPLE 96 1441792 2752512 2097152 6291456
GPU_TIMER_SAMPLE 97 2752512 4718592 3145728 10616832
GPU_TIMER_SAMPLE 98 1441792 3014656 2097152 6553600
GPU_TIMER_SAMPLE 99 1441792 2359296 2097152 5898240
GPU_TIMER_SAMPLE 100 1441792 2359296 2752512 6553600
GPU_TIMER_SAMPLE 101 2752512 5636096 3407872 11796480
GPU_TIMER_SAMPLE 102 1835008 4063232 3014656 8912896
GPU_TIMER_SAMPLE 103 1835008 3801088 3014656 8650752
GPU_TIMER_SAMPLE 104 1179648 3276800 3145728 7602176
GPU_TIMER_SAMPLE 105 2490368 4718592 2097152 9306112
GPU_TIMER_SAMPLE 106 2228224 4063232 5242880 11534336
GPU_TIMER_SAMPLE 107 1572864 2752512 2359296 6684672
GPU_TIMER_SAMPLE 108 1572864 2490368 2097152 6160384
GPU_TIMER_SAMPLE 109 1441792 2752512 6422528 10616832
GPU_TIMER_SAMPLE 110 1441792 2359296 2097152 5898240
GPU_TIMER_SAMPLE 111 2490368 2752512 2621440 7864320
GPU_TIMER_SAMPLE 112 1179648 2621440 2097152 5898240
GPU_TIMER_SAMPLE 113 2490368 4063232 2097152 8650752
GPU_TIMER_SAMPLE 114 2097152 3801088 2752512 8650752
GPU_TIMER_SAMPLE 115 2228224 2752512 2097152 7077888
GPU_TIMER_SAMPLE 116 1966080 3145728 3014656 8126464
GPU_TIMER_SAMPLE 117 1703936 2752512 2097152 6553600
GPU_TIMER_SAMPLE 118 1441792 3014656 2097152 6553600
GPU_TIMER_SAMPLE 119 2097152 3801088 2228224 8126464
