 dllPath = /usr/lib/wsl/drivers/iigd_dch.inf_amd64_3e6575b60ae27560, dllName = libigdgmm_w.so.12 
 IsWddmLinux = 1, dllWslName = /usr/lib/wsl/drivers/iigd_dch.inf_amd64_3e6575b60ae27560/libigdgmm_w.so.12  flags = 2
 dllPath = /usr/lib/wsl/drivers/iigd_dch.inf_amd64_3e6575b60ae27560, dllName = libigdgmm_w.so.12 
 IsWddmLinux = 1, dllWslName = /usr/lib/wsl/drivers/iigd_dch.inf_amd64_3e6575b60ae27560/libigdgmm_w.so.12  flags = 2
{"seed":42,"vendor":"Microsoft Corporation","renderer":"D3D12 (Intel(R) Arc(TM) 140T GPU (16GB))","gl_version":"4.6 (Compatibility Profile) Mesa 26.2.2","gallium_path":"/root/.cache/football-mesa-build-20260913-a/install-wayland/lib/libgallium-26.2.2.so","width":1920,"height":1080,"quality":"pbr+bloom+fxaa+auto_exposure","swap_enabled":true,"swap_interval":0,"warmup_frames":30,"measured_frames":120,"in_play_frames":141,"p50_ms":17.987710,"p95_ms":24.388262,"p99_ms":30.351130,"submit_p50_ms":17.933028,"submit_p95_ms":24.354300,"finish_p50_ms":0.038003,"finish_p95_ms":0.063294,"samples_ms":[18.557813,17.973187,18.147903,22.866557,18.785309,17.916434,20.888033,17.332311,17.165308,18.378062,22.269769,16.247476,16.246715,18.780143,18.474778,24.388262,18.434827,18.158490,18.087952,19.901622,15.703684,17.036937,19.344710,16.407722,18.166820,20.732018,18.104754,17.229295,16.349135,17.031088,15.818472,22.143923,16.546900,17.546747,18.598145,17.968256,18.360244,20.413749,18.916312,16.313806,24.052288,17.276456,16.479701,17.672795,15.904029,15.649499,17.678791,19.420442,19.143480,16.784226,16.611178,26.273468,16.261371,22.706169,19.260012,15.917589,17.987710,17.370747,19.028340,18.676507,18.625183,20.790292,17.646079,17.116276,24.935679,54.073414,21.497573,20.006236,17.971513,18.197326,20.283365,16.105643,15.090072,21.258211,16.656934,15.550782,19.207270,16.015893,18.494261,16.441046,17.482849,17.966359,16.486863,18.375507,18.746100,15.681709,17.535481,17.516393,15.718717,16.641179,17.566973,22.384297,16.514804,16.493517,16.433649,16.881444,17.283158,18.794538,17.862964,17.881622,16.641274,17.609642,21.709372,20.590611,16.544392,19.390853,20.302298,16.646667,18.420964,16.969277,17.863234,21.656292,30.351130,18.165656,26.983399,18.926644,20.209628,22.440993,23.487424,25.732329],"submit_samples_ms":[18.516611,17.195223,18.111365,22.822958,18.747021,17.880404,20.853352,17.293732,17.122888,18.340533,22.232092,16.213092,16.210116,18.740915,18.437948,24.354300,18.386489,18.120324,18.051302,19.865966,15.665673,16.999204,19.301577,16.372504,18.130557,20.694980,18.052552,17.166001,16.296349,16.991758,15.780469,22.108288,16.514178,17.479235,18.554505,17.933028,18.325095,20.371570,18.877312,16.275108,24.016871,17.231236,16.430813,17.632859,15.866991,15.611874,17.643004,19.384849,19.104114,16.742035,16.562439,26.238218,16.223061,22.668783,19.225758,15.881809,17.893651,17.294227,18.984310,18.640912,18.590852,20.748159,17.600027,17.079906,24.887025,54.033207,21.455753,19.965267,17.931028,18.139782,20.246853,16.071452,15.056781,21.216383,16.619024,15.513233,19.170373,15.981823,18.459472,16.404809,17.407021,17.930269,16.448615,18.336411,18.712453,15.649400,17.499053,17.474356,15.679829,16.602973,17.530448,22.348660,16.452355,16.426548,16.390016,16.842262,17.247836,18.758376,17.822374,17.827608,16.605210,17.575248,21.673442,20.547686,16.506291,19.354419,20.265861,16.607287,18.379128,16.929965,17.826613,21.620877,30.314000,18.128173,26.945478,18.888004,20.172369,22.402724,23.444245,25.693445],"finish_samples_ms":[0.041202,0.777964,0.036538,0.043599,0.038288,0.036030,0.034681,0.038579,0.042420,0.037529,0.037677,0.034384,0.036599,0.039228,0.036830,0.033962,0.048338,0.038166,0.036650,0.035656,0.038011,0.037733,0.043133,0.035218,0.036263,0.037038,0.052202,0.063294,0.052786,0.039330,0.038003,0.035635,0.032722,0.067512,0.043640,0.035228,0.035149,0.042179,0.039000,0.038698,0.035417,0.045220,0.048888,0.039936,0.037038,0.037625,0.035787,0.035593,0.039366,0.042191,0.048739,0.035250,0.038310,0.037386,0.034254,0.035780,0.094059,0.076520,0.044030,0.035595,0.034331,0.042133,0.046052,0.036370,0.048654,0.040207,0.041820,0.040969,0.040485,0.057544,0.036512,0.034191,0.033291,0.041828,0.037910,0.037549,0.036897,0.034070,0.034789,0.036237,0.075828,0.036090,0.038248,0.039096,0.033647,0.032309,0.036428,0.042037,0.038888,0.038206,0.036525,0.035637,0.062449,0.066969,0.043633,0.039182,0.035322,0.036162,0.040590,0.054014,0.036064,0.034394,0.035930,0.042925,0.038101,0.036434,0.036437,0.039380,0.041836,0.039312,0.036621,0.035415,0.037130,0.037483,0.037921,0.038640,0.037259,0.038269,0.043179,0.038884]}
MESA-EGL: warning: egl: failed to create dri2 screen
GPU_TIMER_SAMPLE 0 1048576 1966080 1703936 4718592
GPU_TIMER_SAMPLE 1 1048576 1966080 1703936 4718592
GPU_TIMER_SAMPLE 2 1048576 1966080 1703936 4718592
GPU_TIMER_SAMPLE 3 2883584 1703936 1703936 6291456
GPU_TIMER_SAMPLE 4 1048576 2359296 1966080 5373952
GPU_TIMER_SAMPLE 5 1048576 1966080 1835008 4849664
GPU_TIMER_SAMPLE 6 1048576 3801088 1703936 6553600
GPU_TIMER_SAMPLE 7 1048576 1966080 1703936 4718592
GPU_TIMER_SAMPLE 8 1048576 2359296 1966080 5373952
GPU_TIMER_SAMPLE 9 1310720 2359296 2359296 6029312
GPU_TIMER_SAMPLE 10 1048576 2621440 3407872 7077888
GPU_TIMER_SAMPLE 11 1310720 2359296 1441792 5111808
GPU_TIMER_SAMPLE 12 1179648 1835008 1703936 4718592
GPU_TIMER_SAMPLE 13 1835008 3538944 1703936 7077888
GPU_TIMER_SAMPLE 14 1048576 1703936 1703936 4456448
GPU_TIMER_SAMPLE 15 1310720 4194304 4325376 9830400
GPU_TIMER_SAMPLE 16 1310720 3407872 1703936 6422528
GPU_TIMER_SAMPLE 17 2097152 2097152 1703936 5898240
GPU_TIMER_SAMPLE 18 1048576 1835008 1966080 4849664
GPU_TIMER_SAMPLE 19 1048576 1966080 3145728 6160384
GPU_TIMER_SAMPLE 20 1048576 1835008 1703936 4587520
GPU_TIMER_SAMPLE 21 1048576 2490368 1703936 5242880
GPU_TIMER_SAMPLE 22 1048576 1966080 1441792 4456448
GPU_TIMER_SAMPLE 23 1048576 1703936 1703936 4456448
GPU_TIMER_SAMPLE 24 1048576 1703936 1703936 4456448
GPU_TIMER_SAMPLE 25 1572864 4587520 1966080 8126464
GPU_TIMER_SAMPLE 26 2097152 2228224 1441792 5767168
GPU_TIMER_SAMPLE 27 1048576 1835008 1572864 4456448
GPU_TIMER_SAMPLE 28 1048576 2621440 1703936 5373952
GPU_TIMER_SAMPLE 29 1310720 2228224 1703936 5242880
GPU_TIMER_SAMPLE 30 1048576 2097152 1703936 4849664
GPU_TIMER_SAMPLE 31 1179648 1835008 1703936 4718592
GPU_TIMER_SAMPLE 32 1048576 1703936 1703936 4456448
GPU_TIMER_SAMPLE 33 2097152 2359296 1703936 6160384
GPU_TIMER_SAMPLE 34 1572864 2097152 1703936 5373952
GPU_TIMER_SAMPLE 35 1048576 1703936 1966080 4718592
GPU_TIMER_SAMPLE 36 1572864 3801088 1966080 7340032
GPU_TIMER_SAMPLE 37 1310720 1703936 3538944 6553600
GPU_TIMER_SAMPLE 38 1048576 1966080 1703936 4718592
GPU_TIMER_SAMPLE 39 1179648 1835008 1703936 4718592
GPU_TIMER_SAMPLE 40 1966080 7077888 3801088 12845056
GPU_TIMER_SAMPLE 41 1048576 2752512 1703936 5505024
GPU_TIMER_SAMPLE 42 1048576 1835008 1835008 4718592
GPU_TIMER_SAMPLE 43 1310720 1703936 1703936 4718592
GPU_TIMER_SAMPLE 44 786432 1966080 1703936 4456448
GPU_TIMER_SAMPLE 45 1048576 1966080 1703936 4718592
GPU_TIMER_SAMPLE 46 1048576 1966080 1703936 4718592
GPU_TIMER_SAMPLE 47 1048576 2359296 1966080 5373952
GPU_TIMER_SAMPLE 48 786432 2097152 1703936 4587520
GPU_TIMER_SAMPLE 49 1048576 1835008 1835008 4718592
GPU_TIMER_SAMPLE 50 1048576 1966080 1703936 4718592
GPU_TIMER_SAMPLE 51 1441792 3801088 3014656 8257536
GPU_TIMER_SAMPLE 52 1048576 1966080 1703936 4718592
GPU_TIMER_SAMPLE 53 1048576 1966080 1835008 4849664
GPU_TIMER_SAMPLE 54 1048576 2490368 3932160 7471104
GPU_TIMER_SAMPLE 55 1048576 1703936 1703936 4456448
GPU_TIMER_SAMPLE 56 1310720 1703936 1703936 4718592
GPU_TIMER_SAMPLE 57 1179648 1835008 1703936 4718592
GPU_TIMER_SAMPLE 58 1179648 1703936 1703936 4587520
GPU_TIMER_SAMPLE 59 1179648 2359296 1835008 5373952
GPU_TIMER_SAMPLE 60 1048576 3145728 1703936 5898240
GPU_TIMER_SAMPLE 61 1048576 2359296 1966080 5373952
GPU_TIMER_SAMPLE 62 1048576 2228224 1703936 4980736
GPU_TIMER_SAMPLE 63 1048576 1703936 1703936 4456448
GPU_TIMER_SAMPLE 64 1048576 1966080 1703936 4718592
GPU_TIMER_SAMPLE 65 7602176 20316160 4063232 31981568
GPU_TIMER_SAMPLE 66 1048576 1835008 1703936 4587520
GPU_TIMER_SAMPLE 67 1048576 2621440 1703936 5373952
GPU_TIMER_SAMPLE 68 1048576 2752512 1703936 5505024
GPU_TIMER_SAMPLE 69 1048576 1703936 1703936 4456448
GPU_TIMER_SAMPLE 70 1048576 1966080 4718592 7733248
GPU_TIMER_SAMPLE 71 1048576 1703936 1703936 4456448
GPU_TIMER_SAMPLE 72 1048576 1966080 1441792 4456448
GPU_TIMER_SAMPLE 73 5242880 2228224 1703936 9175040
GPU_TIMER_SAMPLE 74 1310720 1703936 1703936 4718592
GPU_TIMER_SAMPLE 75 1048576 1703936 1703936 4456448
GPU_TIMER_SAMPLE 76 1310720 1966080 1703936 4980736
GPU_TIMER_SAMPLE 77 1048576 1703936 1703936 4456448
GPU_TIMER_SAMPLE 78 1048576 4325376 1441792 6815744
GPU_TIMER_SAMPLE 79 1179648 1703936 1703936 4587520
GPU_TIMER_SAMPLE 80 2359296 1966080 1703936 6029312
GPU_TIMER_SAMPLE 81 2097152 2621440 1703936 6422528
GPU_TIMER_SAMPLE 82 1179648 1703936 1703936 4587520
GPU_TIMER_SAMPLE 83 1310720 2228224 1703936 5242880
GPU_TIMER_SAMPLE 84 1310720 1703936 3145728 6160384
GPU_TIMER_SAMPLE 85 1310720 1703936 1703936 4718592
GPU_TIMER_SAMPLE 86 1048576 1966080 1703936 4718592
GPU_TIMER_SAMPLE 87 1048576 1966080 1703936 4718592
GPU_TIMER_SAMPLE 88 1048576 1703936 1703936 4456448
GPU_TIMER_SAMPLE 89 1179648 1703936 1703936 4587520
GPU_TIMER_SAMPLE 90 1310720 2097152 1966080 5373952
GPU_TIMER_SAMPLE 91 1703936 4456448 4063232 10223616
GPU_TIMER_SAMPLE 92 1310720 1703936 1703936 4718592
GPU_TIMER_SAMPLE 93 1310720 2097152 1703936 5111808
GPU_TIMER_SAMPLE 94 1179648 1835008 1572864 4587520
GPU_TIMER_SAMPLE 95 1048576 1835008 1703936 4587520
GPU_TIMER_SAMPLE 96 1048576 1703936 1703936 4456448
GPU_TIMER_SAMPLE 97 1048576 1966080 3670016 6684672
GPU_TIMER_SAMPLE 98 1310720 1703936 1703936 4718592
GPU_TIMER_SAMPLE 99 1966080 2097152 1703936 5767168
GPU_TIMER_SAMPLE 100 1048576 1835008 1703936 4587520
GPU_TIMER_SAMPLE 101 1310720 2359296 1835008 5505024
GPU_TIMER_SAMPLE 102 1048576 1966080 1703936 4718592
GPU_TIMER_SAMPLE 103 1310720 1966080 1703936 4980736
GPU_TIMER_SAMPLE 104 1310720 2752512 1966080 6029312
GPU_TIMER_SAMPLE 105 1179648 2359296 1703936 5242880
GPU_TIMER_SAMPLE 106 1179648 2359296 4325376 7864320
GPU_TIMER_SAMPLE 107 1179648 2097152 1703936 4980736
GPU_TIMER_SAMPLE 108 1310720 2359296 1703936 5373952
GPU_TIMER_SAMPLE 109 1310720 2752512 1703936 5767168
GPU_TIMER_SAMPLE 110 1048576 2359296 1835008 5242880
GPU_TIMER_SAMPLE 111 1310720 5767168 3538944 10616832
GPU_TIMER_SAMPLE 112 1703936 4325376 3407872 9437184
GPU_TIMER_SAMPLE 113 1441792 2752512 1966080 6160384
GPU_TIMER_SAMPLE 114 1310720 3538944 3014656 7864320
GPU_TIMER_SAMPLE 115 1835008 2621440 1966080 6422528
GPU_TIMER_SAMPLE 116 1179648 2621440 2097152 5898240
GPU_TIMER_SAMPLE 117 1179648 3538944 2490368 7208960
GPU_TIMER_SAMPLE 118 1703936 3670016 2228224 7602176
GPU_TIMER_SAMPLE 119 1835008 4063232 3014656 8912896
