 dllPath = /usr/lib/wsl/drivers/iigd_dch.inf_amd64_3e6575b60ae27560, dllName = libigdgmm_w.so.12 
 IsWddmLinux = 1, dllWslName = /usr/lib/wsl/drivers/iigd_dch.inf_amd64_3e6575b60ae27560/libigdgmm_w.so.12  flags = 2
 dllPath = /usr/lib/wsl/drivers/iigd_dch.inf_amd64_3e6575b60ae27560, dllName = libigdgmm_w.so.12 
 IsWddmLinux = 1, dllWslName = /usr/lib/wsl/drivers/iigd_dch.inf_amd64_3e6575b60ae27560/libigdgmm_w.so.12  flags = 2
{"seed":43,"vendor":"Microsoft Corporation","renderer":"D3D12 (Intel(R) Arc(TM) 140T GPU (16GB))","gl_version":"4.6 (Compatibility Profile) Mesa 26.2.2","gallium_path":"/root/.cache/football-mesa-build-20260913-a/install-wayland/lib/libgallium-26.2.2.so","width":1920,"height":1080,"quality":"pbr+bloom+fxaa+auto_exposure","swap_enabled":true,"swap_interval":0,"warmup_frames":30,"measured_frames":120,"in_play_frames":150,"p50_ms":28.709035,"p95_ms":50.879336,"p99_ms":57.723361,"submit_p50_ms":28.663310,"submit_p95_ms":50.836111,"finish_p50_ms":0.042438,"finish_p95_ms":0.064487,"samples_ms":[23.854572,25.622706,20.766711,21.195632,19.077268,18.047334,21.211634,17.529502,18.870787,19.645359,19.701587,18.015147,19.430578,23.186891,20.810670,20.293532,21.392197,18.638255,17.689151,23.868025,18.398649,17.930125,22.825523,19.154200,17.704635,24.098704,18.830281,18.313267,22.002899,21.067197,27.441937,23.096626,26.552517,29.060010,30.846114,27.081986,27.206200,27.254158,28.908666,24.918447,26.662108,24.578511,27.989188,27.757068,27.624871,28.860784,28.709035,32.269861,25.920367,26.463244,25.255815,25.829793,28.551733,29.274550,24.318759,41.449164,51.410632,44.988386,50.224038,47.882701,44.692894,45.011736,43.406649,42.954403,41.028991,46.426578,45.631207,46.771440,45.323631,43.870265,42.448710,42.953618,45.464827,48.107352,46.479322,43.738837,44.858394,43.550494,45.673371,53.415784,42.864502,33.069339,27.192758,24.229666,27.086490,27.010519,28.119640,24.431601,28.023014,27.205704,26.842006,37.786474,29.851967,48.381349,45.593578,42.528103,41.057282,46.571115,48.362578,46.386804,52.624643,57.723361,42.767931,32.139120,45.993787,45.896367,48.166698,50.879336,45.031583,44.416296,61.169591,54.467809,44.725652,42.286493,41.289184,44.007291,41.780170,31.293640,24.085128,24.227029],"submit_samples_ms":[23.819123,25.585220,20.731621,21.161744,19.040674,18.013394,21.177566,17.490720,18.830960,19.611944,19.664478,17.966111,19.394132,23.153323,20.772779,20.258513,21.357189,18.599291,17.655959,23.835133,18.354918,17.894486,22.790868,19.095902,17.667370,24.061751,18.785388,18.278357,21.968223,21.020018,27.404049,23.057054,26.508163,28.992694,30.753299,27.042882,27.143227,27.209777,28.864155,24.880355,26.622256,24.536816,27.919180,27.716899,27.586699,28.820671,28.663310,32.228786,25.876029,26.406452,25.216540,25.784597,28.504782,29.231486,24.275708,41.403705,51.369595,44.943335,50.176188,47.835341,44.648197,44.965192,43.361251,42.913657,40.984340,46.375365,45.578906,46.726996,45.280688,43.828609,42.409632,42.911227,45.416147,48.058601,46.434548,43.698081,44.789384,43.489026,45.631912,53.370930,42.800015,33.032891,27.152030,24.184555,27.045975,26.973124,28.081317,24.389314,27.978247,27.156604,26.801725,37.741493,29.804981,48.331537,45.551939,42.459401,40.984221,46.519492,48.319347,46.343750,52.584440,57.679902,42.725831,32.093399,45.943236,45.855263,48.124260,50.836111,44.989387,44.369879,61.123566,54.417986,44.683295,42.246962,41.245822,43.958872,41.743126,31.252799,24.040202,24.167128],"finish_samples_ms":[0.035449,0.037486,0.035090,0.033888,0.036594,0.033940,0.034068,0.038782,0.039827,0.033415,0.037109,0.049036,0.036446,0.033568,0.037891,0.035019,0.035008,0.038964,0.033192,0.032892,0.043731,0.035639,0.034655,0.058298,0.037265,0.036953,0.044893,0.034910,0.034676,0.047179,0.037888,0.039572,0.044354,0.067316,0.092815,0.039104,0.062973,0.044381,0.044511,0.038092,0.039852,0.041695,0.070008,0.040169,0.038172,0.040113,0.045725,0.041075,0.044338,0.056792,0.039275,0.045196,0.046951,0.043064,0.043051,0.045459,0.041037,0.045051,0.047850,0.047360,0.044697,0.046544,0.045398,0.040746,0.044651,0.051213,0.052301,0.044444,0.042943,0.041656,0.039078,0.042391,0.048680,0.048751,0.044774,0.040756,0.069010,0.061468,0.041459,0.044854,0.064487,0.036448,0.040728,0.045111,0.040515,0.037395,0.038323,0.042287,0.044767,0.049100,0.040281,0.044981,0.046986,0.049812,0.041639,0.068702,0.073061,0.051623,0.043231,0.043054,0.040203,0.043459,0.042100,0.045721,0.050551,0.041104,0.042438,0.043225,0.042196,0.046417,0.046025,0.049823,0.042357,0.039531,0.043362,0.048419,0.037044,0.040841,0.044926,0.059901]}
MESA-EGL: warning: egl: failed to create dri2 screen
GPU_TIMER_SAMPLE 0 1835008 4063232 3014656 8912896
GPU_TIMER_SAMPLE 1 2359296 4718592 2359296 9437184
GPU_TIMER_SAMPLE 2 1179648 2621440 2359296 6160384
GPU_TIMER_SAMPLE 3 1310720 4849664 2228224 8388608
GPU_TIMER_SAMPLE 4 1441792 2359296 2097152 5898240
GPU_TIMER_SAMPLE 5 1310720 2490368 2359296 6160384
GPU_TIMER_SAMPLE 6 1310720 2621440 4456448 8388608
GPU_TIMER_SAMPLE 7 1310720 2621440 2097152 6029312
GPU_TIMER_SAMPLE 8 1179648 2621440 2097152 5898240
GPU_TIMER_SAMPLE 9 1441792 2359296 2359296 6160384
GPU_TIMER_SAMPLE 10 1441792 2621440 2097152 6160384
GPU_TIMER_SAMPLE 11 1310720 2490368 2097152 5898240
GPU_TIMER_SAMPLE 12 1310720 2490368 2097152 5898240
GPU_TIMER_SAMPLE 13 1441792 3407872 4587520 9437184
GPU_TIMER_SAMPLE 14 1310720 2490368 2359296 6160384
GPU_TIMER_SAMPLE 15 1572864 2359296 2228224 6160384
GPU_TIMER_SAMPLE 16 1441792 2359296 5111808 8912896
GPU_TIMER_SAMPLE 17 1310720 2621440 2097152 6029312
GPU_TIMER_SAMPLE 18 1441792 2359296 2359296 6160384
GPU_TIMER_SAMPLE 19 1572864 3538944 5242880 10354688
GPU_TIMER_SAMPLE 20 1310720 2490368 2359296 6160384
GPU_TIMER_SAMPLE 21 1572864 2490368 2097152 6160384
GPU_TIMER_SAMPLE 22 1441792 2621440 2097152 6160384
GPU_TIMER_SAMPLE 23 1310720 2490368 2097152 5898240
GPU_TIMER_SAMPLE 24 1310720 2490368 2097152 5898240
GPU_TIMER_SAMPLE 25 1310720 3014656 5767168 10092544
GPU_TIMER_SAMPLE 26 1572864 2490368 2228224 6291456
GPU_TIMER_SAMPLE 27 1572864 2359296 2359296 6291456
GPU_TIMER_SAMPLE 28 1441792 2621440 2097152 6160384
GPU_TIMER_SAMPLE 29 1441792 2621440 2097152 6160384
GPU_TIMER_SAMPLE 30 1966080 3670016 2883584 8519680
GPU_TIMER_SAMPLE 31 1966080 4063232 3014656 9043968
GPU_TIMER_SAMPLE 32 1966080 4456448 6422528 12845056
GPU_TIMER_SAMPLE 33 2359296 4194304 6684672 13238272
GPU_TIMER_SAMPLE 34 1835008 4587520 3407872 9830400
GPU_TIMER_SAMPLE 35 2097152 4194304 3407872 9699328
GPU_TIMER_SAMPLE 36 2097152 4194304 3407872 9699328
GPU_TIMER_SAMPLE 37 2621440 4849664 3670016 11141120
GPU_TIMER_SAMPLE 38 2097152 4456448 3407872 9961472
GPU_TIMER_SAMPLE 39 2097152 4063232 3014656 9175040
GPU_TIMER_SAMPLE 40 2097152 4194304 3407872 9699328
GPU_TIMER_SAMPLE 41 2228224 4456448 3145728 9830400
GPU_TIMER_SAMPLE 42 2097152 4456448 7077888 13631488
GPU_TIMER_SAMPLE 43 2359296 4980736 3538944 10878976
GPU_TIMER_SAMPLE 44 2359296 4718592 3407872 10485760
GPU_TIMER_SAMPLE 45 2359296 4849664 3670016 10878976
GPU_TIMER_SAMPLE 46 2359296 4980736 3407872 10747904
GPU_TIMER_SAMPLE 47 2752512 6946816 4587520 14286848
GPU_TIMER_SAMPLE 48 2097152 4456448 3670016 10223616
GPU_TIMER_SAMPLE 49 2359296 4718592 3407872 10485760
GPU_TIMER_SAMPLE 50 2359296 4718592 3670016 10747904
GPU_TIMER_SAMPLE 51 2097152 4456448 3407872 9961472
GPU_TIMER_SAMPLE 52 2097152 4587520 6291456 12976128
GPU_TIMER_SAMPLE 53 2097152 4718592 3407872 10223616
GPU_TIMER_SAMPLE 54 2359296 4456448 3538944 10354688
GPU_TIMER_SAMPLE 55 5505024 9437184 9961472 24903680
GPU_TIMER_SAMPLE 56 5767168 9568256 5767168 21102592
GPU_TIMER_SAMPLE 57 6160384 10223616 11796480 28180480
GPU_TIMER_SAMPLE 58 6160384 10485760 11272192 27918336
GPU_TIMER_SAMPLE 59 6160384 10223616 11141120 27525120
GPU_TIMER_SAMPLE 60 5767168 9961472 10223616 25952256
GPU_TIMER_SAMPLE 61 6160384 10223616 10878976 27262976
GPU_TIMER_SAMPLE 62 6422528 14286848 6029312 26738688
GPU_TIMER_SAMPLE 63 6291456 10747904 9961472 27000832
GPU_TIMER_SAMPLE 64 5767168 9830400 9961472 25559040
GPU_TIMER_SAMPLE 65 6160384 10223616 10223616 26607616
GPU_TIMER_SAMPLE 66 6553600 10223616 8126464 24903680
GPU_TIMER_SAMPLE 67 5373952 9306112 5636096 20316160
GPU_TIMER_SAMPLE 68 6553600 13631488 6029312 26214400
GPU_TIMER_SAMPLE 69 6684672 10616832 10223616 27525120
GPU_TIMER_SAMPLE 70 5373952 10223616 11141120 26738688
GPU_TIMER_SAMPLE 71 6160384 10223616 10223616 26607616
GPU_TIMER_SAMPLE 72 6815744 10747904 11010048 28573696
GPU_TIMER_SAMPLE 73 5373952 9175040 5767168 20316160
GPU_TIMER_SAMPLE 74 6553600 10092544 10223616 26869760
GPU_TIMER_SAMPLE 75 6422528 13762560 5767168 25952256
GPU_TIMER_SAMPLE 76 6422528 9961472 11141120 27525120
GPU_TIMER_SAMPLE 77 6422528 10223616 10354688 27000832
GPU_TIMER_SAMPLE 78 6553600 10223616 11403264 28180480
GPU_TIMER_SAMPLE 79 7733248 12845056 14942208 35520512
GPU_TIMER_SAMPLE 80 6815744 10223616 10878976 27918336
GPU_TIMER_SAMPLE 81 4063232 6160384 5373952 15597568
GPU_TIMER_SAMPLE 82 2883584 5505024 3670016 12058624
GPU_TIMER_SAMPLE 83 2359296 4587520 3670016 10616832
GPU_TIMER_SAMPLE 84 2359296 4587520 6553600 13500416
GPU_TIMER_SAMPLE 85 2359296 4718592 3407872 10485760
GPU_TIMER_SAMPLE 86 3014656 5767168 3932160 12713984
GPU_TIMER_SAMPLE 87 2359296 4718592 3407872 10485760
GPU_TIMER_SAMPLE 88 2621440 4456448 6160384 13238272
GPU_TIMER_SAMPLE 89 2359296 4456448 3670016 10485760
GPU_TIMER_SAMPLE 90 2621440 4718592 3538944 10878976
GPU_TIMER_SAMPLE 91 3407872 6422528 7602176 17432576
GPU_TIMER_SAMPLE 92 2228224 4587520 3538944 10354688
GPU_TIMER_SAMPLE 93 6553600 13500416 5505024 25559040
GPU_TIMER_SAMPLE 94 6815744 10223616 10878976 27918336
GPU_TIMER_SAMPLE 95 6291456 10092544 10485760 26869760
GPU_TIMER_SAMPLE 96 5505024 9568256 10092544 25165824
GPU_TIMER_SAMPLE 97 10223616 9437184 5898240 25559040
GPU_TIMER_SAMPLE 98 5111808 9175040 5767168 20054016
GPU_TIMER_SAMPLE 99 6291456 10092544 11534336 27918336
GPU_TIMER_SAMPLE 100 6029312 21495808 8126464 35651584
GPU_TIMER_SAMPLE 101 8126464 19267584 9568256 36962304
GPU_TIMER_SAMPLE 102 6815744 14417920 5636096 26869760
GPU_TIMER_SAMPLE 103 3145728 6291456 4456448 13893632
GPU_TIMER_SAMPLE 104 6815744 10354688 10485760 27656192
GPU_TIMER_SAMPLE 105 6946816 9961472 11141120 28049408
GPU_TIMER_SAMPLE 106 6815744 10485760 11927552 29229056
GPU_TIMER_SAMPLE 107 6160384 9961472 16515072 32636928
GPU_TIMER_SAMPLE 108 6553600 14286848 5767168 26607616
GPU_TIMER_SAMPLE 109 6684672 9961472 11141120 27787264
GPU_TIMER_SAMPLE 110 7864320 20054016 9437184 37355520
GPU_TIMER_SAMPLE 111 8126464 12845056 15073280 36044800
GPU_TIMER_SAMPLE 112 6684672 14286848 5767168 26738688
GPU_TIMER_SAMPLE 113 6422528 10092544 9306112 25821184
GPU_TIMER_SAMPLE 114 5767168 9699328 9699328 25165824
GPU_TIMER_SAMPLE 115 6422528 14286848 6029312 26738688
GPU_TIMER_SAMPLE 116 6291456 10092544 9961472 26345472
GPU_TIMER_SAMPLE 117 3145728 6422528 4456448 14024704
GPU_TIMER_SAMPLE 118 2359296 4325376 3538944 10223616
GPU_TIMER_SAMPLE 119 2359296 4456448 3670016 10485760
