 dllPath = /usr/lib/wsl/drivers/iigd_dch.inf_amd64_3e6575b60ae27560, dllName = libigdgmm_w.so.12 
 IsWddmLinux = 1, dllWslName = /usr/lib/wsl/drivers/iigd_dch.inf_amd64_3e6575b60ae27560/libigdgmm_w.so.12  flags = 2
 dllPath = /usr/lib/wsl/drivers/iigd_dch.inf_amd64_3e6575b60ae27560, dllName = libigdgmm_w.so.12 
 IsWddmLinux = 1, dllWslName = /usr/lib/wsl/drivers/iigd_dch.inf_amd64_3e6575b60ae27560/libigdgmm_w.so.12  flags = 2
{"seed":43,"vendor":"Microsoft Corporation","renderer":"D3D12 (Intel(R) Arc(TM) 140T GPU (16GB))","gl_version":"4.6 (Compatibility Profile) Mesa 26.2.2","gallium_path":"/root/.cache/football-mesa-build-20260913-a/install-wayland/lib/libgallium-26.2.2.so","width":1920,"height":1080,"quality":"pbr+bloom+fxaa+auto_exposure","swap_enabled":true,"swap_interval":0,"warmup_frames":30,"measured_frames":120,"in_play_frames":150,"p50_ms":20.587533,"p95_ms":25.185796,"p99_ms":26.207576,"submit_p50_ms":20.575931,"submit_p95_ms":25.173140,"finish_p50_ms":0.012487,"finish_p95_ms":0.018303,"samples_ms":[24.583992,21.671099,25.430517,23.408173,23.418390,25.468415,22.207955,23.390485,22.086279,25.107531,23.214602,24.159902,21.361151,26.278308,22.686101,24.129991,23.309924,25.242839,21.710755,19.620059,18.509250,20.289552,20.824803,18.089785,18.512939,23.901668,19.860514,22.775257,20.629818,23.797028,24.385345,19.491909,23.020770,17.956546,20.857170,21.756661,18.834374,20.005323,20.225210,17.330031,17.746388,16.929710,19.836220,20.190324,18.811955,18.062121,21.171539,16.311128,17.325760,20.405980,18.896010,22.782810,17.995943,20.917613,23.212772,20.587533,20.866439,18.363997,19.085824,21.682969,18.837775,17.594960,19.342658,17.555051,20.635438,19.146442,16.926782,21.128546,18.811070,18.300854,24.478854,18.085455,18.145195,19.352809,18.966113,17.870456,18.735353,19.164570,20.907993,17.578527,18.764140,22.929268,18.336693,21.048541,17.144815,21.735727,17.196106,18.034832,22.475246,19.051417,18.639692,23.601295,19.453809,20.148985,18.999266,19.829861,18.317156,18.830264,23.788755,18.228657,21.829356,18.041653,17.850081,19.531644,18.846387,26.177207,22.034442,23.456784,23.224385,23.244329,22.705432,22.280141,22.180167,21.986967,23.168871,22.375959,26.207576,21.937523,25.185796,21.081785],"submit_samples_ms":[24.571778,21.658475,25.411650,23.397447,23.405495,25.457771,22.191789,23.380640,22.070790,25.096939,23.200540,24.148435,21.347897,26.262883,22.674454,24.116144,23.299916,25.229389,21.698635,19.604693,18.496158,20.278802,20.811951,18.057555,18.501438,23.890436,19.846230,22.762770,20.610754,23.784867,24.370294,19.481044,23.004014,17.942141,20.846007,21.742375,18.820084,19.994398,20.212758,17.315322,17.732196,16.917538,19.825595,20.178823,18.796712,18.051081,21.158312,16.298638,17.309991,20.393803,18.884360,22.768834,17.984358,20.907045,23.198242,20.575931,20.855681,18.350243,19.071619,21.672166,18.822934,17.581654,19.331362,17.544027,20.622661,19.135512,16.916543,21.116978,18.795557,18.288430,24.467777,18.069117,18.132100,19.341459,18.954578,17.857260,18.718811,19.152484,20.896302,17.561951,18.752719,22.917486,18.318390,21.037561,17.133036,21.698319,17.180598,18.022972,22.464539,19.036094,18.627361,23.590942,19.425006,20.136729,18.988684,19.815654,18.304157,18.818715,23.772286,18.214952,21.819144,18.028595,17.833431,19.493652,18.834296,26.163371,22.020097,23.441819,23.213469,23.231747,22.694614,22.269255,22.168898,21.969792,23.156566,22.361944,26.196432,21.922301,25.173140,21.069710],"finish_samples_ms":[0.012214,0.012624,0.018867,0.010726,0.012895,0.010644,0.016166,0.009845,0.015489,0.010592,0.014062,0.011467,0.013254,0.015425,0.011647,0.013847,0.010008,0.013450,0.012120,0.015366,0.013092,0.010750,0.012852,0.032230,0.011501,0.011232,0.014284,0.012487,0.019064,0.012161,0.015051,0.010865,0.016756,0.014405,0.011163,0.014286,0.014290,0.010925,0.012452,0.014709,0.014192,0.012172,0.010625,0.011501,0.015243,0.011040,0.013227,0.012490,0.015769,0.012177,0.011650,0.013976,0.011585,0.010568,0.014530,0.011602,0.010758,0.013754,0.014205,0.010803,0.014841,0.013306,0.011296,0.011024,0.012777,0.010930,0.010239,0.011568,0.015513,0.012424,0.011077,0.016338,0.013095,0.011350,0.011535,0.013196,0.016542,0.012086,0.011691,0.016576,0.011421,0.011782,0.018303,0.010980,0.011779,0.037408,0.015508,0.011860,0.010707,0.015323,0.012331,0.010353,0.028803,0.012256,0.010582,0.014207,0.012999,0.011549,0.016469,0.013705,0.010212,0.013058,0.016650,0.037992,0.012091,0.013836,0.014345,0.014965,0.010916,0.012582,0.010818,0.010886,0.011269,0.017175,0.012305,0.014015,0.011144,0.015222,0.012656,0.012075]}
MESA-EGL: warning: egl: failed to create dri2 screen
GPU_TIMER_SAMPLE 0 1966080 4325376 5767168 12058624
GPU_TIMER_SAMPLE 1 2097152 4325376 2752512 9175040
GPU_TIMER_SAMPLE 2 1966080 4063232 6291456 12320768
GPU_TIMER_SAMPLE 3 2097152 4325376 2883584 9306112
GPU_TIMER_SAMPLE 4 1835008 3932160 2752512 8519680
GPU_TIMER_SAMPLE 5 1966080 4063232 2752512 8781824
GPU_TIMER_SAMPLE 6 2097152 4325376 3014656 9437184
GPU_TIMER_SAMPLE 7 2097152 3801088 5636096 11534336
GPU_TIMER_SAMPLE 8 1835008 4325376 3014656 9175040
GPU_TIMER_SAMPLE 9 1966080 4063232 3145728 9175040
GPU_TIMER_SAMPLE 10 1966080 3801088 2883584 8650752
GPU_TIMER_SAMPLE 11 1966080 3801088 5373952 11141120
GPU_TIMER_SAMPLE 12 1966080 4063232 3014656 9043968
GPU_TIMER_SAMPLE 13 1966080 3801088 5898240 11665408
GPU_TIMER_SAMPLE 14 1966080 4194304 2752512 8912896
GPU_TIMER_SAMPLE 15 1966080 6160384 3014656 11141120
GPU_TIMER_SAMPLE 16 1966080 4194304 2752512 8912896
GPU_TIMER_SAMPLE 17 2097152 5111808 3014656 10223616
GPU_TIMER_SAMPLE 18 1310720 2490368 3014656 6815744
GPU_TIMER_SAMPLE 19 1310720 2490368 2228224 6029312
GPU_TIMER_SAMPLE 20 1441792 2621440 2097152 6160384
GPU_TIMER_SAMPLE 21 1310720 3145728 2228224 6684672
GPU_TIMER_SAMPLE 22 1310720 2490368 4980736 8781824
GPU_TIMER_SAMPLE 23 1441792 2621440 2097152 6160384
GPU_TIMER_SAMPLE 24 1179648 2621440 2359296 6160384
GPU_TIMER_SAMPLE 25 1441792 3801088 5767168 11010048
GPU_TIMER_SAMPLE 26 1966080 3670016 2097152 7733248
GPU_TIMER_SAMPLE 27 1572864 2490368 2621440 6684672
GPU_TIMER_SAMPLE 28 1441792 2621440 2621440 6684672
GPU_TIMER_SAMPLE 29 2228224 4063232 2752512 9043968
GPU_TIMER_SAMPLE 30 2097152 4325376 2752512 9175040
GPU_TIMER_SAMPLE 31 1310720 2621440 2359296 6291456
GPU_TIMER_SAMPLE 32 1835008 4980736 2097152 8912896
GPU_TIMER_SAMPLE 33 1179648 2621440 2097152 5898240
GPU_TIMER_SAMPLE 34 1310720 2490368 2359296 6160384
GPU_TIMER_SAMPLE 35 1572864 2359296 2228224 6160384
GPU_TIMER_SAMPLE 36 1572864 2490368 2228224 6291456
GPU_TIMER_SAMPLE 37 1310720 2621440 2359296 6291456
GPU_TIMER_SAMPLE 38 1441792 2359296 2359296 6160384
GPU_TIMER_SAMPLE 39 1310720 2490368 2097152 5898240
GPU_TIMER_SAMPLE 40 1441792 2490368 2228224 6160384
GPU_TIMER_SAMPLE 41 1572864 2490368 2228224 6291456
GPU_TIMER_SAMPLE 42 1310720 2621440 2228224 6160384
GPU_TIMER_SAMPLE 43 1441792 4456448 2228224 8126464
GPU_TIMER_SAMPLE 44 1441792 2621440 2097152 6160384
GPU_TIMER_SAMPLE 45 1572864 2490368 2359296 6422528
GPU_TIMER_SAMPLE 46 1310720 3538944 4718592 9568256
GPU_TIMER_SAMPLE 47 1572864 2490368 2097152 6160384
GPU_TIMER_SAMPLE 48 1572864 2490368 2228224 6291456
GPU_TIMER_SAMPLE 49 2097152 3014656 2097152 7208960
GPU_TIMER_SAMPLE 50 1441792 3014656 3014656 7471104
GPU_TIMER_SAMPLE 51 1966080 5898240 2621440 10485760
GPU_TIMER_SAMPLE 52 1441792 2359296 2359296 6160384
GPU_TIMER_SAMPLE 53 1310720 2490368 2228224 6029312
GPU_TIMER_SAMPLE 54 2097152 3276800 2097152 7471104
GPU_TIMER_SAMPLE 55 1572864 2490368 2097152 6160384
GPU_TIMER_SAMPLE 56 1179648 2621440 4849664 8650752
GPU_TIMER_SAMPLE 57 1572864 2228224 2228224 6029312
GPU_TIMER_SAMPLE 58 1310720 2490368 2097152 5898240
GPU_TIMER_SAMPLE 59 1441792 3014656 5373952 9830400
GPU_TIMER_SAMPLE 60 1441792 2359296 2359296 6160384
GPU_TIMER_SAMPLE 61 1441792 2621440 2097152 6160384
GPU_TIMER_SAMPLE 62 1441792 2621440 2097152 6160384
GPU_TIMER_SAMPLE 63 1572864 2490368 2097152 6160384
GPU_TIMER_SAMPLE 64 1441792 2621440 2097152 6160384
GPU_TIMER_SAMPLE 65 1441792 2621440 2097152 6160384
GPU_TIMER_SAMPLE 66 1441792 2621440 2097152 6160384
GPU_TIMER_SAMPLE 67 1572864 2490368 4849664 8912896
GPU_TIMER_SAMPLE 68 1572864 2490368 2097152 6160384
GPU_TIMER_SAMPLE 69 1441792 2490368 2228224 6160384
GPU_TIMER_SAMPLE 70 1441792 3276800 5242880 9961472
GPU_TIMER_SAMPLE 71 1441792 2621440 2359296 6422528
GPU_TIMER_SAMPLE 72 1572864 2359296 2359296 6291456
GPU_TIMER_SAMPLE 73 1441792 2621440 2097152 6160384
GPU_TIMER_SAMPLE 74 1703936 2752512 2097152 6553600
GPU_TIMER_SAMPLE 75 1572864 2490368 2097152 6160384
GPU_TIMER_SAMPLE 76 1441792 2621440 2097152 6160384
GPU_TIMER_SAMPLE 77 1572864 2490368 2228224 6291456
GPU_TIMER_SAMPLE 78 2752512 2490368 2228224 7471104
GPU_TIMER_SAMPLE 79 1572864 2490368 2097152 6160384
GPU_TIMER_SAMPLE 80 1572864 2490368 2228224 6291456
GPU_TIMER_SAMPLE 81 1441792 2752512 5111808 9306112
GPU_TIMER_SAMPLE 82 1441792 2621440 2359296 6422528
GPU_TIMER_SAMPLE 83 1572864 2490368 2228224 6291456
GPU_TIMER_SAMPLE 84 1572864 2490368 2228224 6291456
GPU_TIMER_SAMPLE 85 1572864 2490368 2359296 6422528
GPU_TIMER_SAMPLE 86 1572864 2359296 2228224 6160384
GPU_TIMER_SAMPLE 87 1441792 2490368 2228224 6160384
GPU_TIMER_SAMPLE 88 1572864 4194304 4587520 10354688
GPU_TIMER_SAMPLE 89 1441792 2621440 2097152 6160384
GPU_TIMER_SAMPLE 90 1441792 2621440 2097152 6160384
GPU_TIMER_SAMPLE 91 1441792 2621440 5767168 9830400
GPU_TIMER_SAMPLE 92 1441792 2621440 2097152 6160384
GPU_TIMER_SAMPLE 93 1441792 2621440 2359296 6422528
GPU_TIMER_SAMPLE 94 1441792 2621440 2359296 6422528
GPU_TIMER_SAMPLE 95 1441792 2621440 2097152 6160384
GPU_TIMER_SAMPLE 96 1441792 2621440 2097152 6160384
GPU_TIMER_SAMPLE 97 1441792 2621440 2097152 6160384
GPU_TIMER_SAMPLE 98 1441792 6422528 2097152 9961472
GPU_TIMER_SAMPLE 99 1572864 2490368 2097152 6160384
GPU_TIMER_SAMPLE 100 1572864 2490368 4718592 8781824
GPU_TIMER_SAMPLE 101 1572864 2359296 2228224 6160384
GPU_TIMER_SAMPLE 102 1703936 2228224 2228224 6160384
GPU_TIMER_SAMPLE 103 1441792 2621440 2359296 6422528
GPU_TIMER_SAMPLE 104 1572864 3145728 2097152 6815744
GPU_TIMER_SAMPLE 105 2097152 4063232 3014656 9175040
GPU_TIMER_SAMPLE 106 2359296 4063232 3014656 9437184
GPU_TIMER_SAMPLE 107 2097152 3932160 3014656 9043968
GPU_TIMER_SAMPLE 108 2097152 4063232 3014656 9175040
GPU_TIMER_SAMPLE 109 2097152 4063232 2752512 8912896
GPU_TIMER_SAMPLE 110 2228224 3932160 3014656 9175040
GPU_TIMER_SAMPLE 111 2359296 3932160 3014656 9306112
GPU_TIMER_SAMPLE 112 2097152 4063232 3014656 9175040
GPU_TIMER_SAMPLE 113 2097152 3932160 2883584 8912896
GPU_TIMER_SAMPLE 114 2097152 3801088 3014656 8912896
GPU_TIMER_SAMPLE 115 2097152 4063232 3014656 9175040
GPU_TIMER_SAMPLE 116 2097152 3801088 3014656 8912896
GPU_TIMER_SAMPLE 117 2097152 4063232 3014656 9175040
GPU_TIMER_SAMPLE 118 2228224 3801088 5111808 11141120
GPU_TIMER_SAMPLE 119 2097152 4063232 3014656 9175040
