 dllPath = /usr/lib/wsl/drivers/iigd_dch.inf_amd64_3e6575b60ae27560, dllName = libigdgmm_w.so.12 
 IsWddmLinux = 1, dllWslName = /usr/lib/wsl/drivers/iigd_dch.inf_amd64_3e6575b60ae27560/libigdgmm_w.so.12  flags = 2
 dllPath = /usr/lib/wsl/drivers/iigd_dch.inf_amd64_3e6575b60ae27560, dllName = libigdgmm_w.so.12 
 IsWddmLinux = 1, dllWslName = /usr/lib/wsl/drivers/iigd_dch.inf_amd64_3e6575b60ae27560/libigdgmm_w.so.12  flags = 2
{"seed":42,"vendor":"Microsoft Corporation","renderer":"D3D12 (Intel(R) Arc(TM) 140T GPU (16GB))","gl_version":"4.6 (Compatibility Profile) Mesa 26.2.2","gallium_path":"/root/.cache/football-mesa-build-20260913-a/install-wayland/lib/libgallium-26.2.2.so","width":1920,"height":1080,"quality":"pbr+bloom+fxaa+auto_exposure","swap_enabled":true,"swap_interval":0,"warmup_frames":30,"measured_frames":120,"in_play_frames":141,"p50_ms":19.234101,"p95_ms":26.184495,"p99_ms":31.533003,"submit_p50_ms":19.191217,"submit_p95_ms":26.148928,"finish_p50_ms":0.036788,"finish_p95_ms":0.048646,"samples_ms":[17.625311,23.224457,19.335562,19.140053,22.561367,17.091843,18.371259,20.494611,17.499585,21.440438,18.280800,17.395185,23.217520,19.234101,21.281237,19.422239,18.184372,18.794863,20.165490,20.150240,19.344269,25.830144,18.712251,17.592017,19.272895,20.494925,35.195136,27.683510,31.131741,26.184495,23.770645,19.838787,22.638895,28.191296,25.229189,20.259783,23.312664,21.518968,25.544787,22.409069,24.496412,23.997283,27.846020,21.359174,21.829858,21.611707,31.533003,18.181688,17.509561,18.425040,18.820930,20.389324,18.772364,17.777215,17.759728,20.788898,18.255993,18.485933,21.962823,17.411840,18.121643,18.826369,20.038113,20.999291,19.141329,17.608495,21.428286,19.137321,19.833168,17.403451,20.398768,17.880105,17.819103,17.691139,19.393630,18.561841,18.880186,17.887117,17.676659,21.596873,19.763593,18.734398,21.100072,18.497619,18.080815,18.648704,17.595947,21.319502,17.203702,19.143036,21.666940,17.972565,18.503847,18.114822,18.748770,22.393637,17.636148,17.592479,23.206161,17.529104,18.228148,19.984048,18.753821,21.858939,18.264776,20.228952,20.675823,18.887479,18.895393,21.933658,18.295081,20.308485,22.203415,18.125331,18.444259,22.032339,18.870936,18.926686,17.748651,19.877209],"submit_samples_ms":[17.591302,23.186386,19.294894,19.102294,22.524279,17.050925,18.330509,20.459377,17.459478,21.403436,18.243298,17.360245,23.154950,19.191217,21.246164,19.388824,18.144040,18.760252,20.130661,20.113496,19.305397,25.796644,18.665533,17.556982,19.238466,20.452372,35.149286,27.639462,31.097004,26.148928,23.725749,19.800561,22.605829,28.158277,25.187245,20.224541,23.249474,21.483965,25.505178,22.372281,24.457333,23.961897,27.811760,21.321845,21.788706,21.578993,31.493234,18.149809,17.460915,18.390234,18.788710,20.354351,18.733391,17.741252,17.724673,20.752428,18.213176,18.443498,21.924639,17.377212,18.060598,18.789624,20.003412,20.963543,19.102250,17.574606,21.392936,19.094521,19.796686,17.368488,20.363664,17.847945,17.776225,17.658050,19.358790,18.519813,18.839528,17.846832,17.641300,21.562450,19.719454,18.697673,21.064416,18.458774,18.039737,18.611364,17.560121,21.284140,17.137292,19.105613,21.632673,17.918979,18.465273,18.078563,18.714260,22.353158,17.597120,17.555807,23.171017,17.489872,18.183429,19.946424,18.720191,21.813865,18.229159,20.194847,20.639224,18.848449,18.861377,21.900114,18.248132,20.269523,22.168650,18.084874,18.406680,21.995967,18.802429,18.888721,17.710432,19.841976],"finish_samples_ms":[0.034009,0.038071,0.040668,0.037759,0.037088,0.040918,0.040750,0.035234,0.040107,0.037002,0.037502,0.034940,0.062570,0.042884,0.035073,0.033415,0.040332,0.034611,0.034829,0.036744,0.038872,0.033500,0.046718,0.035035,0.034429,0.042553,0.045850,0.044048,0.034737,0.035567,0.044896,0.038226,0.033066,0.033019,0.041944,0.035242,0.063190,0.035003,0.039609,0.036788,0.039079,0.035386,0.034260,0.037329,0.041152,0.032714,0.039769,0.031879,0.048646,0.034806,0.032220,0.034973,0.038973,0.035963,0.035055,0.036470,0.042817,0.042435,0.038184,0.034628,0.061045,0.036745,0.034701,0.035748,0.039079,0.033889,0.035350,0.042800,0.036482,0.034963,0.035104,0.032160,0.042878,0.033089,0.034840,0.042028,0.040658,0.040285,0.035359,0.034423,0.044139,0.036725,0.035656,0.038845,0.041078,0.037340,0.035826,0.035362,0.066410,0.037423,0.034267,0.053586,0.038574,0.036259,0.034510,0.040479,0.039028,0.036672,0.035144,0.039232,0.044719,0.037624,0.033630,0.045074,0.035617,0.034105,0.036599,0.039030,0.034016,0.033544,0.046949,0.038962,0.034765,0.040457,0.037579,0.036372,0.068507,0.037965,0.038219,0.035233]}
MESA-EGL: warning: egl: failed to create dri2 screen
GPU_TIMER_SAMPLE 0 1310720 2752512 2228224 6291456
GPU_TIMER_SAMPLE 1 1179648 2621440 5111808 8912896
GPU_TIMER_SAMPLE 2 1572864 2752512 2359296 6684672
GPU_TIMER_SAMPLE 3 1310720 2621440 2097152 6029312
GPU_TIMER_SAMPLE 4 1310720 2621440 4849664 8781824
GPU_TIMER_SAMPLE 5 1310720 2490368 2097152 5898240
GPU_TIMER_SAMPLE 6 1310720 2490368 2359296 6160384
GPU_TIMER_SAMPLE 7 1310720 2490368 2228224 6029312
GPU_TIMER_SAMPLE 8 1179648 2621440 2097152 5898240
GPU_TIMER_SAMPLE 9 1441792 3014656 2359296 6815744
GPU_TIMER_SAMPLE 10 1441792 2621440 2097152 6160384
GPU_TIMER_SAMPLE 11 1310720 2490368 2097152 5898240
GPU_TIMER_SAMPLE 12 1310720 3145728 5111808 9568256
GPU_TIMER_SAMPLE 13 1572864 2752512 2359296 6684672
GPU_TIMER_SAMPLE 14 1310720 2621440 2097152 6029312
GPU_TIMER_SAMPLE 15 1572864 2752512 2097152 6422528
GPU_TIMER_SAMPLE 16 1310720 3014656 2097152 6422528
GPU_TIMER_SAMPLE 17 1179648 2883584 2228224 6291456
GPU_TIMER_SAMPLE 18 1179648 3670016 2097152 6946816
GPU_TIMER_SAMPLE 19 1441792 2883584 2097152 6422528
GPU_TIMER_SAMPLE 20 1310720 3014656 2097152 6422528
GPU_TIMER_SAMPLE 21 1179648 2621440 3014656 6815744
GPU_TIMER_SAMPLE 22 1441792 2752512 2359296 6553600
GPU_TIMER_SAMPLE 23 1310720 2621440 2097152 6029312
GPU_TIMER_SAMPLE 24 1310720 2490368 2097152 5898240
GPU_TIMER_SAMPLE 25 1572864 2359296 2883584 6815744
GPU_TIMER_SAMPLE 26 3014656 4456448 3407872 10878976
GPU_TIMER_SAMPLE 27 1703936 3801088 5111808 10616832
GPU_TIMER_SAMPLE 28 2490368 5111808 5767168 13369344
GPU_TIMER_SAMPLE 29 2621440 5242880 3670016 11534336
GPU_TIMER_SAMPLE 30 1703936 3801088 2752512 8257536
GPU_TIMER_SAMPLE 31 1703936 3932160 3014656 8650752
GPU_TIMER_SAMPLE 32 1966080 4063232 3014656 9043968
GPU_TIMER_SAMPLE 33 2359296 5373952 3407872 11141120
GPU_TIMER_SAMPLE 34 2490368 5767168 3670016 11927552
GPU_TIMER_SAMPLE 35 1835008 4063232 3014656 8912896
GPU_TIMER_SAMPLE 36 1703936 4194304 5111808 11010048
GPU_TIMER_SAMPLE 37 1966080 4063232 3014656 9043968
GPU_TIMER_SAMPLE 38 3538944 4063232 3014656 10616832
GPU_TIMER_SAMPLE 39 1966080 4194304 2752512 8912896
GPU_TIMER_SAMPLE 40 1703936 7077888 3407872 12189696
GPU_TIMER_SAMPLE 41 1966080 3801088 3014656 8781824
GPU_TIMER_SAMPLE 42 2359296 5636096 3407872 11403264
GPU_TIMER_SAMPLE 43 1966080 3801088 3014656 8781824
GPU_TIMER_SAMPLE 44 1703936 4063232 3014656 8781824
GPU_TIMER_SAMPLE 45 1966080 3801088 3014656 8781824
GPU_TIMER_SAMPLE 46 3145728 6553600 4063232 13762560
GPU_TIMER_SAMPLE 47 1441792 2359296 2097152 5898240
GPU_TIMER_SAMPLE 48 1310720 2490368 2097152 5898240
GPU_TIMER_SAMPLE 49 1310720 2752512 2359296 6422528
GPU_TIMER_SAMPLE 50 1310720 2490368 2097152 5898240
GPU_TIMER_SAMPLE 51 1310720 2621440 3801088 7733248
GPU_TIMER_SAMPLE 52 1179648 2752512 2228224 6160384
GPU_TIMER_SAMPLE 53 1310720 2490368 2097152 5898240
GPU_TIMER_SAMPLE 54 1310720 2490368 2097152 5898240
GPU_TIMER_SAMPLE 55 1310720 2490368 4849664 8650752
GPU_TIMER_SAMPLE 56 1310720 2490368 2228224 6029312
GPU_TIMER_SAMPLE 57 1310720 2490368 2228224 6029312
GPU_TIMER_SAMPLE 58 1179648 2621440 2097152 5898240
GPU_TIMER_SAMPLE 59 1310720 2490368 2359296 6160384
GPU_TIMER_SAMPLE 60 1179648 2359296 2359296 5898240
GPU_TIMER_SAMPLE 61 1179648 2621440 2097152 5898240
GPU_TIMER_SAMPLE 62 1310720 2490368 2097152 5898240
GPU_TIMER_SAMPLE 63 1310720 4456448 2097152 7864320
GPU_TIMER_SAMPLE 64 1441792 2621440 2097152 6160384
GPU_TIMER_SAMPLE 65 1179648 2621440 2097152 5898240
GPU_TIMER_SAMPLE 66 1179648 2621440 2097152 5898240
GPU_TIMER_SAMPLE 67 1310720 2490368 2228224 6029312
GPU_TIMER_SAMPLE 68 1179648 3014656 2097152 6291456
GPU_TIMER_SAMPLE 69 1310720 2490368 2359296 6160384
GPU_TIMER_SAMPLE 70 1310720 2621440 2097152 6029312
GPU_TIMER_SAMPLE 71 1310720 2490368 2097152 5898240
GPU_TIMER_SAMPLE 72 1441792 2621440 2097152 6160384
GPU_TIMER_SAMPLE 73 1310720 2490368 2228224 6029312
GPU_TIMER_SAMPLE 74 1179648 2621440 2097152 5898240
GPU_TIMER_SAMPLE 75 1310720 2490368 2228224 6029312
GPU_TIMER_SAMPLE 76 1441792 3145728 2228224 6815744
GPU_TIMER_SAMPLE 77 1572864 2490368 2228224 6291456
GPU_TIMER_SAMPLE 78 1572864 2490368 2228224 6291456
GPU_TIMER_SAMPLE 79 1441792 2359296 3014656 6815744
GPU_TIMER_SAMPLE 80 1572864 2752512 2097152 6422528
GPU_TIMER_SAMPLE 81 1441792 2359296 2359296 6160384
GPU_TIMER_SAMPLE 82 1310720 3801088 4718592 9830400
GPU_TIMER_SAMPLE 83 1310720 3014656 2097152 6422528
GPU_TIMER_SAMPLE 84 1310720 2490368 2097152 5898240
GPU_TIMER_SAMPLE 85 1441792 2621440 2097152 6160384
GPU_TIMER_SAMPLE 86 1310720 2752512 2097152 6160384
GPU_TIMER_SAMPLE 87 1572864 2490368 4980736 9043968
GPU_TIMER_SAMPLE 88 1310720 2490368 2097152 5898240
GPU_TIMER_SAMPLE 89 1572864 2228224 2359296 6160384
GPU_TIMER_SAMPLE 90 1179648 2621440 2359296 6160384
GPU_TIMER_SAMPLE 91 1441792 2621440 2097152 6160384
GPU_TIMER_SAMPLE 92 1572864 2752512 2097152 6422528
GPU_TIMER_SAMPLE 93 1310720 2621440 2097152 6029312
GPU_TIMER_SAMPLE 94 1179648 2621440 2097152 5898240
GPU_TIMER_SAMPLE 95 1572864 2752512 2097152 6422528
GPU_TIMER_SAMPLE 96 1572864 2490368 2097152 6160384
GPU_TIMER_SAMPLE 97 1179648 2621440 2359296 6160384
GPU_TIMER_SAMPLE 98 1310720 2621440 5505024 9437184
GPU_TIMER_SAMPLE 99 1441792 2752512 2097152 6291456
GPU_TIMER_SAMPLE 100 1441792 2621440 2097152 6160384
GPU_TIMER_SAMPLE 101 1310720 2490368 2228224 6029312
GPU_TIMER_SAMPLE 102 1572864 2883584 2228224 6684672
GPU_TIMER_SAMPLE 103 2097152 2621440 2097152 6815744
GPU_TIMER_SAMPLE 104 1310720 2490368 2097152 5898240
GPU_TIMER_SAMPLE 105 1310720 2490368 2359296 6160384
GPU_TIMER_SAMPLE 106 1441792 2752512 2228224 6422528
GPU_TIMER_SAMPLE 107 1179648 2621440 2097152 5898240
GPU_TIMER_SAMPLE 108 1441792 2621440 2097152 6160384
GPU_TIMER_SAMPLE 109 3276800 2359296 2359296 7995392
GPU_TIMER_SAMPLE 110 1441792 2752512 2359296 6553600
GPU_TIMER_SAMPLE 111 1441792 2359296 2621440 6422528
GPU_TIMER_SAMPLE 112 1441792 2621440 5767168 9830400
GPU_TIMER_SAMPLE 113 1441792 2621440 2097152 6160384
GPU_TIMER_SAMPLE 114 1572864 2490368 2228224 6291456
GPU_TIMER_SAMPLE 115 1441792 2621440 2097152 6160384
GPU_TIMER_SAMPLE 116 1572864 2752512 2359296 6684672
GPU_TIMER_SAMPLE 117 1572864 2490368 2097152 6160384
GPU_TIMER_SAMPLE 118 1310720 2490368 2228224 6029312
GPU_TIMER_SAMPLE 119 1310720 2490368 2752512 6553600
