MESA-EGL: warning: egl: failed to create dri2 screen
 dllPath = /usr/lib/wsl/drivers/iigd_dch.inf_amd64_3e6575b60ae27560, dllName = libigdgmm_w.so.12 
 IsWddmLinux = 1, dllWslName = /usr/lib/wsl/drivers/iigd_dch.inf_amd64_3e6575b60ae27560/libigdgmm_w.so.12  flags = 2
 dllPath = /usr/lib/wsl/drivers/iigd_dch.inf_amd64_3e6575b60ae27560, dllName = libigdgmm_w.so.12 
 IsWddmLinux = 1, dllWslName = /usr/lib/wsl/drivers/iigd_dch.inf_amd64_3e6575b60ae27560/libigdgmm_w.so.12  flags = 2
GPU_POST_SAMPLE 0 11206656 21168128 18415616 1572864 1441792 589824 5308416 9568256 69271552
GPU_POST_SAMPLE 1 11468800 21495808 14680064 1572864 1507328 524288 5439488 9568256 66256896
GPU_POST_SAMPLE 2 11534336 31129600 12189696 1572864 1441792 655360 5373952 9633792 73531392
GPU_POST_SAMPLE 3 11468800 21692416 18939904 1572864 1441792 655360 5373952 9633792 70778880
GPU_POST_SAMPLE 4 11862016 21495808 11599872 1507328 1507328 655360 5373952 9633792 63635456
GPU_POST_SAMPLE 5 3997696 12713984 524288 393216 458752 131072 1966080 3866624 24051712
GPU_POST_SAMPLE 6 9633792 27721728 1310720 1245184 11599872 589824 4456448 7995392 64552960
GPU_POST_SAMPLE 7 9764864 13434880 3997696 655360 524288 196608 2424832 4259840 35258368
GPU_POST_SAMPLE 8 7667712 14548992 4653056 851968 720896 196608 3407872 5832704 37879808
GPU_POST_SAMPLE 9 7536640 19922944 4980736 851968 786432 262144 3211264 5898240 43450368
GPU_POST_SAMPLE 10 7798784 22413312 786432 786432 720896 131072 3211264 8912896 44761088
GPU_POST_SAMPLE 11 5963776 14811136 393216 458752 393216 65536 1769472 2752512 26607616
GPU_POST_SAMPLE 12 3866624 11010048 393216 262144 327680 131072 1310720 2228224 19529728
GPU_POST_SAMPLE 13 7536640 14155776 3276800 786432 720896 196608 3276800 5570560 35520512
GPU_POST_SAMPLE 14 7471104 14286848 2555904 720896 655360 196608 2883584 5046272 33816576
GPU_POST_SAMPLE 15 8912896 24576000 4325376 851968 786432 196608 3342336 5963776 48955392
GPU_POST_SAMPLE 16 8454144 16842752 5373952 851968 851968 131072 3473408 6160384 42139648
GPU_POST_SAMPLE 17 9830400 27721728 12189696 1572864 1507328 589824 5308416 9568256 68288512
GPU_POST_SAMPLE 18 11403264 21823488 12910592 1507328 1507328 655360 5308416 9633792 64749568
GPU_POST_SAMPLE 19 11599872 28704768 1638400 13434880 1572864 655360 5242880 9633792 72482816
GPU_POST_SAMPLE 20 11665408 21692416 16842752 1572864 1441792 655360 5308416 9633792 68812800
GPU_POST_SAMPLE 21 11730944 29229056 9961472 1572864 1441792 589824 5439488 9633792 69599232
GPU_POST_SAMPLE 22 10158080 16515072 655360 589824 655360 131072 2686976 7864320 39256064
GPU_POST_SAMPLE 23 9895936 18087936 10551296 1376256 1245184 524288 4521984 8060928 54263808
GPU_POST_SAMPLE 24 7471104 8585216 393216 393216 393216 131072 1835008 3342336 22544384
GPU_POST_SAMPLE 25 8323072 20774912 8847360 1114112 1048576 458752 3801088 6881280 51249152
GPU_POST_SAMPLE 26 8060928 20774912 786432 786432 720896 196608 3342336 9043968 43712512
GPU_POST_SAMPLE 27 7602176 14286848 3670016 851968 720896 196608 3342336 5767168 36438016
GPU_POST_SAMPLE 28 12648448 9568256 458752 458752 393216 131072 1835008 2752512 28246016
GPU_POST_SAMPLE 29 5570560 13697024 524288 393216 393216 131072 1703936 2883584 25296896
GPU_POST_SAMPLE 30 5439488 13172736 458752 393216 458752 0 1703936 2883584 24510464
GPU_POST_SAMPLE 31 5439488 13172736 393216 458752 393216 65536 1703936 2752512 24379392
GPU_POST_SAMPLE 32 5767168 13172736 393216 458752 327680 65536 1703936 2686976 24576000
GPU_POST_SAMPLE 33 5963776 10289152 4587520 393216 327680 196608 1638400 2752512 26148864
GPU_POST_SAMPLE 34 5701632 13107200 458752 327680 393216 131072 1769472 2686976 24576000
GPU_POST_SAMPLE 35 6094848 13697024 458752 393216 393216 65536 1835008 2752512 25690112
GPU_POST_SAMPLE 36 3407872 7012352 262144 196608 262144 65536 1048576 1703936 13959168
GPU_POST_SAMPLE 37 3145728 6553600 3407872 327680 262144 65536 1114112 1703936 16580608
GPU_POST_SAMPLE 38 5636096 7405568 262144 262144 196608 65536 983040 1638400 16449536
GPU_POST_SAMPLE 39 2293760 4718592 2621440 262144 327680 65536 1048576 1572864 12910592
GPU_POST_SAMPLE 40 2162688 4325376 262144 262144 262144 65536 1048576 1638400 10027008
GPU_POST_SAMPLE 41 5832704 8192000 262144 262144 196608 131072 917504 1638400 17432576
GPU_POST_SAMPLE 42 2293760 4784128 2686976 262144 327680 65536 1048576 1703936 13172736
GPU_POST_SAMPLE 43 2359296 4784128 2752512 262144 262144 65536 1114112 1638400 13238272
GPU_POST_SAMPLE 44 2293760 4653056 196608 262144 196608 131072 983040 4653056 13369344
GPU_POST_SAMPLE 45 2359296 4390912 262144 3080192 327680 65536 1048576 1638400 13172736
GPU_POST_SAMPLE 46 2228224 4259840 3538944 262144 262144 131072 983040 1703936 13369344
GPU_POST_SAMPLE 47 5570560 7471104 262144 196608 262144 65536 983040 1638400 16449536
GPU_POST_SAMPLE 48 2359296 4718592 2555904 327680 196608 131072 1048576 1572864 12910592
GPU_POST_SAMPLE 49 2359296 4653056 2621440 262144 262144 131072 1048576 1703936 13041664
GPU_POST_SAMPLE 50 2359296 7143424 262144 196608 262144 65536 1048576 1638400 12976128
GPU_POST_SAMPLE 51 2359296 4718592 262144 196608 262144 65536 1048576 1572864 10485760
GPU_POST_SAMPLE 52 2359296 4521984 262144 196608 262144 131072 983040 5505024 14221312
GPU_POST_SAMPLE 53 3211264 6684672 3670016 262144 262144 131072 1048576 1638400 16908288
GPU_POST_SAMPLE 54 5439488 9371648 2949120 393216 393216 196608 1703936 2883584 23330816
GPU_POST_SAMPLE 55 6291456 15466496 524288 327680 393216 131072 1703936 2883584 27721728
GPU_POST_SAMPLE 56 8192000 14483456 4128768 851968 786432 131072 3407872 5767168 37748736
GPU_POST_SAMPLE 57 8192000 14548992 5832704 917504 786432 196608 3473408 5767168 39714816
GPU_POST_SAMPLE 58 8781824 15466496 4063232 786432 786432 196608 3276800 5832704 39190528
GPU_POST_SAMPLE 59 10289152 30212096 13041664 1572864 1507328 589824 5439488 19005440 81657856
GPU_POST_SAMPLE 60 12124160 21364736 10813440 458752 393216 196608 1900544 3407872 50659328
GPU_POST_SAMPLE 61 17694720 16252928 4194304 851968 851968 196608 3538944 6291456 49872896
GPU_POST_SAMPLE 62 9502720 23789568 3342336 851968 851968 196608 3735552 6488064 48758784
GPU_POST_SAMPLE 63 14745600 14221312 4259840 917504 786432 262144 3407872 6094848 44695552
GPU_POST_SAMPLE 64 7995392 20250624 917504 786432 720896 196608 3145728 5308416 39321600
GPU_POST_SAMPLE 65 8257536 21037056 851968 786432 786432 196608 3276800 9306112 44498944
GPU_POST_SAMPLE 66 8454144 22413312 786432 786432 655360 196608 3342336 5767168 42401792
GPU_POST_SAMPLE 67 8388608 17825792 524288 458752 458752 131072 2031616 6422528 36241408
GPU_POST_SAMPLE 68 6619136 15007744 393216 458752 327680 131072 1703936 2949120 27590656
GPU_POST_SAMPLE 69 6684672 13762560 524288 393216 2424832 196608 1572864 2883584 28442624
GPU_POST_SAMPLE 70 6684672 14483456 458752 2752512 393216 196608 1638400 2883584 29491200
GPU_POST_SAMPLE 71 6684672 14155776 393216 393216 393216 65536 1703936 2883584 26673152
GPU_POST_SAMPLE 72 6488064 15597568 524288 262144 393216 131072 1638400 2818048 27852800
GPU_POST_SAMPLE 73 6619136 10289152 6094848 524288 393216 196608 1703936 2883584 28704768
GPU_POST_SAMPLE 74 6619136 10616832 5439488 589824 524288 131072 1900544 3276800 29097984
GPU_POST_SAMPLE 75 6619136 10354688 4587520 458752 393216 196608 1835008 2818048 27262976
GPU_POST_SAMPLE 76 5832704 12582912 458752 393216 393216 131072 1638400 2883584 24313856
GPU_POST_SAMPLE 77 5963776 9568256 4456448 393216 393216 65536 1703936 2883584 25427968
GPU_POST_SAMPLE 78 10420224 9371648 458752 458752 327680 131072 1638400 2818048 25624576
GPU_POST_SAMPLE 79 6356992 14155776 458752 458752 393216 65536 1703936 2818048 26411008
GPU_POST_SAMPLE 80 2424832 4718592 2686976 327680 196608 65536 1114112 1638400 13172736
GPU_POST_SAMPLE 81 2555904 4521984 2949120 262144 262144 131072 1048576 1638400 13369344
GPU_POST_SAMPLE 82 2490368 4521984 3473408 262144 262144 131072 1048576 1703936 13893632
GPU_POST_SAMPLE 83 2490368 4784128 2752512 262144 262144 65536 1114112 1703936 13434880
GPU_POST_SAMPLE 84 2490368 4784128 262144 262144 196608 131072 917504 4915200 13959168
GPU_POST_SAMPLE 85 2424832 4521984 196608 262144 196608 3080192 1114112 1703936 13500416
GPU_POST_SAMPLE 86 2490368 4849664 262144 262144 196608 131072 983040 4194304 13369344
GPU_POST_SAMPLE 87 2424832 4653056 262144 262144 196608 131072 983040 1703936 10616832
GPU_POST_SAMPLE 88 2424832 4718592 262144 196608 262144 65536 983040 4653056 13565952
GPU_POST_SAMPLE 89 2490368 4587520 262144 196608 262144 65536 983040 5177344 14024704
GPU_POST_SAMPLE 90 2359296 4653056 262144 196608 327680 0 1114112 1638400 10551296
GPU_POST_SAMPLE 91 2424832 4587520 2228224 262144 196608 131072 983040 1507328 12320768
GPU_POST_SAMPLE 92 2424832 4587520 2621440 262144 262144 65536 1048576 1572864 12845056
GPU_POST_SAMPLE 93 2424832 4521984 262144 262144 262144 0 1048576 1572864 10354688
GPU_POST_SAMPLE 94 2359296 4784128 3276800 327680 196608 131072 983040 1638400 13697024
GPU_POST_SAMPLE 95 2359296 4587520 262144 262144 262144 65536 983040 5046272 13828096
GPU_POST_SAMPLE 96 2359296 4325376 327680 196608 262144 65536 917504 5308416 13762560
GPU_POST_SAMPLE 97 2424832 4653056 2293760 262144 196608 196608 917504 1572864 12517376
GPU_POST_SAMPLE 98 2490368 4521984 262144 262144 196608 131072 983040 3997696 12845056
GPU_POST_SAMPLE 99 2228224 4194304 2621440 262144 131072 131072 917504 1441792 11927552
GPU_POST_SAMPLE 100 2228224 4128768 196608 262144 196608 65536 917504 1441792 9437184
GPU_POST_SAMPLE 101 2097152 3866624 2293760 262144 196608 131072 851968 1507328 11206656
GPU_POST_SAMPLE 102 2097152 3997696 262144 196608 196608 65536 851968 1441792 9109504
GPU_POST_SAMPLE 103 2228224 5898240 196608 196608 196608 65536 851968 1441792 11075584
GPU_POST_SAMPLE 104 2228224 4194304 2293760 262144 196608 131072 917504 1441792 11665408
GPU_POST_SAMPLE 105 2228224 3997696 196608 196608 196608 131072 851968 1441792 9240576
GPU_POST_SAMPLE 106 2293760 3997696 2097152 262144 196608 131072 917504 1376256 11272192
GPU_POST_SAMPLE 107 2162688 3997696 262144 196608 196608 65536 917504 1441792 9240576
GPU_POST_SAMPLE 108 2228224 3866624 262144 196608 131072 131072 851968 1441792 9109504
GPU_POST_SAMPLE 109 2555904 5111808 2293760 262144 262144 65536 983040 1376256 12910592
GPU_POST_SAMPLE 110 2097152 4194304 262144 196608 131072 131072 917504 1441792 9371648
GPU_POST_SAMPLE 111 2228224 4063232 196608 262144 196608 65536 851968 1376256 9240576
GPU_POST_SAMPLE 112 2162688 3997696 2293760 262144 196608 131072 983040 1376256 11403264
GPU_POST_SAMPLE 113 2818048 5505024 2293760 262144 196608 65536 917504 1376256 13434880
GPU_POST_SAMPLE 114 2162688 4063232 196608 196608 262144 0 917504 1441792 9240576
GPU_POST_SAMPLE 115 2228224 4063232 2097152 262144 196608 131072 917504 1376256 11272192
GPU_POST_SAMPLE 116 1572864 3670016 196608 262144 196608 65536 917504 1441792 8323072
GPU_POST_SAMPLE 117 2031616 5308416 196608 131072 196608 65536 655360 1048576 9633792
GPU_POST_SAMPLE 118 1507328 2490368 196608 196608 131072 65536 655360 983040 6225920
GPU_POST_SAMPLE 119 1507328 2555904 1441792 262144 196608 65536 720896 983040 7733248
{"seed":43,"vendor":"Microsoft Corporation","renderer":"D3D12 (Intel(R) Arc(TM) 140T GPU (16GB))","gl_version":"4.6 (Compatibility Profile) Mesa 26.2.2","gallium_path":"/root/.cache/football-mesa-build-20260913-a/install-wayland/lib/libgallium-26.2.2.so","width":1920,"height":1080,"quality":"pbr+bloom+fxaa+auto_exposure","swap_enabled":true,"swap_interval":0,"warmup_frames":30,"measured_frames":120,"in_play_frames":150,"p50_ms":42.173172,"p95_ms":143.237572,"p99_ms":154.959785,"submit_p50_ms":42.127596,"submit_p95_ms":143.181291,"finish_p50_ms":0.044827,"finish_p95_ms":0.071470,"samples_ms":[137.007650,140.647031,154.981410,141.215752,126.210481,50.119470,121.092040,71.450207,74.131425,72.840403,65.977802,46.901434,41.787710,79.565159,82.170705,78.401517,90.643520,150.716538,143.237572,152.586239,154.959785,152.307469,79.261894,118.081470,49.871959,97.936002,72.379154,74.241906,51.159833,47.390599,46.375908,46.469355,47.386139,46.063673,49.169706,48.211699,35.212283,35.755545,35.714063,31.922491,38.509111,39.114202,32.463431,32.324037,32.918301,32.282569,33.098532,35.342375,34.040653,30.963567,32.091184,32.016804,37.481209,35.922367,68.894740,50.711259,86.045528,77.899141,74.176913,145.692232,115.935849,76.220409,76.363403,70.455166,65.465730,68.115242,70.150184,58.196772,46.515543,47.703395,48.897603,46.573960,46.726594,46.702843,46.599823,44.816435,42.173172,43.678677,45.766871,45.968892,30.508086,30.603097,30.183732,29.655151,29.245188,31.569382,29.957182,31.450089,30.264265,29.903658,29.306329,27.556127,29.264042,29.375571,28.015888,28.289876,29.058045,27.493852,26.747790,25.910082,25.859140,26.627269,23.356000,26.736438,28.224919,22.152148,24.676307,23.988519,26.375473,26.904217,25.510133,25.231078,28.355463,27.649736,22.326199,25.279518,21.014042,26.103552,20.848281,21.934551],"submit_samples_ms":[136.921489,140.590357,154.922785,141.151862,126.141039,50.072057,120.860591,71.398881,74.078590,72.798976,65.935146,46.784238,41.738271,79.480792,82.106573,78.334651,90.583264,150.663096,143.181291,152.513908,154.874134,152.244183,79.205395,118.030861,49.828064,97.876610,72.307684,74.193874,51.114337,47.336002,46.330769,46.422125,47.340242,46.020513,49.122836,48.161957,35.162098,35.699700,35.672726,31.879968,38.466090,39.071895,32.417427,32.280893,32.872484,32.235965,33.048895,35.301254,33.998003,30.924472,32.042470,31.971977,37.433961,35.883653,68.846322,50.666527,85.996136,77.848784,74.126032,145.640337,115.885278,76.171561,76.313709,70.406894,65.424854,68.065671,70.104492,58.152629,46.445383,47.660000,48.854451,46.529171,46.662207,46.663329,46.559249,44.771073,42.127596,43.632330,45.723142,45.925817,30.465293,30.559187,30.118299,29.617669,29.207230,31.528581,29.904092,31.414045,30.227792,29.867618,29.256224,27.518236,29.227630,29.315574,27.977596,28.255711,29.023512,27.458594,26.706731,25.872773,25.825057,26.590203,23.319467,26.702126,28.187826,22.117785,24.642555,23.951036,26.341070,26.870861,25.468328,25.196409,28.317427,27.616440,22.292673,25.247686,20.977952,26.069639,20.812122,21.899096],"finish_samples_ms":[0.086161,0.056674,0.058625,0.063890,0.069442,0.047413,0.231449,0.051326,0.052835,0.041427,0.042656,0.117196,0.049439,0.084367,0.064132,0.066866,0.060256,0.053442,0.056281,0.072331,0.085651,0.063286,0.056499,0.050609,0.043895,0.059392,0.071470,0.048032,0.045496,0.054597,0.045139,0.047230,0.045897,0.043160,0.046870,0.049742,0.050185,0.055845,0.041337,0.042523,0.043021,0.042307,0.046004,0.043144,0.045817,0.046604,0.049637,0.041121,0.042650,0.039095,0.048714,0.044827,0.047248,0.038714,0.048418,0.044732,0.049392,0.050357,0.050881,0.051895,0.050571,0.048848,0.049694,0.048272,0.040876,0.049571,0.045692,0.044143,0.070160,0.043395,0.043152,0.044789,0.064387,0.039514,0.040574,0.045362,0.045576,0.046347,0.043729,0.043075,0.042793,0.043910,0.065433,0.037482,0.037958,0.040801,0.053090,0.036044,0.036473,0.036040,0.050105,0.037891,0.036412,0.059997,0.038292,0.034165,0.034533,0.035258,0.041059,0.037309,0.034083,0.037066,0.036533,0.034312,0.037093,0.034363,0.033752,0.037483,0.034403,0.033356,0.041805,0.034669,0.038036,0.033296,0.033526,0.031832,0.036090,0.033913,0.036159,0.035455]}
