MESA-EGL: warning: egl: failed to create dri2 screen
 dllPath = /usr/lib/wsl/drivers/iigd_dch.inf_amd64_3e6575b60ae27560, dllName = libigdgmm_w.so.12 
 IsWddmLinux = 1, dllWslName = /usr/lib/wsl/drivers/iigd_dch.inf_amd64_3e6575b60ae27560/libigdgmm_w.so.12  flags = 2
 dllPath = /usr/lib/wsl/drivers/iigd_dch.inf_amd64_3e6575b60ae27560, dllName = libigdgmm_w.so.12 
 IsWddmLinux = 1, dllWslName = /usr/lib/wsl/drivers/iigd_dch.inf_amd64_3e6575b60ae27560/libigdgmm_w.so.12  flags = 2
GPU_POST_SAMPLE 0 7077888 13434880 5505024 917504 851968 262144 3407872 5898240 37355520
GPU_POST_SAMPLE 1 6946816 13041664 6488064 655360 720896 131072 3145728 4784128 35913728
GPU_POST_SAMPLE 2 5898240 14876672 393216 393216 458752 65536 1769472 3014656 26869760
GPU_POST_SAMPLE 3 6881280 12189696 5439488 851968 786432 196608 3211264 5439488 34996224
GPU_POST_SAMPLE 4 7798784 22872064 8257536 1114112 983040 327680 3801088 6553600 51707904
GPU_POST_SAMPLE 5 9371648 18022400 10354688 1310720 1179648 524288 4587520 7995392 53346304
GPU_POST_SAMPLE 6 8978432 28049408 3473408 851968 851968 196608 3735552 6488064 52625408
GPU_POST_SAMPLE 7 8781824 24838144 3997696 851968 851968 196608 3604480 6553600 49676288
GPU_POST_SAMPLE 8 9371648 17956864 12124160 1376256 1179648 524288 4915200 9633792 57081856
GPU_POST_SAMPLE 9 11141120 21299200 14680064 1638400 1441792 655360 5505024 9633792 65994752
GPU_POST_SAMPLE 10 11206656 37355520 14614528 1638400 1507328 589824 5505024 17694720 90112000
GPU_POST_SAMPLE 11 7995392 15859712 5570560 1048576 983040 262144 4128768 7602176 43450368
GPU_POST_SAMPLE 12 8912896 24379392 3145728 917504 851968 262144 3735552 6488064 48693248
GPU_POST_SAMPLE 13 7995392 20578304 4259840 917504 851968 262144 3407872 6094848 44367872
GPU_POST_SAMPLE 14 7995392 21299200 655360 786432 655360 196608 2818048 7208960 41615360
GPU_POST_SAMPLE 15 4456448 10223616 5373952 524288 458752 131072 2228224 3538944 26935296
GPU_POST_SAMPLE 16 7012352 20447232 786432 655360 655360 131072 2949120 4653056 37289984
GPU_POST_SAMPLE 17 7077888 18743296 720896 4325376 655360 196608 2818048 4325376 38862848
GPU_POST_SAMPLE 18 5898240 10551296 5439488 458752 393216 131072 1835008 2883584 27590656
GPU_POST_SAMPLE 19 5832704 8323072 3473408 327680 196608 131072 983040 1572864 20840448
GPU_POST_SAMPLE 20 4325376 11927552 393216 393216 393216 65536 1835008 2883584 22216704
GPU_POST_SAMPLE 21 2162688 4390912 3997696 393216 327680 131072 1441792 2162688 15007744
GPU_POST_SAMPLE 22 2097152 4325376 262144 262144 262144 65536 1114112 1703936 10092544
GPU_POST_SAMPLE 23 2097152 4390912 3735552 393216 262144 196608 1441792 2293760 14811136
GPU_POST_SAMPLE 24 2097152 6815744 5505024 655360 458752 196608 2424832 3342336 21495808
GPU_POST_SAMPLE 25 5373952 7929856 4259840 262144 327680 131072 1310720 2097152 21692416
GPU_POST_SAMPLE 26 3014656 8716288 262144 327680 262144 65536 1376256 2162688 16187392
GPU_POST_SAMPLE 27 2949120 6815744 4063232 393216 262144 131072 1376256 2097152 18087936
GPU_POST_SAMPLE 28 2162688 4587520 262144 262144 196608 131072 983040 1769472 10354688
GPU_POST_SAMPLE 29 2228224 4915200 2752512 262144 262144 131072 1048576 1703936 13303808
GPU_POST_SAMPLE 30 7077888 22347776 655360 655360 655360 65536 2555904 3932160 37945344
GPU_POST_SAMPLE 31 7012352 19857408 3538944 786432 720896 131072 3080192 4521984 39649280
GPU_POST_SAMPLE 32 5111808 9830400 1835008 458752 458752 131072 1966080 3080192 22872064
GPU_POST_SAMPLE 33 7864320 23527424 6160384 983040 786432 196608 3538944 6160384 49217536
GPU_POST_SAMPLE 34 9306112 17956864 9961472 1310720 1245184 524288 4521984 8060928 52887552
GPU_POST_SAMPLE 35 9371648 17891328 10944512 1310720 1245184 524288 4587520 8060928 53936128
GPU_POST_SAMPLE 36 9371648 17694720 11337728 1376256 1179648 524288 4587520 7995392 54067200
GPU_POST_SAMPLE 37 7274496 14352384 3735552 917504 786432 196608 3473408 6160384 36896768
GPU_POST_SAMPLE 38 5439488 10420224 524288 524288 393216 131072 1966080 3211264 22609920
GPU_POST_SAMPLE 39 13172736 14483456 4194304 851968 851968 196608 3407872 6029312 43188224
GPU_POST_SAMPLE 40 19791872 13631488 2686976 720896 655360 131072 2752512 4259840 44630016
GPU_POST_SAMPLE 41 5373952 13107200 458752 393216 327680 131072 1703936 2949120 24444928
GPU_POST_SAMPLE 42 7077888 21757952 3735552 655360 720896 131072 2949120 4718592 41746432
GPU_POST_SAMPLE 43 5439488 10027008 3932160 851968 720896 196608 3145728 5111808 29425664
GPU_POST_SAMPLE 44 6946816 19267584 786432 786432 720896 131072 2949120 5242880 36831232
GPU_POST_SAMPLE 45 2949120 8781824 327680 262144 262144 65536 1310720 2097152 16056320
GPU_POST_SAMPLE 46 2949120 6750208 3342336 393216 327680 131072 1376256 2162688 17432576
GPU_POST_SAMPLE 47 2162688 4587520 2686976 327680 196608 196608 983040 1703936 12845056
GPU_POST_SAMPLE 48 3080192 6946816 3473408 393216 262144 131072 1376256 2097152 17760256
GPU_POST_SAMPLE 49 2162688 4784128 262144 262144 262144 65536 1114112 5046272 13959168
GPU_POST_SAMPLE 50 2031616 4784128 262144 262144 3145728 131072 1441792 2162688 14221312
GPU_POST_SAMPLE 51 2818048 6750208 3276800 327680 262144 131072 1245184 2293760 17104896
GPU_POST_SAMPLE 52 3080192 6881280 3997696 327680 327680 65536 1441792 2293760 18415616
GPU_POST_SAMPLE 53 2031616 4521984 262144 196608 262144 2555904 1310720 1769472 12910592
GPU_POST_SAMPLE 54 2162688 4849664 262144 196608 262144 65536 1048576 4194304 13041664
GPU_POST_SAMPLE 55 2162688 4784128 262144 196608 262144 65536 1048576 4849664 13631488
GPU_POST_SAMPLE 56 2162688 4653056 262144 196608 262144 65536 4849664 2555904 15007744
GPU_POST_SAMPLE 57 2162688 4456448 4980736 393216 262144 131072 1376256 2228224 15990784
GPU_POST_SAMPLE 58 2818048 10551296 327680 327680 262144 65536 1376256 2162688 17891328
GPU_POST_SAMPLE 59 2949120 9699328 262144 262144 327680 131072 1310720 2293760 17235968
GPU_POST_SAMPLE 60 3014656 6946816 3538944 327680 262144 131072 1376256 2293760 17891328
GPU_POST_SAMPLE 61 2293760 4587520 262144 262144 262144 65536 1114112 1769472 10616832
GPU_POST_SAMPLE 62 2293760 4521984 2686976 327680 196608 196608 1048576 1769472 13041664
GPU_POST_SAMPLE 63 2752512 6422528 3473408 393216 262144 131072 1441792 2359296 17235968
GPU_POST_SAMPLE 64 2293760 4849664 262144 262144 196608 131072 983040 1703936 10682368
GPU_POST_SAMPLE 65 2228224 4587520 3080192 262144 262144 131072 1048576 1703936 13303808
GPU_POST_SAMPLE 66 2293760 4325376 2818048 262144 262144 65536 1114112 1769472 12910592
GPU_POST_SAMPLE 67 2949120 6094848 4063232 393216 327680 65536 1441792 2228224 17563648
GPU_POST_SAMPLE 68 2818048 6881280 3735552 393216 393216 65536 1769472 3014656 19070976
GPU_POST_SAMPLE 69 2162688 4587520 196608 4259840 393216 65536 1376256 2097152 15138816
GPU_POST_SAMPLE 70 2228224 4521984 5308416 393216 262144 65536 1376256 2097152 16252928
GPU_POST_SAMPLE 71 2162688 4390912 4390912 327680 262144 65536 1179648 1769472 14548992
GPU_POST_SAMPLE 72 2097152 4128768 196608 196608 262144 0 983040 4849664 12713984
GPU_POST_SAMPLE 73 2752512 5505024 262144 262144 262144 65536 1179648 4980736 15269888
GPU_POST_SAMPLE 74 2621440 5701632 262144 262144 262144 65536 1114112 4849664 15138816
GPU_POST_SAMPLE 75 1966080 3866624 196608 196608 196608 131072 851968 1507328 8912896
GPU_POST_SAMPLE 76 2162688 4849664 262144 196608 262144 65536 1048576 1572864 10420224
GPU_POST_SAMPLE 77 2228224 4718592 262144 196608 262144 65536 1048576 1703936 10485760
GPU_POST_SAMPLE 78 2424832 5242880 262144 262144 262144 65536 1048576 5832704 15400960
GPU_POST_SAMPLE 79 2490368 5308416 327680 262144 196608 851968 1179648 4653056 15269888
GPU_POST_SAMPLE 80 2752512 5701632 262144 3473408 262144 131072 1048576 1638400 15269888
GPU_POST_SAMPLE 81 2555904 6029312 262144 262144 196608 131072 983040 1769472 12189696
GPU_POST_SAMPLE 82 2883584 5963776 2359296 262144 262144 131072 1048576 1703936 14614528
GPU_POST_SAMPLE 83 2686976 5832704 2621440 262144 196608 131072 983040 1703936 14417920
GPU_POST_SAMPLE 84 2686976 5767168 2686976 262144 262144 65536 1114112 1572864 14417920
GPU_POST_SAMPLE 85 3932160 7471104 3407872 327680 196608 131072 1245184 1966080 18677760
GPU_POST_SAMPLE 86 2686976 5832704 2555904 327680 196608 131072 1048576 1638400 14417920
GPU_POST_SAMPLE 87 2031616 4194304 2424832 327680 196608 131072 1179648 1703936 12189696
GPU_POST_SAMPLE 88 2031616 3997696 196608 131072 262144 65536 917504 1441792 9043968
GPU_POST_SAMPLE 89 2621440 7798784 262144 262144 196608 65536 983040 1572864 13762560
GPU_POST_SAMPLE 90 3801088 7602176 2490368 262144 262144 65536 1048576 1638400 17170432
GPU_POST_SAMPLE 91 1966080 4325376 262144 196608 262144 2490368 1245184 1769472 12517376
GPU_POST_SAMPLE 92 2031616 3997696 262144 196608 196608 65536 917504 1441792 9109504
GPU_POST_SAMPLE 93 2752512 5701632 2359296 327680 196608 131072 1048576 1638400 14155776
GPU_POST_SAMPLE 94 2555904 5505024 2621440 262144 196608 131072 1114112 1572864 13959168
GPU_POST_SAMPLE 95 2031616 4128768 262144 196608 3670016 131072 1114112 1638400 13172736
GPU_POST_SAMPLE 96 1966080 3997696 262144 131072 196608 65536 917504 1441792 8978432
GPU_POST_SAMPLE 97 2752512 5242880 2424832 262144 196608 131072 1048576 1638400 13697024
GPU_POST_SAMPLE 98 2490368 7798784 262144 262144 196608 65536 1048576 1638400 13762560
GPU_POST_SAMPLE 99 2686976 7929856 262144 196608 262144 65536 983040 1769472 14155776
GPU_POST_SAMPLE 100 2818048 5701632 196608 262144 196608 131072 983040 1703936 11993088
GPU_POST_SAMPLE 101 2097152 4259840 262144 196608 196608 65536 917504 1441792 9437184
GPU_POST_SAMPLE 102 2621440 5832704 2228224 327680 262144 131072 983040 1703936 14090240
GPU_POST_SAMPLE 103 2031616 4325376 196608 262144 196608 65536 983040 1441792 9502720
GPU_POST_SAMPLE 104 1966080 4194304 196608 131072 262144 65536 917504 1572864 9306112
GPU_POST_SAMPLE 105 2752512 5767168 262144 262144 1376256 65536 1114112 3538944 15138816
GPU_POST_SAMPLE 106 2621440 5701632 262144 262144 262144 65536 1048576 1638400 11862016
GPU_POST_SAMPLE 107 2490368 5308416 2359296 262144 262144 131072 1114112 1703936 13631488
GPU_POST_SAMPLE 108 2031616 4128768 196608 262144 2555904 131072 1179648 1703936 12189696
GPU_POST_SAMPLE 109 1966080 4259840 196608 262144 131072 131072 851968 1507328 9306112
GPU_POST_SAMPLE 110 1966080 3997696 262144 196608 196608 131072 851968 1376256 8978432
GPU_POST_SAMPLE 111 2097152 4325376 2686976 262144 327680 65536 1048576 1769472 12582912
GPU_POST_SAMPLE 112 1966080 4259840 196608 196608 196608 65536 917504 1572864 9371648
GPU_POST_SAMPLE 113 2752512 7667712 262144 262144 196608 131072 1114112 1769472 14155776
GPU_POST_SAMPLE 114 2031616 3866624 262144 196608 196608 65536 917504 1441792 8978432
GPU_POST_SAMPLE 115 2555904 5767168 2359296 262144 262144 65536 1114112 1638400 14024704
GPU_POST_SAMPLE 116 2818048 6029312 2490368 262144 262144 131072 983040 1703936 14680064
GPU_POST_SAMPLE 117 2031616 3997696 196608 196608 262144 0 917504 1376256 8978432
GPU_POST_SAMPLE 118 2031616 3932160 196608 196608 196608 65536 983040 1441792 9043968
GPU_POST_SAMPLE 119 2097152 4259840 196608 196608 262144 65536 917504 3866624 11862016
{"seed":42,"vendor":"Microsoft Corporation","renderer":"D3D12 (Intel(R) Arc(TM) 140T GPU (16GB))","gl_version":"4.6 (Compatibility Profile) Mesa 26.2.2","gallium_path":"/root/.cache/football-mesa-build-20260913-a/install-wayland/lib/libgallium-26.2.2.so","width":1920,"height":1080,"quality":"pbr+bloom+fxaa+auto_exposure","swap_enabled":true,"swap_interval":0,"warmup_frames":30,"measured_frames":120,"in_play_frames":141,"p50_ms":31.987973,"p95_ms":111.424499,"p99_ms":140.232069,"submit_p50_ms":31.944874,"submit_p95_ms":111.340319,"finish_p50_ms":0.046143,"finish_p95_ms":0.082925,"samples_ms":[73.041765,60.077630,48.240735,76.747991,86.289156,119.867140,92.219938,84.428116,130.233754,140.232069,148.894402,91.183135,81.009891,72.621416,63.363052,47.013140,60.956530,58.763526,46.733769,38.686717,39.279231,31.775715,28.408533,31.180794,41.890998,42.997425,36.445356,36.160774,31.258385,30.231975,68.021072,63.004526,72.379494,91.906194,117.911938,124.221616,111.424499,80.247888,52.194278,72.282852,67.396573,49.697303,67.144449,66.359734,61.448514,34.206238,35.066544,30.302931,35.601711,32.205270,31.271815,35.708460,36.049786,29.696847,29.423350,31.987973,33.273010,33.795839,37.864171,36.546662,35.046386,29.882078,28.609910,34.043672,29.719568,31.136691,30.254920,35.683254,38.845879,34.922647,32.878086,29.941038,26.569661,30.897040,30.083199,25.640946,29.155651,24.975254,31.351038,31.020468,30.897820,28.368733,31.556538,31.046340,29.762757,33.751223,28.739020,27.725504,21.787353,29.464664,31.612063,26.137500,22.347753,28.842113,29.862324,29.434690,31.185752,33.593552,34.751080,31.623972,32.287357,28.518787,29.197412,27.716861,24.688094,30.085335,30.632172,28.407234,28.000498,24.941151,24.351454,28.383063,23.726088,30.323452,28.139182,29.028184,28.369246,25.692805,25.955700,26.996776],"submit_samples_ms":[72.992407,60.030452,48.192014,76.689836,86.206231,119.811938,92.164090,84.376610,130.182648,140.180258,148.841652,91.129704,80.955039,72.572695,63.281251,46.948513,60.909814,58.708872,46.665620,38.645593,39.233088,31.730195,28.359152,31.127303,41.827017,42.954433,36.381478,36.107871,31.123827,30.186748,67.975127,62.957219,72.321775,91.831402,117.862388,124.158083,111.340319,80.190979,52.143033,72.201266,67.336824,49.652889,67.091256,66.312171,61.406594,34.161792,35.018925,30.256709,35.428464,32.140211,31.200083,35.668156,36.000225,29.646262,29.351545,31.944874,33.231194,33.743041,37.818606,36.504287,34.962558,29.836608,28.561887,33.996166,29.673103,31.088690,30.206732,35.634589,38.806230,34.837400,32.828775,29.896636,26.529674,30.858649,30.044314,25.595801,29.072420,24.936867,31.312972,30.980159,30.856779,28.330763,31.519420,31.008050,29.725143,33.712450,28.699356,27.686024,21.750232,29.427863,31.574489,26.095666,22.309849,28.806293,29.823522,29.397615,31.139704,33.555661,34.709164,31.587790,32.216643,28.482994,29.159051,27.676118,24.650433,30.048867,30.595344,28.364415,27.960590,24.900423,24.312477,28.344498,23.678394,30.283176,28.101321,28.987117,28.330583,25.643152,25.917425,26.932180],"finish_samples_ms":[0.049358,0.047178,0.048721,0.058155,0.082925,0.055202,0.055848,0.051506,0.051106,0.051811,0.052750,0.053431,0.054852,0.048721,0.081801,0.064627,0.046716,0.054654,0.068149,0.041124,0.046143,0.045520,0.049381,0.053491,0.063981,0.042992,0.063878,0.052903,0.134558,0.045227,0.045945,0.047307,0.057719,0.074792,0.049550,0.063533,0.084180,0.056909,0.051245,0.081586,0.059749,0.044414,0.053193,0.047563,0.041920,0.044446,0.047619,0.046222,0.173247,0.065059,0.071732,0.040304,0.049561,0.050585,0.071805,0.043099,0.041816,0.052798,0.045565,0.042375,0.083828,0.045470,0.048023,0.047506,0.046465,0.048001,0.048188,0.048665,0.039649,0.085247,0.049311,0.044402,0.039987,0.038391,0.038885,0.045145,0.083231,0.038387,0.038066,0.040309,0.041041,0.037970,0.037118,0.038290,0.037614,0.038773,0.039664,0.039480,0.037121,0.036801,0.037574,0.041834,0.037904,0.035820,0.038802,0.037075,0.046048,0.037891,0.041916,0.036182,0.070714,0.035793,0.038361,0.040743,0.037661,0.036468,0.036828,0.042819,0.039908,0.040728,0.038977,0.038565,0.047694,0.040276,0.037861,0.041067,0.038663,0.049653,0.038275,0.064596]}
