MESA-EGL: warning: egl: failed to create dri2 screen
 dllPath = /usr/lib/wsl/drivers/iigd_dch.inf_amd64_3e6575b60ae27560, dllName = libigdgmm_w.so.12 
 IsWddmLinux = 1, dllWslName = /usr/lib/wsl/drivers/iigd_dch.inf_amd64_3e6575b60ae27560/libigdgmm_w.so.12  flags = 2
 dllPath = /usr/lib/wsl/drivers/iigd_dch.inf_amd64_3e6575b60ae27560, dllName = libigdgmm_w.so.12 
 IsWddmLinux = 1, dllWslName = /usr/lib/wsl/drivers/iigd_dch.inf_amd64_3e6575b60ae27560/libigdgmm_w.so.12  flags = 2
GPU_POST_SAMPLE 0 1835008 4128768 262144 196608 196608 0 983040 1441792 9043968
GPU_POST_SAMPLE 1 1835008 3932160 196608 196608 262144 0 851968 1507328 8781824
GPU_POST_SAMPLE 2 1835008 4063232 196608 2359296 327680 65536 851968 1376256 11075584
GPU_POST_SAMPLE 3 1835008 3932160 327680 196608 131072 65536 851968 1507328 8847360
GPU_POST_SAMPLE 4 1900544 4063232 2162688 196608 196608 131072 983040 1245184 10878976
GPU_POST_SAMPLE 5 2359296 5570560 262144 262144 196608 131072 1048576 1703936 11534336
GPU_POST_SAMPLE 6 1966080 3670016 2621440 262144 262144 65536 851968 1441792 11141120
GPU_POST_SAMPLE 7 2490368 5439488 1703936 196608 196608 1966080 1048576 1310720 14352384
GPU_POST_SAMPLE 8 1835008 3735552 196608 196608 131072 131072 851968 1376256 8454144
GPU_POST_SAMPLE 9 1966080 3997696 3014656 196608 262144 65536 983040 1376256 11862016
GPU_POST_SAMPLE 10 1966080 4063232 196608 196608 196608 0 851968 1441792 8912896
GPU_POST_SAMPLE 11 1835008 4128768 196608 262144 196608 131072 851968 3473408 11075584
GPU_POST_SAMPLE 12 1900544 3997696 2555904 196608 196608 131072 851968 1507328 11337728
GPU_POST_SAMPLE 13 1835008 4063232 196608 262144 196608 0 917504 1310720 8781824
GPU_POST_SAMPLE 14 1966080 3997696 327680 262144 65536 131072 851968 1507328 9109504
GPU_POST_SAMPLE 15 1966080 3932160 196608 196608 262144 2752512 1048576 1376256 11730944
GPU_POST_SAMPLE 16 2293760 4456448 131072 196608 65536 131072 655360 1048576 8978432
GPU_POST_SAMPLE 17 1376256 2490368 2097152 327680 131072 196608 851968 1048576 8519680
GPU_POST_SAMPLE 18 1376256 2883584 196608 131072 196608 0 655360 1048576 6488064
GPU_POST_SAMPLE 19 1310720 2555904 196608 131072 196608 0 655360 1376256 6422528
GPU_POST_SAMPLE 20 3866624 3735552 131072 196608 65536 131072 655360 983040 9764864
GPU_POST_SAMPLE 21 2162688 2752512 2555904 262144 65536 131072 720896 983040 9633792
GPU_POST_SAMPLE 22 1310720 2424832 196608 131072 196608 131072 655360 917504 5963776
GPU_POST_SAMPLE 23 1310720 2555904 196608 131072 196608 0 720896 983040 6094848
GPU_POST_SAMPLE 24 1507328 2752512 196608 131072 196608 0 655360 3014656 8454144
GPU_POST_SAMPLE 25 1245184 2555904 131072 196608 131072 65536 655360 1048576 6029312
GPU_POST_SAMPLE 26 1900544 4194304 196608 196608 196608 131072 851968 1376256 9043968
GPU_POST_SAMPLE 27 1769472 4063232 3342336 327680 196608 131072 851968 1441792 12124160
GPU_POST_SAMPLE 28 2031616 3735552 131072 196608 131072 65536 655360 983040 7929856
GPU_POST_SAMPLE 29 1310720 2555904 131072 196608 65536 131072 655360 1048576 6094848
GPU_POST_SAMPLE 30 1441792 2752512 196608 131072 196608 0 720896 983040 6422528
GPU_POST_SAMPLE 31 1376256 2555904 2686976 196608 131072 65536 786432 917504 8716288
GPU_POST_SAMPLE 32 1376256 2490368 196608 65536 262144 0 655360 1048576 6094848
GPU_POST_SAMPLE 33 1376256 2555904 196608 131072 196608 0 655360 1048576 6160384
GPU_POST_SAMPLE 34 1441792 2490368 131072 196608 65536 131072 655360 917504 6029312
GPU_POST_SAMPLE 35 1245184 2555904 262144 65536 262144 0 589824 1114112 6094848
GPU_POST_SAMPLE 36 1310720 2555904 65536 262144 65536 131072 655360 1048576 6094848
GPU_POST_SAMPLE 37 1376256 2490368 1769472 196608 262144 65536 655360 1048576 7864320
GPU_POST_SAMPLE 38 1376256 2424832 262144 196608 65536 131072 655360 983040 6094848
GPU_POST_SAMPLE 39 1507328 3276800 131072 196608 131072 131072 589824 1114112 7077888
GPU_POST_SAMPLE 40 1376256 2555904 65536 262144 65536 131072 655360 917504 6029312
GPU_POST_SAMPLE 41 1376256 3211264 3538944 327680 65536 131072 720896 983040 10354688
GPU_POST_SAMPLE 42 1245184 2555904 131072 196608 131072 131072 589824 983040 5963776
GPU_POST_SAMPLE 43 1376256 2555904 2424832 262144 196608 65536 655360 1114112 8650752
GPU_POST_SAMPLE 44 1376256 2883584 131072 196608 131072 131072 589824 1114112 6553600
GPU_POST_SAMPLE 45 1310720 2555904 196608 131072 196608 0 655360 1048576 6094848
GPU_POST_SAMPLE 46 1441792 2424832 131072 196608 131072 65536 655360 983040 6029312
GPU_POST_SAMPLE 47 1310720 2555904 131072 196608 131072 65536 655360 1048576 6094848
GPU_POST_SAMPLE 48 1310720 2555904 65536 262144 65536 131072 655360 1048576 6094848
GPU_POST_SAMPLE 49 1441792 2424832 1835008 196608 131072 65536 786432 917504 7798784
GPU_POST_SAMPLE 50 1376256 2555904 131072 196608 131072 65536 655360 983040 6094848
GPU_POST_SAMPLE 51 1376256 2818048 196608 196608 131072 65536 655360 1048576 6488064
GPU_POST_SAMPLE 52 1245184 2621440 196608 65536 131072 131072 589824 1114112 6094848
GPU_POST_SAMPLE 53 1245184 2621440 65536 196608 131072 131072 589824 2883584 7864320
GPU_POST_SAMPLE 54 1310720 2555904 131072 196608 65536 131072 655360 2883584 7929856
GPU_POST_SAMPLE 55 1376256 2490368 196608 196608 131072 65536 655360 983040 6094848
GPU_POST_SAMPLE 56 1245184 2490368 196608 196608 131072 65536 655360 983040 5963776
GPU_POST_SAMPLE 57 1835008 5439488 196608 131072 196608 0 720896 983040 9502720
GPU_POST_SAMPLE 58 1441792 2555904 65536 196608 131072 131072 589824 983040 6094848
GPU_POST_SAMPLE 59 1245184 2555904 262144 65536 131072 1769472 851968 983040 7864320
GPU_POST_SAMPLE 60 1310720 2555904 196608 65536 262144 0 720896 983040 6094848
GPU_POST_SAMPLE 61 3866624 2686976 196608 196608 131072 65536 655360 983040 8781824
GPU_POST_SAMPLE 62 1441792 2424832 196608 131072 196608 0 655360 1048576 6094848
GPU_POST_SAMPLE 63 3145728 2949120 196608 131072 196608 0 655360 1048576 8323072
GPU_POST_SAMPLE 64 1376256 2490368 196608 65536 262144 0 589824 1114112 6094848
GPU_POST_SAMPLE 65 1376256 2555904 5046272 196608 196608 131072 655360 1048576 11206656
GPU_POST_SAMPLE 66 1703936 2490368 196608 131072 196608 131072 589824 983040 6422528
GPU_POST_SAMPLE 67 1441792 2555904 1441792 262144 65536 131072 720896 983040 7602176
GPU_POST_SAMPLE 68 1441792 2818048 2031616 196608 131072 65536 786432 917504 8388608
GPU_POST_SAMPLE 69 1507328 2818048 196608 65536 262144 0 720896 983040 6553600
GPU_POST_SAMPLE 70 1507328 2752512 262144 65536 262144 65536 655360 1048576 6619136
GPU_POST_SAMPLE 71 1376256 2424832 262144 65536 262144 0 589824 1114112 6094848
GPU_POST_SAMPLE 72 1376256 2424832 262144 65536 262144 0 589824 1114112 6094848
GPU_POST_SAMPLE 73 1507328 3080192 1835008 196608 196608 131072 655360 1048576 8650752
GPU_POST_SAMPLE 74 1376256 2555904 131072 196608 131072 131072 589824 983040 6094848
GPU_POST_SAMPLE 75 2621440 2883584 196608 131072 196608 0 655360 1048576 7733248
GPU_POST_SAMPLE 76 1376256 2424832 262144 65536 262144 0 589824 1114112 6094848
GPU_POST_SAMPLE 77 1376256 2490368 196608 196608 131072 65536 655360 983040 6094848
GPU_POST_SAMPLE 78 1507328 2883584 65536 262144 65536 131072 655360 1048576 6619136
GPU_POST_SAMPLE 79 1376256 2555904 2686976 196608 196608 131072 655360 1048576 8847360
GPU_POST_SAMPLE 80 1376256 2490368 196608 196608 131072 65536 655360 983040 6094848
GPU_POST_SAMPLE 81 1376256 2555904 262144 65536 262144 0 720896 1507328 6750208
GPU_POST_SAMPLE 82 1703936 2490368 196608 131072 65536 131072 655360 1048576 6422528
GPU_POST_SAMPLE 83 1376256 2424832 196608 262144 65536 131072 655360 917504 6029312
GPU_POST_SAMPLE 84 1376256 2555904 65536 262144 65536 131072 655360 917504 6029312
GPU_POST_SAMPLE 85 1507328 2752512 1835008 196608 262144 65536 655360 1048576 8323072
GPU_POST_SAMPLE 86 1507328 2818048 131072 196608 131072 131072 589824 1114112 6619136
GPU_POST_SAMPLE 87 1376256 2555904 196608 131072 196608 0 655360 1048576 6160384
GPU_POST_SAMPLE 88 2031616 4128768 196608 262144 196608 65536 851968 1507328 9240576
GPU_POST_SAMPLE 89 3997696 7733248 262144 196608 196608 131072 1048576 1703936 15269888
GPU_POST_SAMPLE 90 2686976 5636096 2555904 327680 262144 65536 1048576 1638400 14221312
GPU_POST_SAMPLE 91 2752512 5898240 2686976 327680 196608 65536 1114112 1703936 14745600
GPU_POST_SAMPLE 92 2555904 7405568 196608 196608 196608 131072 983040 1572864 13238272
GPU_POST_SAMPLE 93 1966080 4128768 196608 262144 65536 131072 2883584 1507328 11141120
GPU_POST_SAMPLE 94 1900544 3932160 3538944 327680 327680 65536 1114112 1769472 12976128
GPU_POST_SAMPLE 95 2031616 4063232 196608 262144 65536 131072 917504 1441792 9109504
GPU_POST_SAMPLE 96 2686976 5636096 2228224 327680 196608 131072 1048576 1638400 13893632
GPU_POST_SAMPLE 97 2621440 5701632 262144 196608 327680 0 1179648 1703936 11993088
GPU_POST_SAMPLE 98 2031616 3866624 2752512 327680 196608 131072 851968 1507328 11665408
GPU_POST_SAMPLE 99 2097152 3211264 196608 131072 196608 0 655360 1048576 7536640
GPU_POST_SAMPLE 100 1966080 6488064 196608 196608 262144 65536 851968 1507328 11534336
GPU_POST_SAMPLE 101 1900544 3932160 262144 196608 196608 0 983040 4718592 12189696
GPU_POST_SAMPLE 102 2031616 4194304 196608 196608 262144 0 851968 1376256 9109504
GPU_POST_SAMPLE 103 2686976 8192000 196608 262144 327680 0 1048576 1703936 14417920
GPU_POST_SAMPLE 104 1507328 2555904 1966080 196608 65536 131072 720896 1114112 8257536
GPU_POST_SAMPLE 105 2031616 3473408 262144 65536 262144 0 589824 1114112 7798784
GPU_POST_SAMPLE 106 2031616 3997696 196608 196608 131072 65536 851968 1507328 8978432
GPU_POST_SAMPLE 107 2621440 4587520 2031616 196608 131072 131072 720896 983040 11403264
GPU_POST_SAMPLE 108 1507328 2883584 196608 131072 131072 65536 655360 1048576 6619136
GPU_POST_SAMPLE 109 1376256 4784128 196608 131072 196608 0 655360 1048576 8388608
GPU_POST_SAMPLE 110 2686976 5767168 196608 327680 196608 131072 1048576 1572864 11927552
GPU_POST_SAMPLE 111 1966080 4325376 262144 196608 196608 131072 983040 1441792 9502720
GPU_POST_SAMPLE 112 2424832 7733248 196608 327680 196608 0 1179648 1572864 13631488
GPU_POST_SAMPLE 113 2424832 5242880 2555904 327680 196608 131072 1048576 1835008 13762560
GPU_POST_SAMPLE 114 2555904 3538944 2097152 262144 65536 262144 589824 983040 10354688
GPU_POST_SAMPLE 115 1507328 2555904 65536 262144 65536 131072 655360 1048576 6291456
GPU_POST_SAMPLE 116 1703936 3080192 262144 196608 131072 65536 786432 1048576 7274496
GPU_POST_SAMPLE 117 1507328 2424832 262144 65536 196608 131072 655360 917504 6160384
GPU_POST_SAMPLE 118 1507328 7536640 131072 196608 131072 65536 655360 1048576 11272192
GPU_POST_SAMPLE 119 1441792 2555904 196608 65536 262144 0 655360 1048576 6225920
{"seed":42,"vendor":"Microsoft Corporation","renderer":"D3D12 (Intel(R) Arc(TM) 140T GPU (16GB))","gl_version":"4.6 (Compatibility Profile) Mesa 26.2.2","gallium_path":"/root/.cache/football-mesa-build-20260913-a/install-wayland/lib/libgallium-26.2.2.so","width":1920,"height":1080,"quality":"pbr+bloom+fxaa+auto_exposure","swap_enabled":true,"swap_interval":0,"warmup_frames":30,"measured_frames":120,"in_play_frames":141,"p50_ms":22.932855,"p95_ms":29.965471,"p99_ms":31.910297,"submit_p50_ms":22.890092,"submit_p95_ms":29.925375,"finish_p50_ms":0.038171,"finish_p95_ms":0.066840,"samples_ms":[23.285071,25.218557,26.600820,22.571885,25.578972,28.778576,25.690420,29.412446,23.637650,26.079836,24.669740,25.334297,24.737805,28.384071,25.125715,25.044015,23.301217,22.758849,22.004920,19.869806,23.513895,26.991982,21.982744,22.726577,23.137185,20.523191,27.748236,26.446100,23.746703,22.608286,21.641294,22.442324,21.086777,20.215306,23.948179,21.544887,19.293304,22.933637,20.749836,22.534857,19.654647,25.368411,19.861237,24.460267,21.548868,20.166184,23.819657,21.737517,20.152052,22.672792,18.959160,20.739496,20.387530,21.679885,23.645435,19.465556,21.128952,23.377075,19.693417,23.235459,19.672825,23.876344,22.682069,22.358034,20.680303,25.849348,20.619404,21.954100,24.019932,20.886136,22.600106,21.311349,19.264372,22.708757,22.268000,21.860385,19.556190,23.260968,21.834318,24.166818,20.258473,20.774200,23.339299,21.605359,19.733186,24.249191,19.438464,20.580942,27.817258,30.484381,30.324113,31.910297,30.813418,25.014972,26.348309,26.798820,27.679249,28.768910,26.035436,22.414876,26.601023,27.409539,28.408680,33.762307,25.601358,22.932855,25.448849,29.473675,22.166531,22.589651,29.965471,22.819144,30.027572,29.871161,25.507263,21.057255,20.941075,22.388844,25.989178,20.063095],"submit_samples_ms":[23.248550,25.182266,26.550991,22.532975,25.543235,28.737580,25.648989,29.375073,23.599728,26.043250,24.627888,25.292108,24.700744,28.344403,25.058875,25.007778,23.259013,22.722981,21.927230,19.834227,23.471080,26.956807,21.936760,22.690100,23.096758,20.486216,27.705949,26.407781,23.703203,22.575152,21.601252,22.404849,21.043927,20.180415,23.910895,21.508049,19.251440,22.890092,20.714062,22.497172,19.610634,25.334397,19.809296,24.425283,21.505227,20.129408,23.775162,21.703412,20.115268,22.604313,18.916964,20.705819,20.325283,21.612839,23.576472,19.429440,21.092551,23.341818,19.656731,23.194141,19.634652,23.836440,22.644064,22.323277,20.628306,25.813278,20.581413,21.902452,23.979692,20.850170,22.556587,21.275960,19.225586,22.667064,22.232083,21.814581,19.479109,23.165363,21.791621,24.132303,20.215203,20.738954,23.291493,21.569432,19.692128,24.211387,19.400511,20.544452,27.776682,30.420634,30.285437,31.863332,30.777711,24.976801,26.311009,26.761500,27.641449,28.726442,25.997515,22.375633,26.555467,27.373621,28.372441,33.725074,25.565029,22.894556,25.412056,29.437964,22.131054,22.551695,29.925375,22.781243,29.991494,29.831145,25.468076,21.022043,20.900182,22.347440,25.946611,20.018258],"finish_samples_ms":[0.036521,0.036291,0.049829,0.038910,0.035737,0.040996,0.041431,0.037373,0.037922,0.036586,0.041852,0.042189,0.037061,0.039668,0.066840,0.036237,0.042204,0.035868,0.077690,0.035579,0.042815,0.035175,0.045984,0.036477,0.040427,0.036975,0.042287,0.038319,0.043500,0.033134,0.040042,0.037475,0.042850,0.034891,0.037284,0.036838,0.041864,0.043545,0.035774,0.037685,0.044013,0.034014,0.051941,0.034984,0.043641,0.036776,0.044495,0.034105,0.036784,0.068479,0.042196,0.033677,0.062247,0.067046,0.068963,0.036116,0.036401,0.035257,0.036686,0.041318,0.038173,0.039904,0.038005,0.034757,0.051997,0.036070,0.037991,0.051648,0.040240,0.035966,0.043519,0.035389,0.038786,0.041693,0.035917,0.045804,0.077081,0.095605,0.042697,0.034515,0.043270,0.035246,0.047806,0.035927,0.041058,0.037804,0.037953,0.036490,0.040576,0.063747,0.038676,0.046965,0.035707,0.038171,0.037300,0.037320,0.037800,0.042468,0.037921,0.039243,0.045556,0.035918,0.036239,0.037233,0.036329,0.038299,0.036793,0.035711,0.035477,0.037956,0.040096,0.037901,0.036078,0.040016,0.039187,0.035212,0.040893,0.041404,0.042567,0.044837]}
