MESA-EGL: warning: egl: failed to create dri2 screen
 dllPath = /usr/lib/wsl/drivers/iigd_dch.inf_amd64_3e6575b60ae27560, dllName = libigdgmm_w.so.12 
 IsWddmLinux = 1, dllWslName = /usr/lib/wsl/drivers/iigd_dch.inf_amd64_3e6575b60ae27560/libigdgmm_w.so.12  flags = 2
 dllPath = /usr/lib/wsl/drivers/iigd_dch.inf_amd64_3e6575b60ae27560, dllName = libigdgmm_w.so.12 
 IsWddmLinux = 1, dllWslName = /usr/lib/wsl/drivers/iigd_dch.inf_amd64_3e6575b60ae27560/libigdgmm_w.so.12  flags = 2
GPU_POST_SAMPLE 0 917504 1507328 65536 65536 0 131072 196608 393216 3276800
GPU_POST_SAMPLE 1 917504 1310720 65536 65536 65536 65536 196608 393216 3080192
GPU_POST_SAMPLE 2 983040 1441792 65536 65536 65536 65536 196608 458752 3342336
GPU_POST_SAMPLE 3 1245184 1966080 65536 0 131072 65536 327680 458752 4259840
GPU_POST_SAMPLE 4 917504 1441792 0 65536 131072 65536 196608 393216 3211264
GPU_POST_SAMPLE 5 983040 1441792 65536 65536 65536 65536 196608 458752 3342336
GPU_POST_SAMPLE 6 1245184 1966080 0 131072 65536 65536 327680 524288 4325376
GPU_POST_SAMPLE 7 983040 1507328 65536 65536 0 131072 196608 458752 3407872
GPU_POST_SAMPLE 8 1703936 2424832 131072 65536 131072 65536 393216 786432 5701632
GPU_POST_SAMPLE 9 1310720 2031616 65536 65536 65536 65536 327680 458752 4390912
GPU_POST_SAMPLE 10 1114112 1769472 65536 131072 0 65536 262144 524288 3932160
GPU_POST_SAMPLE 11 1048576 1703936 131072 0 65536 131072 196608 524288 3801088
GPU_POST_SAMPLE 12 917504 1376256 65536 65536 65536 65536 262144 327680 3145728
GPU_POST_SAMPLE 13 1114112 1703936 131072 65536 65536 65536 327680 458752 3932160
GPU_POST_SAMPLE 14 1114112 1703936 0 65536 131072 65536 327680 524288 3932160
GPU_POST_SAMPLE 15 1245184 1835008 65536 65536 65536 131072 262144 458752 4128768
GPU_POST_SAMPLE 16 1179648 1966080 131072 0 131072 65536 262144 524288 4259840
GPU_POST_SAMPLE 17 1179648 1900544 131072 0 131072 65536 262144 524288 4194304
GPU_POST_SAMPLE 18 983040 1441792 65536 0 65536 131072 196608 393216 3276800
GPU_POST_SAMPLE 19 983040 1441792 131072 65536 0 65536 262144 393216 3342336
GPU_POST_SAMPLE 20 917504 1441792 65536 65536 65536 65536 196608 393216 3211264
GPU_POST_SAMPLE 21 1114112 1703936 65536 65536 65536 65536 262144 524288 3866624
GPU_POST_SAMPLE 22 1179648 1966080 65536 65536 131072 0 327680 524288 4259840
GPU_POST_SAMPLE 23 1245184 2031616 0 131072 65536 65536 327680 524288 4390912
GPU_POST_SAMPLE 24 1114112 1703936 65536 131072 65536 65536 262144 524288 3932160
GPU_POST_SAMPLE 25 983040 1441792 65536 65536 65536 65536 196608 458752 3342336
GPU_POST_SAMPLE 26 1310720 1966080 65536 65536 65536 65536 327680 524288 4390912
GPU_POST_SAMPLE 27 1310720 1966080 65536 131072 0 131072 262144 524288 4390912
GPU_POST_SAMPLE 28 1245184 1900544 131072 65536 65536 65536 262144 589824 4325376
GPU_POST_SAMPLE 29 1114112 1769472 65536 65536 65536 65536 262144 458752 3866624
GPU_POST_SAMPLE 30 1245184 1900544 65536 65536 131072 0 327680 524288 4259840
GPU_POST_SAMPLE 31 1310720 1966080 65536 65536 65536 131072 262144 524288 4390912
GPU_POST_SAMPLE 32 983040 1441792 65536 65536 65536 65536 262144 393216 3342336
GPU_POST_SAMPLE 33 1310720 1900544 131072 65536 65536 65536 327680 458752 4325376
GPU_POST_SAMPLE 34 983040 1441792 65536 65536 65536 65536 262144 393216 3342336
GPU_POST_SAMPLE 35 1245184 1966080 0 131072 65536 65536 327680 524288 4325376
GPU_POST_SAMPLE 36 1245184 1966080 65536 65536 65536 65536 327680 524288 4325376
GPU_POST_SAMPLE 37 1310720 1966080 65536 65536 65536 131072 262144 524288 4390912
GPU_POST_SAMPLE 38 1114112 1703936 131072 65536 65536 65536 262144 458752 3866624
GPU_POST_SAMPLE 39 917504 1310720 65536 65536 131072 0 262144 327680 3080192
GPU_POST_SAMPLE 40 1310720 1835008 65536 65536 65536 131072 262144 458752 4194304
GPU_POST_SAMPLE 41 1310720 1900544 131072 65536 65536 65536 327680 458752 4325376
GPU_POST_SAMPLE 42 1245184 1900544 65536 65536 131072 0 327680 524288 4259840
GPU_POST_SAMPLE 43 917504 1441792 65536 131072 0 65536 262144 393216 3276800
GPU_POST_SAMPLE 44 1245184 1966080 0 131072 65536 65536 327680 458752 4259840
GPU_POST_SAMPLE 45 917504 1441792 65536 65536 65536 65536 196608 393216 3211264
GPU_POST_SAMPLE 46 917504 1310720 0 65536 131072 65536 196608 393216 3080192
GPU_POST_SAMPLE 47 1245184 1966080 65536 65536 65536 65536 327680 458752 4259840
GPU_POST_SAMPLE 48 1179648 1769472 65536 65536 131072 65536 262144 458752 3997696
GPU_POST_SAMPLE 49 983040 1441792 65536 131072 0 65536 262144 393216 3342336
GPU_POST_SAMPLE 50 1310720 1900544 65536 131072 65536 0 327680 524288 4325376
GPU_POST_SAMPLE 51 1048576 1376256 65536 65536 0 131072 196608 393216 3276800
GPU_POST_SAMPLE 52 1048576 1376256 131072 0 65536 65536 262144 393216 3342336
GPU_POST_SAMPLE 53 1310720 1835008 65536 131072 65536 65536 262144 589824 4325376
GPU_POST_SAMPLE 54 1179648 1703936 65536 65536 131072 65536 262144 458752 3932160
GPU_POST_SAMPLE 55 917504 1376256 0 131072 65536 65536 196608 393216 3145728
GPU_POST_SAMPLE 56 1114112 1703936 65536 131072 0 131072 262144 458752 3866624
GPU_POST_SAMPLE 57 983040 1376256 131072 65536 65536 65536 262144 393216 3342336
GPU_POST_SAMPLE 58 1048576 1507328 65536 65536 131072 65536 262144 393216 3538944
GPU_POST_SAMPLE 59 983040 1441792 65536 131072 0 65536 262144 458752 3407872
GPU_POST_SAMPLE 60 1048576 1572864 65536 65536 65536 65536 262144 458752 3604480
GPU_POST_SAMPLE 61 1114112 1703936 65536 65536 131072 65536 262144 458752 3866624
GPU_POST_SAMPLE 62 983040 1310720 65536 65536 65536 65536 196608 458752 3211264
GPU_POST_SAMPLE 63 1114112 1572864 851968 131072 131072 65536 262144 458752 4587520
GPU_POST_SAMPLE 64 1835008 4980736 262144 327680 262144 327680 851968 1572864 10420224
GPU_POST_SAMPLE 65 1179648 1507328 131072 65536 65536 65536 262144 458752 3735552
GPU_POST_SAMPLE 66 1114112 1507328 917504 131072 65536 131072 262144 458752 4587520
GPU_POST_SAMPLE 67 1048576 2424832 65536 65536 65536 131072 196608 458752 4456448
GPU_POST_SAMPLE 68 1179648 1507328 131072 65536 0 131072 262144 458752 3735552
GPU_POST_SAMPLE 69 1507328 3473408 65536 131072 65536 131072 327680 655360 6356992
GPU_POST_SAMPLE 70 1507328 2359296 65536 131072 131072 0 393216 720896 5308416
GPU_POST_SAMPLE 71 1376256 2031616 131072 65536 65536 131072 327680 589824 4718592
GPU_POST_SAMPLE 72 1310720 1900544 65536 131072 65536 65536 327680 589824 4456448
GPU_POST_SAMPLE 73 5767168 4784128 262144 262144 262144 131072 786432 1441792 13697024
GPU_POST_SAMPLE 74 2818048 3997696 131072 196608 131072 131072 589824 1179648 9175040
GPU_POST_SAMPLE 75 3342336 4980736 262144 262144 327680 262144 917504 1835008 12189696
GPU_POST_SAMPLE 76 3735552 5767168 262144 327680 327680 196608 917504 1835008 13369344
GPU_POST_SAMPLE 77 3473408 5242880 196608 262144 1835008 196608 1048576 1966080 14221312
GPU_POST_SAMPLE 78 3997696 5898240 196608 327680 262144 196608 983040 1900544 13762560
GPU_POST_SAMPLE 79 3932160 5767168 262144 262144 327680 131072 917504 1835008 13434880
GPU_POST_SAMPLE 80 4390912 6750208 5701632 524288 393216 524288 1179648 2162688 21626880
GPU_POST_SAMPLE 81 5242880 7995392 12845056 589824 524288 589824 1441792 2555904 31784960
GPU_POST_SAMPLE 82 5177344 8126464 11337728 589824 524288 589824 1441792 2621440 30408704
GPU_POST_SAMPLE 83 5177344 7995392 458752 458752 524288 458752 1310720 15204352 31588352
GPU_POST_SAMPLE 84 5177344 17235968 524288 458752 458752 458752 1376256 2555904 28246016
GPU_POST_SAMPLE 85 5177344 8126464 11206656 589824 458752 655360 1376256 2621440 30212096
GPU_POST_SAMPLE 86 5177344 8126464 9568256 589824 524288 589824 1441792 2555904 28573696
GPU_POST_SAMPLE 87 5242880 8192000 6488064 589824 458752 589824 1441792 2555904 25559040
GPU_POST_SAMPLE 88 5242880 8060928 8060928 589824 458752 655360 1441792 2555904 27066368
GPU_POST_SAMPLE 89 5242880 8126464 10420224 655360 458752 589824 1441792 2621440 29556736
GPU_POST_SAMPLE 90 5177344 7995392 4587520 589824 458752 655360 1376256 2621440 23461888
GPU_POST_SAMPLE 91 5242880 8257536 14876672 524288 524288 655360 1376256 2621440 34078720
GPU_POST_SAMPLE 92 5111808 8126464 9175040 589824 524288 589824 1441792 2555904 28114944
GPU_POST_SAMPLE 93 5177344 8126464 9175040 589824 458752 655360 1441792 2555904 28180480
GPU_POST_SAMPLE 94 5242880 7995392 458752 458752 524288 458752 1310720 12517376 28966912
GPU_POST_SAMPLE 95 5242880 8126464 393216 524288 458752 458752 1376256 14876672 31457280
GPU_POST_SAMPLE 96 5373952 8060928 524288 12386304 589824 589824 1441792 2621440 31588352
GPU_POST_SAMPLE 97 5242880 8257536 6291456 589824 458752 655360 1376256 2621440 25493504
GPU_POST_SAMPLE 98 5177344 8192000 7274496 589824 524288 655360 1376256 2621440 26411008
GPU_POST_SAMPLE 99 5177344 8192000 10092544 589824 458752 655360 1376256 2621440 29163520
GPU_POST_SAMPLE 100 5111808 7995392 10092544 589824 458752 655360 1376256 2621440 28901376
GPU_POST_SAMPLE 101 5242880 8126464 458752 458752 458752 524288 1310720 2621440 19202048
GPU_POST_SAMPLE 102 5177344 8060928 11403264 589824 524288 655360 1376256 2621440 30408704
GPU_POST_SAMPLE 103 5177344 8126464 11599872 589824 458752 655360 1376256 2621440 30605312
GPU_POST_SAMPLE 104 5177344 8323072 458752 458752 458752 524288 1310720 2555904 19267584
GPU_POST_SAMPLE 105 5242880 8257536 524288 458752 458752 12845056 1703936 2621440 32112640
GPU_POST_SAMPLE 106 5242880 8192000 7340032 589824 458752 589824 1441792 2621440 26476544
GPU_POST_SAMPLE 107 5177344 8192000 7602176 589824 458752 655360 1441792 2555904 26673152
GPU_POST_SAMPLE 108 5177344 8192000 458752 458752 524288 458752 1310720 2621440 19202048
GPU_POST_SAMPLE 109 5177344 8060928 9043968 589824 524288 589824 1376256 2621440 27983872
GPU_POST_SAMPLE 110 5111808 7995392 9109504 589824 458752 589824 1441792 2621440 27918336
GPU_POST_SAMPLE 111 5242880 7929856 11075584 589824 524288 589824 1441792 2621440 30015488
GPU_POST_SAMPLE 112 5242880 8060928 458752 458752 458752 524288 1310720 2621440 19136512
GPU_POST_SAMPLE 113 5111808 8126464 6750208 589824 458752 589824 1441792 2555904 25624576
GPU_POST_SAMPLE 114 5177344 8126464 458752 458752 458752 524288 1310720 13828096 30343168
GPU_POST_SAMPLE 115 5177344 8126464 458752 458752 524288 458752 1310720 2621440 19136512
GPU_POST_SAMPLE 116 5177344 8323072 9043968 589824 458752 655360 1376256 2621440 28246016
GPU_POST_SAMPLE 117 5111808 8192000 393216 9175040 589824 524288 1376256 2621440 27983872
GPU_POST_SAMPLE 118 5177344 8192000 5242880 589824 458752 655360 1376256 2621440 24313856
GPU_POST_SAMPLE 119 5177344 8192000 393216 524288 458752 458752 1376256 2621440 19202048
{"seed":43,"vendor":"Microsoft Corporation","renderer":"D3D12 (Intel(R) Arc(TM) 140T GPU (16GB))","gl_version":"4.6 (Compatibility Profile) Mesa 26.2.2","gallium_path":"/root/.cache/football-mesa-build-20260913-a/install-wayland/lib/libgallium-26.2.2.so","width":960,"height":540,"quality":"pbr+bloom+fxaa+auto_exposure","swap_enabled":true,"swap_interval":0,"warmup_frames":30,"measured_frames":120,"in_play_frames":150,"p50_ms":16.709870,"p95_ms":89.614827,"p99_ms":103.223581,"submit_p50_ms":16.666249,"submit_p95_ms":89.566145,"finish_p50_ms":0.035801,"finish_p95_ms":0.070441,"samples_ms":[13.145404,14.706392,13.430950,17.092083,14.225949,13.358839,14.742060,13.640901,16.367750,14.154360,14.816012,14.482331,13.340614,14.566504,15.029556,15.278987,14.985364,14.302722,14.814022,13.804747,14.064326,14.219049,14.071322,15.967136,15.264986,13.028336,15.232238,14.525099,14.367078,15.246193,14.354803,15.085280,13.391234,14.918096,14.273768,14.401429,15.335147,15.425551,14.045571,12.896703,15.087469,14.456942,16.128235,14.024403,15.008721,15.858818,12.801064,14.222253,14.079577,12.629412,15.537532,14.961665,13.524807,14.429285,16.430221,14.930284,14.824475,18.112686,15.715465,19.039422,17.277047,18.597226,16.709870,19.294002,24.582204,16.756604,16.081176,15.591192,20.704452,19.038630,18.480220,21.476958,23.392136,35.215220,37.189377,40.181647,51.813148,73.596360,59.419360,39.472337,81.734314,103.223581,95.945536,152.432622,85.595647,79.332850,73.687345,71.825384,69.661110,69.284279,88.383855,75.231997,89.614827,83.155895,76.001067,61.363658,61.799774,72.304445,79.276175,69.522590,77.384698,80.597750,88.252382,81.666309,63.807752,79.934957,69.335716,95.749983,95.035111,79.682743,96.801756,66.786039,67.729894,61.420232,66.640873,74.370478,67.333606,63.233526,69.850866,64.391157],"submit_samples_ms":[13.125469,14.684584,13.408941,17.067703,14.207726,13.339892,14.717610,13.621098,16.344051,14.128847,14.788850,14.454272,13.306557,14.538622,14.997020,15.250050,14.958789,14.281735,14.793926,13.779729,14.041703,14.195312,14.047122,15.941994,15.242636,13.008392,15.204269,14.502371,14.343761,15.223274,14.331370,15.061407,13.368766,14.893477,14.249505,14.377025,15.311283,15.399075,14.015852,12.871947,15.060519,14.425772,16.097850,14.000036,14.977007,15.816589,12.781785,14.198616,14.054177,12.603765,15.507903,14.937929,13.502817,14.396428,16.398318,14.902215,14.797681,18.067141,15.676567,19.000487,17.239448,18.558861,16.666249,19.255595,24.542074,16.716153,16.045517,15.555391,20.670287,18.999490,18.445635,21.434768,23.347973,35.169944,37.136519,40.122953,51.750852,73.533707,59.362946,39.404409,81.669689,103.150402,95.877534,152.350264,85.527894,79.276258,73.637881,71.773190,69.607891,69.058867,88.331589,75.178820,89.566145,83.103702,75.950757,61.314794,61.680610,72.247826,79.214221,69.473482,77.329093,80.527309,88.199184,81.617988,63.756891,79.886904,69.282173,95.681231,94.981000,79.633470,96.739614,66.736301,67.468164,61.355832,66.591264,74.276486,67.279217,63.181896,69.798038,64.330027],"finish_samples_ms":[0.019935,0.021808,0.022009,0.024380,0.018223,0.018947,0.024450,0.019803,0.023699,0.025513,0.027162,0.028059,0.034057,0.027882,0.032536,0.028937,0.026575,0.020987,0.020096,0.025018,0.022623,0.023737,0.024200,0.025142,0.022350,0.019944,0.027969,0.022728,0.023317,0.022919,0.023433,0.023873,0.022468,0.024619,0.024263,0.024404,0.023864,0.026476,0.029719,0.024756,0.026950,0.031170,0.030385,0.024367,0.031714,0.042229,0.019279,0.023637,0.025400,0.025647,0.029629,0.023736,0.021990,0.032857,0.031903,0.028069,0.026794,0.045545,0.038898,0.038935,0.037599,0.038365,0.043621,0.038407,0.040130,0.040451,0.035659,0.035801,0.034165,0.039140,0.034585,0.042190,0.044163,0.045276,0.052858,0.058694,0.062296,0.062653,0.056414,0.067928,0.064625,0.073179,0.068002,0.082358,0.067753,0.056592,0.049464,0.052194,0.053219,0.225412,0.052266,0.053177,0.048682,0.052193,0.050310,0.048864,0.119164,0.056619,0.061954,0.049108,0.055605,0.070441,0.053198,0.048321,0.050861,0.048053,0.053543,0.068752,0.054111,0.049273,0.062142,0.049738,0.261730,0.064400,0.049609,0.093992,0.054389,0.051630,0.052828,0.061130]}
