MESA-EGL: warning: egl: failed to create dri2 screen
 dllPath = /usr/lib/wsl/drivers/iigd_dch.inf_amd64_3e6575b60ae27560, dllName = libigdgmm_w.so.12 
 IsWddmLinux = 1, dllWslName = /usr/lib/wsl/drivers/iigd_dch.inf_amd64_3e6575b60ae27560/libigdgmm_w.so.12  flags = 2
 dllPath = /usr/lib/wsl/drivers/iigd_dch.inf_amd64_3e6575b60ae27560, dllName = libigdgmm_w.so.12 
 IsWddmLinux = 1, dllWslName = /usr/lib/wsl/drivers/iigd_dch.inf_amd64_3e6575b60ae27560/libigdgmm_w.so.12  flags = 2
GPU_POST_SAMPLE 0 2359296 5242880 262144 262144 196608 131072 983040 1703936 11141120
GPU_POST_SAMPLE 1 2686976 7733248 262144 262144 262144 65536 1048576 1769472 14090240
GPU_POST_SAMPLE 2 2097152 4128768 2621440 327680 262144 131072 983040 1769472 12320768
GPU_POST_SAMPLE 3 2490368 5505024 2686976 262144 262144 131072 1048576 1703936 14090240
GPU_POST_SAMPLE 4 2162688 4784128 2752512 327680 262144 131072 1114112 1835008 13369344
GPU_POST_SAMPLE 5 2293760 4653056 262144 262144 262144 0 1048576 4784128 13565952
GPU_POST_SAMPLE 6 2031616 4653056 196608 262144 262144 65536 917504 1638400 10027008
GPU_POST_SAMPLE 7 2621440 5701632 3670016 327680 196608 196608 983040 1769472 15466496
GPU_POST_SAMPLE 8 2883584 6094848 327680 262144 327680 65536 1310720 3801088 15073280
GPU_POST_SAMPLE 9 5832704 13238272 196608 196608 262144 65536 917504 1572864 22282240
GPU_POST_SAMPLE 10 5963776 10223616 4259840 458752 393216 131072 1769472 2883584 26083328
GPU_POST_SAMPLE 11 7929856 14417920 3538944 655360 589824 196608 2686976 4718592 34734080
GPU_POST_SAMPLE 12 8126464 23724032 5898240 1245184 1179648 327680 4390912 7995392 52887552
GPU_POST_SAMPLE 13 9633792 18153472 9371648 1310720 1245184 524288 4587520 7995392 52822016
GPU_POST_SAMPLE 14 8585216 16580608 6291456 786432 786432 196608 3473408 5963776 42663936
GPU_POST_SAMPLE 15 8978432 24117248 5832704 983040 851968 196608 3670016 6750208 51380224
GPU_POST_SAMPLE 16 9699328 26738688 6881280 1310720 1245184 524288 4456448 8060928 58916864
GPU_POST_SAMPLE 17 6619136 16121856 458752 458752 458752 131072 1835008 3211264 29294592
GPU_POST_SAMPLE 18 8192000 21495808 786432 655360 720896 131072 2883584 4915200 39780352
GPU_POST_SAMPLE 19 8323072 20643840 655360 655360 655360 131072 2752512 9175040 42991616
GPU_POST_SAMPLE 20 7143424 21692416 589824 720896 655360 65536 2752512 4128768 37748736
GPU_POST_SAMPLE 21 15400960 12976128 1638400 720896 655360 131072 2752512 4259840 38535168
GPU_POST_SAMPLE 22 7340032 19136512 3866624 655360 524288 131072 2752512 4456448 38862848
GPU_POST_SAMPLE 23 7274496 12845056 655360 3997696 655360 196608 2490368 4194304 32309248
GPU_POST_SAMPLE 24 7340032 21299200 655360 2621440 720896 196608 2621440 4063232 39518208
GPU_POST_SAMPLE 25 7405568 20054016 786432 720896 655360 65536 2818048 4718592 37224448
GPU_POST_SAMPLE 26 7405568 18743296 4390912 786432 524288 196608 2818048 4390912 39256064
GPU_POST_SAMPLE 27 5963776 13697024 393216 458752 393216 0 1703936 2818048 25427968
GPU_POST_SAMPLE 28 6291456 10813440 4915200 458752 458752 131072 1703936 2883584 27656192
GPU_POST_SAMPLE 29 2162688 8257536 3735552 262144 262144 131072 1048576 1572864 17432576
GPU_POST_SAMPLE 30 6619136 10747904 917504 458752 262144 131072 1179648 1900544 22216704
GPU_POST_SAMPLE 31 2949120 6553600 3014656 393216 262144 131072 1310720 2162688 16777216
GPU_POST_SAMPLE 32 3080192 6619136 327680 4259840 393216 131072 1310720 2162688 18284544
GPU_POST_SAMPLE 33 2293760 4456448 2359296 327680 196608 131072 1048576 1703936 12517376
GPU_POST_SAMPLE 34 2293760 4587520 2293760 262144 262144 65536 1114112 1638400 12517376
GPU_POST_SAMPLE 35 2162688 4849664 262144 262144 262144 65536 1048576 1703936 10616832
GPU_POST_SAMPLE 36 2162688 4849664 262144 196608 262144 131072 983040 1638400 10485760
GPU_POST_SAMPLE 37 2293760 4849664 327680 196608 3473408 131072 1310720 2031616 14614528
GPU_POST_SAMPLE 38 4718592 11534336 458752 327680 327680 131072 1572864 2621440 21692416
GPU_POST_SAMPLE 39 2359296 4456448 5963776 458752 393216 131072 1900544 2949120 18612224
GPU_POST_SAMPLE 40 3211264 6684672 2490368 327680 262144 196608 1179648 2097152 16449536
GPU_POST_SAMPLE 41 3211264 6619136 262144 262144 262144 131072 1179648 5701632 17629184
GPU_POST_SAMPLE 42 2293760 4587520 262144 196608 262144 65536 917504 1703936 10289152
GPU_POST_SAMPLE 43 3080192 7012352 3538944 393216 262144 131072 1245184 2097152 17760256
GPU_POST_SAMPLE 44 2293760 4456448 262144 196608 3145728 131072 1114112 1703936 13303808
GPU_POST_SAMPLE 45 3145728 6946816 3407872 393216 262144 131072 1376256 2031616 17694720
GPU_POST_SAMPLE 46 2293760 4849664 5439488 327680 262144 131072 1179648 1769472 16252928
GPU_POST_SAMPLE 47 2293760 4456448 2621440 262144 262144 131072 1048576 1572864 12648448
GPU_POST_SAMPLE 48 2162688 4128768 196608 196608 196608 65536 851968 1441792 9240576
GPU_POST_SAMPLE 49 2818048 5046272 2555904 262144 327680 65536 1048576 1769472 13893632
GPU_POST_SAMPLE 50 2686976 5505024 2686976 262144 262144 65536 1048576 1703936 14221312
GPU_POST_SAMPLE 51 2555904 5505024 2555904 262144 262144 131072 1114112 1638400 14024704
GPU_POST_SAMPLE 52 2293760 4718592 327680 2162688 262144 131072 983040 1638400 12517376
GPU_POST_SAMPLE 53 2162688 4587520 262144 262144 196608 65536 1048576 1638400 10223616
GPU_POST_SAMPLE 54 2097152 3997696 196608 196608 262144 65536 4718592 1769472 13303808
GPU_POST_SAMPLE 55 2031616 3866624 262144 262144 262144 65536 983040 1572864 9306112
GPU_POST_SAMPLE 56 2031616 3866624 196608 196608 262144 0 917504 1507328 8978432
GPU_POST_SAMPLE 57 2752512 5373952 2686976 327680 196608 131072 1048576 1638400 14155776
GPU_POST_SAMPLE 58 2752512 5701632 2555904 327680 196608 196608 983040 1638400 14352384
GPU_POST_SAMPLE 59 1966080 4194304 196608 196608 196608 65536 917504 3735552 11468800
GPU_POST_SAMPLE 60 2031616 3866624 196608 3342336 327680 65536 1114112 1769472 12713984
GPU_POST_SAMPLE 61 2031616 4194304 262144 196608 196608 65536 917504 1376256 9240576
GPU_POST_SAMPLE 62 2752512 5898240 2490368 327680 196608 131072 983040 1638400 14417920
GPU_POST_SAMPLE 63 2949120 5767168 2293760 262144 262144 65536 1114112 1703936 14417920
GPU_POST_SAMPLE 64 3932160 7340032 2490368 262144 262144 131072 1048576 1638400 17104896
GPU_POST_SAMPLE 65 2490368 5308416 2490368 327680 262144 65536 1114112 1638400 13697024
GPU_POST_SAMPLE 66 2097152 4063232 196608 196608 262144 65536 851968 1441792 9175040
GPU_POST_SAMPLE 67 2818048 7798784 262144 262144 327680 0 1114112 1703936 14286848
GPU_POST_SAMPLE 68 2490368 5570560 262144 262144 196608 131072 1048576 1638400 11599872
GPU_POST_SAMPLE 69 2818048 5832704 262144 196608 262144 65536 1048576 4915200 15400960
GPU_POST_SAMPLE 70 2555904 5636096 3342336 327680 262144 65536 1245184 2031616 15466496
GPU_POST_SAMPLE 71 3997696 7536640 2424832 327680 196608 131072 1048576 1703936 17367040
GPU_POST_SAMPLE 72 3932160 7340032 2490368 327680 196608 131072 1048576 1638400 17104896
GPU_POST_SAMPLE 73 2162688 4194304 2424832 327680 262144 131072 1048576 1703936 12255232
GPU_POST_SAMPLE 74 2097152 4259840 262144 262144 131072 131072 917504 4521984 12582912
GPU_POST_SAMPLE 75 2097152 3932160 2097152 262144 262144 65536 917504 1507328 11141120
GPU_POST_SAMPLE 76 2621440 5373952 262144 262144 196608 131072 983040 1703936 11534336
GPU_POST_SAMPLE 77 2883584 7798784 327680 262144 196608 65536 1048576 1703936 14286848
GPU_POST_SAMPLE 78 2686976 5898240 2621440 262144 262144 65536 1114112 1703936 14614528
GPU_POST_SAMPLE 79 2818048 5505024 2490368 262144 262144 131072 917504 1703936 14090240
GPU_POST_SAMPLE 80 2228224 3866624 2621440 327680 262144 131072 1114112 1769472 12320768
GPU_POST_SAMPLE 81 2162688 3866624 196608 196608 196608 65536 851968 1441792 8978432
GPU_POST_SAMPLE 82 2162688 3801088 4259840 262144 262144 131072 1048576 1769472 13697024
GPU_POST_SAMPLE 83 2031616 3932160 262144 196608 196608 131072 917504 5373952 13041664
GPU_POST_SAMPLE 84 2097152 4128768 196608 262144 196608 65536 851968 1441792 9240576
GPU_POST_SAMPLE 85 2686976 5570560 262144 262144 327680 0 1048576 1703936 11862016
GPU_POST_SAMPLE 86 2162688 4063232 196608 196608 262144 0 917504 1441792 9240576
GPU_POST_SAMPLE 87 2424832 7733248 262144 262144 196608 131072 983040 1703936 13697024
GPU_POST_SAMPLE 88 3014656 5767168 2490368 262144 262144 131072 983040 1769472 14680064
GPU_POST_SAMPLE 89 2949120 5701632 2686976 327680 262144 65536 1048576 1703936 14745600
GPU_POST_SAMPLE 90 2883584 7798784 262144 262144 262144 0 1114112 1638400 14221312
GPU_POST_SAMPLE 91 2621440 5308416 2555904 327680 262144 131072 1114112 1703936 14024704
GPU_POST_SAMPLE 92 4128768 7405568 4063232 393216 262144 131072 1441792 2031616 19857408
GPU_POST_SAMPLE 93 2097152 4063232 262144 196608 196608 65536 917504 1507328 9306112
GPU_POST_SAMPLE 94 2228224 4128768 4653056 327680 196608 131072 1179648 1703936 14548992
GPU_POST_SAMPLE 95 2293760 3932160 4063232 327680 262144 65536 1179648 1769472 13893632
GPU_POST_SAMPLE 96 2097152 3997696 196608 3932160 327680 65536 1114112 1835008 13565952
GPU_POST_SAMPLE 97 2097152 3932160 196608 196608 262144 0 917504 1441792 9043968
GPU_POST_SAMPLE 98 3014656 7864320 262144 262144 196608 65536 1048576 1703936 14417920
GPU_POST_SAMPLE 99 2752512 5767168 2555904 262144 262144 65536 1179648 1703936 14548992
GPU_POST_SAMPLE 100 4259840 7471104 2490368 262144 196608 131072 983040 1638400 17432576
GPU_POST_SAMPLE 101 3014656 5701632 3080192 327680 196608 131072 1048576 1638400 15138816
GPU_POST_SAMPLE 102 2818048 5832704 262144 262144 262144 65536 1048576 5242880 15794176
GPU_POST_SAMPLE 103 2621440 5373952 262144 196608 262144 65536 1048576 1703936 11534336
GPU_POST_SAMPLE 104 2097152 4128768 262144 196608 196608 65536 917504 1441792 9306112
GPU_POST_SAMPLE 105 2162688 3866624 262144 196608 196608 65536 917504 1376256 9043968
GPU_POST_SAMPLE 106 2949120 5373952 2818048 327680 196608 131072 1048576 1703936 14548992
GPU_POST_SAMPLE 107 2621440 3145728 131072 196608 131072 131072 655360 1048576 8060928
GPU_POST_SAMPLE 108 1769472 4259840 196608 196608 196608 131072 720896 1048576 8519680
GPU_POST_SAMPLE 109 2686976 5767168 5046272 327680 262144 131072 1310720 1900544 17432576
GPU_POST_SAMPLE 110 2228224 3932160 5177344 327680 262144 131072 1114112 1572864 14745600
GPU_POST_SAMPLE 111 2228224 4259840 327680 196608 2621440 131072 1048576 1638400 12451840
GPU_POST_SAMPLE 112 2949120 5439488 3407872 327680 262144 131072 1179648 1966080 15663104
GPU_POST_SAMPLE 113 2555904 5701632 3407872 327680 196608 131072 1114112 1703936 15138816
GPU_POST_SAMPLE 114 2949120 5505024 5111808 262144 327680 65536 1114112 1703936 17039360
GPU_POST_SAMPLE 115 2162688 3997696 196608 196608 262144 65536 851968 1441792 9175040
GPU_POST_SAMPLE 116 2162688 3997696 2490368 327680 196608 131072 1179648 1703936 12189696
GPU_POST_SAMPLE 117 3014656 6029312 2555904 327680 196608 131072 1048576 1638400 14942208
GPU_POST_SAMPLE 118 2162688 4259840 262144 196608 196608 65536 917504 1507328 9568256
GPU_POST_SAMPLE 119 2883584 5373952 3014656 327680 196608 131072 1179648 1703936 14811136
{"seed":43,"vendor":"Microsoft Corporation","renderer":"D3D12 (Intel(R) Arc(TM) 140T GPU (16GB))","gl_version":"4.6 (Compatibility Profile) Mesa 26.2.2","gallium_path":"/root/.cache/football-mesa-build-20260913-a/install-wayland/lib/libgallium-26.2.2.so","width":1920,"height":1080,"quality":"pbr+bloom+fxaa+auto_exposure","swap_enabled":true,"swap_interval":0,"warmup_frames":30,"measured_frames":120,"in_play_frames":150,"p50_ms":30.563794,"p95_ms":66.343813,"p99_ms":111.115870,"submit_p50_ms":30.522718,"submit_p95_ms":66.276483,"finish_p50_ms":0.042012,"finish_p95_ms":0.065910,"samples_ms":[29.880328,30.563794,28.316869,30.574893,30.075089,28.775752,32.100972,32.612279,57.682511,43.815940,50.890671,72.166669,93.856252,125.970073,84.324660,81.890858,111.115870,52.308674,66.343813,64.120387,60.360463,64.380383,60.523106,61.658337,60.119472,59.981085,60.041323,44.256437,45.447254,34.433135,42.007803,33.208839,36.506591,28.797688,29.978501,29.370657,32.421555,32.243093,41.009576,36.754796,35.872823,34.082248,30.261252,34.981644,29.115363,33.040679,31.977467,28.174222,26.236361,30.185144,29.880343,30.806400,27.680702,27.151177,29.024484,29.599193,27.343278,32.296360,30.075738,25.272891,26.387225,26.281186,30.606747,31.121079,31.653896,28.271084,21.784446,30.736418,29.766574,31.641344,29.264589,31.739759,31.642758,28.587009,27.419232,24.874378,28.008519,31.347663,30.134307,30.630131,28.241829,28.513506,29.616473,26.629204,27.090910,26.451104,22.622875,28.892907,31.417178,32.018722,31.091932,28.629359,34.627909,23.956692,29.648035,28.867978,29.281736,26.729990,31.416777,30.356743,30.757286,35.410302,30.143137,27.214054,24.816077,26.686091,30.696460,24.790558,25.159821,33.003637,28.367133,27.537614,31.475652,31.296853,31.376764,27.233702,29.933277,30.264726,26.056854,28.536969],"submit_samples_ms":[29.841130,30.522718,28.278266,30.536475,30.032097,28.732533,32.059036,32.564952,57.634815,43.768427,50.838660,72.115251,93.804284,125.891138,84.263578,81.754230,111.063499,52.258099,66.276483,64.076377,60.315864,64.332599,60.472934,61.608182,60.049160,59.915175,59.983379,44.202839,45.401485,34.385056,41.957251,33.160793,36.460657,28.748456,29.926636,29.306150,32.376258,32.195834,40.961602,36.705578,35.830872,34.036859,30.220193,34.936150,29.051985,32.994382,31.930146,28.128670,26.195506,30.143132,29.839311,30.764190,27.617970,27.106853,28.984738,29.559538,27.305088,32.255583,30.018509,25.232048,26.343044,26.242475,30.567753,31.082580,31.616550,28.231717,21.747045,30.696838,29.726609,31.602796,29.227183,31.699694,31.602020,28.548617,27.377593,24.835960,27.969617,31.310976,30.094749,30.592409,28.201161,28.457937,29.572692,26.589444,27.048136,26.409639,22.585604,28.854921,31.376425,31.979758,31.052681,28.591595,34.590039,23.910688,29.601152,28.810152,29.243524,26.691739,31.379376,30.318331,30.717884,35.372877,30.106248,27.176596,24.771656,26.641902,30.658564,24.750493,25.109626,32.960094,28.319395,27.499006,31.438306,31.230382,31.339317,27.193764,29.894028,30.226641,25.990084,28.491189],"finish_samples_ms":[0.039198,0.041076,0.038603,0.038418,0.042992,0.043219,0.041936,0.047327,0.047696,0.047513,0.052011,0.051418,0.051968,0.078935,0.061082,0.136628,0.052371,0.050575,0.067330,0.044010,0.044599,0.047784,0.050172,0.050155,0.070312,0.065910,0.057944,0.053598,0.045769,0.048079,0.050552,0.048046,0.045934,0.049232,0.051865,0.064507,0.045297,0.047259,0.047974,0.049218,0.041951,0.045389,0.041059,0.045494,0.063378,0.046297,0.047321,0.045552,0.040855,0.042012,0.041032,0.042210,0.062732,0.044324,0.039746,0.039655,0.038190,0.040777,0.057229,0.040843,0.044181,0.038711,0.038994,0.038499,0.037346,0.039367,0.037401,0.039580,0.039965,0.038548,0.037406,0.040065,0.040738,0.038392,0.041639,0.038418,0.038902,0.036687,0.039558,0.037722,0.040668,0.055569,0.043781,0.039760,0.042774,0.041465,0.037271,0.037986,0.040753,0.038964,0.039251,0.037764,0.037870,0.046004,0.046883,0.057826,0.038212,0.038251,0.037401,0.038412,0.039402,0.037425,0.036889,0.037458,0.044421,0.044189,0.037896,0.040065,0.050195,0.043543,0.047738,0.038608,0.037346,0.066471,0.037447,0.039938,0.039249,0.038085,0.066770,0.045780]}
