MESA-EGL: warning: egl: failed to create dri2 screen
 dllPath = /usr/lib/wsl/drivers/iigd_dch.inf_amd64_3e6575b60ae27560, dllName = libigdgmm_w.so.12 
 IsWddmLinux = 1, dllWslName = /usr/lib/wsl/drivers/iigd_dch.inf_amd64_3e6575b60ae27560/libigdgmm_w.so.12  flags = 2
 dllPath = /usr/lib/wsl/drivers/iigd_dch.inf_amd64_3e6575b60ae27560, dllName = libigdgmm_w.so.12 
 IsWddmLinux = 1, dllWslName = /usr/lib/wsl/drivers/iigd_dch.inf_amd64_3e6575b60ae27560/libigdgmm_w.so.12  flags = 2
GPU_POST_SAMPLE 0 1114112 2031616 196608 65536 131072 65536 524288 720896 4849664
GPU_POST_SAMPLE 1 1114112 1900544 131072 131072 131072 0 524288 851968 4784128
GPU_POST_SAMPLE 2 1048576 1966080 1966080 196608 65536 131072 524288 786432 6684672
GPU_POST_SAMPLE 3 1376256 2752512 131072 65536 196608 65536 458752 786432 5832704
GPU_POST_SAMPLE 4 1441792 2883584 196608 131072 196608 65536 655360 6946816 12517376
GPU_POST_SAMPLE 5 1048576 2031616 131072 131072 131072 65536 524288 786432 4849664
GPU_POST_SAMPLE 6 1048576 1900544 131072 196608 65536 65536 524288 786432 4718592
GPU_POST_SAMPLE 7 1114112 2162688 65536 196608 65536 65536 524288 786432 4980736
GPU_POST_SAMPLE 8 1245184 2752512 131072 131072 65536 65536 524288 786432 5701632
GPU_POST_SAMPLE 9 1179648 2555904 1703936 196608 131072 65536 524288 851968 7208960
GPU_POST_SAMPLE 10 1048576 1835008 196608 131072 65536 65536 524288 720896 4587520
GPU_POST_SAMPLE 11 1179648 2097152 2490368 196608 131072 131072 720896 917504 7864320
GPU_POST_SAMPLE 12 1048576 2031616 196608 65536 196608 65536 458752 720896 4784128
GPU_POST_SAMPLE 13 1114112 2359296 196608 131072 131072 65536 524288 851968 5373952
GPU_POST_SAMPLE 14 1048576 1900544 131072 131072 65536 65536 524288 851968 4718592
GPU_POST_SAMPLE 15 1310720 2490368 3276800 262144 65536 131072 524288 786432 8847360
GPU_POST_SAMPLE 16 1114112 2031616 196608 65536 131072 65536 524288 720896 4849664
GPU_POST_SAMPLE 17 1048576 1900544 131072 131072 131072 0 589824 720896 4653056
GPU_POST_SAMPLE 18 1048576 1900544 131072 131072 65536 65536 524288 851968 4718592
GPU_POST_SAMPLE 19 1179648 2949120 131072 131072 131072 65536 524288 720896 5832704
GPU_POST_SAMPLE 20 1114112 2752512 1572864 196608 65536 131072 524288 786432 7143424
GPU_POST_SAMPLE 21 1638400 1835008 196608 65536 131072 131072 524288 720896 5242880
GPU_POST_SAMPLE 22 1114112 2031616 131072 131072 131072 65536 458752 786432 4849664
GPU_POST_SAMPLE 23 1048576 2883584 131072 65536 196608 65536 458752 786432 5636096
GPU_POST_SAMPLE 24 1245184 2097152 131072 131072 131072 65536 458752 786432 5046272
GPU_POST_SAMPLE 25 983040 1900544 196608 131072 65536 65536 524288 720896 4587520
GPU_POST_SAMPLE 26 1114112 1835008 131072 131072 65536 65536 524288 786432 4653056
GPU_POST_SAMPLE 27 1310720 2555904 1572864 196608 131072 65536 524288 786432 7143424
GPU_POST_SAMPLE 28 1179648 3997696 196608 196608 196608 65536 917504 4063232 10813440
GPU_POST_SAMPLE 29 1114112 2097152 131072 131072 65536 131072 458752 851968 4980736
GPU_POST_SAMPLE 30 1114112 2097152 65536 196608 65536 65536 458752 851968 4915200
GPU_POST_SAMPLE 31 1835008 2228224 196608 131072 131072 0 589824 720896 5832704
GPU_POST_SAMPLE 32 1114112 4521984 131072 131072 131072 65536 458752 786432 7340032
GPU_POST_SAMPLE 33 1179648 2359296 131072 131072 131072 0 524288 786432 5242880
GPU_POST_SAMPLE 34 1114112 2097152 131072 131072 131072 0 589824 720896 4915200
GPU_POST_SAMPLE 35 1048576 1900544 131072 131072 131072 65536 524288 720896 4653056
GPU_POST_SAMPLE 36 1179648 2621440 131072 196608 131072 65536 589824 983040 5898240
GPU_POST_SAMPLE 37 1114112 3145728 196608 131072 65536 65536 524288 786432 6029312
GPU_POST_SAMPLE 38 1114112 2031616 1441792 196608 131072 131072 524288 786432 6356992
GPU_POST_SAMPLE 39 1572864 2031616 131072 131072 131072 65536 524288 720896 5308416
GPU_POST_SAMPLE 40 1048576 1966080 131072 131072 131072 65536 524288 5046272 9043968
GPU_POST_SAMPLE 41 1310720 2228224 131072 65536 196608 65536 458752 786432 5242880
GPU_POST_SAMPLE 42 1048576 1835008 131072 131072 65536 131072 524288 720896 4587520
GPU_POST_SAMPLE 43 2818048 8192000 196608 65536 196608 65536 524288 720896 12779520
GPU_POST_SAMPLE 44 1114112 2031616 131072 131072 65536 65536 524288 786432 4849664
GPU_POST_SAMPLE 45 2490368 6422528 131072 131072 131072 65536 524288 720896 10616832
GPU_POST_SAMPLE 46 1114112 2031616 131072 131072 65536 65536 524288 786432 4849664
GPU_POST_SAMPLE 47 1114112 2555904 131072 196608 6750208 131072 524288 786432 12189696
GPU_POST_SAMPLE 48 1048576 1835008 196608 65536 196608 65536 524288 720896 4653056
GPU_POST_SAMPLE 49 1179648 1966080 65536 196608 65536 65536 524288 851968 4915200
GPU_POST_SAMPLE 50 1245184 2162688 131072 131072 131072 0 589824 720896 5111808
GPU_POST_SAMPLE 51 1114112 2359296 196608 131072 131072 65536 589824 851968 5439488
GPU_POST_SAMPLE 52 1114112 2162688 196608 65536 196608 0 589824 786432 5111808
GPU_POST_SAMPLE 53 1376256 3735552 131072 131072 65536 65536 524288 786432 6815744
GPU_POST_SAMPLE 54 1507328 4259840 262144 262144 196608 65536 917504 786432 8257536
GPU_POST_SAMPLE 55 1048576 1966080 2883584 262144 65536 131072 589824 720896 7667712
GPU_POST_SAMPLE 56 1048576 1900544 65536 196608 65536 65536 524288 786432 4653056
GPU_POST_SAMPLE 57 1048576 2097152 131072 131072 131072 0 589824 720896 4849664
GPU_POST_SAMPLE 58 1048576 2031616 196608 65536 131072 65536 524288 720896 4784128
GPU_POST_SAMPLE 59 1835008 4390912 2490368 327680 196608 196608 983040 786432 11206656
GPU_POST_SAMPLE 60 1114112 2031616 65536 196608 65536 65536 524288 786432 4849664
GPU_POST_SAMPLE 61 1048576 2031616 131072 131072 131072 0 589824 720896 4784128
GPU_POST_SAMPLE 62 1114112 1900544 131072 196608 65536 65536 524288 786432 4784128
GPU_POST_SAMPLE 63 1703936 3407872 196608 65536 131072 65536 524288 720896 6815744
GPU_POST_SAMPLE 64 1310720 3735552 131072 131072 131072 65536 524288 786432 6815744
GPU_POST_SAMPLE 65 1114112 1835008 131072 196608 65536 65536 524288 786432 4718592
GPU_POST_SAMPLE 66 1114112 2818048 131072 196608 131072 65536 655360 786432 5898240
GPU_POST_SAMPLE 67 1114112 2490368 131072 196608 65536 65536 524288 786432 5373952
GPU_POST_SAMPLE 68 1114112 2097152 131072 131072 131072 0 589824 720896 4915200
GPU_POST_SAMPLE 69 1966080 2228224 196608 65536 196608 65536 524288 720896 5963776
GPU_POST_SAMPLE 70 1048576 5111808 131072 131072 131072 65536 524288 720896 7864320
GPU_POST_SAMPLE 71 1114112 2097152 196608 65536 131072 65536 524288 720896 4915200
GPU_POST_SAMPLE 72 1114112 1966080 196608 65536 131072 131072 458752 720896 4784128
GPU_POST_SAMPLE 73 1114112 1966080 65536 196608 65536 65536 524288 786432 4784128
GPU_POST_SAMPLE 74 1179648 2686976 131072 196608 65536 131072 589824 983040 5963776
GPU_POST_SAMPLE 75 1114112 2031616 1179648 262144 65536 131072 524288 786432 6094848
GPU_POST_SAMPLE 76 1114112 2359296 196608 65536 196608 65536 524288 917504 5439488
GPU_POST_SAMPLE 77 1114112 1900544 131072 131072 131072 65536 524288 786432 4784128
GPU_POST_SAMPLE 78 1114112 1835008 131072 131072 65536 65536 524288 786432 4653056
GPU_POST_SAMPLE 79 1114112 2031616 131072 131072 131072 65536 524288 720896 4849664
GPU_POST_SAMPLE 80 1114112 1835008 196608 65536 131072 65536 524288 720896 4653056
GPU_POST_SAMPLE 81 1179648 1966080 196608 131072 65536 65536 524288 720896 4849664
GPU_POST_SAMPLE 82 1245184 1835008 131072 131072 131072 65536 524288 786432 4849664
GPU_POST_SAMPLE 83 1245184 2621440 131072 131072 131072 65536 524288 851968 5701632
GPU_POST_SAMPLE 84 1114112 2883584 262144 262144 196608 65536 917504 1441792 7143424
GPU_POST_SAMPLE 85 1245184 1835008 131072 131072 196608 0 524288 786432 4849664
GPU_POST_SAMPLE 86 1114112 2686976 196608 196608 65536 131072 655360 983040 6029312
GPU_POST_SAMPLE 87 1179648 2031616 2949120 327680 196608 131072 1048576 1703936 9568256
GPU_POST_SAMPLE 88 1507328 3801088 65536 196608 65536 65536 524288 786432 7012352
GPU_POST_SAMPLE 89 1114112 1966080 131072 131072 196608 65536 589824 851968 5046272
GPU_POST_SAMPLE 90 1114112 2031616 196608 65536 196608 65536 458752 786432 4915200
GPU_POST_SAMPLE 91 1114112 2031616 196608 65536 196608 0 589824 720896 4915200
GPU_POST_SAMPLE 92 1114112 1900544 131072 131072 131072 0 589824 720896 4718592
GPU_POST_SAMPLE 93 1441792 3932160 262144 262144 262144 0 1048576 1245184 8454144
GPU_POST_SAMPLE 94 1179648 2293760 131072 131072 65536 131072 458752 851968 5242880
GPU_POST_SAMPLE 95 1114112 1835008 196608 65536 131072 65536 524288 720896 4653056
GPU_POST_SAMPLE 96 1179648 2097152 196608 131072 131072 65536 589824 2162688 6553600
GPU_POST_SAMPLE 97 1179648 1835008 196608 65536 131072 65536 524288 720896 4718592
GPU_POST_SAMPLE 98 1114112 2097152 262144 131072 131072 65536 655360 851968 5308416
GPU_POST_SAMPLE 99 1179648 2097152 131072 131072 131072 65536 524288 2424832 6684672
GPU_POST_SAMPLE 100 1310720 2686976 131072 196608 65536 65536 589824 786432 5832704
GPU_POST_SAMPLE 101 1245184 2031616 1245184 196608 131072 0 589824 786432 6225920
GPU_POST_SAMPLE 102 1114112 2031616 131072 131072 131072 65536 589824 786432 4980736
GPU_POST_SAMPLE 103 1179648 1900544 131072 131072 65536 65536 524288 786432 4784128
GPU_POST_SAMPLE 104 1441792 3538944 196608 65536 131072 65536 524288 720896 6684672
GPU_POST_SAMPLE 105 1376256 2031616 1835008 196608 131072 131072 524288 786432 7012352
GPU_POST_SAMPLE 106 1245184 1835008 131072 131072 65536 65536 524288 786432 4784128
GPU_POST_SAMPLE 107 1114112 1835008 131072 131072 131072 65536 524288 786432 4718592
GPU_POST_SAMPLE 108 1507328 5046272 196608 65536 196608 0 524288 786432 8323072
GPU_POST_SAMPLE 109 1114112 2097152 131072 131072 65536 65536 524288 786432 4915200
GPU_POST_SAMPLE 110 1114112 1966080 65536 196608 65536 1441792 720896 786432 6356992
GPU_POST_SAMPLE 111 1114112 2097152 196608 131072 131072 65536 655360 786432 5177344
GPU_POST_SAMPLE 112 1245184 2490368 196608 65536 131072 1310720 720896 720896 6881280
GPU_POST_SAMPLE 113 1507328 2162688 131072 65536 196608 0 524288 786432 5373952
GPU_POST_SAMPLE 114 1245184 2097152 196608 65536 131072 65536 524288 720896 5046272
GPU_POST_SAMPLE 115 1179648 2097152 131072 131072 65536 65536 524288 1179648 5373952
GPU_POST_SAMPLE 116 1179648 1900544 65536 196608 131072 0 524288 786432 4784128
GPU_POST_SAMPLE 117 1441792 1835008 131072 131072 131072 65536 524288 720896 4980736
GPU_POST_SAMPLE 118 1179648 1835008 131072 131072 131072 65536 524288 786432 4784128
GPU_POST_SAMPLE 119 1179648 1900544 65536 131072 196608 0 524288 786432 4784128
{"seed":42,"vendor":"Microsoft Corporation","renderer":"D3D12 (Intel(R) Arc(TM) 140T GPU (16GB))","gl_version":"4.6 (Compatibility Profile) Mesa 26.2.2","gallium_path":"/root/.cache/football-mesa-build-20260913-a/install-wayland/lib/libgallium-26.2.2.so","width":1920,"height":1080,"quality":"pbr+bloom+fxaa+auto_exposure","swap_enabled":true,"swap_interval":0,"warmup_frames":30,"measured_frames":120,"in_play_frames":141,"p50_ms":19.823209,"p95_ms":24.306069,"p99_ms":26.748077,"submit_p50_ms":19.785065,"submit_p95_ms":24.268735,"finish_p50_ms":0.038144,"finish_p95_ms":0.051759,"samples_ms":[18.116505,18.552677,21.494841,21.086564,26.748077,20.608544,19.916831,16.880920,19.497311,20.960794,18.547126,20.925576,18.374788,18.388897,18.386899,23.070652,18.275803,17.571736,19.449006,19.496052,20.781127,21.154262,19.832031,19.507408,18.124105,19.345314,20.477058,21.846193,22.899089,18.426711,18.624346,19.823209,21.340101,18.135167,20.069033,18.635899,18.224577,18.767249,19.882853,17.804754,24.249911,21.118665,17.774250,26.305669,19.968584,24.960151,19.961486,25.665815,27.360270,21.770958,21.035953,18.410401,19.801412,21.584271,21.384261,23.255125,19.583070,23.936029,18.741286,24.350992,17.884394,20.195165,20.076792,19.373064,23.067313,18.415298,20.489594,19.032132,17.048168,19.667932,21.296836,17.291947,17.081845,21.319584,19.036705,23.605532,17.896050,18.651995,19.145138,18.351572,24.306069,21.739316,19.098023,18.385159,21.502357,18.024283,20.557073,23.334666,20.828376,21.364681,17.493573,18.473427,20.494100,20.568985,19.978935,19.218955,19.443402,21.493920,19.566263,21.597808,20.140382,19.724692,17.996311,16.714487,19.777777,21.027222,17.300210,18.831117,21.389448,16.969433,22.563787,17.924232,21.527981,19.279565,16.165130,16.979093,20.535500,21.449480,20.306567,21.946348],"submit_samples_ms":[18.076617,18.513852,21.439871,21.022206,26.711386,20.563565,19.880548,16.842244,19.461190,20.921950,18.510513,20.886857,18.344761,18.342773,18.348887,23.034730,18.231896,17.529793,19.413234,19.454135,20.738048,21.119454,19.796736,19.459061,18.083096,19.309690,20.420182,21.804822,22.861905,18.395047,18.578237,19.785065,21.302686,18.099480,20.029323,18.599708,18.182958,18.732880,19.839619,17.766673,24.214322,21.057740,17.737074,26.202130,19.927490,24.922671,19.920114,25.626939,27.321171,21.724798,21.000285,18.373045,19.762629,21.541454,21.346316,23.215261,19.545976,23.899272,18.697943,24.316846,17.847140,20.151548,20.041579,19.336184,23.026489,18.377818,20.451548,18.989293,17.008334,19.627085,21.263208,17.256067,17.037092,21.283717,18.997559,23.566577,17.860720,18.614517,19.111642,18.305511,24.268735,21.696805,19.061131,18.342392,21.466945,17.945957,20.519636,23.296902,20.788009,21.330033,17.454627,18.434527,20.457810,20.531532,19.944888,19.167196,19.405296,21.464029,19.523125,21.560466,20.104825,19.677711,17.960213,16.675365,19.739320,20.986532,17.258153,18.793119,21.354346,16.920456,22.527545,17.889097,21.484995,19.244057,16.126935,16.940681,20.497662,21.406870,20.265104,21.912385],"finish_samples_ms":[0.039888,0.038825,0.054970,0.064358,0.036691,0.044979,0.036283,0.038676,0.036121,0.038844,0.036613,0.038719,0.030027,0.046124,0.038012,0.035922,0.043907,0.041943,0.035772,0.041917,0.043079,0.034808,0.035295,0.048347,0.041009,0.035624,0.056876,0.041371,0.037184,0.031664,0.046109,0.038144,0.037415,0.035687,0.039710,0.036191,0.041619,0.034369,0.043234,0.038081,0.035589,0.060925,0.037176,0.103539,0.041094,0.037480,0.041372,0.038876,0.039099,0.046160,0.035668,0.037356,0.038783,0.042817,0.037945,0.039864,0.037094,0.036757,0.043343,0.034146,0.037254,0.043617,0.035213,0.036880,0.040824,0.037480,0.038046,0.042839,0.039834,0.040847,0.033628,0.035880,0.044753,0.035867,0.039146,0.038955,0.035330,0.037478,0.033496,0.046061,0.037334,0.042511,0.036892,0.042767,0.035412,0.078326,0.037437,0.037764,0.040367,0.034648,0.038946,0.038900,0.036290,0.037453,0.034047,0.051759,0.038106,0.029891,0.043138,0.037342,0.035557,0.046981,0.036098,0.039122,0.038457,0.040690,0.042057,0.037998,0.035102,0.048977,0.036242,0.035135,0.042986,0.035508,0.038195,0.038412,0.037838,0.042610,0.041463,0.033963]}
