MESA-EGL: warning: egl: failed to create dri2 screen
 dllPath = /usr/lib/wsl/drivers/iigd_dch.inf_amd64_3e6575b60ae27560, dllName = libigdgmm_w.so.12 
 IsWddmLinux = 1, dllWslName = /usr/lib/wsl/drivers/iigd_dch.inf_amd64_3e6575b60ae27560/libigdgmm_w.so.12  flags = 2
 dllPath = /usr/lib/wsl/drivers/iigd_dch.inf_amd64_3e6575b60ae27560, dllName = libigdgmm_w.so.12 
 IsWddmLinux = 1, dllWslName = /usr/lib/wsl/drivers/iigd_dch.inf_amd64_3e6575b60ae27560/libigdgmm_w.so.12  flags = 2
GPU_POST_SAMPLE 0 851968 1507328 65536 131072 65536 0 262144 458752 3342336
GPU_POST_SAMPLE 1 917504 1441792 131072 65536 65536 65536 196608 458752 3342336
GPU_POST_SAMPLE 2 1048576 1703936 131072 65536 65536 65536 262144 524288 3866624
GPU_POST_SAMPLE 3 1179648 1966080 65536 131072 65536 65536 262144 524288 4259840
GPU_POST_SAMPLE 4 1245184 1900544 131072 65536 65536 65536 327680 458752 4259840
GPU_POST_SAMPLE 5 1048576 1769472 65536 131072 0 65536 327680 458752 3866624
GPU_POST_SAMPLE 6 983040 1638400 0 131072 65536 131072 262144 393216 3604480
GPU_POST_SAMPLE 7 983040 1572864 65536 65536 131072 0 327680 393216 3538944
GPU_POST_SAMPLE 8 983040 1638400 0 65536 131072 65536 262144 393216 3538944
GPU_POST_SAMPLE 9 1245184 2031616 65536 65536 131072 65536 327680 458752 4390912
GPU_POST_SAMPLE 10 983040 1376256 65536 131072 0 65536 262144 393216 3276800
GPU_POST_SAMPLE 11 1245184 1966080 65536 65536 65536 131072 262144 458752 4259840
GPU_POST_SAMPLE 12 917504 1441792 131072 65536 65536 65536 196608 458752 3342336
GPU_POST_SAMPLE 13 1179648 1966080 65536 131072 65536 65536 262144 589824 4325376
GPU_POST_SAMPLE 14 1245184 1966080 0 131072 65536 131072 262144 524288 4325376
GPU_POST_SAMPLE 15 1114112 1835008 131072 65536 65536 65536 262144 524288 4063232
GPU_POST_SAMPLE 16 1179648 1900544 131072 65536 65536 65536 327680 458752 4194304
GPU_POST_SAMPLE 17 1114112 1769472 65536 65536 131072 0 327680 458752 3932160
GPU_POST_SAMPLE 18 1179648 1966080 65536 65536 131072 0 327680 524288 4259840
GPU_POST_SAMPLE 19 1179648 1900544 65536 131072 65536 65536 327680 458752 4194304
GPU_POST_SAMPLE 20 1114112 1900544 65536 65536 65536 65536 327680 458752 4063232
GPU_POST_SAMPLE 21 1179648 1769472 65536 131072 65536 65536 262144 524288 4063232
GPU_POST_SAMPLE 22 1179648 1769472 65536 131072 65536 65536 262144 524288 4063232
GPU_POST_SAMPLE 23 1179648 1900544 131072 65536 65536 65536 262144 524288 4194304
GPU_POST_SAMPLE 24 1114112 1966080 0 65536 131072 65536 327680 458752 4128768
GPU_POST_SAMPLE 25 1179648 1900544 65536 65536 131072 65536 327680 458752 4194304
GPU_POST_SAMPLE 26 983040 1376256 131072 0 65536 131072 196608 458752 3342336
GPU_POST_SAMPLE 27 851968 1310720 65536 65536 0 131072 196608 393216 3014656
GPU_POST_SAMPLE 28 1245184 1900544 131072 65536 131072 0 262144 589824 4325376
GPU_POST_SAMPLE 29 1179648 1900544 131072 65536 65536 65536 327680 458752 4194304
GPU_POST_SAMPLE 30 1310720 2162688 131072 65536 131072 0 393216 589824 4784128
GPU_POST_SAMPLE 31 1179648 1966080 65536 131072 0 65536 327680 458752 4194304
GPU_POST_SAMPLE 32 1048576 2031616 65536 65536 65536 131072 327680 458752 4194304
GPU_POST_SAMPLE 33 1179648 1900544 65536 131072 65536 65536 262144 524288 4194304
GPU_POST_SAMPLE 34 1179648 1900544 65536 131072 65536 65536 262144 524288 4194304
GPU_POST_SAMPLE 35 917504 1441792 0 131072 65536 65536 262144 393216 3276800
GPU_POST_SAMPLE 36 917504 1441792 65536 0 131072 65536 196608 458752 3276800
GPU_POST_SAMPLE 37 851968 1441792 65536 0 65536 131072 196608 458752 3211264
GPU_POST_SAMPLE 38 983040 1769472 0 131072 65536 65536 262144 524288 3801088
GPU_POST_SAMPLE 39 851968 1310720 65536 65536 65536 65536 196608 393216 3014656
GPU_POST_SAMPLE 40 851968 1441792 65536 65536 65536 131072 196608 393216 3211264
GPU_POST_SAMPLE 41 917504 1507328 131072 0 65536 131072 196608 458752 3407872
GPU_POST_SAMPLE 42 917504 1572864 65536 65536 65536 65536 262144 458752 3473408
GPU_POST_SAMPLE 43 917504 1572864 0 131072 65536 65536 262144 393216 3407872
GPU_POST_SAMPLE 44 917504 1441792 65536 65536 65536 65536 262144 393216 3276800
GPU_POST_SAMPLE 45 917504 1441792 65536 65536 131072 0 327680 458752 3407872
GPU_POST_SAMPLE 46 917504 1507328 65536 65536 65536 65536 262144 524288 3473408
GPU_POST_SAMPLE 47 2228224 3276800 0 131072 131072 0 262144 524288 6553600
GPU_POST_SAMPLE 48 983040 2293760 196608 196608 196608 65536 589824 1114112 5636096
GPU_POST_SAMPLE 49 983040 1441792 65536 65536 65536 65536 262144 458752 3407872
GPU_POST_SAMPLE 50 1310720 2031616 65536 131072 65536 65536 327680 589824 4587520
GPU_POST_SAMPLE 51 2228224 3342336 131072 131072 196608 65536 589824 917504 7602176
GPU_POST_SAMPLE 52 2883584 4915200 196608 327680 262144 131072 786432 1507328 11010048
GPU_POST_SAMPLE 53 3276800 5373952 7536640 458752 262144 458752 983040 1769472 20119552
GPU_POST_SAMPLE 54 3473408 5439488 262144 327680 262144 262144 851968 1769472 12648448
GPU_POST_SAMPLE 55 3538944 5767168 3670016 458752 327680 393216 1048576 1835008 17039360
GPU_POST_SAMPLE 56 3997696 6684672 8126464 458752 458752 458752 1179648 2162688 23527424
GPU_POST_SAMPLE 57 3997696 6750208 5636096 524288 393216 458752 1245184 2097152 21102592
GPU_POST_SAMPLE 58 3670016 5767168 4718592 393216 262144 262144 983040 1900544 17956864
GPU_POST_SAMPLE 59 4784128 7995392 524288 458752 458752 524288 1310720 7208960 23265280
GPU_POST_SAMPLE 60 3473408 5832704 262144 262144 262144 196608 917504 1769472 12976128
GPU_POST_SAMPLE 61 3670016 5898240 196608 327680 262144 196608 851968 1900544 13303808
GPU_POST_SAMPLE 62 3670016 6029312 262144 262144 327680 131072 983040 1835008 13500416
GPU_POST_SAMPLE 63 4849664 8060928 10092544 589824 458752 655360 1376256 2555904 28639232
GPU_POST_SAMPLE 64 4980736 16318464 393216 524288 458752 458752 1376256 2555904 27066368
GPU_POST_SAMPLE 65 4980736 7995392 9830400 655360 458752 589824 1441792 2555904 28508160
GPU_POST_SAMPLE 66 4849664 8060928 9371648 589824 524288 589824 1376256 2555904 27918336
GPU_POST_SAMPLE 67 4849664 8060928 9830400 589824 524288 589824 1376256 2621440 28442624
GPU_POST_SAMPLE 68 4849664 8126464 458752 524288 393216 12779520 1638400 2555904 31326208
GPU_POST_SAMPLE 69 4849664 7995392 458752 524288 458752 458752 1310720 2621440 18677760
GPU_POST_SAMPLE 70 4915200 8060928 8847360 589824 524288 589824 1441792 2555904 27525120
GPU_POST_SAMPLE 71 4849664 8257536 393216 524288 458752 458752 1376256 2555904 18874368
GPU_POST_SAMPLE 72 4980736 7995392 8978432 589824 458752 589824 1441792 2621440 27656192
GPU_POST_SAMPLE 73 4915200 7929856 10616832 589824 524288 589824 1441792 2555904 29163520
GPU_POST_SAMPLE 74 4915200 8257536 14286848 589824 458752 589824 1441792 2490368 33030144
GPU_POST_SAMPLE 75 4915200 8060928 393216 524288 458752 458752 1376256 2555904 18743296
GPU_POST_SAMPLE 76 4849664 7929856 458752 524288 10813440 393216 1179648 2097152 28246016
GPU_POST_SAMPLE 77 3604480 6029312 262144 262144 262144 1638400 1114112 1835008 15007744
GPU_POST_SAMPLE 78 4849664 8192000 4718592 524288 524288 589824 1376256 2555904 23330816
GPU_POST_SAMPLE 79 4915200 7995392 15007744 589824 458752 589824 1441792 2555904 33554432
GPU_POST_SAMPLE 80 4915200 16515072 458752 458752 458752 524288 1245184 2621440 27197440
GPU_POST_SAMPLE 81 4849664 8257536 10813440 589824 458752 589824 1441792 2555904 29556736
GPU_POST_SAMPLE 82 4915200 8257536 393216 524288 458752 458752 1376256 2555904 18939904
GPU_POST_SAMPLE 83 4849664 8257536 458752 458752 8585216 720896 1507328 2555904 27394048
GPU_POST_SAMPLE 84 4915200 7995392 9240576 589824 458752 524288 1441792 2555904 27721728
GPU_POST_SAMPLE 85 4915200 7995392 393216 524288 458752 5046272 1638400 2555904 23527424
GPU_POST_SAMPLE 86 4915200 7995392 7536640 589824 458752 589824 1441792 2555904 26083328
GPU_POST_SAMPLE 87 4915200 8257536 9306112 589824 524288 589824 1376256 2621440 28180480
GPU_POST_SAMPLE 88 4915200 8126464 4980736 589824 524288 589824 1376256 2621440 23724032
GPU_POST_SAMPLE 89 4980736 8126464 9961472 589824 524288 589824 1441792 2555904 28770304
GPU_POST_SAMPLE 90 4915200 8257536 393216 458752 524288 458752 1310720 12648448 28966912
GPU_POST_SAMPLE 91 4980736 8126464 458752 458752 7733248 655360 1507328 2555904 26476544
GPU_POST_SAMPLE 92 4980736 7995392 4915200 589824 458752 655360 1376256 2621440 23592960
GPU_POST_SAMPLE 93 4980736 7995392 7536640 589824 524288 524288 1441792 2555904 26148864
GPU_POST_SAMPLE 94 4915200 8060928 393216 524288 458752 458752 1376256 2555904 18743296
GPU_POST_SAMPLE 95 4980736 8060928 458752 458752 524288 458752 1310720 2555904 18808832
GPU_POST_SAMPLE 96 4915200 8126464 393216 524288 458752 458752 1376256 2555904 18808832
GPU_POST_SAMPLE 97 4980736 8126464 458752 524288 393216 524288 1310720 2555904 18874368
GPU_POST_SAMPLE 98 3538944 5701632 2097152 327680 262144 196608 917504 1835008 14876672
GPU_POST_SAMPLE 99 4128768 6750208 327680 458752 393216 393216 1114112 2162688 15728640
GPU_POST_SAMPLE 100 4063232 6815744 393216 393216 393216 393216 1114112 2097152 15663104
GPU_POST_SAMPLE 101 3866624 5505024 196608 327680 262144 262144 851968 1703936 12976128
GPU_POST_SAMPLE 102 2686976 5767168 131072 196608 196608 131072 589824 1179648 10878976
GPU_POST_SAMPLE 103 2686976 4784128 131072 262144 196608 131072 655360 1310720 10158080
GPU_POST_SAMPLE 104 2490368 4980736 131072 131072 196608 65536 589824 983040 9568256
GPU_POST_SAMPLE 105 2949120 4915200 196608 262144 262144 65536 851968 1572864 11075584
GPU_POST_SAMPLE 106 6881280 5898240 327680 327680 393216 327680 917504 1638400 16711680
GPU_POST_SAMPLE 107 3145728 4980736 196608 262144 262144 196608 786432 1572864 11403264
GPU_POST_SAMPLE 108 2359296 3997696 2490368 196608 131072 131072 589824 983040 10878976
GPU_POST_SAMPLE 109 3014656 4980736 196608 262144 2555904 262144 851968 1572864 13697024
GPU_POST_SAMPLE 110 5898240 4980736 196608 262144 262144 131072 851968 1507328 14090240
GPU_POST_SAMPLE 111 2818048 4784128 196608 262144 262144 131072 786432 1507328 10747904
GPU_POST_SAMPLE 112 5439488 4849664 196608 262144 196608 196608 720896 1507328 13369344
GPU_POST_SAMPLE 113 3276800 7340032 262144 262144 196608 131072 851968 1703936 14024704
GPU_POST_SAMPLE 114 3473408 5439488 262144 262144 327680 262144 851968 1638400 12517376
GPU_POST_SAMPLE 115 3014656 5177344 262144 262144 262144 131072 851968 1638400 11599872
GPU_POST_SAMPLE 116 2752512 4063232 131072 196608 196608 65536 524288 1179648 9109504
GPU_POST_SAMPLE 117 3670016 5832704 262144 262144 327680 2949120 1114112 1835008 16252928
GPU_POST_SAMPLE 118 4128768 6881280 5701632 524288 393216 524288 1179648 2097152 21430272
GPU_POST_SAMPLE 119 3276800 5505024 9699328 524288 393216 458752 1245184 2162688 23265280
{"seed":42,"vendor":"Microsoft Corporation","renderer":"D3D12 (Intel(R) Arc(TM) 140T GPU (16GB))","gl_version":"4.6 (Compatibility Profile) Mesa 26.2.2","gallium_path":"/root/.cache/football-mesa-build-20260913-a/install-wayland/lib/libgallium-26.2.2.so","width":960,"height":540,"quality":"pbr+bloom+fxaa+auto_exposure","swap_enabled":true,"swap_interval":0,"warmup_frames":30,"measured_frames":120,"in_play_frames":141,"p50_ms":32.829350,"p95_ms":81.673683,"p99_ms":93.530925,"submit_p50_ms":32.789171,"submit_p95_ms":81.622566,"finish_p50_ms":0.043921,"finish_p95_ms":0.066949,"samples_ms":[12.839848,13.703092,13.290064,15.991824,15.211749,14.850589,13.998506,14.640813,13.698167,14.210674,14.636782,15.076480,13.828249,13.510779,13.841133,14.789271,15.663801,14.311103,14.997928,14.682196,15.749544,15.055462,14.669460,14.059081,14.157734,13.934571,14.275688,15.281133,13.872374,14.409319,14.333930,16.023999,14.824192,16.215853,14.616431,14.334833,15.117146,14.182492,14.384598,19.498582,14.396605,15.244220,14.574387,14.164979,18.156274,15.683846,18.069928,22.367499,23.187503,19.002961,21.929121,30.223894,38.801561,42.428230,38.058294,60.821715,63.714635,64.948833,69.811380,60.823288,36.718768,47.609186,49.033699,87.254319,70.285119,76.645450,69.795986,67.372518,69.639991,75.924869,93.530925,74.722710,73.992325,95.586840,76.764633,62.261850,55.727983,41.573542,83.034943,78.614574,83.296935,81.481371,92.753737,70.220330,75.862552,81.673683,73.649441,63.987485,68.370130,69.111292,68.247272,64.747024,70.095529,65.728810,59.164433,64.485826,63.322500,59.144930,39.297664,42.899849,48.392062,35.876699,26.878112,25.544942,25.148161,34.979735,36.467002,31.954068,28.004061,28.662310,32.829350,31.958209,36.471681,39.450158,37.700924,39.982144,38.021079,49.944832,56.430680,56.239039],"submit_samples_ms":[12.819808,13.681556,13.259514,15.956475,15.176903,14.815938,13.966929,14.604026,13.673423,14.186798,14.613444,15.052808,13.806372,13.490820,13.797212,14.763281,15.636649,14.286538,14.971984,14.658352,15.723380,15.031924,14.647500,14.034855,14.116069,13.904257,14.248158,15.251017,13.840686,14.379441,14.297780,15.991130,14.788963,16.177496,14.587253,14.295572,15.077144,14.153917,14.351235,19.456890,14.357034,15.209125,14.534179,14.126309,18.120021,15.647102,18.025110,22.309220,23.148539,18.957384,21.886947,30.174586,38.759088,42.382310,38.008771,60.346874,63.656146,64.886301,69.714797,60.770987,36.673353,47.532767,48.986937,87.204873,70.223456,76.595854,69.718630,67.320630,69.589177,75.864518,93.476276,74.667453,73.925376,95.521678,76.689827,62.213645,55.679843,41.528457,82.978744,78.562206,83.245393,81.427154,92.695121,70.162941,75.802838,81.622566,73.593610,63.927096,68.302807,69.060307,68.196756,64.692175,70.043238,65.674868,59.111894,64.428843,63.263542,59.095377,39.253548,42.835052,48.348073,35.829923,26.837299,25.505768,25.105938,34.937310,36.427181,31.914615,27.963389,28.622333,32.789171,31.917614,36.427555,39.405154,37.653567,39.940266,37.958014,49.897121,56.378023,56.191532],"finish_samples_ms":[0.020040,0.021536,0.030550,0.035349,0.034846,0.034651,0.031577,0.036787,0.024744,0.023876,0.023338,0.023672,0.021877,0.019959,0.043921,0.025990,0.027152,0.024565,0.025944,0.023844,0.026164,0.023538,0.021960,0.024226,0.041665,0.030314,0.027530,0.030116,0.031688,0.029878,0.036150,0.032869,0.035229,0.038357,0.029178,0.039261,0.040002,0.028575,0.033363,0.041692,0.039571,0.035095,0.040208,0.038670,0.036253,0.036744,0.044818,0.058279,0.038964,0.045577,0.042174,0.049308,0.042473,0.045920,0.049523,0.474841,0.058489,0.062532,0.096583,0.052301,0.045415,0.076419,0.046762,0.049446,0.061663,0.049596,0.077356,0.051888,0.050814,0.060351,0.054649,0.055257,0.066949,0.065162,0.074806,0.048205,0.048140,0.045085,0.056199,0.052368,0.051542,0.054217,0.058616,0.057389,0.059714,0.051117,0.055831,0.060389,0.067323,0.050985,0.050516,0.054849,0.052291,0.053942,0.052539,0.056983,0.058958,0.049553,0.044116,0.064797,0.043989,0.046776,0.040813,0.039174,0.042223,0.042425,0.039821,0.039453,0.040672,0.039977,0.040179,0.040595,0.044126,0.045004,0.047357,0.041878,0.063065,0.047711,0.052657,0.047507]}
