MESA-EGL: warning: egl: failed to create dri2 screen
 dllPath = /usr/lib/wsl/drivers/iigd_dch.inf_amd64_3e6575b60ae27560, dllName = libigdgmm_w.so.12 
 IsWddmLinux = 1, dllWslName = /usr/lib/wsl/drivers/iigd_dch.inf_amd64_3e6575b60ae27560/libigdgmm_w.so.12  flags = 2
 dllPath = /usr/lib/wsl/drivers/iigd_dch.inf_amd64_3e6575b60ae27560, dllName = libigdgmm_w.so.12 
 IsWddmLinux = 1, dllWslName = /usr/lib/wsl/drivers/iigd_dch.inf_amd64_3e6575b60ae27560/libigdgmm_w.so.12  flags = 2
GPU_POST_SAMPLE 0 1048576 2031616 196608 131072 65536 0 589824 851968 4915200
GPU_POST_SAMPLE 1 1179648 2293760 2293760 65536 262144 65536 524288 786432 7471104
GPU_POST_SAMPLE 2 1048576 2490368 196608 131072 65536 131072 393216 786432 5242880
GPU_POST_SAMPLE 3 1048576 2162688 65536 131072 131072 65536 524288 786432 4915200
GPU_POST_SAMPLE 4 1245184 1966080 65536 131072 196608 0 524288 786432 4915200
GPU_POST_SAMPLE 5 1114112 2424832 131072 196608 131072 65536 524288 851968 5439488
GPU_POST_SAMPLE 6 1703936 3014656 1835008 196608 65536 131072 524288 786432 8257536
GPU_POST_SAMPLE 7 1048576 1900544 262144 65536 131072 0 524288 720896 4653056
GPU_POST_SAMPLE 8 1179648 2883584 196608 65536 262144 65536 655360 720896 6029312
GPU_POST_SAMPLE 9 1507328 2621440 131072 131072 65536 131072 524288 720896 5832704
GPU_POST_SAMPLE 10 1114112 2097152 131072 65536 131072 131072 524288 720896 4915200
GPU_POST_SAMPLE 11 1048576 2359296 196608 131072 196608 0 655360 1048576 5636096
GPU_POST_SAMPLE 12 1048576 2031616 65536 131072 196608 0 524288 786432 4784128
GPU_POST_SAMPLE 13 1048576 2031616 196608 131072 131072 65536 524288 786432 4915200
GPU_POST_SAMPLE 14 1179648 2031616 131072 65536 131072 131072 524288 720896 4915200
GPU_POST_SAMPLE 15 1310720 2031616 65536 262144 65536 0 524288 786432 5046272
GPU_POST_SAMPLE 16 1179648 1900544 196608 2228224 196608 131072 524288 786432 7143424
GPU_POST_SAMPLE 17 1507328 2752512 196608 131072 65536 0 589824 720896 5963776
GPU_POST_SAMPLE 18 1048576 2031616 1703936 196608 131072 65536 524288 786432 6488064
GPU_POST_SAMPLE 19 1048576 1900544 131072 65536 131072 131072 524288 720896 4653056
GPU_POST_SAMPLE 20 1179648 1835008 196608 131072 65536 0 524288 786432 4718592
GPU_POST_SAMPLE 21 1048576 2031616 131072 196608 65536 0 589824 720896 4784128
GPU_POST_SAMPLE 22 1114112 3932160 65536 131072 131072 65536 524288 786432 6750208
GPU_POST_SAMPLE 23 1114112 1900544 131072 65536 196608 0 589824 720896 4718592
GPU_POST_SAMPLE 24 1048576 2162688 65536 131072 131072 65536 589824 720896 4915200
GPU_POST_SAMPLE 25 1114112 2621440 262144 65536 262144 0 589824 851968 5767168
GPU_POST_SAMPLE 26 1179648 3866624 1507328 196608 65536 131072 524288 786432 8257536
GPU_POST_SAMPLE 27 1179648 1835008 65536 131072 196608 0 524288 786432 4718592
GPU_POST_SAMPLE 28 1376256 5439488 196608 131072 65536 131072 458752 720896 8519680
GPU_POST_SAMPLE 29 1048576 1966080 65536 131072 131072 1703936 720896 720896 6488064
GPU_POST_SAMPLE 30 1245184 4194304 196608 196608 131072 131072 393216 720896 7208960
GPU_POST_SAMPLE 31 1769472 2228224 262144 65536 131072 131072 393216 786432 5767168
GPU_POST_SAMPLE 32 1507328 2752512 65536 262144 65536 131072 655360 1048576 6488064
GPU_POST_SAMPLE 33 1048576 2031616 65536 262144 65536 131072 655360 851968 5111808
GPU_POST_SAMPLE 34 1114112 2031616 196608 65536 131072 131072 393216 786432 4849664
GPU_POST_SAMPLE 35 1048576 1835008 196608 131072 65536 0 524288 786432 4587520
GPU_POST_SAMPLE 36 1114112 4521984 131072 196608 131072 0 655360 851968 7602176
GPU_POST_SAMPLE 37 1048576 2031616 196608 131072 65536 131072 393216 786432 4784128
GPU_POST_SAMPLE 38 1048576 2031616 131072 131072 196608 0 524288 720896 4784128
GPU_POST_SAMPLE 39 1048576 1966080 65536 131072 131072 65536 524288 786432 4718592
GPU_POST_SAMPLE 40 1114112 2424832 196608 131072 65536 131072 458752 851968 5373952
GPU_POST_SAMPLE 41 1769472 2228224 131072 131072 65536 131072 1900544 851968 7208960
GPU_POST_SAMPLE 42 1048576 1835008 196608 65536 131072 0 524288 786432 4587520
GPU_POST_SAMPLE 43 3670016 4390912 2293760 131072 196608 0 655360 720896 12058624
GPU_POST_SAMPLE 44 1114112 1966080 131072 131072 65536 131072 524288 720896 4784128
GPU_POST_SAMPLE 45 1048576 2686976 65536 262144 65536 131072 655360 917504 5832704
GPU_POST_SAMPLE 46 1114112 2097152 196608 131072 196608 131072 655360 917504 5439488
GPU_POST_SAMPLE 47 1179648 2031616 1245184 262144 65536 131072 524288 786432 6225920
GPU_POST_SAMPLE 48 1179648 1835008 196608 131072 65536 131072 524288 720896 4784128
GPU_POST_SAMPLE 49 1048576 1835008 1900544 196608 131072 131072 589824 786432 6619136
GPU_POST_SAMPLE 50 1048576 2424832 131072 196608 131072 0 524288 720896 5177344
GPU_POST_SAMPLE 51 1048576 1769472 131072 131072 65536 131072 524288 786432 4587520
GPU_POST_SAMPLE 52 2490368 4456448 131072 65536 131072 65536 589824 720896 8650752
GPU_POST_SAMPLE 53 1048576 2162688 65536 131072 65536 131072 458752 851968 4915200
GPU_POST_SAMPLE 54 1048576 1835008 196608 131072 65536 0 524288 786432 4587520
GPU_POST_SAMPLE 55 2031616 4259840 131072 196608 131072 0 524288 720896 7995392
GPU_POST_SAMPLE 56 1179648 2293760 131072 131072 65536 131072 524288 720896 5177344
GPU_POST_SAMPLE 57 1048576 2031616 2686976 196608 131072 65536 524288 851968 7536640
GPU_POST_SAMPLE 58 1048576 2031616 65536 131072 131072 65536 524288 786432 4784128
GPU_POST_SAMPLE 59 1769472 2359296 131072 65536 131072 131072 524288 720896 5832704
GPU_POST_SAMPLE 60 1114112 1769472 196608 131072 131072 0 524288 851968 4718592
GPU_POST_SAMPLE 61 1048576 1835008 65536 131072 131072 65536 524288 786432 4587520
GPU_POST_SAMPLE 62 1114112 2031616 65536 262144 65536 0 655360 851968 5046272
GPU_POST_SAMPLE 63 1179648 1966080 196608 65536 131072 0 524288 786432 4849664
GPU_POST_SAMPLE 64 1048576 1900544 196608 131072 131072 65536 524288 3014656 7012352
GPU_POST_SAMPLE 65 1179648 1769472 131072 196608 131072 0 524288 720896 4653056
GPU_POST_SAMPLE 66 1048576 1900544 131072 131072 65536 131072 524288 2031616 5963776
GPU_POST_SAMPLE 67 1179648 2359296 196608 131072 131072 65536 458752 720896 5242880
GPU_POST_SAMPLE 68 1179648 1900544 131072 131072 65536 131072 524288 720896 4784128
GPU_POST_SAMPLE 69 1179648 3145728 1769472 196608 65536 131072 524288 786432 7798784
GPU_POST_SAMPLE 70 1048576 1900544 131072 65536 262144 0 524288 4259840 8192000
GPU_POST_SAMPLE 71 3538944 3735552 196608 131072 65536 131072 393216 851968 9043968
GPU_POST_SAMPLE 72 1507328 3407872 131072 131072 65536 131072 524288 720896 6619136
GPU_POST_SAMPLE 73 1048576 2162688 1441792 262144 65536 131072 524288 720896 6356992
GPU_POST_SAMPLE 74 1179648 2228224 196608 262144 65536 131072 655360 917504 5636096
GPU_POST_SAMPLE 75 3407872 2031616 131072 196608 131072 0 524288 720896 7143424
GPU_POST_SAMPLE 76 1179648 2031616 65536 131072 65536 131072 524288 786432 4915200
GPU_POST_SAMPLE 77 1179648 1966080 131072 131072 65536 131072 458752 851968 4915200
GPU_POST_SAMPLE 78 1179648 1769472 131072 131072 65536 131072 524288 720896 4653056
GPU_POST_SAMPLE 79 1179648 2424832 2031616 196608 131072 0 655360 720896 7340032
GPU_POST_SAMPLE 80 1048576 2031616 131072 196608 131072 0 524288 2293760 6356992
GPU_POST_SAMPLE 81 1179648 1769472 262144 65536 131072 0 524288 720896 4653056
GPU_POST_SAMPLE 82 1179648 1769472 131072 196608 131072 0 524288 720896 4653056
GPU_POST_SAMPLE 83 1179648 2686976 196608 65536 262144 0 524288 720896 5636096
GPU_POST_SAMPLE 84 1310720 2686976 65536 262144 65536 0 524288 786432 5701632
GPU_POST_SAMPLE 85 1048576 2228224 131072 131072 196608 0 524288 720896 4980736
GPU_POST_SAMPLE 86 1179648 1835008 131072 65536 131072 65536 589824 720896 4718592
GPU_POST_SAMPLE 87 1048576 2490368 196608 65536 131072 131072 2752512 983040 7798784
GPU_POST_SAMPLE 88 1114112 2031616 131072 131072 65536 131072 524288 720896 4849664
GPU_POST_SAMPLE 89 1179648 2031616 131072 65536 131072 131072 524288 720896 4915200
GPU_POST_SAMPLE 90 1179648 1900544 131072 131072 65536 131072 524288 720896 4784128
GPU_POST_SAMPLE 91 1179648 2031616 65536 131072 131072 65536 524288 786432 4915200
GPU_POST_SAMPLE 92 1376256 2818048 1572864 196608 131072 131072 524288 720896 7471104
GPU_POST_SAMPLE 93 2424832 4259840 262144 65536 131072 65536 458752 720896 8388608
GPU_POST_SAMPLE 94 1114112 1703936 65536 262144 65536 0 524288 655360 4390912
GPU_POST_SAMPLE 95 1179648 2752512 131072 131072 196608 0 655360 851968 5898240
GPU_POST_SAMPLE 96 1179648 1703936 131072 131072 65536 131072 524288 655360 4521984
GPU_POST_SAMPLE 97 1179648 1966080 65536 131072 131072 65536 524288 786432 4849664
GPU_POST_SAMPLE 98 1179648 2555904 65536 262144 65536 0 589824 720896 5439488
GPU_POST_SAMPLE 99 1179648 1835008 1441792 262144 65536 131072 524288 851968 6291456
GPU_POST_SAMPLE 100 1179648 1769472 262144 65536 131072 65536 589824 720896 4784128
GPU_POST_SAMPLE 101 1179648 1966080 65536 131072 131072 65536 524288 786432 4849664
GPU_POST_SAMPLE 102 1179648 2359296 131072 65536 131072 131072 524288 720896 5242880
GPU_POST_SAMPLE 103 1179648 2097152 131072 65536 131072 131072 524288 720896 4980736
GPU_POST_SAMPLE 104 1179648 1769472 131072 196608 131072 0 524288 720896 4653056
GPU_POST_SAMPLE 105 1179648 1769472 2883584 131072 196608 0 655360 720896 7536640
GPU_POST_SAMPLE 106 1179648 2031616 65536 262144 65536 0 524288 786432 4915200
GPU_POST_SAMPLE 107 2162688 2031616 196608 65536 131072 0 524288 786432 5898240
GPU_POST_SAMPLE 108 1441792 2097152 131072 65536 131072 131072 524288 720896 5242880
GPU_POST_SAMPLE 109 1769472 3342336 65536 262144 65536 0 524288 786432 6815744
GPU_POST_SAMPLE 110 1376256 2228224 1638400 196608 65536 131072 524288 786432 6946816
GPU_POST_SAMPLE 111 1179648 2818048 196608 65536 131072 0 524288 786432 5701632
GPU_POST_SAMPLE 112 1310720 2424832 1703936 196608 131072 131072 524288 720896 7143424
GPU_POST_SAMPLE 113 1114112 2490368 196608 131072 65536 0 589824 2424832 7012352
GPU_POST_SAMPLE 114 2031616 2031616 131072 65536 131072 131072 524288 720896 5767168
GPU_POST_SAMPLE 115 1048576 1900544 262144 65536 131072 131072 524288 851968 4915200
GPU_POST_SAMPLE 116 1179648 2228224 196608 131072 131072 0 524288 720896 5111808
GPU_POST_SAMPLE 117 1179648 1966080 65536 131072 131072 65536 524288 786432 4849664
GPU_POST_SAMPLE 118 1179648 1769472 196608 131072 131072 0 524288 720896 4653056
GPU_POST_SAMPLE 119 1179648 1966080 65536 131072 131072 65536 524288 786432 4849664
{"seed":42,"vendor":"Microsoft Corporation","renderer":"D3D12 (Intel(R) Arc(TM) 140T GPU (16GB))","gl_version":"4.6 (Compatibility Profile) Mesa 26.2.2","gallium_path":"/root/.cache/football-mesa-build-20260913-a/install-wayland/lib/libgallium-26.2.2.so","width":1920,"height":1080,"quality":"pbr+bloom+fxaa+auto_exposure","swap_enabled":true,"swap_interval":0,"warmup_frames":30,"measured_frames":120,"in_play_frames":141,"p50_ms":19.286020,"p95_ms":24.345500,"p99_ms":25.345555,"submit_p50_ms":19.241409,"submit_p95_ms":24.303259,"finish_p50_ms":0.039100,"finish_p95_ms":0.055653,"samples_ms":[17.535194,23.477636,18.525119,18.470277,18.210074,19.933078,24.931032,17.399386,22.191496,19.971370,17.881590,22.244117,20.181243,19.525317,24.976551,18.278377,20.764654,19.779362,19.286020,19.135456,16.880863,18.446136,23.284256,16.350674,16.831189,18.164626,23.489695,20.211877,22.968001,24.839043,21.180605,19.685210,19.215308,21.561916,19.132047,19.413656,20.129335,17.403485,18.950956,18.764319,18.698376,22.812308,18.706082,24.773003,19.055185,20.468456,20.241701,21.740327,19.186088,21.008054,19.134307,20.959746,22.906297,20.812041,18.854025,25.345555,19.652535,21.419383,17.756535,18.886176,19.990493,17.377953,22.544448,17.919539,22.175230,17.681236,18.850401,22.759698,17.714451,24.345500,24.136227,26.612385,22.375671,18.950527,19.173085,21.434535,17.234199,18.421213,17.844104,20.517206,20.725582,19.000849,17.198920,18.677085,21.228830,16.938394,16.913310,21.130842,22.248040,19.127698,16.973674,18.393337,23.941602,24.266676,18.108007,21.482723,16.194839,17.427132,19.290500,19.238097,18.309759,19.264582,21.553583,18.155664,17.753024,21.394886,18.063581,19.065586,19.488555,20.023362,21.370987,17.783309,21.921934,21.018455,19.560330,17.917971,22.035543,18.909759,18.065120,18.153814],"submit_samples_ms":[17.496667,23.435993,18.478969,18.428108,18.170972,19.894349,24.890264,17.360740,22.154064,19.927769,17.845702,22.197216,20.132037,19.489111,24.891437,18.241929,20.726675,19.741782,19.241409,19.099918,16.844153,18.392399,23.246067,16.310693,16.791478,18.115493,23.449013,20.172585,22.922330,24.776548,21.140190,19.641223,19.175033,21.525443,19.085285,19.375444,20.092130,17.365605,18.910700,18.728604,18.660106,22.744262,18.660604,24.735618,19.006299,20.431098,20.204028,21.696209,19.146017,20.971282,19.069068,20.922228,22.869249,20.772667,18.814991,25.295911,19.611869,21.382530,17.720068,18.844650,19.947326,17.340095,22.501315,17.877556,22.138793,17.641459,18.801391,22.723226,17.671902,24.303259,24.098493,26.572980,22.338996,18.909946,19.134275,21.399116,17.193799,18.375413,17.803124,20.480704,20.685092,18.964265,17.155861,18.639569,21.160310,16.892241,16.869854,21.090698,22.209181,19.089317,16.934689,18.356290,23.898208,24.227907,18.062163,21.444092,16.156091,17.388032,19.253645,19.199258,18.241315,19.227868,21.521622,18.103108,17.715463,21.358140,18.026263,19.027915,19.450401,19.984404,21.328461,17.743897,21.886217,20.962802,19.521980,17.880010,21.998998,18.856649,18.024427,18.117291],"finish_samples_ms":[0.038527,0.041643,0.046150,0.042169,0.039102,0.038729,0.040768,0.038646,0.037432,0.043601,0.035888,0.046901,0.049206,0.036206,0.085114,0.036448,0.037979,0.037580,0.044611,0.035538,0.036710,0.053737,0.038189,0.039981,0.039711,0.049133,0.040682,0.039292,0.045671,0.062495,0.040415,0.043987,0.040275,0.036473,0.046762,0.038212,0.037205,0.037880,0.040256,0.035715,0.038270,0.068046,0.045478,0.037385,0.048886,0.037358,0.037673,0.044118,0.040071,0.036772,0.065239,0.037518,0.037048,0.039374,0.039034,0.049644,0.040666,0.036853,0.036467,0.041526,0.043167,0.037858,0.043133,0.041983,0.036437,0.039777,0.049010,0.036472,0.042549,0.042241,0.037734,0.039405,0.036675,0.040581,0.038810,0.035419,0.040400,0.045800,0.040980,0.036502,0.040490,0.036584,0.043059,0.037516,0.068520,0.046153,0.043456,0.040144,0.038859,0.038381,0.038985,0.037047,0.043394,0.038769,0.045844,0.038631,0.038748,0.039100,0.036855,0.038839,0.068444,0.036714,0.031961,0.052556,0.037561,0.036746,0.037318,0.037671,0.038154,0.038958,0.042526,0.039412,0.035717,0.055653,0.038350,0.037961,0.036545,0.053110,0.040693,0.036523]}
