MESA-EGL: warning: egl: failed to create dri2 screen
 dllPath = /usr/lib/wsl/drivers/iigd_dch.inf_amd64_3e6575b60ae27560, dllName = libigdgmm_w.so.12 
 IsWddmLinux = 1, dllWslName = /usr/lib/wsl/drivers/iigd_dch.inf_amd64_3e6575b60ae27560/libigdgmm_w.so.12  flags = 2
 dllPath = /usr/lib/wsl/drivers/iigd_dch.inf_amd64_3e6575b60ae27560, dllName = libigdgmm_w.so.12 
 IsWddmLinux = 1, dllWslName = /usr/lib/wsl/drivers/iigd_dch.inf_amd64_3e6575b60ae27560/libigdgmm_w.so.12  flags = 2
GPU_POST_SAMPLE 0 851968 1376256 65536 851968 65536 65536 327680 327680 3932160
GPU_POST_SAMPLE 1 1114112 2424832 65536 131072 65536 0 327680 524288 4653056
GPU_POST_SAMPLE 2 1179648 1835008 65536 131072 0 131072 262144 524288 4128768
GPU_POST_SAMPLE 3 1048576 1835008 131072 65536 65536 65536 262144 589824 4063232
GPU_POST_SAMPLE 4 720896 1048576 65536 0 131072 65536 131072 327680 2490368
GPU_POST_SAMPLE 5 786432 1048576 65536 65536 0 65536 196608 262144 2490368
GPU_POST_SAMPLE 6 720896 1310720 65536 65536 65536 131072 262144 458752 3080192
GPU_POST_SAMPLE 7 1179648 1900544 131072 65536 65536 65536 327680 458752 4194304
GPU_POST_SAMPLE 8 720896 1114112 65536 131072 65536 0 196608 327680 2621440
GPU_POST_SAMPLE 9 786432 1048576 65536 65536 0 131072 196608 262144 2555904
GPU_POST_SAMPLE 10 1179648 2621440 65536 131072 0 65536 327680 458752 4849664
GPU_POST_SAMPLE 11 1179648 1966080 0 131072 65536 65536 262144 524288 4194304
GPU_POST_SAMPLE 12 720896 1114112 0 65536 65536 65536 196608 262144 2490368
GPU_POST_SAMPLE 13 851968 1310720 65536 131072 65536 0 262144 393216 3080192
GPU_POST_SAMPLE 14 1179648 1835008 65536 131072 851968 131072 262144 458752 4915200
GPU_POST_SAMPLE 15 1114112 3735552 131072 65536 65536 0 196608 327680 5636096
GPU_POST_SAMPLE 16 1048576 1572864 65536 65536 65536 65536 262144 458752 3604480
GPU_POST_SAMPLE 17 720896 1048576 65536 65536 65536 65536 131072 327680 2490368
GPU_POST_SAMPLE 18 1048576 1703936 65536 131072 0 131072 262144 458752 3801088
GPU_POST_SAMPLE 19 917504 1376256 65536 65536 65536 65536 196608 458752 3211264
GPU_POST_SAMPLE 20 1179648 1900544 65536 65536 131072 65536 262144 458752 4128768
GPU_POST_SAMPLE 21 1245184 1769472 131072 65536 65536 65536 262144 524288 4128768
GPU_POST_SAMPLE 22 720896 1048576 65536 65536 65536 0 196608 327680 2490368
GPU_POST_SAMPLE 23 720896 1048576 65536 65536 65536 65536 131072 327680 2490368
GPU_POST_SAMPLE 24 1179648 1769472 65536 131072 65536 0 327680 524288 4063232
GPU_POST_SAMPLE 25 786432 1048576 65536 65536 65536 65536 131072 327680 2555904
GPU_POST_SAMPLE 26 720896 1048576 65536 65536 65536 65536 131072 327680 2490368
GPU_POST_SAMPLE 27 1179648 1769472 131072 65536 65536 65536 327680 524288 4128768
GPU_POST_SAMPLE 28 786432 1048576 65536 65536 65536 65536 131072 327680 2555904
GPU_POST_SAMPLE 29 786432 1048576 65536 65536 0 65536 196608 262144 2490368
GPU_POST_SAMPLE 30 720896 1048576 65536 65536 65536 0 196608 327680 2490368
GPU_POST_SAMPLE 31 786432 1114112 65536 65536 0 65536 196608 327680 2621440
GPU_POST_SAMPLE 32 1179648 1769472 65536 131072 0 65536 327680 458752 3997696
GPU_POST_SAMPLE 33 1179648 1769472 65536 65536 131072 65536 262144 458752 3997696
GPU_POST_SAMPLE 34 1245184 1703936 0 131072 65536 65536 327680 458752 3997696
GPU_POST_SAMPLE 35 1114112 1769472 65536 65536 65536 131072 262144 458752 3932160
GPU_POST_SAMPLE 36 786432 1048576 65536 65536 65536 0 196608 327680 2555904
GPU_POST_SAMPLE 37 1114112 1835008 65536 0 131072 65536 327680 458752 3997696
GPU_POST_SAMPLE 38 1179648 1769472 65536 65536 65536 65536 327680 458752 3997696
GPU_POST_SAMPLE 39 1179648 1835008 131072 0 131072 65536 262144 458752 4063232
GPU_POST_SAMPLE 40 851968 983040 65536 65536 0 131072 196608 262144 2555904
GPU_POST_SAMPLE 41 786432 1769472 65536 65536 65536 65536 196608 327680 3342336
GPU_POST_SAMPLE 42 786432 983040 65536 65536 65536 65536 196608 1048576 3276800
GPU_POST_SAMPLE 43 786432 1048576 65536 131072 0 65536 196608 327680 2621440
GPU_POST_SAMPLE 44 1245184 1769472 131072 0 65536 131072 327680 458752 4128768
GPU_POST_SAMPLE 45 720896 1048576 65536 65536 65536 65536 196608 262144 2490368
GPU_POST_SAMPLE 46 1179648 1900544 65536 65536 65536 131072 327680 458752 4194304
GPU_POST_SAMPLE 47 1114112 1966080 0 131072 65536 131072 262144 458752 4128768
GPU_POST_SAMPLE 48 1114112 1703936 131072 65536 65536 131072 327680 524288 4063232
GPU_POST_SAMPLE 49 1114112 1769472 65536 65536 65536 65536 262144 458752 3866624
GPU_POST_SAMPLE 50 1114112 1638400 65536 65536 131072 0 327680 458752 3801088
GPU_POST_SAMPLE 51 1179648 1703936 65536 65536 131072 65536 262144 458752 3932160
GPU_POST_SAMPLE 52 1310720 1769472 65536 0 131072 65536 262144 458752 4063232
GPU_POST_SAMPLE 53 851968 983040 65536 65536 0 131072 196608 262144 2555904
GPU_POST_SAMPLE 54 851968 983040 65536 65536 0 131072 131072 327680 2555904
GPU_POST_SAMPLE 55 851968 983040 65536 65536 0 131072 131072 327680 2555904
GPU_POST_SAMPLE 56 786432 1048576 65536 0 131072 65536 131072 327680 2555904
GPU_POST_SAMPLE 57 720896 1048576 65536 0 65536 65536 131072 327680 2424832
GPU_POST_SAMPLE 58 786432 983040 1114112 131072 0 131072 196608 262144 3604480
GPU_POST_SAMPLE 59 720896 983040 65536 65536 65536 65536 196608 262144 2424832
GPU_POST_SAMPLE 60 720896 983040 65536 0 65536 131072 131072 262144 2359296
GPU_POST_SAMPLE 61 786432 917504 65536 65536 65536 65536 131072 327680 2424832
GPU_POST_SAMPLE 62 851968 917504 1638400 65536 65536 131072 196608 327680 4194304
GPU_POST_SAMPLE 63 786432 983040 65536 65536 0 131072 196608 262144 2490368
GPU_POST_SAMPLE 64 786432 983040 65536 65536 65536 0 196608 262144 2424832
GPU_POST_SAMPLE 65 786432 983040 65536 65536 0 65536 196608 262144 2424832
GPU_POST_SAMPLE 66 786432 917504 65536 65536 65536 65536 131072 327680 2424832
GPU_POST_SAMPLE 67 720896 1048576 65536 65536 0 65536 196608 262144 2424832
GPU_POST_SAMPLE 68 851968 917504 65536 65536 65536 65536 196608 262144 2490368
GPU_POST_SAMPLE 69 1179648 1966080 131072 65536 131072 65536 327680 524288 4390912
GPU_POST_SAMPLE 70 786432 1048576 65536 65536 65536 65536 131072 327680 2555904
GPU_POST_SAMPLE 71 720896 1048576 65536 65536 65536 65536 196608 262144 2490368
GPU_POST_SAMPLE 72 786432 1703936 131072 0 131072 65536 262144 393216 3473408
GPU_POST_SAMPLE 73 786432 983040 65536 65536 65536 65536 196608 262144 2490368
GPU_POST_SAMPLE 74 1245184 1835008 0 65536 131072 65536 262144 393216 3997696
GPU_POST_SAMPLE 75 1310720 1900544 65536 65536 65536 65536 327680 458752 4259840
GPU_POST_SAMPLE 76 1114112 1638400 65536 65536 131072 65536 262144 458752 3801088
GPU_POST_SAMPLE 77 983040 1441792 65536 65536 0 131072 196608 458752 3342336
GPU_POST_SAMPLE 78 2031616 1048576 0 65536 65536 131072 131072 327680 3801088
GPU_POST_SAMPLE 79 786432 1048576 0 131072 65536 65536 131072 327680 2555904
GPU_POST_SAMPLE 80 1245184 1835008 65536 0 131072 65536 262144 458752 4063232
GPU_POST_SAMPLE 81 3276800 4915200 262144 262144 262144 196608 851968 1507328 11534336
GPU_POST_SAMPLE 82 1114112 1769472 65536 65536 131072 131072 262144 524288 4063232
GPU_POST_SAMPLE 83 1114112 1572864 65536 131072 65536 65536 262144 524288 3801088
GPU_POST_SAMPLE 84 1245184 1769472 65536 131072 65536 65536 262144 524288 4128768
GPU_POST_SAMPLE 85 1179648 1703936 0 131072 65536 65536 262144 524288 3932160
GPU_POST_SAMPLE 86 1048576 1703936 131072 65536 131072 0 262144 589824 3932160
GPU_POST_SAMPLE 87 1638400 2293760 1179648 65536 131072 65536 262144 524288 6160384
GPU_POST_SAMPLE 88 1179648 1835008 65536 65536 131072 65536 327680 458752 4128768
GPU_POST_SAMPLE 89 1310720 1835008 0 131072 131072 0 327680 524288 4259840
GPU_POST_SAMPLE 90 1245184 1900544 131072 65536 65536 131072 262144 524288 4325376
GPU_POST_SAMPLE 91 1114112 1769472 1900544 65536 131072 131072 262144 458752 5832704
GPU_POST_SAMPLE 92 1245184 1769472 65536 65536 131072 65536 262144 524288 4128768
GPU_POST_SAMPLE 93 1703936 2359296 65536 131072 65536 65536 458752 655360 5505024
GPU_POST_SAMPLE 94 1179648 1835008 131072 65536 65536 65536 327680 458752 4128768
GPU_POST_SAMPLE 95 1310720 1769472 65536 131072 0 131072 262144 458752 4128768
GPU_POST_SAMPLE 96 1179648 1835008 65536 65536 65536 131072 262144 524288 4128768
GPU_POST_SAMPLE 97 983040 1441792 0 131072 65536 65536 262144 393216 3342336
GPU_POST_SAMPLE 98 1245184 1835008 131072 65536 65536 65536 327680 458752 4194304
GPU_POST_SAMPLE 99 1245184 1900544 65536 131072 0 131072 262144 524288 4259840
GPU_POST_SAMPLE 100 1245184 1900544 0 131072 65536 65536 262144 589824 4259840
GPU_POST_SAMPLE 101 1245184 1835008 65536 131072 65536 65536 327680 524288 4259840
GPU_POST_SAMPLE 102 1245184 1835008 65536 65536 131072 65536 327680 458752 4194304
GPU_POST_SAMPLE 103 1245184 1835008 131072 65536 65536 131072 262144 458752 4194304
GPU_POST_SAMPLE 104 1245184 1900544 65536 65536 65536 131072 262144 524288 4259840
GPU_POST_SAMPLE 105 851968 1048576 65536 65536 0 65536 196608 327680 2621440
GPU_POST_SAMPLE 106 786432 983040 65536 65536 65536 65536 196608 262144 2490368
GPU_POST_SAMPLE 107 786432 983040 65536 131072 65536 0 196608 327680 2555904
GPU_POST_SAMPLE 108 720896 1048576 65536 65536 65536 65536 196608 327680 2555904
GPU_POST_SAMPLE 109 1114112 1769472 65536 65536 65536 65536 327680 458752 3932160
GPU_POST_SAMPLE 110 786432 1048576 65536 65536 65536 65536 196608 262144 2555904
GPU_POST_SAMPLE 111 1245184 1769472 65536 65536 131072 65536 327680 458752 4128768
GPU_POST_SAMPLE 112 786432 1048576 65536 65536 65536 131072 131072 327680 2621440
GPU_POST_SAMPLE 113 786432 983040 65536 65536 65536 65536 196608 327680 2555904
GPU_POST_SAMPLE 114 1179648 1835008 0 131072 65536 65536 262144 524288 4063232
GPU_POST_SAMPLE 115 851968 983040 65536 65536 65536 65536 196608 327680 2621440
GPU_POST_SAMPLE 116 1114112 1835008 65536 131072 0 65536 327680 458752 3997696
GPU_POST_SAMPLE 117 1179648 1835008 65536 65536 65536 131072 262144 458752 4063232
GPU_POST_SAMPLE 118 1835008 5701632 3801088 327680 262144 196608 851968 524288 13500416
GPU_POST_SAMPLE 119 1114112 1703936 65536 131072 65536 65536 262144 524288 3932160
{"seed":43,"vendor":"Microsoft Corporation","renderer":"D3D12 (Intel(R) Arc(TM) 140T GPU (16GB))","gl_version":"4.6 (Compatibility Profile) Mesa 26.2.2","gallium_path":"/root/.cache/football-mesa-build-20260913-a/install-wayland/lib/libgallium-26.2.2.so","width":960,"height":540,"quality":"pbr+bloom+fxaa+auto_exposure","swap_enabled":true,"swap_interval":0,"warmup_frames":30,"measured_frames":120,"in_play_frames":150,"p50_ms":14.805643,"p95_ms":19.932721,"p99_ms":31.234700,"submit_p50_ms":14.774835,"submit_p95_ms":19.897887,"finish_p50_ms":0.033153,"finish_p95_ms":0.043158,"samples_ms":[13.935552,18.268739,17.599201,15.396592,14.936754,13.539249,14.791670,14.716536,15.691206,15.204232,18.299210,15.741225,14.430547,14.546350,16.433052,19.932721,15.707875,13.977213,13.448550,14.615624,14.696612,16.390754,14.805643,14.766608,14.380877,15.517405,14.077552,14.885186,15.754124,13.056922,15.190366,14.432018,14.738446,14.836163,13.757864,17.815107,13.561061,14.081590,15.305572,16.237295,14.806086,16.469679,13.575890,12.210273,16.106393,13.596867,14.621911,13.631109,13.280943,15.013681,15.097931,13.610961,13.402312,11.516004,13.125594,13.049408,13.978144,13.710216,13.198018,12.902536,13.138173,13.050248,13.176686,12.170020,13.311720,11.422718,13.520806,13.757834,14.903593,17.682792,13.171882,14.964778,15.197208,14.342816,17.261976,16.283639,15.759998,15.391394,18.232489,17.339064,17.213644,31.234700,24.773229,21.629736,18.549468,15.355401,16.232583,16.401112,19.255277,21.894099,17.885477,17.053568,16.598481,16.756417,16.820474,18.644232,16.572838,14.054810,14.782214,13.620750,13.865433,13.854423,13.848727,14.077330,13.873038,12.309826,13.803128,15.108115,15.139616,14.311312,13.756218,15.145409,14.122288,14.673102,15.958118,13.408950,15.069782,17.164680,31.765281,20.389742],"submit_samples_ms":[13.901094,18.233021,17.564873,15.362015,14.902973,13.506096,14.757363,14.681132,15.652958,15.171126,18.266581,15.698618,14.395190,14.507220,16.394227,19.897887,15.681401,13.946356,13.419178,14.582754,14.664307,16.355466,14.774835,14.742537,14.351317,15.490978,14.051688,14.855587,15.725131,13.031275,15.160671,14.404504,14.710461,14.808624,13.732215,17.785987,13.537237,14.056351,15.280844,16.210600,14.784750,16.442978,13.544381,12.179501,16.072118,13.564077,14.584717,13.596354,13.245514,14.977358,15.063507,13.576242,13.367531,11.476597,13.105866,13.023629,13.958567,13.689118,13.175083,12.876666,13.109633,13.019606,13.143731,12.133719,13.265630,11.397562,13.495753,13.732395,14.867346,17.645579,13.138733,14.927677,15.162140,14.308058,17.223977,16.243775,15.718984,15.350411,18.196289,17.304469,17.170486,31.186459,24.731481,21.592968,18.508049,15.312111,16.194031,16.363185,19.215818,21.855920,17.847628,17.015934,16.566885,16.723783,16.792257,18.606195,16.534004,14.009716,14.731275,13.579353,13.831937,13.819362,13.828944,14.055029,13.850099,12.281913,13.776877,15.062557,15.117000,14.287459,13.733819,15.113778,14.090857,14.640763,15.924824,13.377404,15.037719,17.130143,31.724209,20.351289],"finish_samples_ms":[0.034458,0.035718,0.034328,0.034577,0.033781,0.033153,0.034307,0.035404,0.038248,0.033106,0.032629,0.042607,0.035357,0.039130,0.038825,0.034834,0.026474,0.030857,0.029372,0.032870,0.032305,0.035288,0.030808,0.024071,0.029560,0.026427,0.025864,0.029599,0.028993,0.025647,0.029695,0.027514,0.027985,0.027539,0.025649,0.029120,0.023824,0.025239,0.024728,0.026695,0.021336,0.026701,0.031509,0.030772,0.034275,0.032790,0.037194,0.034755,0.035429,0.036323,0.034424,0.034719,0.034781,0.039407,0.019728,0.025779,0.019577,0.021098,0.022935,0.025870,0.028540,0.030642,0.032955,0.036301,0.046090,0.025156,0.025053,0.025439,0.036247,0.037213,0.033149,0.037101,0.035068,0.034758,0.037999,0.039864,0.041014,0.040983,0.036200,0.034595,0.043158,0.048241,0.041748,0.036768,0.041419,0.043290,0.038552,0.037927,0.039459,0.038179,0.037849,0.037634,0.031596,0.032634,0.028217,0.038037,0.038834,0.045094,0.050939,0.041397,0.033496,0.035061,0.019783,0.022301,0.022939,0.027913,0.026251,0.045558,0.022616,0.023853,0.022399,0.031631,0.031431,0.032339,0.033294,0.031546,0.032063,0.034537,0.041072,0.038453]}
