MESA-EGL: warning: egl: failed to create dri2 screen
 dllPath = /usr/lib/wsl/drivers/iigd_dch.inf_amd64_3e6575b60ae27560, dllName = libigdgmm_w.so.12 
 IsWddmLinux = 1, dllWslName = /usr/lib/wsl/drivers/iigd_dch.inf_amd64_3e6575b60ae27560/libigdgmm_w.so.12  flags = 2
 dllPath = /usr/lib/wsl/drivers/iigd_dch.inf_amd64_3e6575b60ae27560, dllName = libigdgmm_w.so.12 
 IsWddmLinux = 1, dllWslName = /usr/lib/wsl/drivers/iigd_dch.inf_amd64_3e6575b60ae27560/libigdgmm_w.so.12  flags = 2
GPU_POST_SAMPLE 0 1114112 851968 65536 65536 65536 0 131072 196608 2490368
GPU_POST_SAMPLE 1 983040 1245184 65536 0 65536 65536 131072 196608 2752512
GPU_POST_SAMPLE 2 589824 786432 65536 65536 0 65536 131072 196608 1900544
GPU_POST_SAMPLE 3 589824 786432 0 65536 65536 65536 65536 262144 1900544
GPU_POST_SAMPLE 4 589824 786432 65536 65536 65536 0 196608 327680 2097152
GPU_POST_SAMPLE 5 589824 786432 0 65536 0 65536 196608 131072 1835008
GPU_POST_SAMPLE 6 655360 786432 0 65536 0 65536 196608 196608 1966080
GPU_POST_SAMPLE 7 589824 786432 0 65536 65536 65536 65536 196608 1835008
GPU_POST_SAMPLE 8 589824 786432 0 65536 65536 65536 65536 262144 1900544
GPU_POST_SAMPLE 9 851968 1114112 65536 0 65536 65536 196608 327680 2686976
GPU_POST_SAMPLE 10 589824 786432 0 65536 65536 65536 65536 262144 1900544
GPU_POST_SAMPLE 11 589824 786432 0 65536 65536 65536 131072 196608 1900544
GPU_POST_SAMPLE 12 589824 851968 65536 0 0 65536 196608 196608 1966080
GPU_POST_SAMPLE 13 589824 786432 0 65536 0 65536 131072 196608 1835008
GPU_POST_SAMPLE 14 589824 720896 65536 65536 65536 65536 65536 262144 1900544
GPU_POST_SAMPLE 15 589824 720896 65536 65536 0 65536 131072 262144 1900544
GPU_POST_SAMPLE 16 655360 1048576 65536 65536 0 65536 196608 262144 2359296
GPU_POST_SAMPLE 17 786432 1048576 65536 131072 0 65536 196608 327680 2621440
GPU_POST_SAMPLE 18 589824 720896 65536 65536 0 65536 131072 196608 1835008
GPU_POST_SAMPLE 19 589824 720896 65536 65536 65536 0 131072 196608 1835008
GPU_POST_SAMPLE 20 720896 983040 0 65536 0 65536 131072 196608 2162688
GPU_POST_SAMPLE 21 589824 786432 0 65536 65536 65536 65536 196608 1835008
GPU_POST_SAMPLE 22 524288 786432 0 65536 65536 65536 65536 262144 1835008
GPU_POST_SAMPLE 23 589824 917504 65536 65536 65536 65536 131072 327680 2228224
GPU_POST_SAMPLE 24 524288 720896 65536 65536 65536 65536 65536 196608 1769472
GPU_POST_SAMPLE 25 524288 720896 65536 65536 0 65536 131072 196608 1769472
GPU_POST_SAMPLE 26 720896 786432 65536 0 65536 65536 131072 196608 2031616
GPU_POST_SAMPLE 27 524288 786432 65536 0 65536 65536 131072 196608 1835008
GPU_POST_SAMPLE 28 589824 1114112 0 65536 65536 65536 131072 327680 2359296
GPU_POST_SAMPLE 29 720896 983040 65536 65536 65536 65536 131072 327680 2424832
GPU_POST_SAMPLE 30 589824 786432 917504 65536 65536 65536 131072 262144 2883584
GPU_POST_SAMPLE 31 589824 720896 65536 65536 0 65536 65536 196608 1769472
GPU_POST_SAMPLE 32 720896 983040 0 0 65536 65536 131072 262144 2228224
GPU_POST_SAMPLE 33 589824 786432 65536 0 65536 0 131072 196608 1835008
GPU_POST_SAMPLE 34 589824 786432 0 65536 65536 65536 65536 262144 1900544
GPU_POST_SAMPLE 35 524288 786432 0 65536 65536 0 131072 196608 1769472
GPU_POST_SAMPLE 36 1048576 1638400 65536 0 0 65536 196608 131072 3145728
GPU_POST_SAMPLE 37 1114112 2031616 65536 0 65536 65536 131072 196608 3670016
GPU_POST_SAMPLE 38 655360 786432 0 65536 65536 0 131072 262144 1966080
GPU_POST_SAMPLE 39 589824 983040 65536 65536 65536 0 196608 327680 2293760
GPU_POST_SAMPLE 40 655360 720896 1441792 131072 0 65536 196608 196608 3407872
GPU_POST_SAMPLE 41 589824 720896 65536 65536 65536 65536 65536 196608 1835008
GPU_POST_SAMPLE 42 589824 720896 65536 65536 0 0 196608 196608 1835008
GPU_POST_SAMPLE 43 589824 720896 65536 0 65536 65536 131072 196608 1835008
GPU_POST_SAMPLE 44 983040 1835008 131072 65536 131072 65536 393216 589824 4194304
GPU_POST_SAMPLE 45 1048576 2097152 65536 131072 65536 65536 393216 393216 4259840
GPU_POST_SAMPLE 46 589824 786432 0 65536 0 65536 131072 196608 1835008
GPU_POST_SAMPLE 47 589824 720896 65536 0 65536 0 131072 196608 1769472
GPU_POST_SAMPLE 48 589824 720896 65536 65536 65536 65536 65536 196608 1835008
GPU_POST_SAMPLE 49 589824 786432 0 65536 0 65536 131072 196608 1835008
GPU_POST_SAMPLE 50 524288 786432 65536 0 0 65536 131072 196608 1769472
GPU_POST_SAMPLE 51 589824 786432 0 65536 0 65536 131072 196608 1835008
GPU_POST_SAMPLE 52 589824 786432 65536 65536 65536 65536 131072 262144 2031616
GPU_POST_SAMPLE 53 589824 851968 0 65536 65536 65536 65536 327680 2031616
GPU_POST_SAMPLE 54 589824 786432 65536 65536 65536 0 131072 327680 2031616
GPU_POST_SAMPLE 55 655360 786432 65536 0 65536 65536 393216 720896 2752512
GPU_POST_SAMPLE 56 1114112 1900544 0 65536 65536 0 131072 196608 3473408
GPU_POST_SAMPLE 57 589824 786432 0 65536 0 65536 131072 196608 1835008
GPU_POST_SAMPLE 58 589824 720896 65536 65536 65536 65536 65536 262144 1900544
GPU_POST_SAMPLE 59 655360 851968 65536 0 65536 65536 131072 196608 2031616
GPU_POST_SAMPLE 60 524288 720896 65536 65536 65536 0 131072 196608 1769472
GPU_POST_SAMPLE 61 524288 786432 65536 65536 0 65536 196608 262144 1966080
GPU_POST_SAMPLE 62 655360 1048576 65536 65536 65536 65536 196608 327680 2490368
GPU_POST_SAMPLE 63 589824 786432 0 65536 0 131072 65536 262144 1900544
GPU_POST_SAMPLE 64 589824 786432 0 0 65536 65536 131072 196608 1835008
GPU_POST_SAMPLE 65 524288 786432 65536 0 65536 0 131072 196608 1769472
GPU_POST_SAMPLE 66 720896 1114112 65536 65536 65536 65536 196608 262144 2555904
GPU_POST_SAMPLE 67 524288 851968 0 65536 65536 65536 131072 262144 1966080
GPU_POST_SAMPLE 68 589824 655360 65536 65536 0 65536 131072 262144 1835008
GPU_POST_SAMPLE 69 589824 851968 65536 0 65536 131072 131072 393216 2228224
GPU_POST_SAMPLE 70 589824 720896 0 65536 65536 65536 65536 262144 1835008
GPU_POST_SAMPLE 71 655360 1048576 65536 65536 65536 65536 131072 262144 2359296
GPU_POST_SAMPLE 72 589824 786432 0 65536 0 65536 131072 196608 1835008
GPU_POST_SAMPLE 73 589824 786432 0 65536 65536 0 131072 196608 1835008
GPU_POST_SAMPLE 74 1310720 851968 65536 0 0 65536 196608 131072 2621440
GPU_POST_SAMPLE 75 589824 786432 65536 0 65536 65536 131072 196608 1900544
GPU_POST_SAMPLE 76 589824 1048576 65536 65536 65536 0 262144 327680 2424832
GPU_POST_SAMPLE 77 1310720 2228224 131072 65536 131072 131072 327680 262144 4587520
GPU_POST_SAMPLE 78 589824 786432 0 65536 0 65536 131072 196608 1835008
GPU_POST_SAMPLE 79 589824 655360 65536 65536 65536 65536 65536 196608 1769472
GPU_POST_SAMPLE 80 589824 786432 65536 65536 0 131072 65536 262144 1966080
GPU_POST_SAMPLE 81 524288 720896 65536 65536 0 65536 131072 131072 1703936
GPU_POST_SAMPLE 82 655360 983040 0 131072 0 65536 196608 262144 2293760
GPU_POST_SAMPLE 83 589824 983040 65536 65536 65536 0 131072 196608 2097152
GPU_POST_SAMPLE 84 589824 786432 65536 65536 0 65536 131072 196608 1900544
GPU_POST_SAMPLE 85 786432 1048576 65536 65536 0 65536 196608 327680 2555904
GPU_POST_SAMPLE 86 589824 786432 65536 65536 0 65536 196608 262144 2031616
GPU_POST_SAMPLE 87 589824 851968 851968 65536 65536 131072 196608 458752 3211264
GPU_POST_SAMPLE 88 524288 720896 65536 65536 0 65536 131072 131072 1703936
GPU_POST_SAMPLE 89 1114112 786432 65536 65536 0 0 196608 131072 2359296
GPU_POST_SAMPLE 90 524288 786432 0 65536 0 65536 131072 196608 1769472
GPU_POST_SAMPLE 91 589824 786432 0 65536 65536 65536 131072 196608 1900544
GPU_POST_SAMPLE 92 589824 1048576 65536 65536 65536 0 327680 589824 2752512
GPU_POST_SAMPLE 93 720896 1114112 65536 65536 65536 65536 196608 327680 2621440
GPU_POST_SAMPLE 94 655360 720896 65536 0 65536 0 196608 196608 1900544
GPU_POST_SAMPLE 95 655360 786432 0 65536 65536 65536 65536 262144 1966080
GPU_POST_SAMPLE 96 655360 1048576 65536 65536 65536 0 196608 262144 2359296
GPU_POST_SAMPLE 97 589824 720896 3145728 65536 65536 65536 196608 196608 5046272
GPU_POST_SAMPLE 98 589824 720896 65536 0 65536 65536 131072 196608 1835008
GPU_POST_SAMPLE 99 589824 786432 0 65536 65536 65536 65536 262144 1900544
GPU_POST_SAMPLE 100 589824 786432 0 0 65536 65536 131072 196608 1835008
GPU_POST_SAMPLE 101 851968 1179648 851968 65536 65536 131072 196608 327680 3670016
GPU_POST_SAMPLE 102 589824 786432 0 65536 65536 65536 65536 262144 1900544
GPU_POST_SAMPLE 103 655360 1048576 65536 65536 65536 65536 131072 327680 2424832
GPU_POST_SAMPLE 104 786432 983040 65536 65536 65536 0 196608 262144 2424832
GPU_POST_SAMPLE 105 1114112 2228224 131072 65536 65536 131072 327680 589824 4653056
GPU_POST_SAMPLE 106 720896 2097152 131072 65536 131072 131072 327680 655360 4259840
GPU_POST_SAMPLE 107 3670016 786432 65536 65536 0 65536 131072 196608 4980736
GPU_POST_SAMPLE 108 589824 786432 0 65536 65536 0 131072 196608 1835008
GPU_POST_SAMPLE 109 2621440 786432 0 65536 65536 0 131072 196608 3866624
GPU_POST_SAMPLE 110 589824 720896 65536 0 65536 65536 131072 196608 1835008
GPU_POST_SAMPLE 111 589824 720896 0 65536 65536 65536 65536 262144 1835008
GPU_POST_SAMPLE 112 655360 655360 65536 65536 65536 0 131072 196608 1835008
GPU_POST_SAMPLE 113 589824 720896 65536 65536 0 65536 131072 262144 1900544
GPU_POST_SAMPLE 114 589824 786432 65536 0 65536 65536 131072 196608 1900544
GPU_POST_SAMPLE 115 786432 2097152 0 131072 131072 0 327680 196608 3670016
GPU_POST_SAMPLE 116 589824 786432 65536 0 65536 65536 131072 262144 1966080
GPU_POST_SAMPLE 117 655360 720896 655360 131072 65536 0 327680 720896 3276800
GPU_POST_SAMPLE 118 720896 2228224 131072 131072 0 131072 393216 1900544 5636096
GPU_POST_SAMPLE 119 589824 1376256 0 131072 65536 65536 327680 458752 3014656
{"seed":42,"vendor":"Microsoft Corporation","renderer":"D3D12 (Intel(R) Arc(TM) 140T GPU (16GB))","gl_version":"4.6 (Compatibility Profile) Mesa 26.2.2","gallium_path":"/root/.cache/football-mesa-build-20260913-a/install-wayland/lib/libgallium-26.2.2.so","width":960,"height":540,"quality":"pbr+bloom+fxaa+auto_exposure","swap_enabled":true,"swap_interval":0,"warmup_frames":30,"measured_frames":120,"in_play_frames":141,"p50_ms":12.546759,"p95_ms":15.643164,"p99_ms":17.418842,"submit_p50_ms":12.520224,"submit_p95_ms":15.618383,"finish_p50_ms":0.028937,"finish_p95_ms":0.042407,"samples_ms":[12.155799,12.233771,11.319731,11.280728,11.305983,11.756300,12.489363,11.956396,11.853666,14.040193,10.984729,10.675862,10.738618,11.978494,11.686305,11.062737,13.101744,13.196687,9.965672,11.008626,11.898418,11.720918,10.436624,11.339088,14.138764,13.922173,14.353551,12.736819,11.900455,12.607682,11.834112,9.968891,13.081294,11.728458,11.301849,9.918119,12.096012,13.415901,11.171472,13.690611,11.766948,10.755756,10.619003,11.622770,14.734623,14.237112,12.890379,11.466150,11.952545,12.799656,13.018552,12.227384,12.435075,18.973271,11.974972,12.785174,13.679790,12.802158,11.806386,13.008138,12.810817,11.490786,14.742368,13.186419,13.664459,12.642654,13.919238,14.240144,10.561330,12.660711,9.266022,11.578730,14.731325,14.580024,13.412996,13.137849,13.647450,15.643164,14.598228,11.259127,13.761038,12.773321,11.695410,14.055692,10.695934,11.914760,12.790881,16.396266,14.981058,12.488429,12.118910,10.712251,12.546759,13.320237,13.256572,13.631260,13.937195,15.942246,10.958889,12.693025,11.758381,12.871758,12.426258,12.588199,13.384008,17.418842,14.122469,14.460769,15.944024,14.349293,12.469763,13.837836,12.538198,11.115715,11.833094,14.490481,12.241477,12.481434,16.221508,13.214494],"submit_samples_ms":[12.119988,12.218060,11.295908,11.246861,11.270386,11.739852,12.470596,11.927409,11.825154,14.005669,10.951680,10.660690,10.714388,11.946777,11.632533,11.048676,13.080824,13.174938,9.934694,10.974692,11.884899,11.703172,10.413440,11.303300,13.981073,13.894999,14.328760,12.719374,11.881872,12.579771,11.801980,9.934594,13.067405,11.711834,11.274774,9.883433,12.075902,13.395027,11.153798,13.661801,11.733474,10.717804,10.594665,11.598663,14.700993,14.205069,12.858104,11.356140,11.926337,12.777265,12.968685,12.202878,12.405067,18.940009,11.939450,12.752433,13.645532,12.771764,11.784153,12.983645,12.786101,11.462473,14.709017,13.141645,13.629162,12.615696,13.895989,14.220089,10.540132,12.620152,9.234505,11.556758,14.703333,14.553371,13.393133,13.117132,13.624156,15.618383,14.570632,11.226006,13.723631,12.734931,11.666473,14.024427,10.675552,11.892769,12.761397,16.363563,14.946082,12.455317,12.089309,10.690423,12.520224,13.288076,13.226955,13.603547,13.905504,15.909445,10.923734,12.657250,11.740291,12.850844,12.400937,12.555568,13.340288,17.385110,14.093683,14.418362,15.908510,14.314410,12.436492,13.797189,12.499307,11.094831,11.813958,14.464047,12.219193,12.450662,16.188381,13.176155],"finish_samples_ms":[0.035811,0.015711,0.023823,0.033867,0.035597,0.016448,0.018767,0.028987,0.028512,0.034524,0.033049,0.015172,0.024230,0.031717,0.053772,0.014061,0.020920,0.021749,0.030978,0.033934,0.013519,0.017746,0.023184,0.035788,0.157691,0.027174,0.024791,0.017445,0.018583,0.027911,0.032132,0.034297,0.013889,0.016624,0.027075,0.034686,0.020110,0.020874,0.017674,0.028810,0.033474,0.037952,0.024338,0.024107,0.033630,0.032043,0.032275,0.110010,0.026208,0.022391,0.049867,0.024506,0.030008,0.033262,0.035522,0.032741,0.034258,0.030394,0.022233,0.024493,0.024716,0.028313,0.033351,0.044774,0.035297,0.026958,0.023249,0.020055,0.021198,0.040559,0.031517,0.021972,0.027992,0.026653,0.019863,0.020717,0.023294,0.024781,0.027596,0.033121,0.037407,0.038390,0.028937,0.031265,0.020382,0.021991,0.029484,0.032703,0.034976,0.033112,0.029601,0.021828,0.026535,0.032161,0.029617,0.027713,0.031691,0.032801,0.035155,0.035775,0.018090,0.020914,0.025321,0.032631,0.043720,0.033732,0.028786,0.042407,0.035514,0.034883,0.033271,0.040647,0.038891,0.020884,0.019136,0.026434,0.022284,0.030772,0.033127,0.038339]}
