 dllPath = /usr/lib/wsl/drivers/iigd_dch.inf_amd64_3e6575b60ae27560, dllName = libigdgmm_w.so.12 
 IsWddmLinux = 1, dllWslName = /usr/lib/wsl/drivers/iigd_dch.inf_amd64_3e6575b60ae27560/libigdgmm_w.so.12  flags = 2
 dllPath = /usr/lib/wsl/drivers/iigd_dch.inf_amd64_3e6575b60ae27560, dllName = libigdgmm_w.so.12 
 IsWddmLinux = 1, dllWslName = /usr/lib/wsl/drivers/iigd_dch.inf_amd64_3e6575b60ae27560/libigdgmm_w.so.12  flags = 2
IDENTITY	Microsoft Corporation	D3D12 (Intel(R) Arc(TM) 140T GPU (16GB))	4.6 (Compatibility Profile) Mesa 26.2.2	/root/.cache/football-mesa-build-20260913-a/install-wayland/lib/libgallium-26.2.2.so	0	1920	1080
FRAME	10.221764	10.205208	0.016556
FRAME	11.617173	11.601780	0.015393
FRAME	13.221178	13.201527	0.019651
FRAME	10.121080	10.105242	0.015838
FRAME	10.494413	10.477071	0.017342
FRAME	12.276641	12.255551	0.021090
FRAME	10.739134	10.721313	0.017821
FRAME	10.826711	10.809236	0.017475
FRAME	11.558393	11.539073	0.019320
FRAME	10.744717	10.731623	0.013094
FRAME	10.648281	10.631154	0.017127
FRAME	11.914258	11.896742	0.017516
FRAME	9.825127	9.812022	0.013105
FRAME	10.177923	10.159533	0.018390
FRAME	9.590111	9.579338	0.010773
FRAME	8.358377	8.340674	0.017703
FRAME	9.674547	9.662058	0.012489
FRAME	8.584631	8.567629	0.017002
FRAME	7.505432	7.471286	0.034146
FRAME	7.829352	7.810970	0.018382
FRAME	7.765914	7.755288	0.010626
FRAME	8.346654	8.325919	0.020735
FRAME	7.239259	7.227988	0.011271
FRAME	7.290273	7.272035	0.018238
FRAME	7.839093	7.825730	0.013363
FRAME	8.594765	8.577470	0.017295
FRAME	8.585736	8.575256	0.010480
FRAME	7.411457	7.392936	0.018521
FRAME	8.373192	8.357259	0.015933
FRAME	7.467648	7.452637	0.015011
FRAME	7.631302	7.614458	0.016844
FRAME	7.522173	7.508479	0.013694
FRAME	7.624625	7.606845	0.017780
FRAME	7.241380	7.229907	0.011473
FRAME	7.714072	7.698437	0.015635
FRAME	7.383256	7.370202	0.013054
FRAME	7.376014	7.361584	0.014430
FRAME	8.919474	8.902890	0.016584
FRAME	7.892902	7.877111	0.015791
FRAME	7.451121	7.434669	0.016452
FRAME	7.338120	7.322337	0.015783
FRAME	7.520809	7.504284	0.016525
FRAME	7.553414	7.536327	0.017087
FRAME	7.550275	7.535159	0.015116
FRAME	7.619607	7.604216	0.015391
FRAME	8.124250	8.109414	0.014836
FRAME	7.990846	7.977080	0.013766
FRAME	8.074447	8.058569	0.015878
FRAME	7.714951	7.699230	0.015721
FRAME	8.624791	8.608310	0.016481
FRAME	7.571048	7.551817	0.019231
FRAME	7.756768	7.741503	0.015265
FRAME	7.673874	7.655305	0.018569
FRAME	7.744125	7.727426	0.016699
FRAME	10.563185	10.547603	0.015582
FRAME	9.127761	9.112307	0.015454
FRAME	7.497284	7.480881	0.016403
FRAME	8.188677	8.172786	0.015891
FRAME	8.949779	8.934455	0.015324
FRAME	7.625007	7.610153	0.014854
FRAME	8.183893	8.166876	0.017017
FRAME	7.682979	7.666199	0.016780
FRAME	8.947427	8.930365	0.017062
FRAME	8.378526	8.364108	0.014418
FRAME	8.014093	7.994559	0.019534
FRAME	7.676079	7.659560	0.016519
FRAME	10.265502	10.246686	0.018816
FRAME	9.203557	9.187232	0.016325
FRAME	8.797761	8.776958	0.020803
FRAME	8.568165	8.554035	0.014130
FRAME	8.316052	8.296911	0.019141
FRAME	9.450067	9.436474	0.013593
FRAME	8.667841	8.648957	0.018884
FRAME	8.629825	8.617541	0.012284
FRAME	9.195714	9.170629	0.025085
FRAME	8.783806	8.769660	0.014146
FRAME	9.003421	8.984185	0.019236
FRAME	13.456360	13.436234	0.020126
FRAME	9.112702	9.096852	0.015850
FRAME	9.767269	9.748561	0.018708
FRAME	9.078965	9.064886	0.014079
FRAME	9.529054	9.513630	0.015424
FRAME	11.636470	11.615852	0.020618
FRAME	8.941695	8.905448	0.036247
FRAME	8.001546	7.960892	0.040654
FRAME	8.099132	8.085723	0.013409
FRAME	7.410278	7.396485	0.013793
FRAME	7.982817	7.967002	0.015815
FRAME	7.113912	7.103738	0.010174
FRAME	8.456372	8.438860	0.017512
FRAME	7.949860	7.935656	0.014204
FRAME	7.796785	7.778799	0.017986
FRAME	9.312457	9.300105	0.012352
FRAME	7.657385	7.641120	0.016265
FRAME	7.296522	7.284409	0.012113
FRAME	8.008633	7.987353	0.021280
FRAME	9.060717	9.045884	0.014833
FRAME	7.543314	7.524041	0.019273
FRAME	7.933281	7.921404	0.011877
FRAME	7.544694	7.527872	0.016822
FRAME	7.713846	7.701384	0.012462
FRAME	7.533557	7.516014	0.017543
FRAME	7.830118	7.814639	0.015479
FRAME	8.003342	7.990156	0.013186
FRAME	7.694200	7.678437	0.015763
FRAME	7.378219	7.366308	0.011911
FRAME	8.211328	8.192755	0.018573
FRAME	7.258498	7.248710	0.009788
FRAME	7.422139	7.405354	0.016785
FRAME	9.015368	9.003220	0.012148
FRAME	7.537368	7.519359	0.018009
FRAME	8.750624	8.739486	0.011138
FRAME	7.736383	7.720731	0.015652
FRAME	8.234918	8.220838	0.014080
FRAME	7.729131	7.713330	0.015801
FRAME	9.761451	9.748374	0.013077
FRAME	7.525269	7.508853	0.016416
FRAME	8.926320	8.909512	0.016808
FRAME	8.139286	8.122283	0.017003
FRAME	8.175836	8.160344	0.015492
MESA-EGL: warning: egl: failed to create dri2 screen
