 dllPath = /usr/lib/wsl/drivers/iigd_dch.inf_amd64_3e6575b60ae27560, dllName = libigdgmm_w.so.12 
 IsWddmLinux = 1, dllWslName = /usr/lib/wsl/drivers/iigd_dch.inf_amd64_3e6575b60ae27560/libigdgmm_w.so.12  flags = 2
 dllPath = /usr/lib/wsl/drivers/iigd_dch.inf_amd64_3e6575b60ae27560, dllName = libigdgmm_w.so.12 
 IsWddmLinux = 1, dllWslName = /usr/lib/wsl/drivers/iigd_dch.inf_amd64_3e6575b60ae27560/libigdgmm_w.so.12  flags = 2
IDENTITY	Microsoft Corporation	D3D12 (Intel(R) Arc(TM) 140T GPU (16GB))	4.6 (Compatibility Profile) Mesa 26.2.2	/root/.cache/football-mesa-build-20260913-a/install-wayland/lib/libgallium-26.2.2.so	0	1920	1080
FRAME	6.627161	6.617725	0.009436
FRAME	6.353403	6.341675	0.011728
FRAME	6.868809	6.855726	0.013083
FRAME	7.934490	7.909928	0.024562
FRAME	8.890766	8.873437	0.017329
FRAME	10.444272	10.427016	0.017256
FRAME	8.491006	8.475780	0.015226
FRAME	9.267650	9.250685	0.016965
FRAME	7.168923	7.156493	0.012430
FRAME	5.768725	5.745936	0.022789
FRAME	6.079134	6.067563	0.011571
FRAME	6.299101	6.286050	0.013051
FRAME	12.137890	12.123311	0.014579
FRAME	5.807729	5.798440	0.009289
FRAME	6.436645	6.424431	0.012214
FRAME	6.908131	6.894477	0.013654
FRAME	6.268435	6.255283	0.013152
FRAME	5.364997	5.355907	0.009090
FRAME	5.610834	5.596262	0.014572
FRAME	5.321511	5.311235	0.010276
FRAME	5.940801	5.930832	0.009969
FRAME	5.788076	5.774614	0.013462
FRAME	5.938316	5.924450	0.013866
FRAME	6.365092	6.352199	0.012893
FRAME	7.652552	7.636848	0.015704
FRAME	5.772102	5.758545	0.013557
FRAME	5.152799	5.142303	0.010496
FRAME	6.894011	6.879710	0.014301
FRAME	7.997516	7.989243	0.008273
FRAME	5.626584	5.615569	0.011015
FRAME	5.792928	5.778325	0.014603
FRAME	10.054128	10.037500	0.016628
FRAME	7.920528	7.904053	0.016475
FRAME	7.098957	7.085589	0.013368
FRAME	6.743222	6.731641	0.011581
FRAME	6.186845	6.177002	0.009843
FRAME	5.772023	5.757615	0.014408
FRAME	6.921676	6.907503	0.014173
FRAME	9.964071	9.950411	0.013660
FRAME	6.708445	6.696433	0.012012
FRAME	6.800456	6.793372	0.007084
FRAME	6.753043	6.737472	0.015571
FRAME	5.125863	5.116628	0.009235
FRAME	5.744493	5.733833	0.010660
FRAME	6.608553	6.594308	0.014245
FRAME	6.956152	6.944255	0.011897
FRAME	6.650239	6.636578	0.013661
FRAME	7.363286	7.349118	0.014168
FRAME	6.606043	6.596553	0.009490
FRAME	6.072288	6.059525	0.012763
FRAME	5.790213	5.781237	0.008976
FRAME	5.657215	5.646616	0.010599
FRAME	7.325283	7.312878	0.012405
FRAME	7.498582	7.488062	0.010520
FRAME	6.747216	6.731722	0.015494
FRAME	6.677483	6.668979	0.008504
FRAME	5.670614	5.658478	0.012136
FRAME	5.623118	5.612412	0.010706
FRAME	6.108999	6.101193	0.007806
FRAME	13.090826	13.075707	0.015119
FRAME	4.597007	4.591000	0.006007
FRAME	5.672273	5.656168	0.016105
FRAME	6.144722	6.133697	0.011025
FRAME	5.452822	5.443942	0.008880
FRAME	7.327475	7.312553	0.014922
FRAME	10.449184	10.437095	0.012089
FRAME	6.730545	6.715174	0.015371
FRAME	6.302846	6.293297	0.009549
FRAME	6.442675	6.426824	0.015851
FRAME	6.659037	6.647513	0.011524
FRAME	5.293662	5.284855	0.008807
FRAME	8.265815	8.250892	0.014923
FRAME	8.821277	8.807083	0.014194
FRAME	6.616751	6.606053	0.010698
FRAME	5.850879	5.840193	0.010686
FRAME	7.219259	7.210442	0.008817
FRAME	7.630677	7.614127	0.016550
FRAME	6.851249	6.842091	0.009158
FRAME	5.924219	5.913831	0.010388
FRAME	5.755003	5.741259	0.013744
FRAME	7.150767	7.138647	0.012120
FRAME	5.623257	5.610900	0.012357
FRAME	7.539336	7.528306	0.011030
FRAME	6.109154	6.097207	0.011947
FRAME	13.490573	13.472206	0.018367
FRAME	9.487109	9.450774	0.036335
FRAME	9.800464	9.786453	0.014011
FRAME	7.278440	7.264115	0.014325
FRAME	6.930590	6.922780	0.007810
FRAME	5.755929	5.742210	0.013719
FRAME	5.885094	5.871817	0.013277
FRAME	5.901613	5.889120	0.012493
FRAME	6.016020	6.004264	0.011756
FRAME	5.468866	5.455684	0.013182
FRAME	5.368058	5.359538	0.008520
FRAME	5.776814	5.762300	0.014514
FRAME	6.281249	6.268168	0.013081
FRAME	8.420632	8.399463	0.021169
FRAME	6.146736	6.128514	0.018222
FRAME	7.211621	7.192955	0.018666
FRAME	9.897485	9.877503	0.019982
FRAME	9.708063	9.689655	0.018408
FRAME	12.266063	12.247354	0.018709
FRAME	15.010176	14.994565	0.015611
FRAME	8.175170	8.161703	0.013467
FRAME	8.671056	8.654281	0.016775
FRAME	6.628275	6.615406	0.012869
FRAME	6.984395	6.975619	0.008776
FRAME	6.623105	6.609931	0.013174
FRAME	7.613918	7.601396	0.012522
FRAME	10.869655	10.850979	0.018676
FRAME	6.884924	6.872449	0.012475
FRAME	6.242274	6.225905	0.016369
FRAME	5.032668	5.022015	0.010653
FRAME	5.008366	5.000787	0.007579
FRAME	5.163010	5.148339	0.014671
FRAME	5.298865	5.285579	0.013286
FRAME	5.131299	5.123542	0.007757
FRAME	4.813135	4.806578	0.006557
FRAME	5.363076	5.347624	0.015452
MESA-EGL: warning: egl: failed to create dri2 screen
