 dllPath = /usr/lib/wsl/drivers/iigd_dch.inf_amd64_3e6575b60ae27560, dllName = libigdgmm_w.so.12 
 IsWddmLinux = 1, dllWslName = /usr/lib/wsl/drivers/iigd_dch.inf_amd64_3e6575b60ae27560/libigdgmm_w.so.12  flags = 2
 dllPath = /usr/lib/wsl/drivers/iigd_dch.inf_amd64_3e6575b60ae27560, dllName = libigdgmm_w.so.12 
 IsWddmLinux = 1, dllWslName = /usr/lib/wsl/drivers/iigd_dch.inf_amd64_3e6575b60ae27560/libigdgmm_w.so.12  flags = 2
IDENTITY	Microsoft Corporation	D3D12 (Intel(R) Arc(TM) 140T GPU (16GB))	4.6 (Compatibility Profile) Mesa 26.2.2	/root/.cache/football-mesa-build-20260913-a/install-wayland/lib/libgallium-26.2.2.so	0	1920	1080
FRAME	7.508106	7.496276	0.011830
FRAME	7.446589	7.426393	0.020196
FRAME	9.322516	9.312840	0.009676
FRAME	7.639192	7.622655	0.016537
FRAME	9.003207	8.991570	0.011637
FRAME	7.498342	7.478215	0.020127
FRAME	8.841539	8.825098	0.016441
FRAME	8.201579	8.185356	0.016223
FRAME	9.376092	9.363968	0.012124
FRAME	7.675902	7.657456	0.018446
FRAME	8.006082	7.993102	0.012980
FRAME	7.260087	7.244407	0.015680
FRAME	8.916941	8.900917	0.016024
FRAME	7.740015	7.722660	0.017355
FRAME	9.781427	9.765282	0.016145
FRAME	7.834111	7.818107	0.016004
FRAME	8.401178	8.385475	0.015703
FRAME	7.466783	7.449039	0.017744
FRAME	9.361587	9.347694	0.013893
FRAME	7.252210	7.236169	0.016041
FRAME	9.482612	9.467034	0.015578
FRAME	7.558369	7.542697	0.015672
FRAME	8.909834	8.894389	0.015445
FRAME	7.695327	7.678555	0.016772
FRAME	9.022280	9.006031	0.016249
FRAME	7.435213	7.419541	0.015672
FRAME	9.099619	9.082539	0.017080
FRAME	7.855411	7.832872	0.022539
FRAME	9.091209	9.074946	0.016263
FRAME	8.715786	8.698256	0.017530
FRAME	8.184564	8.168743	0.015821
FRAME	7.969094	7.953067	0.016027
FRAME	9.120573	9.104413	0.016160
FRAME	7.565798	7.533635	0.032163
FRAME	8.402566	8.386587	0.015979
FRAME	7.276459	7.264777	0.011682
FRAME	9.797529	9.780196	0.017333
FRAME	8.297524	8.282797	0.014727
FRAME	7.901066	7.886165	0.014901
FRAME	7.545834	7.528158	0.017676
FRAME	9.605511	9.589066	0.016445
FRAME	7.790308	7.774328	0.015980
FRAME	8.174754	8.160624	0.014130
FRAME	7.438549	7.423156	0.015393
FRAME	9.434130	9.421578	0.012552
FRAME	7.319617	7.301952	0.017665
FRAME	8.521720	8.504873	0.016847
FRAME	8.183924	8.167109	0.016815
FRAME	7.945528	7.936121	0.009407
FRAME	7.592962	7.577790	0.015172
FRAME	7.290334	7.279010	0.011324
FRAME	7.379419	7.339013	0.040406
FRAME	6.701477	6.688695	0.012782
FRAME	7.402611	7.388409	0.014202
FRAME	8.131292	8.115936	0.015356
FRAME	6.979200	6.895497	0.083703
FRAME	8.839882	8.824512	0.015370
FRAME	7.079733	7.071341	0.008392
FRAME	7.310477	7.293822	0.016655
FRAME	8.148770	8.139222	0.009548
FRAME	7.210119	7.194511	0.015608
FRAME	7.215573	7.204660	0.010913
FRAME	7.652311	7.630862	0.021449
FRAME	7.392512	7.379009	0.013503
FRAME	7.021435	7.011302	0.010133
FRAME	8.056252	8.039538	0.016714
FRAME	7.871828	7.862143	0.009685
FRAME	7.043481	7.025078	0.018403
FRAME	7.670716	7.660118	0.010598
FRAME	7.133037	7.117092	0.015945
FRAME	6.705834	6.694992	0.010842
FRAME	7.014070	7.002568	0.011502
FRAME	7.940271	7.929404	0.010867
FRAME	6.501686	6.493085	0.008601
FRAME	7.336909	7.320538	0.016371
FRAME	8.067660	8.057525	0.010135
FRAME	7.754440	7.737211	0.017229
FRAME	6.727560	6.717184	0.010376
FRAME	6.805568	6.792720	0.012848
FRAME	8.181630	8.169098	0.012532
FRAME	6.756511	6.745333	0.011178
FRAME	8.123749	8.105473	0.018276
FRAME	6.922981	6.914232	0.008749
FRAME	7.566570	7.548996	0.017574
FRAME	7.551515	7.541611	0.009904
FRAME	6.740236	6.724671	0.015565
FRAME	7.884207	7.875267	0.008940
FRAME	7.257529	7.244873	0.012656
FRAME	7.092080	7.075891	0.016189
FRAME	7.560213	7.549584	0.010629
FRAME	8.538311	8.522067	0.016244
FRAME	6.991873	6.983315	0.008558
FRAME	7.319033	7.304903	0.014130
FRAME	7.067893	7.054103	0.013790
FRAME	7.217731	7.202054	0.015677
FRAME	7.629062	7.615789	0.013273
FRAME	7.095565	7.079664	0.015901
FRAME	7.800695	7.784375	0.016320
FRAME	8.090335	8.074864	0.015471
FRAME	7.464407	7.444089	0.020318
FRAME	9.988169	9.970996	0.017173
FRAME	7.570698	7.553366	0.017332
FRAME	7.275549	7.259512	0.016037
FRAME	9.239926	9.222750	0.017176
FRAME	8.437766	8.418444	0.019322
FRAME	7.441198	7.426063	0.015135
FRAME	7.364078	7.349102	0.014976
FRAME	8.009121	7.993084	0.016037
FRAME	7.510963	7.497055	0.013908
FRAME	7.647782	7.633166	0.014616
FRAME	7.696399	7.680728	0.015671
FRAME	7.403465	7.387177	0.016288
FRAME	7.447140	7.431219	0.015921
FRAME	7.366127	7.350410	0.015717
FRAME	7.492885	7.476839	0.016046
FRAME	7.778047	7.763056	0.014991
FRAME	7.298141	7.283092	0.015049
FRAME	7.273475	7.256479	0.016996
FRAME	7.168496	7.156561	0.011935
FRAME	7.242983	7.227153	0.015830
MESA-EGL: warning: egl: failed to create dri2 screen
