 dllPath = /usr/lib/wsl/drivers/iigd_dch.inf_amd64_3e6575b60ae27560, dllName = libigdgmm_w.so.12 
 IsWddmLinux = 1, dllWslName = /usr/lib/wsl/drivers/iigd_dch.inf_amd64_3e6575b60ae27560/libigdgmm_w.so.12  flags = 2
 dllPath = /usr/lib/wsl/drivers/iigd_dch.inf_amd64_3e6575b60ae27560, dllName = libigdgmm_w.so.12 
 IsWddmLinux = 1, dllWslName = /usr/lib/wsl/drivers/iigd_dch.inf_amd64_3e6575b60ae27560/libigdgmm_w.so.12  flags = 2
IDENTITY	Microsoft Corporation	D3D12 (Intel(R) Arc(TM) 140T GPU (16GB))	4.6 (Compatibility Profile) Mesa 26.2.2	/root/.cache/football-mesa-build-20260913-a/install-wayland/lib/libgallium-26.2.2.so	0	1920	1080
FRAME	7.320806	7.304229	0.016577
FRAME	7.937505	7.894815	0.042690
FRAME	7.234506	7.217162	0.017344
FRAME	8.255611	8.238864	0.016747
FRAME	7.521741	7.503885	0.017856
FRAME	7.738243	7.721703	0.016540
FRAME	7.047992	7.031289	0.016703
FRAME	7.173115	7.155232	0.017883
FRAME	7.960456	7.943228	0.017228
FRAME	7.128619	7.112534	0.016085
FRAME	7.359154	7.345431	0.013723
FRAME	7.405348	7.388537	0.016811
FRAME	7.246087	7.229044	0.017043
FRAME	6.772632	6.754050	0.018582
FRAME	7.006374	6.991174	0.015200
FRAME	6.914400	6.897177	0.017223
FRAME	7.100583	7.087369	0.013214
FRAME	7.148242	7.120981	0.027261
FRAME	6.903386	6.892234	0.011152
FRAME	8.652037	8.559873	0.092164
FRAME	7.388645	7.371079	0.017566
FRAME	9.088491	9.071689	0.016802
FRAME	7.504648	7.489375	0.015273
FRAME	8.790336	8.774908	0.015428
FRAME	7.608100	7.590644	0.017456
FRAME	8.509099	8.492796	0.016303
FRAME	7.077118	7.060755	0.016363
FRAME	7.450100	7.437189	0.012911
FRAME	9.336562	9.317863	0.018699
FRAME	7.455896	7.436596	0.019300
FRAME	7.845150	7.829562	0.015588
FRAME	6.984640	6.972493	0.012147
FRAME	7.436134	7.419467	0.016667
FRAME	7.378920	7.362390	0.016530
FRAME	8.300566	8.282301	0.018265
FRAME	7.693858	7.678367	0.015491
FRAME	7.767321	7.750463	0.016858
FRAME	7.054256	7.040213	0.014043
FRAME	8.690327	8.676650	0.013677
FRAME	7.002495	6.985850	0.016645
FRAME	6.790347	6.780982	0.009365
FRAME	7.892843	7.875935	0.016908
FRAME	7.206964	7.196304	0.010660
FRAME	6.935157	6.919270	0.015887
FRAME	7.913211	7.899125	0.014086
FRAME	7.118158	7.106349	0.011809
FRAME	7.657027	7.639369	0.017658
FRAME	8.200606	8.190595	0.010011
FRAME	7.190635	7.173177	0.017458
FRAME	6.842104	6.833650	0.008454
FRAME	7.420426	7.401672	0.018754
FRAME	7.103796	7.093627	0.010169
FRAME	6.613242	6.602692	0.010550
FRAME	7.468965	7.456050	0.012915
FRAME	7.301832	7.291965	0.009867
FRAME	7.636145	7.618560	0.017585
FRAME	8.308688	8.297873	0.010815
FRAME	6.874173	6.837450	0.036723
FRAME	6.867182	6.858491	0.008691
FRAME	7.257208	7.239110	0.018098
FRAME	7.495715	7.484194	0.011521
FRAME	6.368825	6.360399	0.008426
FRAME	7.668305	7.653192	0.015113
FRAME	8.404769	8.392025	0.012744
FRAME	8.813138	8.794492	0.018646
FRAME	7.996437	7.979821	0.016616
FRAME	7.340956	7.320082	0.020874
FRAME	11.913974	11.895994	0.017980
FRAME	8.927303	8.913358	0.013945
FRAME	6.682173	6.672520	0.009653
FRAME	7.155359	7.138521	0.016838
FRAME	6.924220	6.914508	0.009712
FRAME	9.224392	9.207626	0.016766
FRAME	6.539713	6.532576	0.007137
FRAME	6.888268	6.874787	0.013481
FRAME	8.284434	8.272235	0.012199
FRAME	6.711575	6.701709	0.009866
FRAME	7.325826	7.313116	0.012710
FRAME	6.740594	6.731053	0.009541
FRAME	7.433065	7.413142	0.019923
FRAME	8.062805	8.054270	0.008535
FRAME	7.019634	7.001753	0.017881
FRAME	10.960408	10.921874	0.038534
FRAME	8.729531	8.709527	0.020004
FRAME	8.956199	8.940493	0.015706
FRAME	8.004386	7.986012	0.018374
FRAME	7.214967	7.204132	0.010835
FRAME	6.829330	6.817606	0.011724
FRAME	8.826072	8.811674	0.014398
FRAME	6.995809	6.981138	0.014671
FRAME	8.111481	8.097305	0.014176
FRAME	6.915221	6.899899	0.015322
FRAME	7.288354	7.272590	0.015764
FRAME	6.634774	6.625134	0.009640
FRAME	7.678226	7.661579	0.016647
FRAME	7.905064	7.865145	0.039919
FRAME	7.366064	7.348804	0.017260
FRAME	7.837239	7.819266	0.017973
FRAME	7.518687	7.502234	0.016453
FRAME	7.873457	7.855516	0.017941
FRAME	7.745028	7.726188	0.018840
FRAME	7.188481	7.170374	0.018107
FRAME	8.018008	7.999062	0.018946
FRAME	7.801103	7.787191	0.013912
FRAME	7.262562	7.245261	0.017301
FRAME	7.868218	7.854294	0.013924
FRAME	7.414438	7.398919	0.015519
FRAME	7.643999	7.628826	0.015173
FRAME	7.838191	7.819032	0.019159
FRAME	7.554911	7.539316	0.015595
FRAME	8.909181	8.893125	0.016056
FRAME	7.519693	7.501722	0.017971
FRAME	9.441504	9.424432	0.017072
FRAME	7.264523	7.250612	0.013911
FRAME	8.379350	8.361915	0.017435
FRAME	8.364426	8.347464	0.016962
FRAME	9.190634	9.150878	0.039756
FRAME	7.760074	7.742663	0.017411
FRAME	8.138010	8.121125	0.016885
FRAME	9.345524	9.329026	0.016498
MESA-EGL: warning: egl: failed to create dri2 screen
