	linux-vdso.so.1 (0x00007eb53ec28000)
	libfootball_engine.so => /tmp/football-optimization-native/libfootball_engine.so (0x00007eb53e947000)
	libSDL2_image-2.0.so.0 => /usr/lib/libSDL2_image-2.0.so.0 (0x00007eb53e924000)
	libSDL2_ttf-2.0.so.0 => /usr/lib/libSDL2_ttf-2.0.so.0 (0x00007eb53e90f000)
	libSDL2_gfx-1.0.so.0 => /usr/lib/libSDL2_gfx-1.0.so.0 (0x00007eb53e8fc000)
	libSDL2-2.0.so.0 => /usr/lib/libSDL2-2.0.so.0 (0x00007eb53e896000)
	libEGL.so.1 => /usr/lib/libEGL.so.1 (0x00007eb53e884000)
	libOpenGL.so.0 => /usr/lib/libOpenGL.so.0 (0x00007eb53e860000)
	libGLX.so.0 => /usr/lib/libGLX.so.0 (0x00007eb53e82f000)
	libstdc++.so.6 => /usr/lib/libstdc++.so.6 (0x00007eb53e400000)
	libm.so.6 => /usr/lib/libm.so.6 (0x00007eb53e6f8000)
	libgcc_s.so.1 => /usr/lib/libgcc_s.so.1 (0x00007eb53e3d3000)
	libc.so.6 => /usr/lib/libc.so.6 (0x00007eb53e000000)
	/lib64/ld-linux-x86-64.so.2 => /usr/lib64/ld-linux-x86-64.so.2 (0x00007eb53ec2a000)
	libpng16.so.16 => /usr/lib/libpng16.so.16 (0x00007eb53e396000)
	libjxl.so.0.12 => /usr/lib/libjxl.so.0.12 (0x00007eb53da00000)
	libjpeg.so.8 => /usr/lib/libjpeg.so.8 (0x00007eb53e2ee000)
	libtiff.so.6 => /usr/lib/libtiff.so.6 (0x00007eb53e256000)
	libavif.so.16 => /usr/lib/libavif.so.16 (0x00007eb53dfb8000)
	libwebpdemux.so.2 => /usr/lib/libwebpdemux.so.2 (0x00007eb53e6ed000)
	libwebp.so.7 => /usr/lib/libwebp.so.7 (0x00007eb53df31000)
	libfreetype.so.6 => /usr/lib/libfreetype.so.6 (0x00007eb53de61000)
	libharfbuzz.so.0 => /usr/lib/libharfbuzz.so.0 (0x00007eb53d8c1000)
	libGLdispatch.so.0 => /usr/lib/libGLdispatch.so.0 (0x00007eb53d848000)
	libX11.so.6 => /usr/lib/libX11.so.6 (0x00007eb53d706000)
	libz.so.1 => /usr/lib/libz.so.1 (0x00007eb53e23b000)
	libjxl_cms.so.0.12 => /usr/lib/libjxl_cms.so.0.12 (0x00007eb53de38000)
	libhwy.so.1 => /usr/lib/libhwy.so.1 (0x00007eb53e6dc000)
	libbrotlidec.so.1 => /usr/lib/libbrotlidec.so.1 (0x00007eb53e22c000)
	libbrotlienc.so.1 => /usr/lib/libbrotlienc.so.1 (0x00007eb53d646000)
	libdeflate.so.0 => /usr/lib/libdeflate.so.0 (0x00007eb53d62e000)
	libjbig.so.2.1 => /usr/lib/libjbig.so.2.1 (0x00007eb53d620000)
	liblzma.so.5 => /usr/lib/liblzma.so.5 (0x00007eb53d5eb000)
	libzstd.so.1 => /usr/lib/libzstd.so.1 (0x00007eb53d505000)
	libyuv.so => /usr/lib/libyuv.so (0x00007eb53d45e000)
	libsharpyuv.so.0 => /usr/lib/libsharpyuv.so.0 (0x00007eb53e223000)
	libdav1d.so.7 => /usr/lib/libdav1d.so.7 (0x00007eb53d27d000)
	librav1e.so.0.8 => /usr/lib/librav1e.so.0.8 (0x00007eb53ce00000)
	libSvtAv1Enc.so.4 => /usr/lib/libSvtAv1Enc.so.4 (0x00007eb534800000)
	libaom.so.3 => /usr/lib/libaom.so.3 (0x00007eb533e00000)
	libbz2.so.1.0 => /usr/lib/libbz2.so.1.0 (0x00007eb53d26a000)
	libglib-2.0.so.0 => /usr/lib/libglib-2.0.so.0 (0x00007eb533c9d000)
	libgraphite2.so.3 => /usr/lib/libgraphite2.so.3 (0x00007eb53d247000)
	libxcb.so.1 => /usr/lib/libxcb.so.1 (0x00007eb53d21c000)
	libbrotlicommon.so.1 => /usr/lib/libbrotlicommon.so.1 (0x00007eb53d1f9000)
	libpcre2-8.so.0 => /usr/lib/libpcre2-8.so.0 (0x00007eb53d146000)
	libXau.so.6 => /usr/lib/libXau.so.6 (0x00007eb53d141000)
	libXdmcp.so.6 => /usr/lib/libXdmcp.so.6 (0x00007eb53d139000)
