Running: cmake -S engine -B /tmp/football-optimization-sanitized -DCMAKE_BUILD_TYPE=Debug -DBUILD_PYTHON_BINDINGS=OFF -DFOOTBALL_ENABLE_SANITIZERS=ON -DFOOTBALL_RUNTIME_OUTPUT_DIRECTORY=/tmp/football-optimization-sanitized/bin
CMake Warning (policy) at CMakeLists.txt:173 (FIND_PACKAGE):
  Policy CMP0167 is not set: The FindBoost module is removed.  Run "cmake
  --help-policy CMP0167" for policy details.  Use the cmake_policy command to
  set the policy and suppress this warning.
This warning is for project developers.  Use -Wno-author or -Wno-policy to
suppress it.

-- Configuring done (0.6s)
-- Generating done (0.1s)
-- Build files have been written to: /tmp/football-optimization-sanitized
Running: cmake --build /tmp/football-optimization-sanitized -j 1 --target engine_architecture_contract engine_lifetime_contract engine_simulation_contract standalone_game engine_animation_query_contract engine_ai_reachability_contract engine_ai_touch_contract engine_ai_tactical_state_contract engine_ai_tactics_contract engine_ai_tactics_roles_contract football_server football_client football_server_tcp football_client_tcp football_server_udp football_client_udp football_lobby headless_match standalone_game engine_prepared_lifecycle_contract engine_tracker_owner_contract engine_loading_cancellation_contract engine_loading_seat_contract engine_loading_tcp_contract engine_loading_client_drain_contract engine_loading_udp_client_drain_contract
[  3%] Built target datalib
[  5%] Built target loaderslib
[  9%] Built target typeslib
[ 18%] Built target scenelib
[ 24%] Built target utilslib
[ 31%] Built target gui2lib
[ 42%] Built target baselib
[ 51%] Built target systemsgraphicslib
[ 51%] Built target blunted2
[ 77%] Built target gamelib
[ 87%] Built target menulib
[ 98%] Built target football_engine
[100%] Built target engine_architecture_contract
[  3%] Built target datalib
[  5%] Built target loaderslib
[  9%] Built target typeslib
[ 18%] Built target scenelib
[ 24%] Built target utilslib
[ 32%] Built target gui2lib
[ 43%] Built target baselib
[ 52%] Built target systemsgraphicslib
[ 52%] Built target blunted2
[ 79%] Built target gamelib
[ 88%] Built target menulib
[100%] Built target football_engine
[100%] Built target engine_lifetime_contract
[  3%] Built target datalib
[  5%] Built target loaderslib
[  9%] Built target typeslib
[ 18%] Built target scenelib
[ 24%] Built target utilslib
[ 31%] Built target gui2lib
[ 42%] Built target baselib
[ 51%] Built target systemsgraphicslib
[ 51%] Built target blunted2
[ 77%] Built target gamelib
[ 87%] Built target menulib
[ 98%] Built target football_engine
[100%] Built target engine_simulation_contract
[  3%] Built target datalib
[  5%] Built target loaderslib
[  9%] Built target typeslib
[ 18%] Built target scenelib
[ 24%] Built target utilslib
[ 31%] Built target gui2lib
[ 42%] Built target baselib
[ 51%] Built target systemsgraphicslib
[ 51%] Built target blunted2
[ 77%] Built target gamelib
[ 87%] Built target menulib
[ 98%] Built target football_engine
[100%] Built target standalone_game
[  3%] Built target datalib
[  5%] Built target loaderslib
[  9%] Built target typeslib
[ 18%] Built target scenelib
[ 24%] Built target utilslib
[ 31%] Built target gui2lib
[ 42%] Built target baselib
[ 51%] Built target systemsgraphicslib
[ 51%] Built target blunted2
[ 77%] Built target gamelib
[ 87%] Built target menulib
[ 98%] Built target football_engine
[100%] Built target engine_animation_query_contract
[  3%] Built target datalib
[  5%] Built target loaderslib
[  9%] Built target typeslib
[ 18%] Built target scenelib
[ 24%] Built target utilslib
[ 31%] Built target gui2lib
[ 42%] Built target baselib
[ 51%] Built target systemsgraphicslib
[ 51%] Built target blunted2
[ 77%] Built target gamelib
[ 87%] Built target menulib
[ 98%] Built target football_engine
[100%] Built target engine_ai_reachability_contract
[  3%] Built target datalib
[  5%] Built target loaderslib
[  9%] Built target typeslib
[ 18%] Built target scenelib
[ 24%] Built target utilslib
[ 32%] Built target gui2lib
[ 43%] Built target baselib
[ 52%] Built target systemsgraphicslib
[ 52%] Built target blunted2
[ 79%] Built target gamelib
[ 88%] Built target menulib
[100%] Built target football_engine
[100%] Building CXX object CMakeFiles/engine_ai_touch_contract.dir/tests/engine_ai_touch_contract.cpp.o
[100%] Linking CXX executable bin/engine_ai_touch_contract
[100%] Built target engine_ai_touch_contract
[  3%] Built target datalib
[  5%] Built target loaderslib
[  9%] Built target typeslib
[ 18%] Built target scenelib
[ 24%] Built target utilslib
[ 31%] Built target gui2lib
[ 42%] Built target baselib
[ 51%] Built target systemsgraphicslib
[ 51%] Built target blunted2
[ 77%] Built target gamelib
[ 87%] Built target menulib
[ 98%] Built target football_engine
[ 98%] Building CXX object CMakeFiles/engine_ai_tactical_state_contract.dir/tests/engine_ai_tactical_state_contract.cpp.o
[100%] Linking CXX executable bin/engine_ai_tactical_state_contract
[100%] Built target engine_ai_tactical_state_contract
[  3%] Built target datalib
[  5%] Built target loaderslib
[  9%] Built target typeslib
[ 18%] Built target scenelib
[ 24%] Built target utilslib
[ 31%] Built target gui2lib
[ 42%] Built target baselib
[ 51%] Built target systemsgraphicslib
[ 51%] Built target blunted2
[ 77%] Built target gamelib
[ 87%] Built target menulib
[ 98%] Built target football_engine
[100%] Built target engine_ai_tactics_contract
[  3%] Built target datalib
[  5%] Built target loaderslib
[  9%] Built target typeslib
[ 18%] Built target scenelib
[ 24%] Built target utilslib
[ 31%] Built target gui2lib
[ 42%] Built target baselib
[ 51%] Built target systemsgraphicslib
[ 51%] Built target blunted2
[ 77%] Built target gamelib
[ 87%] Built target menulib
[ 98%] Built target football_engine
[100%] Built target engine_ai_tactics_roles_contract
[  0%] Building CXX object CMakeFiles/football_native_recovery.dir/src/frame_sync/native_recovery_digest.cpp.o
[  1%] Linking CXX static library libfootball_native_recovery.a
[  1%] Built target football_native_recovery
[  5%] Built target datalib
[  7%] Built target loaderslib
[ 10%] Built target typeslib
[ 20%] Built target scenelib
[ 25%] Built target utilslib
[ 32%] Built target gui2lib
[ 43%] Built target baselib
[ 52%] Built target systemsgraphicslib
[ 52%] Built target blunted2
[ 78%] Built target gamelib
[ 87%] Built target menulib
[ 98%] Built target football_engine
[ 98%] Building CXX object CMakeFiles/football_server.dir/src/frame_sync/integrated_server.cpp.o
[100%] Linking CXX executable bin/football_server
[100%] Built target football_server
[  1%] Built target football_native_recovery
[  5%] Built target datalib
[  7%] Built target loaderslib
[ 10%] Built target typeslib
[ 20%] Built target scenelib
[ 25%] Built target utilslib
[ 32%] Built target gui2lib
[ 43%] Built target baselib
[ 52%] Built target systemsgraphicslib
[ 52%] Built target blunted2
[ 78%] Built target gamelib
[ 87%] Built target menulib
[ 98%] Built target football_engine
[ 98%] Building CXX object CMakeFiles/football_client.dir/src/frame_sync/integrated_client.cpp.o
[100%] Linking CXX executable bin/football_client
[100%] Built target football_client
[  1%] Built target football_native_recovery
[  5%] Built target datalib
[  7%] Built target loaderslib
[ 11%] Built target typeslib
[ 20%] Built target scenelib
[ 25%] Built target utilslib
[ 33%] Built target gui2lib
[ 44%] Built target baselib
[ 53%] Built target systemsgraphicslib
[ 53%] Built target blunted2
[ 79%] Built target gamelib
[ 88%] Built target menulib
[100%] Built target football_engine
[100%] Building CXX object CMakeFiles/football_server_tcp.dir/src/frame_sync/integrated_server.cpp.o
[100%] Linking CXX executable bin/football_server_tcp
[100%] Built target football_server_tcp
[  1%] Built target football_native_recovery
[  5%] Built target datalib
[  7%] Built target loaderslib
[ 10%] Built target typeslib
[ 20%] Built target scenelib
[ 25%] Built target utilslib
[ 32%] Built target gui2lib
[ 43%] Built target baselib
[ 52%] Built target systemsgraphicslib
[ 52%] Built target blunted2
[ 78%] Built target gamelib
[ 87%] Built target menulib
[ 98%] Built target football_engine
[ 98%] Building CXX object CMakeFiles/football_client_tcp.dir/src/frame_sync/integrated_client.cpp.o
[100%] Linking CXX executable bin/football_client_tcp
[100%] Built target football_client_tcp
[  1%] Built target football_native_recovery
[  5%] Built target datalib
[  7%] Built target loaderslib
[ 10%] Built target typeslib
[ 20%] Built target scenelib
[ 25%] Built target utilslib
[ 32%] Built target gui2lib
[ 43%] Built target baselib
[ 52%] Built target systemsgraphicslib
[ 52%] Built target blunted2
[ 78%] Built target gamelib
[ 87%] Built target menulib
[ 98%] Built target football_engine
[100%] Building CXX object CMakeFiles/football_server_udp.dir/src/frame_sync/integrated_server.cpp.o
[100%] Linking CXX executable bin/football_server_udp
[100%] Built target football_server_udp
[  1%] Built target football_native_recovery
[  5%] Built target datalib
[  7%] Built target loaderslib
[ 10%] Built target typeslib
[ 20%] Built target scenelib
[ 25%] Built target utilslib
[ 32%] Built target gui2lib
[ 43%] Built target baselib
[ 52%] Built target systemsgraphicslib
[ 52%] Built target blunted2
[ 78%] Built target gamelib
[ 87%] Built target menulib
[ 98%] Built target football_engine
[ 98%] Building CXX object CMakeFiles/football_client_udp.dir/src/frame_sync/integrated_client.cpp.o
[100%] Linking CXX executable bin/football_client_udp
[100%] Built target football_client_udp
[100%] Built target football_lobby
[  3%] Built target datalib
[  5%] Built target loaderslib
[  9%] Built target typeslib
[ 18%] Built target scenelib
[ 24%] Built target utilslib
[ 32%] Built target gui2lib
[ 43%] Built target baselib
[ 52%] Built target systemsgraphicslib
[ 52%] Built target blunted2
[ 79%] Built target gamelib
[ 88%] Built target menulib
[100%] Built target football_engine
[100%] Built target headless_match
[  1%] Built target football_native_recovery
[  5%] Built target datalib
[  7%] Built target loaderslib
[ 10%] Built target typeslib
[ 20%] Built target scenelib
[ 25%] Built target utilslib
[ 32%] Built target gui2lib
[ 43%] Built target baselib
[ 52%] Built target systemsgraphicslib
[ 52%] Built target blunted2
[ 78%] Built target gamelib
[ 87%] Built target menulib
[ 98%] Built target football_engine
[100%] Building CXX object CMakeFiles/engine_prepared_lifecycle_contract.dir/tests/engine_prepared_lifecycle_contract.cpp.o
[100%] Linking CXX executable bin/engine_prepared_lifecycle_contract
[100%] Built target engine_prepared_lifecycle_contract
[  1%] Built target football_native_recovery
[  5%] Built target datalib
[  7%] Built target loaderslib
[ 10%] Built target typeslib
[ 20%] Built target scenelib
[ 25%] Built target utilslib
[ 32%] Built target gui2lib
[ 43%] Built target baselib
[ 52%] Built target systemsgraphicslib
[ 52%] Built target blunted2
[ 78%] Built target gamelib
[ 87%] Built target menulib
[ 98%] Built target football_engine
[100%] Linking CXX executable bin/engine_tracker_owner_contract
[100%] Built target engine_tracker_owner_contract
[  1%] Built target football_native_recovery
[  5%] Built target datalib
[  7%] Built target loaderslib
[ 10%] Built target typeslib
[ 20%] Built target scenelib
[ 25%] Built target utilslib
[ 32%] Built target gui2lib
[ 43%] Built target baselib
[ 52%] Built target systemsgraphicslib
[ 52%] Built target blunted2
[ 78%] Built target gamelib
[ 87%] Built target menulib
[ 98%] Built target football_engine
[100%] Building CXX object CMakeFiles/engine_loading_cancellation_contract.dir/tests/engine_loading_cancellation_contract.cpp.o
[100%] Linking CXX executable bin/engine_loading_cancellation_contract
[100%] Built target engine_loading_cancellation_contract
[  1%] Built target football_native_recovery
[  5%] Built target datalib
[  7%] Built target loaderslib
[ 10%] Built target typeslib
[ 20%] Built target scenelib
[ 25%] Built target utilslib
[ 32%] Built target gui2lib
[ 43%] Built target baselib
[ 52%] Built target systemsgraphicslib
[ 52%] Built target blunted2
[ 78%] Built target gamelib
[ 87%] Built target menulib
[ 98%] Built target football_engine
[100%] Building CXX object CMakeFiles/engine_loading_seat_contract.dir/tests/engine_loading_seat_contract.cpp.o
[100%] Linking CXX executable bin/engine_loading_seat_contract
[100%] Built target engine_loading_seat_contract
[  1%] Built target football_native_recovery
[  5%] Built target datalib
[  7%] Built target loaderslib
[ 10%] Built target typeslib
[ 20%] Built target scenelib
[ 25%] Built target utilslib
[ 32%] Built target gui2lib
[ 43%] Built target baselib
[ 52%] Built target systemsgraphicslib
[ 52%] Built target blunted2
[ 78%] Built target gamelib
[ 87%] Built target menulib
[ 98%] Built target football_engine
[ 98%] Building CXX object CMakeFiles/engine_loading_tcp_contract.dir/tests/engine_loading_tcp_contract.cpp.o
[100%] Linking CXX executable bin/engine_loading_tcp_contract
[100%] Built target engine_loading_tcp_contract
[  1%] Built target football_native_recovery
[  5%] Built target datalib
[  7%] Built target loaderslib
[ 10%] Built target typeslib
[ 20%] Built target scenelib
[ 25%] Built target utilslib
[ 32%] Built target gui2lib
[ 43%] Built target baselib
[ 52%] Built target systemsgraphicslib
[ 52%] Built target blunted2
[ 78%] Built target gamelib
[ 87%] Built target menulib
[ 98%] Built target football_engine
[100%] Building CXX object CMakeFiles/engine_loading_client_drain_contract.dir/tests/engine_loading_client_drain_contract.cpp.o
[100%] Linking CXX executable bin/engine_loading_client_drain_contract
[100%] Built target engine_loading_client_drain_contract
[  1%] Built target football_native_recovery
[  5%] Built target datalib
[  7%] Built target loaderslib
[ 10%] Built target typeslib
[ 20%] Built target scenelib
[ 25%] Built target utilslib
[ 32%] Built target gui2lib
[ 43%] Built target baselib
[ 52%] Built target systemsgraphicslib
[ 52%] Built target blunted2
[ 78%] Built target gamelib
[ 87%] Built target menulib
[ 98%] Built target football_engine
[ 98%] Building CXX object CMakeFiles/engine_loading_udp_client_drain_contract.dir/tests/engine_loading_client_drain_contract.cpp.o
[100%] Linking CXX executable bin/engine_loading_udp_client_drain_contract
[100%] Built target engine_loading_udp_client_drain_contract
Running: readelf -d /tmp/football-optimization-sanitized/libfootball_engine.so
Running: nm -D /tmp/football-optimization-sanitized/libfootball_engine.so
Running loading contract: /tmp/football-optimization-sanitized/bin/engine_prepared_lifecycle_contract contract
Actual engine mapping verified
{"passed":true,"assertions":123,"prepared_operations":19,"frames":20,"skipped":0,"actual_gameenv":true}

Running loading contract: /tmp/football-optimization-sanitized/bin/engine_tracker_owner_contract
TRACKER_RENDEZVOUS_ENTER
{"passed":true,"paired_tracker":true,"workers":2,"skipped":0}

Running loading contract: /tmp/football-optimization-sanitized/bin/engine_loading_cancellation_contract reset.begin 1
{"passed":true,"assertions":17,"actual_gameenv":true,"cancelled":true,"skipped":0}

Running loading contract: /tmp/football-optimization-sanitized/bin/engine_loading_cancellation_contract match.begin 1
{"passed":true,"assertions":17,"actual_gameenv":true,"cancelled":true,"skipped":0}

Running loading contract: /tmp/football-optimization-sanitized/bin/engine_loading_cancellation_contract animations.template 2
{"passed":true,"assertions":17,"actual_gameenv":true,"cancelled":true,"skipped":0}

Running loading contract: /tmp/football-optimization-sanitized/bin/engine_loading_cancellation_contract animations.generate 17
{"passed":true,"assertions":17,"actual_gameenv":true,"cancelled":true,"skipped":0}

Running loading contract: /tmp/football-optimization-sanitized/bin/engine_loading_cancellation_contract animations.prepare-generated 5
{"passed":true,"assertions":17,"actual_gameenv":true,"cancelled":true,"skipped":0}

Running loading contract: /tmp/football-optimization-sanitized/bin/engine_loading_cancellation_contract animations.file 3
{"passed":true,"assertions":19,"actual_gameenv":true,"cancelled":true,"skipped":0}

Running loading contract: /tmp/football-optimization-sanitized/bin/engine_loading_cancellation_contract animations.cache 4
{"passed":true,"assertions":17,"actual_gameenv":true,"cancelled":true,"skipped":0}

Running loading contract: /tmp/football-optimization-sanitized/bin/engine_loading_cancellation_contract team.player 2
{"passed":true,"assertions":17,"actual_gameenv":true,"cancelled":true,"skipped":0}

Running loading contract: /tmp/football-optimization-sanitized/bin/engine_loading_cancellation_contract match.players 1
{"passed":true,"assertions":17,"actual_gameenv":true,"cancelled":true,"skipped":0}

Running loading contract: /tmp/football-optimization-sanitized/bin/engine_loading_cancellation_contract match.stadium 1
{"passed":true,"assertions":17,"actual_gameenv":true,"cancelled":true,"skipped":0}

Running loading contract: /tmp/football-optimization-sanitized/bin/engine_loading_cancellation_contract match.finalized 1
{"passed":true,"assertions":19,"actual_gameenv":true,"cancelled":true,"skipped":0}

Running loading contract: /tmp/football-optimization-sanitized/bin/engine_loading_cancellation_contract reset.controllers 1
{"passed":true,"assertions":17,"actual_gameenv":true,"cancelled":true,"skipped":0}

Running loading contract: /tmp/football-optimization-sanitized/bin/engine_loading_cancellation_contract reset.cache 1
{"passed":true,"assertions":17,"actual_gameenv":true,"cancelled":true,"skipped":0}

Running loading contract: /tmp/football-optimization-sanitized/bin/engine_loading_cancellation_contract reset.pages 1
{"passed":true,"assertions":17,"actual_gameenv":true,"cancelled":true,"skipped":0}

Running loading contract: /tmp/football-optimization-sanitized/bin/engine_loading_cancellation_contract reset.match-data 1
{"passed":true,"assertions":17,"actual_gameenv":true,"cancelled":true,"skipped":0}

Running loading contract: /tmp/football-optimization-sanitized/bin/engine_loading_cancellation_contract reset.loading-page 1
{"passed":true,"assertions":17,"actual_gameenv":true,"cancelled":true,"skipped":0}

Running loading contract: /tmp/football-optimization-sanitized/bin/engine_loading_cancellation_contract loading.background.create 1
{"passed":true,"assertions":17,"actual_gameenv":true,"cancelled":true,"skipped":0}

Running loading contract: /tmp/football-optimization-sanitized/bin/engine_loading_cancellation_contract loading.background.load 1
{"passed":true,"assertions":17,"actual_gameenv":true,"cancelled":true,"skipped":0}

Running loading contract: /tmp/football-optimization-sanitized/bin/engine_loading_cancellation_contract loading.background.ready 1
{"passed":true,"assertions":17,"actual_gameenv":true,"cancelled":true,"skipped":0}

Running loading contract: /tmp/football-optimization-sanitized/bin/engine_loading_cancellation_contract loading.caption.left 1
{"passed":true,"assertions":17,"actual_gameenv":true,"cancelled":true,"skipped":0}

Running loading contract: /tmp/football-optimization-sanitized/bin/engine_loading_cancellation_contract loading.logo.left.create 1
{"passed":true,"assertions":17,"actual_gameenv":true,"cancelled":true,"skipped":0}

Running loading contract: /tmp/football-optimization-sanitized/bin/engine_loading_cancellation_contract loading.logo.left.load 1
{"passed":true,"assertions":17,"actual_gameenv":true,"cancelled":true,"skipped":0}

Running loading contract: /tmp/football-optimization-sanitized/bin/engine_loading_cancellation_contract loading.caption.right 1
{"passed":true,"assertions":17,"actual_gameenv":true,"cancelled":true,"skipped":0}

Running loading contract: /tmp/football-optimization-sanitized/bin/engine_loading_cancellation_contract loading.logo.right.create 1
{"passed":true,"assertions":17,"actual_gameenv":true,"cancelled":true,"skipped":0}

Running loading contract: /tmp/football-optimization-sanitized/bin/engine_loading_cancellation_contract loading.logo.right.load 1
{"passed":true,"assertions":17,"actual_gameenv":true,"cancelled":true,"skipped":0}

Running loading contract: /tmp/football-optimization-sanitized/bin/engine_loading_cancellation_contract loading.finalize 1
{"passed":true,"assertions":17,"actual_gameenv":true,"cancelled":true,"skipped":0}

Running loading contract: /tmp/football-optimization-sanitized/bin/engine_loading_seat_contract
{"passed":true,"checks":14,"ownership_checks":12,"stream_terminal_checks":2,"assertions":1037,"skipped":0,"real_tcp":true,"frame_owner_checked":true,"actual_gameenv":false}

Running loading contract: /tmp/football-optimization-sanitized/bin/engine_loading_tcp_contract
CASE loading_wire_bounds
PASS loading_wire_bounds
CASE loading_barrier_and_ready
PASS loading_barrier_and_ready
CASE loading_requires_completion
PASS loading_requires_completion
CASE loading_does_not_extend_on_resume
PASS loading_does_not_extend_on_resume
CASE loading_idle_and_offline_barrier
PASS loading_idle_and_offline_barrier
CASE loading_complete_starts_ready_budget
PASS loading_complete_starts_ready_budget
CASE pregame_expiry
PASS pregame_expiry
CASE invalid_ready_release
PASS invalid_ready_release
CASE sealed_expiry
PASS sealed_expiry
CASE retries_do_not_extend_grace
PASS retries_do_not_extend_grace
CASE snapshot_rejection_is_local
PASS snapshot_rejection_is_local
{"passed":true,"checks":11,"assertions":499,"skipped":0,"real_tcp":true,"frame_owner_checked":true,"actual_gameenv":false}

Running loading contract: /tmp/football-optimization-sanitized/bin/engine_loading_client_drain_contract
GameEnv runtime prepared: 1v2, seed=42
TCP loading cancel: sent=1 acknowledged=1 rejected=0
GameEnv runtime prepared: 1v2, seed=42
TCP invalid message: type=92 phase=10 buffered=68 transport=1
TCP connection stopped: invalid or unexpected message
GameEnv runtime prepared: 1v2, seed=42
TCP invalid message: type=92 phase=10 buffered=68 transport=1
TCP connection stopped: invalid or unexpected message
GameEnv runtime prepared: 1v2, seed=42
TCP loading cancel: sent=1 acknowledged=0 rejected=0
GameEnv runtime prepared: 1v2, seed=42
TCP loading cancel: sent=1 acknowledged=0 rejected=0
{"passed":true,"checks":5,"assertions":35,"skipped":0,"actual_gameenv":true,"actual_client":true,"transport":"TCP","maximum_cancel_seconds":0.10104621}

Running loading contract: /tmp/football-optimization-sanitized/bin/engine_loading_udp_client_drain_contract
GameEnv runtime prepared: 1v2, seed=42
UDP loading cancel: sent=1 acknowledged=1 rejected=0
GameEnv runtime prepared: 1v2, seed=42
UDP invalid message: type=92 phase=10 buffered=68 transport=1
UDP connection stopped: invalid or unexpected message
GameEnv runtime prepared: 1v2, seed=42
UDP invalid message: type=92 phase=10 buffered=68 transport=1
UDP connection stopped: invalid or unexpected message
GameEnv runtime prepared: 1v2, seed=42
UDP loading cancel: sent=1 acknowledged=0 rejected=0
GameEnv runtime prepared: 1v2, seed=42
UDP loading cancel: sent=1 acknowledged=0 rejected=0
{"passed":true,"checks":5,"assertions":35,"skipped":0,"actual_gameenv":true,"actual_client":true,"transport":"UDP","maximum_cancel_seconds":0.101359883}

Running instrumented probe: /tmp/football-optimization-sanitized/bin/engine_ai_tactical_state_contract
{"seed":42,"physics":2,"actual_frames":240}
{"seed":42,"physics":10,"actual_frames":240}
{"seed":43,"physics":2,"actual_frames":240}
{"seed":43,"physics":10,"actual_frames":240}
{"passed":true,"assertions":27618,"skipped":0,"actual_gameenv":true,"frames":960,"nonzero_actors":3513,"restarts":331}

Running instrumented probe: /tmp/football-optimization-sanitized/bin/engine_ai_tactics_contract
{"passed":true,"assertions":7288,"skipped":0,"symmetry_cases":600}

Running instrumented probe: /tmp/football-optimization-sanitized/bin/engine_ai_tactics_roles_contract
{"passed":true,"assertions":3601,"failed":0,"skipped":0,"role_mirror_cases":1800}

Running instrumented probe: /tmp/football-optimization-sanitized/bin/engine_ai_touch_contract
{"assets":1452,"quiet_idle":8,"categories":[28,26,18,18],"needed":[20,26,18,18],"missed":[0,0,0,0]}
{"assets":1452,"quiet_idle":8,"categories":[28,26,18,18],"needed":[20,26,18,18],"missed":[0,0,0,0]}
{"assets":1452,"quiet_idle":8,"categories":[28,26,18,18],"needed":[20,26,18,18],"missed":[0,0,0,0]}
{"passed":true,"assertions":586,"skipped":0,"actual_gameenv":true,"seeds":3,"ball_control_assets":270,"quiet_idle":24}

Running arrival-time differential contract: /tmp/football-optimization-sanitized/bin/engine_ai_reachability_contract
{"passed":true,"skipped":0,"assertions":1555846,"cached_cases":561280,"trajectory_bytes":1460,"cases":216640,"zero_results":11664,"fast_distance_cases":46855,"finite_timeout_cases":204535}

Running instrumented probe: /tmp/football-optimization-sanitized/bin/engine_animation_query_contract
vectorfromstring warning, no value
{"passed":true,"assertions":30079,"skipped":0}

Running instrumented probe: /tmp/football-optimization-sanitized/bin/engine_architecture_contract headless 42
{"passed":true,"assertions":296,"skipped":0}

Running instrumented probe: /tmp/football-optimization-sanitized/bin/engine_architecture_contract render 42
No DISPLAY defined, doing off-screen rendering
MESA-EGL: warning: Not allowed to force software rendering when API explicitly selects a hardware device.
{"passed":true,"assertions":51,"skipped":0}

Running instrumented probe: /tmp/football-optimization-sanitized/bin/engine_simulation_contract 42
{"passed":true,"assertions":946,"skipped":0,"snapshot_bytes":87132,"collision_workspace":true,"seed":42,"reverse":false}

Running instrumented probe: /tmp/football-optimization-sanitized/bin/engine_simulation_contract 42 --reverse
{"passed":true,"assertions":954,"skipped":0,"snapshot_bytes":89124,"collision_workspace":true,"seed":42,"reverse":true}

Running instrumented probe: /tmp/football-optimization-sanitized/bin/engine_simulation_contract 42 --render
No DISPLAY defined, doing off-screen rendering
MESA-EGL: warning: Not allowed to force software rendering when API explicitly selects a hardware device.
{"passed":true,"assertions":92,"skipped":0}

Running instrumented probe: /tmp/football-optimization-sanitized/bin/engine_architecture_contract headless 43
{"passed":true,"assertions":296,"skipped":0}

Running instrumented probe: /tmp/football-optimization-sanitized/bin/engine_architecture_contract render 43
No DISPLAY defined, doing off-screen rendering
MESA-EGL: warning: Not allowed to force software rendering when API explicitly selects a hardware device.
{"passed":true,"assertions":51,"skipped":0}

Running instrumented probe: /tmp/football-optimization-sanitized/bin/engine_simulation_contract 43
{"passed":true,"assertions":942,"skipped":0,"snapshot_bytes":86124,"collision_workspace":true,"seed":43,"reverse":false}

Running instrumented probe: /tmp/football-optimization-sanitized/bin/engine_simulation_contract 43 --reverse
{"passed":true,"assertions":950,"skipped":0,"snapshot_bytes":88116,"collision_workspace":true,"seed":43,"reverse":true}

Running instrumented probe: /tmp/football-optimization-sanitized/bin/engine_simulation_contract 43 --render
No DISPLAY defined, doing off-screen rendering
MESA-EGL: warning: Not allowed to force software rendering when API explicitly selects a hardware device.
{"passed":true,"assertions":92,"skipped":0}

Running instrumented probe: /tmp/football-optimization-sanitized/bin/engine_lifetime_contract
Engine lifetime contract: Repeated restart retained match-sized allocations

Traceback (most recent call last):
  File "/root/work_space/football/.project/checks/architecture_regression.py", line 132, in <module>
    main()
    ~~~~^^
  File "/root/work_space/football/.project/checks/architecture_regression.py", line 110, in main
    results["repeated_and_concurrent_instances"] = probe(build / "bin/engine_lifetime_contract", [], environment, 167)
                                                   ~~~~~^^^^^^^^^^^^^^^^^^^^^^^^^^^^^^^^^^^^^^^^^^^^^^^^^^^^^^^^^^^^^^
  File "/root/work_space/football/.project/checks/architecture_regression.py", line 23, in probe
    require(output.returncode == 0, f"Sanitized probe exited {output.returncode}")
    ~~~~~~~^^^^^^^^^^^^^^^^^^^^^^^^^^^^^^^^^^^^^^^^^^^^^^^^^^^^^^^^^^^^^^^^^^^^^^^
  File "/root/work_space/football/.project/checks/native_boundary.py", line 34, in require
    raise RuntimeError(message)
RuntimeError: Sanitized probe exited 1
