Running: cmake -S engine -B /tmp/football-optimization-native -DCMAKE_BUILD_TYPE=Release -DBUILD_PYTHON_BINDINGS=OFF -DFOOTBALL_ENABLE_SANITIZERS=OFF -DFOOTBALL_RUNTIME_OUTPUT_DIRECTORY=/tmp/football-optimization-native/bin
CMake Warning (policy) at CMakeLists.txt:173 (FIND_PACKAGE):
  Policy CMP0167 is not set: The FindBoost module is removed.  Run "cmake
  --help-policy CMP0167" for policy details.  Use the cmake_policy command to
  set the policy and suppress this warning.
This warning is for project developers.  Use -Wno-author or -Wno-policy to
suppress it.

-- Configuring done (0.4s)
-- Generating done (0.0s)
-- Build files have been written to: /tmp/football-optimization-native
Running: cmake --build /tmp/football-optimization-native -j 1 --target engine_match_benchmark engine_hotspot_profile engine_animation_query_contract
[  2%] Built target datalib
[ 10%] Built target gui2lib
[ 20%] Built target baselib
[ 29%] Built target systemsgraphicslib
[ 31%] Built target loaderslib
[ 35%] Built target typeslib
[ 45%] Built target scenelib
[ 50%] Built target utilslib
[ 53%] Built target blunted2
[ 77%] Built target gamelib
[ 87%] Built target menulib
[ 98%] Built target football_engine
[100%] Built target engine_match_benchmark
[100%] Built target engine_hotspot_profile
[  2%] Built target datalib
[ 10%] Built target gui2lib
[ 20%] Built target baselib
[ 29%] Built target systemsgraphicslib
[ 31%] Built target loaderslib
[ 35%] Built target typeslib
[ 45%] Built target scenelib
[ 50%] Built target utilslib
[ 53%] Built target blunted2
[ 77%] Built target gamelib
[ 87%] Built target menulib
[ 98%] Built target football_engine
[ 98%] Linking CXX executable bin/engine_animation_query_contract
[100%] Built target engine_animation_query_contract
Running: /usr/sbin/c++ --version
Running: cmake -S engine/tests -B /tmp/football-optimization-query-tests -DCMAKE_BUILD_TYPE=Debug -DCMAKE_CXX_COMPILER=/usr/sbin/c++ -DENABLE_PCH=OFF -DENABLE_ASAN=ON -DENABLE_UBSAN=ON -DFETCHCONTENT_SOURCE_DIR_GOOGLETEST=/tmp/football-review-20260909-tests/_deps/googletest-src
-- AddressSanitizer enabled
-- UndefinedBehaviorSanitizer enabled
-- Build type: Debug
-- Unity build: ON
-- PCH enabled: OFF
-- Build targets: 40
-- Configuring done (0.1s)
-- Generating done (0.0s)
-- Build files have been written to: /tmp/football-optimization-query-tests
Running: cmake --build /tmp/football-optimization-query-tests -j 1 --target ecs_query_contract_test
[ 33%] Built target gtest
[ 66%] Built target gtest_main
[100%] Built target ecs_query_contract_test
Running: readelf -d /tmp/football-optimization-query-tests/ecs_query_contract_test
{"seed": 42, "repetition": 0, "cpu_ratio": 0.9940500019956012, "wall_ratio": 1.009580115868772}
{"seed": 43, "repetition": 0, "cpu_ratio": 0.9986202530098937, "wall_ratio": 0.9994440343224179}
{"seed": 43, "repetition": 1, "cpu_ratio": 0.9916048294513606, "wall_ratio": 0.9916938485582154}
{"seed": 42, "repetition": 1, "cpu_ratio": 0.9934647069443036, "wall_ratio": 0.9936939496354104}
{"seed": 42, "repetition": 2, "cpu_ratio": 0.9312962373762944, "wall_ratio": 0.9310649872427287}
{"seed": 43, "repetition": 2, "cpu_ratio": 0.9669863405929142, "wall_ratio": 0.9671743930349818}
{"seed": 43, "repetition": 3, "cpu_ratio": 0.9735128053196954, "wall_ratio": 0.9733271580840618}
{"seed": 42, "repetition": 3, "cpu_ratio": 1.0075090126846131, "wall_ratio": 1.006501729791895}
{"seed": 42, "repetition": 4, "cpu_ratio": 0.9737268090133908, "wall_ratio": 0.9737972913152549}
{"seed": 43, "repetition": 4, "cpu_ratio": 1.0111113211251537, "wall_ratio": 1.0097768794764985}
{"seed": 43, "repetition": 5, "cpu_ratio": 0.9607116716640196, "wall_ratio": 0.9601094320417937}
{"seed": 42, "repetition": 5, "cpu_ratio": 1.0089127186143527, "wall_ratio": 1.0074653631719883}
{"seed": 42, "repetition": 6, "cpu_ratio": 0.9744618650373389, "wall_ratio": 0.9743440303291402}
{"seed": 43, "repetition": 6, "cpu_ratio": 0.9748821701210706, "wall_ratio": 0.9748875303756175}
{"seed": 43, "repetition": 7, "cpu_ratio": 0.9543794786683351, "wall_ratio": 0.9541603822629009}
{"seed": 42, "repetition": 7, "cpu_ratio": 0.9877537248614245, "wall_ratio": 0.9872372888139692}
{"seed": 42, "repetition": 8, "cpu_ratio": 0.9710472430321004, "wall_ratio": 0.9710253650359462}
{"seed": 43, "repetition": 8, "cpu_ratio": 0.9341009434889336, "wall_ratio": 0.9341587257257706}
{"seed": 43, "repetition": 9, "cpu_ratio": 0.9427264803271285, "wall_ratio": 0.9425454493194443}
{"seed": 42, "repetition": 9, "cpu_ratio": 0.975829558687431, "wall_ratio": 0.9749284570574079}
{"seed": 42, "repetition": 10, "cpu_ratio": 0.9560301205786231, "wall_ratio": 0.9559256963023465}
{"seed": 43, "repetition": 10, "cpu_ratio": 1.0106103374767892, "wall_ratio": 1.010795835410019}
{"seed": 43, "repetition": 11, "cpu_ratio": 0.9263251104529944, "wall_ratio": 0.9262035734039784}
{"seed": 42, "repetition": 11, "cpu_ratio": 1.0101126700223249, "wall_ratio": 1.0104596110007438}
{"seed": 42, "repetition": 12, "cpu_ratio": 0.957187598025983, "wall_ratio": 0.9571875288982008}
{"seed": 43, "repetition": 12, "cpu_ratio": 0.9652702177122233, "wall_ratio": 0.965279594068816}
{"seed": 43, "repetition": 13, "cpu_ratio": 0.9663807290496407, "wall_ratio": 0.9662450677706602}
{"seed": 42, "repetition": 13, "cpu_ratio": 0.9352721747986521, "wall_ratio": 0.934319065690348}
{"seed": 42, "repetition": 14, "cpu_ratio": 0.9296795159518444, "wall_ratio": 0.9294872941667666}
{"seed": 43, "repetition": 14, "cpu_ratio": 0.9905301265387441, "wall_ratio": 0.9893413858435222}
{"passed": true, "assertions": 34181, "skipped": 0, "failures": [], "artifact": ".project/optimization/benchmarks/ecs-comparison-1789028228329374243.json", "artifact_sha256": "6088a41c036ee16d8c53104354e0da30e0f5c5cfa395895831fd2041aaca5aa7", "comparisons": [{"seed": 42, "cpu": {"pairs": 15, "ratios": [0.9940500019956012, 0.9934647069443036, 0.9312962373762944, 1.0075090126846131, 0.9737268090133908, 1.0089127186143527, 0.9744618650373389, 0.9877537248614245, 0.9710472430321004, 0.975829558687431, 0.9560301205786231, 1.0101126700223249, 0.957187598025983, 0.9352721747986521, 0.9296795159518444], "geometric_ratio": 0.973393372106784, "bootstrap_95_lower": 0.9597481154517175, "bootstrap_95_upper": 0.9869013827686934}, "wall": {"pairs": 15, "ratios": [1.009580115868772, 0.9936939496354104, 0.9310649872427287, 1.006501729791895, 0.9737972913152549, 1.0074653631719883, 0.9743440303291402, 0.9872372888139692, 0.9710253650359462, 0.9749284570574079, 0.9559256963023465, 1.0104596110007438, 0.9571875288982008, 0.934319065690348, 0.9294872941667666], "geometric_ratio": 0.9740774940930447, "bootstrap_95_lower": 0.9599403385238579, "bootstrap_95_upper": 0.9883166674752802}, "p99_ratio": 0.9769733314477342}, {"seed": 43, "cpu": {"pairs": 15, "ratios": [0.9986202530098937, 0.9916048294513606, 0.9669863405929142, 0.9735128053196954, 1.0111113211251537, 0.9607116716640196, 0.9748821701210706, 0.9543794786683351, 0.9341009434889336, 0.9427264803271285, 1.0106103374767892, 0.9263251104529944, 0.9652702177122233, 0.9663807290496407, 0.9905301265387441], "geometric_ratio": 0.970861295632591, "bootstrap_95_lower": 0.958065150392494, "bootstrap_95_upper": 0.9834788304304583}, "wall": {"pairs": 15, "ratios": [0.9994440343224179, 0.9916938485582154, 0.9671743930349818, 0.9733271580840618, 1.0097768794764985, 0.9601094320417937, 0.9748875303756175, 0.9541603822629009, 0.9341587257257706, 0.9425454493194443, 1.010795835410019, 0.9262035734039784, 0.965279594068816, 0.9662450677706602, 0.9893413858435222], "geometric_ratio": 0.9706889443308411, "bootstrap_95_lower": 0.957948221498557, "bootstrap_95_upper": 0.9832826354997041}, "p99_ratio": 0.9900356933626605}]}
