Running: cmake -S engine -B /tmp/football-optimization-native -DBUILD_PYTHON_BINDINGS=ON
Using Python: 3.14
Using pybind11 for Python bindings
CMake Warning (policy) at CMakeLists.txt:173 (FIND_PACKAGE):
  Policy CMP0167 is not set: The FindBoost module is removed.  Run "cmake
  --help-policy CMP0167" for policy details.  Use the cmake_policy command to
  set the policy and suppress this warning.
This warning is for project developers.  Use -Wno-author or -Wno-policy to
suppress it.

-- Configuring done (0.4s)
-- Generating done (0.0s)
-- Build files have been written to: /tmp/football-optimization-native
Running: cmake --build /tmp/football-optimization-native -j 1 --target engine_lifetime_contract game
[  3%] Built target datalib
[ 11%] Built target gui2lib
[ 22%] Built target baselib
[ 31%] Built target systemsgraphicslib
[ 32%] Built target loaderslib
[ 36%] Built target typeslib
[ 46%] Built target scenelib
[ 51%] Built target utilslib
[ 53%] Built target blunted2
[ 78%] Built target gamelib
[ 87%] Built target menulib
[ 98%] Built target football_engine
[100%] Building CXX object CMakeFiles/engine_lifetime_contract.dir/tests/engine_lifetime_contract.cpp.o
[100%] Linking CXX executable bin/engine_lifetime_contract
[100%] Built target engine_lifetime_contract
[  3%] Built target datalib
[ 11%] Built target gui2lib
[ 22%] Built target baselib
[ 31%] Built target systemsgraphicslib
[ 32%] Built target loaderslib
[ 36%] Built target typeslib
[ 46%] Built target scenelib
[ 51%] Built target utilslib
[ 52%] Built target blunted2
[ 77%] Built target gamelib
[ 86%] Built target menulib
[ 97%] Built target football_engine
[100%] Built target game
Running lifecycle probe: 
{"passed":true,"assertions":167,"skipped":0,"warm_rss_bytes":160456704,"final_rss_bytes":160456704}

Running: c++ -print-file-name=liblsan.so
Running lifecycle probe: 
{"passed":true,"assertions":167,"skipped":0,"warm_rss_bytes":100995072,"final_rss_bytes":84307968}

Running lifecycle probe: --render
No DISPLAY defined, doing off-screen rendering
No DISPLAY defined, doing off-screen rendering
{"passed":true,"assertions":9,"skipped":0,"renderer":"llvmpipe (LLVM 22.1.8, 256 bits)"}

Running lifecycle probe: --startup-failure /tmp/football-failed-startup-oo9khxel/compile /tmp/football-failed-startup-oo9khxel/link
No DISPLAY defined, doing off-screen rendering
shader compilation error (media/shaders/zphase.frag)
Wed Sep  9 15:42:58 2026 [Warning] in [::LoadGLShader]: shader compilation error (media/shaders/zphase.frag)
shader compilation info: 0:2(1): error: syntax error, unexpected NEW_IDENTIFIER

Wed Sep  9 15:42:58 2026 [Warning] in [::LoadGLShader]: shader compilation info (media/shaders/zphase.frag):
0:2(1): error: syntax error, unexpected NEW_IDENTIFIER

No DISPLAY defined, doing off-screen rendering
{"passed":true,"assertions":11,"skipped":0}

Running lifecycle probe: -I /root/work_space/football/.project/checks/python_lifetime_probe.py /tmp/football-optimization-native/libgame.so
{"passed": true, "assertions": 36, "skipped": 0}

{"passed": true, "assertions": 390, "skipped": 0, "results": {"headless": {"passed": true, "assertions": 167, "skipped": 0, "warm_rss_bytes": 160456704, "final_rss_bytes": 160456704}, "headless_lsan": {"passed": true, "assertions": 167, "skipped": 0, "warm_rss_bytes": 100995072, "final_rss_bytes": 84307968}, "egl_lsan": {"passed": true, "assertions": 9, "skipped": 0, "renderer": "llvmpipe (LLVM 22.1.8, 256 bits)"}, "startup_failure_lsan": {"passed": true, "assertions": 11, "skipped": 0}, "python_binding": {"passed": true, "assertions": 36, "skipped": 0}}, "allocation_tracking": "standalone LeakSanitizer via LD_PRELOAD; no suppressions", "graphics_scope": "real EGL contexts; renderer measured below; no GPU throughput claim"}
