Running: cmake -S engine -B /tmp/football-optimization-native -DBUILD_PYTHON_BINDINGS=ON
Using Python: 3.14
Using pybind11 for Python bindings
CMake Warning (policy) at CMakeLists.txt:173 (FIND_PACKAGE):
  Policy CMP0167 is not set: The FindBoost module is removed.  Run "cmake
  --help-policy CMP0167" for policy details.  Use the cmake_policy command to
  set the policy and suppress this warning.
This warning is for project developers.  Use -Wno-author or -Wno-policy to
suppress it.

-- Configuring done (0.6s)
-- Generating done (0.1s)
-- Build files have been written to: /tmp/football-optimization-native
Running: cmake --build /tmp/football-optimization-native -j 1 --target engine_lifetime_contract game
[  3%] Built target datalib
[  9%] Built target gui2lib
[ 18%] Built target baselib
[ 28%] Built target systemsgraphicslib
[ 30%] Built target loaderslib
[ 33%] Built target typeslib
[ 45%] Built target scenelib
[ 50%] Built target utilslib
[ 52%] Built target blunted2
[ 77%] Built target gamelib
[ 84%] Built target menulib
[ 98%] Built target football_engine
[100%] Built target engine_lifetime_contract
[  3%] Built target datalib
[  9%] Built target gui2lib
[ 18%] Built target baselib
[ 28%] Built target systemsgraphicslib
[ 30%] Built target loaderslib
[ 33%] Built target typeslib
[ 45%] Built target scenelib
[ 50%] Built target utilslib
[ 52%] Built target blunted2
[ 77%] Built target gamelib
[ 84%] Built target menulib
[ 98%] Built target football_engine
[100%] Built target game
Running lifecycle probe: 
{"passed":true,"assertions":167,"skipped":0,"warm_rss_bytes":156598272,"final_rss_bytes":156598272,"rss_after_cycles":[156598272,156598272,156598272,156598272,156598272,156598272,156598272,156598272,156598272,156598272,156598272,156598272]}

Running: c++ -print-file-name=liblsan.so
Running lifecycle probe: 
{"passed":true,"assertions":167,"skipped":0,"warm_rss_bytes":95182848,"final_rss_bytes":77459456,"rss_after_cycles":[92991488,93741056,94539776,95182848,95834112,96391168,96919552,97390592,97837056,98246656,98631680,77459456]}

Running lifecycle probe: --render
No DISPLAY defined, doing off-screen rendering
No DISPLAY defined, doing off-screen rendering
{"passed":true,"assertions":19,"skipped":0,"renderer":"llvmpipe (LLVM 22.1.8, 256 bits)"}

Running lifecycle probe: --startup-failure /tmp/football-failed-startup-h8urfqnc/compile /tmp/football-failed-startup-h8urfqnc/link
No DISPLAY defined, doing off-screen rendering
shader compilation error (media/shaders/zphase.frag)
Tue Oct  6 07:51:28 2026 [Warning] in [::LoadGLShader]: shader compilation error (media/shaders/zphase.frag)
shader compilation info: 0:2(1): error: syntax error, unexpected NEW_IDENTIFIER

Tue Oct  6 07:51:28 2026 [Warning] in [::LoadGLShader]: shader compilation info (media/shaders/zphase.frag): 0:2(1): error: syntax error, unexpected NEW_IDENTIFIER 
No DISPLAY defined, doing off-screen rendering
{"passed":true,"assertions":11,"skipped":0}

Running lifecycle probe: -I /root/work_space/football/.project/checks/python_lifetime_probe.py /tmp/football-optimization-native/libgame.so
{"passed": true, "assertions": 60, "skipped": 0}

{"passed": true, "assertions": 424, "skipped": 0, "results": {"headless": {"passed": true, "assertions": 167, "skipped": 0, "warm_rss_bytes": 156598272, "final_rss_bytes": 156598272, "rss_after_cycles": [156598272, 156598272, 156598272, 156598272, 156598272, 156598272, 156598272, 156598272, 156598272, 156598272, 156598272, 156598272]}, "headless_lsan": {"passed": true, "assertions": 167, "skipped": 0, "warm_rss_bytes": 95182848, "final_rss_bytes": 77459456, "rss_after_cycles": [92991488, 93741056, 94539776, 95182848, 95834112, 96391168, 96919552, 97390592, 97837056, 98246656, 98631680, 77459456]}, "egl_lsan": {"passed": true, "assertions": 19, "skipped": 0, "renderer": "llvmpipe (LLVM 22.1.8, 256 bits)"}, "startup_failure_lsan": {"passed": true, "assertions": 11, "skipped": 0}, "python_binding": {"passed": true, "assertions": 60, "skipped": 0}}, "allocation_tracking": "standalone LeakSanitizer via LD_PRELOAD; no suppressions", "graphics_scope": "real EGL contexts; renderer measured below; no GPU throughput claim"}
