Running: cmake -S engine -B /tmp/football-optimization-native-debug-config -DCMAKE_BUILD_TYPE=Debug -DBUILD_PYTHON_BINDINGS=OFF -DFOOTBALL_RUNTIME_OUTPUT_DIRECTORY=/tmp/football-optimization-native-debug-config/bin
CMake Warning (policy) at CMakeLists.txt:173 (FIND_PACKAGE):
  Policy CMP0167 is not set: The FindBoost module is removed.  Run "cmake
  --help-policy CMP0167" for policy details.  Use the cmake_policy command to
  set the policy and suppress this warning.
This warning is for project developers.  Use -Wno-author or -Wno-policy to
suppress it.

-- Configuring done (0.2s)
-- Generating done (0.0s)
-- Build files have been written to: /tmp/football-optimization-native-debug-config
Running: cmake -S engine/tests -B /tmp/football-review-20260909-tests -DCMAKE_BUILD_TYPE=Debug -DENABLE_PCH=OFF
-- Build type: Debug
-- Unity build: ON
-- PCH enabled: OFF
-- Build targets: 32
-- Configuring done (0.3s)
-- Generating done (0.0s)
-- Build files have been written to: /tmp/football-review-20260909-tests
Running: cmake --build /tmp/football-review-20260909-tests -j 1
[  2%] Built target gtest
[  5%] Built target gtest_main
[  8%] Built target frame_sync_test
[ 11%] Built target ecs_test
[ 13%] Built target ecs_query_contract_test
[ 16%] Built target fixed_point_test
[ 19%] Built target fixed_point_determinism_test
[ 22%] Built target client_state_test
[ 25%] Built target ecs_physics_sync_test
[ 27%] Built target ecs_benchmark_test
[ 30%] Built target engine_integration_test
[ 33%] Built target phase5_test
[ 36%] Built target performance_benchmark_test
[ 38%] Built target frame_sync_performance_test
[ 41%] Built target ux_optimizer_test
[ 44%] Built target frame_sync_coverage_test
[ 47%] Built target prng_test
[ 50%] Built target interpolator_test
[ 52%] Built target state_delta_codec_test
[ 55%] Built target prediction_accuracy_tracker_test
[ 58%] Built target adaptive_prediction_cap_test
[ 61%] Built target replay_system_test
[ 63%] Built target adaptive_jitter_buffer_test
[ 66%] Built target phase16_integration_test
[ 69%] Built target latency_compensator_test
[ 72%] Built target state_snapshot_codec_test
[ 75%] Built target spectator_test
[ 77%] Built target replay_integration_test
[ 80%] Built target network_diagnostics_test
[ 83%] Built target lobby_protocol_test
[ 86%] Built target room_manager_test
[ 88%] Built target lobby_e2e_test
[ 91%] Built target milestone_regression_test
[ 94%] Built target frame_simulation_test
[ 97%] Built target gmock
[100%] Built target gmock_main
Running: ctest --test-dir /tmp/football-review-20260909-tests --output-on-failure --output-junit /root/work_space/football/.project/optimization/evidence/framework-ctest.xml
Test project /tmp/football-review-20260909-tests
        Start   1: SlotInputTest.DefaultConstruction
  1/429 Test   #1: SlotInputTest.DefaultConstruction ...........................................   Passed    0.00 sec
        Start   2: SlotInputTest.Equality
  2/429 Test   #2: SlotInputTest.Equality ......................................................   Passed    0.00 sec
        Start   3: SlotInputTest.BinaryLayoutSize
  3/429 Test   #3: SlotInputTest.BinaryLayoutSize ..............................................   Passed    0.00 sec
        Start   4: SlotInputTest.MemcpyRoundTrip
  4/429 Test   #4: SlotInputTest.MemcpyRoundTrip ...............................................   Passed    0.00 sec
        Start   5: MessageTypeTest.UniqueValues
  5/429 Test   #5: MessageTypeTest.UniqueValues ................................................   Passed    0.00 sec
        Start   6: ProtocolConstantsTest.HeartbeatPacketSize
  6/429 Test   #6: ProtocolConstantsTest.HeartbeatPacketSize ...................................   Passed    0.00 sec
        Start   7: ProtocolConstantsTest.TimeoutConstants
  7/429 Test   #7: ProtocolConstantsTest.TimeoutConstants ......................................   Passed    0.00 sec
        Start   8: AuthoritativeFrameTest.HeaderSize
  8/429 Test   #8: AuthoritativeFrameTest.HeaderSize ...........................................   Passed    0.00 sec
        Start   9: ClientFrameInputTest.HeaderSize
  9/429 Test   #9: ClientFrameInputTest.HeaderSize .............................................   Passed    0.00 sec
        Start  10: ClientFrameInputTest.SlotEntrySize
 10/429 Test  #10: ClientFrameInputTest.SlotEntrySize ..........................................   Passed    0.00 sec
        Start  11: SessionStartTest.ParamsSize
 11/429 Test  #11: SessionStartTest.ParamsSize .................................................   Passed    0.00 sec
        Start  12: LayoutTest.SlotInputNoPadding
 12/429 Test  #12: LayoutTest.SlotInputNoPadding ...............................................   Passed    0.00 sec
        Start  13: TypesTest.FrameIdIsUint32
 13/429 Test  #13: TypesTest.FrameIdIsUint32 ...................................................   Passed    0.00 sec
        Start  14: TypesTest.StateHashIsUint64
 14/429 Test  #14: TypesTest.StateHashIsUint64 .................................................   Passed    0.00 sec
        Start  15: PredictionRollbackTest.PredictThenRollback
 15/429 Test  #15: PredictionRollbackTest.PredictThenRollback ..................................   Passed    0.00 sec
        Start  16: PredictionRollbackTest.PredictWithNoRollback
 16/429 Test  #16: PredictionRollbackTest.PredictWithNoRollback ................................   Passed    0.00 sec
        Start  17: PredictionRollbackTest.EvictionPreventsStaleRollback
 17/429 Test  #17: PredictionRollbackTest.EvictionPreventsStaleRollback ........................   Passed    0.00 sec
        Start  18: PredictionRollbackTest.StateHashVerification
 18/429 Test  #18: PredictionRollbackTest.StateHashVerification ................................   Passed    0.00 sec
        Start  19: EntityTest.NullEntityIsZero
 19/429 Test  #19: EntityTest.NullEntityIsZero .................................................   Passed    0.00 sec
        Start  20: EntityTest.EntityTypeIsUint64
 20/429 Test  #20: EntityTest.EntityTypeIsUint64 ...............................................   Passed    0.00 sec
        Start  21: WorldTest.CreateEntity
 21/429 Test  #21: WorldTest.CreateEntity ......................................................   Passed    0.00 sec
        Start  22: WorldTest.CreateMultipleEntities
 22/429 Test  #22: WorldTest.CreateMultipleEntities ............................................   Passed    0.00 sec
        Start  23: WorldTest.EntityIdsAreMonotonic
 23/429 Test  #23: WorldTest.EntityIdsAreMonotonic .............................................   Passed    0.00 sec
        Start  24: WorldTest.AddAndGetComponent
 24/429 Test  #24: WorldTest.AddAndGetComponent ................................................   Passed    0.00 sec
        Start  25: WorldTest.GetComponentReturnsNullForMissing
 25/429 Test  #25: WorldTest.GetComponentReturnsNullForMissing .................................   Passed    0.00 sec
        Start  26: WorldTest.HasComponent
 26/429 Test  #26: WorldTest.HasComponent ......................................................   Passed    0.00 sec
        Start  27: WorldTest.RemoveComponent
 27/429 Test  #27: WorldTest.RemoveComponent ...................................................   Passed    0.00 sec
        Start  28: WorldTest.OverwriteComponent
 28/429 Test  #28: WorldTest.OverwriteComponent ................................................   Passed    0.00 sec
        Start  29: WorldTest.MultipleComponentsOnSameEntity
 29/429 Test  #29: WorldTest.MultipleComponentsOnSameEntity ....................................   Passed    0.00 sec
        Start  30: WorldTest.ForEachSingleComponent
 30/429 Test  #30: WorldTest.ForEachSingleComponent ............................................   Passed    0.00 sec
        Start  31: WorldTest.ForEachTwoComponents
 31/429 Test  #31: WorldTest.ForEachTwoComponents ..............................................   Passed    0.00 sec
        Start  32: WorldTest.ForEachModifiesData
 32/429 Test  #32: WorldTest.ForEachModifiesData ...............................................   Passed    0.00 sec
        Start  33: WorldTest.DestroyEntityRemovesAllComponents
 33/429 Test  #33: WorldTest.DestroyEntityRemovesAllComponents .................................   Passed    0.00 sec
        Start  34: WorldTest.ClearRemovesAll
 34/429 Test  #34: WorldTest.ClearRemovesAll ...................................................   Passed    0.00 sec
        Start  35: WorldTest.ForEachDeterministicOrder
 35/429 Test  #35: WorldTest.ForEachDeterministicOrder .........................................   Passed    0.00 sec
        Start  36: WorldTest.MoveConstruction
 36/429 Test  #36: WorldTest.MoveConstruction ..................................................   Passed    0.00 sec
        Start  37: TeamStateComponentTest.DefaultConstruction
 37/429 Test  #37: TeamStateComponentTest.DefaultConstruction ..................................   Passed    0.00 sec
        Start  38: TeamStateComponentTest.EcsIntegration
 38/429 Test  #38: TeamStateComponentTest.EcsIntegration .......................................   Passed    0.00 sec
        Start  39: TeamStateComponentTest.MultipleTeams
 39/429 Test  #39: TeamStateComponentTest.MultipleTeams ........................................   Passed    0.00 sec
        Start  40: TeamStateComponentTest.ForEachTeamState
 40/429 Test  #40: TeamStateComponentTest.ForEachTeamState .....................................   Passed    0.00 sec
        Start  41: RefereeStateComponentTest.DefaultConstruction
 41/429 Test  #41: RefereeStateComponentTest.DefaultConstruction ...............................   Passed    0.00 sec
        Start  42: RefereeStateComponentTest.EcsIntegration
 42/429 Test  #42: RefereeStateComponentTest.EcsIntegration ....................................   Passed    0.00 sec
        Start  43: RefereeStateComponentTest.FoulState
 43/429 Test  #43: RefereeStateComponentTest.FoulState .........................................   Passed    0.00 sec
        Start  44: MatchStateComponentTest.DefaultConstruction
 44/429 Test  #44: MatchStateComponentTest.DefaultConstruction .................................   Passed    0.00 sec
        Start  45: MatchStateComponentTest.EcsIntegration
 45/429 Test  #45: MatchStateComponentTest.EcsIntegration ......................................   Passed    0.00 sec
        Start  46: MatchStateComponentTest.GoalState
 46/429 Test  #46: MatchStateComponentTest.GoalState ...........................................   Passed    0.00 sec
        Start  47: SerializationTest.TeamStateRoundTrip
 47/429 Test  #47: SerializationTest.TeamStateRoundTrip ........................................   Passed    0.00 sec
        Start  48: SerializationTest.RefereeStateRoundTrip
 48/429 Test  #48: SerializationTest.RefereeStateRoundTrip .....................................   Passed    0.00 sec
        Start  49: SerializationTest.MatchStateRoundTrip
 49/429 Test  #49: SerializationTest.MatchStateRoundTrip .......................................   Passed    0.00 sec
        Start  50: SerializationTest.AllComponentsRoundTrip
 50/429 Test  #50: SerializationTest.AllComponentsRoundTrip ....................................   Passed    0.00 sec
        Start  51: QueryContract.ConstEmptyWorldReturnsNull
 51/429 Test  #51: QueryContract.ConstEmptyWorldReturnsNull ....................................   Passed    0.00 sec
        Start  52: QueryContract.ThreeDistinctComponentsUseStableEntityOrder
 52/429 Test  #52: QueryContract.ThreeDistinctComponentsUseStableEntityOrder ...................   Passed    0.00 sec
        Start  53: QueryContract.ResultCanBeReusedAfterPoolDestructionAndRecreation
 53/429 Test  #53: QueryContract.ResultCanBeReusedAfterPoolDestructionAndRecreation ............   Passed    0.00 sec
        Start  54: QueryContract.SnapshotQuerySkipsDeletedFutureMatchesAndIgnoresNewMatches
 54/429 Test  #54: QueryContract.SnapshotQuerySkipsDeletedFutureMatchesAndIgnoresNewMatches ....   Passed    0.00 sec
        Start  55: QueryContract.MutableWorldTraversalPreservesFirstPoolCandidateSnapshot
 55/429 Test  #55: QueryContract.MutableWorldTraversalPreservesFirstPoolCandidateSnapshot ......   Passed    0.00 sec
        Start  56: QueryContract.SmallestPoolCanHaveAnyComponentPosition
 56/429 Test  #56: QueryContract.SmallestPoolCanHaveAnyComponentPosition .......................   Passed    0.00 sec
        Start  57: QueryContract.MissingTypesDoNotAllocatePoolsDuringResultConstruction
 57/429 Test  #57: QueryContract.MissingTypesDoNotAllocatePoolsDuringResultConstruction ........   Passed    0.00 sec
        Start  58: QueryContract.ThreeComponentTraversalSurvivesRemovalAndPoolGrowth
 58/429 Test  #58: QueryContract.ThreeComponentTraversalSurvivesRemovalAndPoolGrowth ...........   Passed    0.00 sec
        Start  59: FixedPointTest.DefaultConstruction
 59/429 Test  #59: FixedPointTest.DefaultConstruction ..........................................   Passed    0.00 sec
        Start  60: FixedPointTest.IntConstruction
 60/429 Test  #60: FixedPointTest.IntConstruction ..............................................   Passed    0.00 sec
        Start  61: FixedPointTest.FloatConstruction
 61/429 Test  #61: FixedPointTest.FloatConstruction ............................................   Passed    0.00 sec
        Start  62: FixedPointTest.FromRaw
 62/429 Test  #62: FixedPointTest.FromRaw ......................................................   Passed    0.00 sec
        Start  63: FixedPointTest.Constants
 63/429 Test  #63: FixedPointTest.Constants ....................................................   Passed    0.00 sec
        Start  64: FixedPointTest.ToRaw
 64/429 Test  #64: FixedPointTest.ToRaw ........................................................   Passed    0.00 sec
        Start  65: FixedPointTest.Addition
 65/429 Test  #65: FixedPointTest.Addition .....................................................   Passed    0.00 sec
        Start  66: FixedPointTest.Subtraction
 66/429 Test  #66: FixedPointTest.Subtraction ..................................................   Passed    0.00 sec
        Start  67: FixedPointTest.Multiplication
 67/429 Test  #67: FixedPointTest.Multiplication ...............................................   Passed    0.00 sec
        Start  68: FixedPointTest.Division
 68/429 Test  #68: FixedPointTest.Division .....................................................   Passed    0.00 sec
        Start  69: FixedPointTest.CompoundAssignment
 69/429 Test  #69: FixedPointTest.CompoundAssignment ...........................................   Passed    0.00 sec
        Start  70: FixedPointTest.FractionalArithmetic
 70/429 Test  #70: FixedPointTest.FractionalArithmetic .........................................   Passed    0.00 sec
        Start  71: FixedPointTest.DivisionPrecision
 71/429 Test  #71: FixedPointTest.DivisionPrecision ............................................   Passed    0.00 sec
        Start  72: FixedPointTest.Comparison
 72/429 Test  #72: FixedPointTest.Comparison ...................................................   Passed    0.00 sec
        Start  73: FixedPointTest.Negation
 73/429 Test  #73: FixedPointTest.Negation .....................................................   Passed    0.00 sec
        Start  74: FixedPointTest.Abs
 74/429 Test  #74: FixedPointTest.Abs ..........................................................   Passed    0.00 sec
        Start  75: FixedPointTest.SinZero
 75/429 Test  #75: FixedPointTest.SinZero ......................................................   Passed    0.00 sec
        Start  76: FixedPointTest.SinHalfPi
 76/429 Test  #76: FixedPointTest.SinHalfPi ....................................................   Passed    0.00 sec
        Start  77: FixedPointTest.CosZero
 77/429 Test  #77: FixedPointTest.CosZero ......................................................   Passed    0.00 sec
        Start  78: FixedPointTest.CosPi
 78/429 Test  #78: FixedPointTest.CosPi ........................................................   Passed    0.00 sec
        Start  79: FixedPointTest.SinPiOver4
 79/429 Test  #79: FixedPointTest.SinPiOver4 ...................................................   Passed    0.00 sec
        Start  80: FixedPointTest.Sqrt4
 80/429 Test  #80: FixedPointTest.Sqrt4 ........................................................   Passed    0.00 sec
        Start  81: FixedPointTest.Sqrt9
 81/429 Test  #81: FixedPointTest.Sqrt9 ........................................................   Passed    0.00 sec
        Start  82: FixedPointTest.Sqrt2
 82/429 Test  #82: FixedPointTest.Sqrt2 ........................................................   Passed    0.00 sec
        Start  83: FixedPointTest.SqrtZero
 83/429 Test  #83: FixedPointTest.SqrtZero .....................................................   Passed    0.00 sec
        Start  84: FixedPointTest.SqrtNegative
 84/429 Test  #84: FixedPointTest.SqrtNegative .................................................   Passed    0.00 sec
        Start  85: FixedPointTest.AdditionDeterminism
 85/429 Test  #85: FixedPointTest.AdditionDeterminism ..........................................   Passed    0.00 sec
        Start  86: FixedPointTest.MultiplicationDeterminism
 86/429 Test  #86: FixedPointTest.MultiplicationDeterminism ....................................   Passed    0.00 sec
        Start  87: FixedPointTest.DivisionDeterminism
 87/429 Test  #87: FixedPointTest.DivisionDeterminism ..........................................   Passed    0.00 sec
        Start  88: FixedPointTest.SinDeterminism
 88/429 Test  #88: FixedPointTest.SinDeterminism ...............................................   Passed    0.00 sec
        Start  89: FixedPointTest.IntegerFraction
 89/429 Test  #89: FixedPointTest.IntegerFraction ..............................................   Passed    0.00 sec
        Start  90: FixedPointDeterminism.AdditionBitExact
 90/429 Test  #90: FixedPointDeterminism.AdditionBitExact ......................................   Passed    0.00 sec
        Start  91: FixedPointDeterminism.MultiplicationBitExact
 91/429 Test  #91: FixedPointDeterminism.MultiplicationBitExact ................................   Passed    0.00 sec
        Start  92: FixedPointDeterminism.DivisionBitExact
 92/429 Test  #92: FixedPointDeterminism.DivisionBitExact ......................................   Passed    0.00 sec
        Start  93: FixedPointDeterminism.TrigBitExact
 93/429 Test  #93: FixedPointDeterminism.TrigBitExact ..........................................   Passed    0.00 sec
        Start  94: FixedPointDeterminism.SqrtBitExact
 94/429 Test  #94: FixedPointDeterminism.SqrtBitExact ..........................................   Passed    0.00 sec
        Start  95: FixedPointDeterminism.Atan2BitExact
 95/429 Test  #95: FixedPointDeterminism.Atan2BitExact .........................................   Passed    0.00 sec
        Start  96: FixedPointDeterminism.PythagoreanIdentity
 96/429 Test  #96: FixedPointDeterminism.PythagoreanIdentity ...................................   Passed    0.00 sec
        Start  97: FixedPointDeterminism.SinCosPeriodicity
 97/429 Test  #97: FixedPointDeterminism.SinCosPeriodicity .....................................   Passed    0.00 sec
        Start  98: FixedPointDeterminism.SinOddFunction
 98/429 Test  #98: FixedPointDeterminism.SinOddFunction ........................................   Passed    0.00 sec
        Start  99: FixedPointDeterminism.CosEvenFunction
 99/429 Test  #99: FixedPointDeterminism.CosEvenFunction .......................................   Passed    0.00 sec
        Start 100: FixedPointDeterminism.SqrtMultiplicative
100/429 Test #100: FixedPointDeterminism.SqrtMultiplicative ....................................   Passed    0.00 sec
        Start 101: FixedPointDeterminism.ConstexprConstruction
101/429 Test #101: FixedPointDeterminism.ConstexprConstruction .................................   Passed    0.00 sec
        Start 102: FixedPointDeterminism.ConstexprTrig
102/429 Test #102: FixedPointDeterminism.ConstexprTrig .........................................   Passed    0.00 sec
        Start 103: ClientStateTest.SaveAndRetrieve
103/429 Test #103: ClientStateTest.SaveAndRetrieve .............................................   Passed    0.00 sec
        Start 104: ClientStateTest.MultipleSnapshots
104/429 Test #104: ClientStateTest.MultipleSnapshots ...........................................   Passed    0.00 sec
        Start 105: ClientStateTest.GetSnapshotNotFound
105/429 Test #105: ClientStateTest.GetSnapshotNotFound .........................................   Passed    0.00 sec
        Start 106: ClientStateTest.Eviction
106/429 Test #106: ClientStateTest.Eviction ....................................................   Passed    0.00 sec
        Start 107: ClientStateTest.RollbackRestoresState
107/429 Test #107: ClientStateTest.RollbackRestoresState .......................................   Passed    0.00 sec
        Start 108: ClientStateTest.RollbackNotFound
108/429 Test #108: ClientStateTest.RollbackNotFound ............................................   Passed    0.00 sec
        Start 109: ClientStateTest.RestoreSnapshotWithoutStep
109/429 Test #109: ClientStateTest.RestoreSnapshotWithoutStep ..................................   Passed    0.00 sec
        Start 110: ClientStateTest.StateHashMatch
110/429 Test #110: ClientStateTest.StateHashMatch ..............................................   Passed    0.00 sec
        Start 111: ClientStateTest.StateHashMismatch
111/429 Test #111: ClientStateTest.StateHashMismatch ...........................................   Passed    0.00 sec
        Start 112: ClientStateTest.StateHashUnknown
112/429 Test #112: ClientStateTest.StateHashUnknown ............................................   Passed    0.00 sec
        Start 113: ClientStateTest.FullPredictionRollbackCycle
113/429 Test #113: ClientStateTest.FullPredictionRollbackCycle .................................   Passed    0.00 sec
        Start 114: ClientStateTest.ClearResetsEverything
114/429 Test #114: ClientStateTest.ClearResetsEverything .......................................   Passed    0.00 sec
        Start 115: ClientStateTest.CatchupWhenBehind
115/429 Test #115: ClientStateTest.CatchupWhenBehind ...........................................   Passed    0.00 sec
        Start 116: ClientStateTest.CatchupCappedAtMax
116/429 Test #116: ClientStateTest.CatchupCappedAtMax ..........................................   Passed    0.00 sec
        Start 117: ClientStateTest.NoCatchupWhenSynced
117/429 Test #117: ClientStateTest.NoCatchupWhenSynced .........................................   Passed    0.00 sec
        Start 118: ClientStateTest.WaitWhenAhead
118/429 Test #118: ClientStateTest.WaitWhenAhead ...............................................   Passed    0.00 sec
        Start 119: ClientStateTest.FramesBehindCalculation
119/429 Test #119: ClientStateTest.FramesBehindCalculation .....................................   Passed    0.00 sec
        Start 120: ClientStateTest.JitterTracking
120/429 Test #120: ClientStateTest.JitterTracking ..............................................   Passed    0.00 sec
        Start 121: ClientStateTest.JitterHigh
121/429 Test #121: ClientStateTest.JitterHigh ..................................................   Passed    0.00 sec
        Start 122: ClientStateTest.JitterResetsOnClear
122/429 Test #122: ClientStateTest.JitterResetsOnClear .........................................   Passed    0.00 sec
        Start 123: PlayerPhysicsTest.DefaultValues
123/429 Test #123: PlayerPhysicsTest.DefaultValues .............................................   Passed    0.00 sec
        Start 124: PlayerPhysicsTest.AddGetComponent
124/429 Test #124: PlayerPhysicsTest.AddGetComponent ...........................................   Passed    0.00 sec
        Start 125: PlayerPhysicsTest.OverwriteComponent
125/429 Test #125: PlayerPhysicsTest.OverwriteComponent ........................................   Passed    0.00 sec
        Start 126: PlayerPhysicsTest.ForEachFiltersCorrectly
126/429 Test #126: PlayerPhysicsTest.ForEachFiltersCorrectly ...................................   Passed    0.00 sec
        Start 127: PlayerPhysicsTest.ForEachDeterministicOrder
127/429 Test #127: PlayerPhysicsTest.ForEachDeterministicOrder .................................   Passed    0.00 sec
        Start 128: PlayerPhysicsTest.MultipleComponentsOnSameEntity
128/429 Test #128: PlayerPhysicsTest.MultipleComponentsOnSameEntity ............................   Passed    0.00 sec
        Start 129: PlayerPhysicsTest.ForEachTwoComponents
129/429 Test #129: PlayerPhysicsTest.ForEachTwoComponents ......................................   Passed    0.00 sec
        Start 130: PlayerPhysicsTest.RemoveComponent
130/429 Test #130: PlayerPhysicsTest.RemoveComponent ...........................................   Passed    0.00 sec
        Start 131: PlayerPhysicsTest.DestroyEntityRemovesAll
131/429 Test #131: PlayerPhysicsTest.DestroyEntityRemovesAll ...................................   Passed    0.00 sec
        Start 132: PlayerPhysicsTest.ClearRemovesAll
132/429 Test #132: PlayerPhysicsTest.ClearRemovesAll ...........................................   Passed    0.00 sec
        Start 133: PlayerPhysicsTest.BidirectionalSyncPattern
133/429 Test #133: PlayerPhysicsTest.BidirectionalSyncPattern ..................................   Passed    0.00 sec
        Start 134: TacticsComponentTest.DefaultValues
134/429 Test #134: TacticsComponentTest.DefaultValues ..........................................   Passed    0.00 sec
        Start 135: TacticsComponentTest.AddGetComponent
135/429 Test #135: TacticsComponentTest.AddGetComponent ........................................   Passed    0.00 sec
        Start 136: TacticsComponentTest.RoundTripOopToEcsToOop
136/429 Test #136: TacticsComponentTest.RoundTripOopToEcsToOop .................................   Passed    0.00 sec
        Start 137: BallComponentTest.AddGetComponent
137/429 Test #137: BallComponentTest.AddGetComponent ...........................................   Passed    0.00 sec
        Start 138: BallComponentTest.RoundTripOopToEcsToOop
138/429 Test #138: BallComponentTest.RoundTripOopToEcsToOop ....................................   Passed    0.00 sec
        Start 139: BallComponentTest.OverwriteComponent
139/429 Test #139: BallComponentTest.OverwriteComponent ........................................   Passed    0.00 sec
        Start 140: BallComponentTest.ForEachDeterministicOrder
140/429 Test #140: BallComponentTest.ForEachDeterministicOrder .................................   Passed    0.00 sec
        Start 141: WorldSerializerTest.SerializeEmptyWorld
141/429 Test #141: WorldSerializerTest.SerializeEmptyWorld .....................................   Passed    0.00 sec
        Start 142: WorldSerializerTest.SerializeDeserializeRoundTrip
142/429 Test #142: WorldSerializerTest.SerializeDeserializeRoundTrip ...........................   Passed    0.00 sec
        Start 143: WorldSerializerTest.PreserveComponentData
143/429 Test #143: WorldSerializerTest.PreserveComponentData ...................................   Passed    0.00 sec
        Start 144: WorldSerializerTest.MultipleComponentTypes
144/429 Test #144: WorldSerializerTest.MultipleComponentTypes ..................................   Passed    0.00 sec
        Start 145: WorldSerializerTest.DeterministicEntityOrder
145/429 Test #145: WorldSerializerTest.DeterministicEntityOrder ................................   Passed    0.00 sec
        Start 146: SystemGraphTest.EmptyGraph
146/429 Test #146: SystemGraphTest.EmptyGraph ..................................................   Passed    0.00 sec
        Start 147: SystemGraphTest.SingleSystem
147/429 Test #147: SystemGraphTest.SingleSystem ................................................   Passed    0.00 sec
        Start 148: SystemGraphTest.LinearDependency
148/429 Test #148: SystemGraphTest.LinearDependency ............................................   Passed    0.00 sec
        Start 149: SystemGraphTest.DiamondDependency
149/429 Test #149: SystemGraphTest.DiamondDependency ...........................................   Passed    0.00 sec
        Start 150: SystemGraphTest.CycleDetection
150/429 Test #150: SystemGraphTest.CycleDetection ..............................................   Passed    0.00 sec
        Start 151: SystemGraphTest.EarlyAbort
151/429 Test #151: SystemGraphTest.EarlyAbort ..................................................   Passed    0.00 sec
        Start 152: SystemGraphTest.ContextPassing
152/429 Test #152: SystemGraphTest.ContextPassing ..............................................   Passed    0.00 sec
        Start 153: SystemGraphTest.ClearResetsState
153/429 Test #153: SystemGraphTest.ClearResetsState ............................................   Passed    0.00 sec
        Start 154: SystemGraphTest.IndependentSystems
154/429 Test #154: SystemGraphTest.IndependentSystems ..........................................   Passed    0.00 sec
        Start 155: ECSBenchmarkTest.PositionUpdate
155/429 Test #155: ECSBenchmarkTest.PositionUpdate .............................................   Passed    0.01 sec
        Start 156: ECSBenchmarkTest.ConditionalQuery
156/429 Test #156: ECSBenchmarkTest.ConditionalQuery ...........................................   Passed    0.01 sec
        Start 157: ECSBenchmarkTest.DualComponentQuery
157/429 Test #157: ECSBenchmarkTest.DualComponentQuery .........................................   Passed    0.01 sec
        Start 158: ECSBenchmarkTest.RandomAccess
158/429 Test #158: ECSBenchmarkTest.RandomAccess ...............................................   Passed    0.01 sec
        Start 159: ECSBenchmarkTest.DeterministicTraversalOrder
159/429 Test #159: ECSBenchmarkTest.DeterministicTraversalOrder ................................   Passed    0.01 sec
        Start 160: ECSBenchmarkTest.MemoryLocality
160/429 Test #160: ECSBenchmarkTest.MemoryLocality .............................................   Passed    0.01 sec
        Start 161: EngineCallbacksTest.DefaultCallbacksAreEmpty
161/429 Test #161: EngineCallbacksTest.DefaultCallbacksAreEmpty ................................   Passed    0.00 sec
        Start 162: EngineCallbacksTest.WiringToMockEngine
162/429 Test #162: EngineCallbacksTest.WiringToMockEngine ......................................   Passed    0.00 sec
        Start 163: Fnv1aHashTest.Deterministic
163/429 Test #163: Fnv1aHashTest.Deterministic .................................................   Passed    0.00 sec
        Start 164: Fnv1aHashTest.DifferentInputsDifferentHashes
164/429 Test #164: Fnv1aHashTest.DifferentInputsDifferentHashes ................................   Passed    0.00 sec
        Start 165: Fnv1aHashTest.EmptyString
165/429 Test #165: Fnv1aHashTest.EmptyString ...................................................   Passed    0.00 sec
        Start 166: MultiplayerConfigTest.DefaultValues
166/429 Test #166: MultiplayerConfigTest.DefaultValues .........................................   Passed    0.00 sec
        Start 167: ClientStateEngineIntegrationTest.PredictAndRollback
167/429 Test #167: ClientStateEngineIntegrationTest.PredictAndRollback .........................   Passed    0.00 sec
        Start 168: ClientStateEngineIntegrationTest.HashVerification
168/429 Test #168: ClientStateEngineIntegrationTest.HashVerification ...........................   Passed    0.00 sec
        Start 169: EndToEndTest.AuthoritativeFrameRoundTrip
169/429 Test #169: EndToEndTest.AuthoritativeFrameRoundTrip ....................................   Passed    0.00 sec
        Start 170: StateHashTest.PackUnpackRoundTrip
170/429 Test #170: StateHashTest.PackUnpackRoundTrip ...........................................   Passed    0.00 sec
        Start 171: MultiSlotTest.PackUnpackFrameInput
171/429 Test #171: MultiSlotTest.PackUnpackFrameInput ..........................................   Passed    0.00 sec
        Start 172: FullLoopTest.ClientServerSyncWithoutRollback
172/429 Test #172: FullLoopTest.ClientServerSyncWithoutRollback ................................   Passed    0.00 sec
        Start 173: FullLoopTest.ClientServerSyncWithRollback
173/429 Test #173: FullLoopTest.ClientServerSyncWithRollback ...................................   Passed    0.00 sec
        Start 174: FullLoopTest.StateHashVerificationAcrossFrames
174/429 Test #174: FullLoopTest.StateHashVerificationAcrossFrames ..............................   Passed    0.00 sec
        Start 175: FullLoopTest.MultiSlotClientServerSync
175/429 Test #175: FullLoopTest.MultiSlotClientServerSync ......................................   Passed    0.00 sec
        Start 176: JitterStatsTest.InitialState
176/429 Test #176: JitterStatsTest.InitialState ................................................   Passed    0.00 sec
        Start 177: JitterStatsTest.RecordArrival
177/429 Test #177: JitterStatsTest.RecordArrival ...............................................   Passed    0.00 sec
        Start 178: JitterStatsTest.LossRate
178/429 Test #178: JitterStatsTest.LossRate ....................................................   Passed    0.00 sec
        Start 179: JitterStatsTest.RTTTracking
179/429 Test #179: JitterStatsTest.RTTTracking .................................................   Passed    0.00 sec
        Start 180: JitterStatsTest.RecommendedBufferSize
180/429 Test #180: JitterStatsTest.RecommendedBufferSize .......................................   Passed    0.00 sec
        Start 181: DeltaSlotInputTest.NoChange
181/429 Test #181: DeltaSlotInputTest.NoChange .................................................   Passed    0.00 sec
        Start 182: DeltaSlotInputTest.AllFieldsChanged
182/429 Test #182: DeltaSlotInputTest.AllFieldsChanged .........................................   Passed    0.00 sec
        Start 183: DeltaSlotInputTest.PartialChange
183/429 Test #183: DeltaSlotInputTest.PartialChange ............................................   Passed    0.00 sec
        Start 184: DeltaSlotInputTest.CompressionRatio
184/429 Test #184: DeltaSlotInputTest.CompressionRatio .........................................   Passed    0.00 sec
        Start 185: DeltaEncoderTest.EncodeDecode
185/429 Test #185: DeltaEncoderTest.EncodeDecode ...............................................   Passed    0.00 sec
        Start 186: DeltaEncoderTest.MultiFrameCompression
186/429 Test #186: DeltaEncoderTest.MultiFrameCompression ......................................   Passed    0.00 sec
        Start 187: PerformanceBenchmark.AuthoritativeFrameEncodeDecode
187/429 Test #187: PerformanceBenchmark.AuthoritativeFrameEncodeDecode .........................   Passed    0.00 sec
        Start 188: PerformanceBenchmark.ClientFrameInputEncodeDecode
188/429 Test #188: PerformanceBenchmark.ClientFrameInputEncodeDecode ...........................   Passed    0.00 sec
        Start 189: PerformanceBenchmark.DeltaCompressionThroughput
189/429 Test #189: PerformanceBenchmark.DeltaCompressionThroughput .............................   Passed    0.05 sec
        Start 190: PerformanceBenchmark.ClientStateSnapshotThroughput
190/429 Test #190: PerformanceBenchmark.ClientStateSnapshotThroughput ..........................   Passed    0.04 sec
        Start 191: PerformanceBenchmark.ClientStateRollbackPerformance
191/429 Test #191: PerformanceBenchmark.ClientStateRollbackPerformance .........................   Passed    0.01 sec
        Start 192: PerformanceBenchmark.Fnv1aHashThroughput
192/429 Test #192: PerformanceBenchmark.Fnv1aHashThroughput ....................................   Passed    0.85 sec
        Start 193: PerformanceBenchmark.JitterStatsUpdateThroughput
193/429 Test #193: PerformanceBenchmark.JitterStatsUpdateThroughput ............................   Passed    0.08 sec
        Start 194: PerformanceBenchmark.SlotInputMemcpyThroughput
194/429 Test #194: PerformanceBenchmark.SlotInputMemcpyThroughput ..............................   Passed    0.01 sec
        Start 195: PerformanceBenchmark.StateHashPackUnpackThroughput
195/429 Test #195: PerformanceBenchmark.StateHashPackUnpackThroughput ..........................   Passed    0.00 sec
        Start 196: UXOptimizerTest.InitialState
196/429 Test #196: UXOptimizerTest.InitialState ................................................   Passed    0.00 sec
        Start 197: UXOptimizerTest.RecordInputLatency
197/429 Test #197: UXOptimizerTest.RecordInputLatency ..........................................   Passed    0.00 sec
        Start 198: UXOptimizerTest.RecordFrameTime
198/429 Test #198: UXOptimizerTest.RecordFrameTime .............................................   Passed    0.00 sec
        Start 199: UXOptimizerTest.NetworkQuality
199/429 Test #199: UXOptimizerTest.NetworkQuality ..............................................   Passed    0.00 sec
        Start 200: UXOptimizerTest.PredictionAccuracy
200/429 Test #200: UXOptimizerTest.PredictionAccuracy ..........................................   Passed    0.00 sec
        Start 201: UXOptimizerTest.RollbackCount
201/429 Test #201: UXOptimizerTest.RollbackCount ...............................................   Passed    0.00 sec
        Start 202: UXOptimizerTest.Reset
202/429 Test #202: UXOptimizerTest.Reset .......................................................   Passed    0.00 sec
        Start 203: UXOptimizerTest.QualityRecommendation
203/429 Test #203: UXOptimizerTest.QualityRecommendation .......................................   Passed    0.00 sec
        Start 204: InputLatencyTrackerTest.BasicTracking
204/429 Test #204: InputLatencyTrackerTest.BasicTracking .......................................   Passed    0.00 sec
        Start 205: InputLatencyTrackerTest.P95Latency
205/429 Test #205: InputLatencyTrackerTest.P95Latency ..........................................   Passed    0.00 sec
        Start 206: InputLatencyTrackerTest.Cleanup
206/429 Test #206: InputLatencyTrackerTest.Cleanup .............................................   Passed    0.00 sec
        Start 207: Vec3Test.DefaultConstruction
207/429 Test #207: Vec3Test.DefaultConstruction ................................................   Passed    0.00 sec
        Start 208: Vec3Test.ParameterizedConstruction
208/429 Test #208: Vec3Test.ParameterizedConstruction ..........................................   Passed    0.00 sec
        Start 209: Vec3Test.Addition
209/429 Test #209: Vec3Test.Addition ...........................................................   Passed    0.00 sec
        Start 210: Vec3Test.Subtraction
210/429 Test #210: Vec3Test.Subtraction ........................................................   Passed    0.00 sec
        Start 211: Vec3Test.ScalarMultiply
211/429 Test #211: Vec3Test.ScalarMultiply .....................................................   Passed    0.00 sec
        Start 212: Vec3Test.Length
212/429 Test #212: Vec3Test.Length .............................................................   Passed    0.00 sec
        Start 213: Vec3Test.LengthSquared
213/429 Test #213: Vec3Test.LengthSquared ......................................................   Passed    0.00 sec
        Start 214: Vec3Test.Normalized
214/429 Test #214: Vec3Test.Normalized .........................................................   Passed    0.00 sec
        Start 215: Vec3Test.NormalizedZeroVector
215/429 Test #215: Vec3Test.NormalizedZeroVector ...............................................   Passed    0.00 sec
        Start 216: QuatTest.DefaultConstruction
216/429 Test #216: QuatTest.DefaultConstruction ................................................   Passed    0.00 sec
        Start 217: QuatTest.ParameterizedConstruction
217/429 Test #217: QuatTest.ParameterizedConstruction ..........................................   Passed    0.00 sec
        Start 218: QuatTest.Normalized
218/429 Test #218: QuatTest.Normalized .........................................................   Passed    0.00 sec
        Start 219: QuatTest.SlerpIdentity
219/429 Test #219: QuatTest.SlerpIdentity ......................................................   Passed    0.00 sec
        Start 220: QuatTest.SlerpHalfway
220/429 Test #220: QuatTest.SlerpHalfway .......................................................   Passed    0.00 sec
        Start 221: QuatTest.SlerpShortestPath
221/429 Test #221: QuatTest.SlerpShortestPath ..................................................   Passed    0.00 sec
        Start 222: InterpolatorTest.InitialState
222/429 Test #222: InterpolatorTest.InitialState ...............................................   Passed    0.00 sec
        Start 223: InterpolatorTest.SaveState
223/429 Test #223: InterpolatorTest.SaveState ..................................................   Passed    0.00 sec
        Start 224: InterpolatorTest.InterpolateSingleFrame
224/429 Test #224: InterpolatorTest.InterpolateSingleFrame .....................................   Passed    0.00 sec
        Start 225: InterpolatorTest.InterpolateBetweenFrames
225/429 Test #225: InterpolatorTest.InterpolateBetweenFrames ...................................   Passed    0.00 sec
        Start 226: InterpolatorTest.InterpolateAtFrameBoundary
226/429 Test #226: InterpolatorTest.InterpolateAtFrameBoundary .................................   Passed    0.00 sec
        Start 227: InterpolatorTest.InterpolateBeforeFrame
227/429 Test #227: InterpolatorTest.InterpolateBeforeFrame .....................................   Passed    0.00 sec
        Start 228: InterpolatorTest.MultipleEntities
228/429 Test #228: InterpolatorTest.MultipleEntities ...........................................   Passed    0.00 sec
        Start 229: InterpolatorTest.EntityNotFound
229/429 Test #229: InterpolatorTest.EntityNotFound .............................................   Passed    0.00 sec
        Start 230: ProtocolIOTest.PackUnpackSessionStart
230/429 Test #230: ProtocolIOTest.PackUnpackSessionStart .......................................   Passed    0.00 sec
        Start 231: ProtocolIOTest.PackUnpackSlotAssignment
231/429 Test #231: ProtocolIOTest.PackUnpackSlotAssignment .....................................   Passed    0.00 sec
        Start 232: ProtocolIOTest.PackUnpackAuthoritativeFrame
232/429 Test #232: ProtocolIOTest.PackUnpackAuthoritativeFrame .................................   Passed    0.00 sec
        Start 233: ProtocolIOTest.PackUnpackClientFrameInput
233/429 Test #233: ProtocolIOTest.PackUnpackClientFrameInput ...................................   Passed    0.00 sec
        Start 234: ProtocolIOTest.PackReady
234/429 Test #234: ProtocolIOTest.PackReady ....................................................   Passed    0.00 sec
        Start 235: ProtocolIOTest.PackUnpackStateHash
235/429 Test #235: ProtocolIOTest.PackUnpackStateHash ..........................................   Passed    0.00 sec
        Start 236: ProtocolIOTest.PackUnpackHeartbeat
236/429 Test #236: ProtocolIOTest.PackUnpackHeartbeat ..........................................   Passed    0.00 sec
        Start 237: ProtocolIOTest.PackUnpackVersionNegotiate
237/429 Test #237: ProtocolIOTest.PackUnpackVersionNegotiate ...................................   Passed    0.00 sec
        Start 238: DeltaSlotInputTest.ConstexprCompute
238/429 Test #238: DeltaSlotInputTest.ConstexprCompute .........................................   Passed    0.00 sec
        Start 239: DeltaSlotInputTest.PackedSizeTable
239/429 Test #239: DeltaSlotInputTest.PackedSizeTable ..........................................   Passed    0.00 sec
        Start 240: DeltaSlotInputTest.BytesSaved
240/429 Test #240: DeltaSlotInputTest.BytesSaved ...............................................   Passed    0.00 sec
        Start 241: DeterministicPRNGTest.BasicGeneration
241/429 Test #241: DeterministicPRNGTest.BasicGeneration .......................................   Passed    0.00 sec
        Start 242: DeterministicPRNGTest.Determinism
242/429 Test #242: DeterministicPRNGTest.Determinism ...........................................   Passed    0.00 sec
        Start 243: DeterministicPRNGTest.DifferentSeeds
243/429 Test #243: DeterministicPRNGTest.DifferentSeeds ........................................   Passed    0.00 sec
        Start 244: DeterministicPRNGTest.Uint32Generation
244/429 Test #244: DeterministicPRNGTest.Uint32Generation ......................................   Passed    0.00 sec
        Start 245: DeterministicPRNGTest.FloatRange
245/429 Test #245: DeterministicPRNGTest.FloatRange ............................................   Passed    0.00 sec
        Start 246: DeterministicPRNGTest.DoubleRange
246/429 Test #246: DeterministicPRNGTest.DoubleRange ...........................................   Passed    0.00 sec
        Start 247: DeterministicPRNGTest.RangeInt
247/429 Test #247: DeterministicPRNGTest.RangeInt ..............................................   Passed    0.00 sec
        Start 248: DeterministicPRNGTest.RangeSame
248/429 Test #248: DeterministicPRNGTest.RangeSame .............................................   Passed    0.00 sec
        Start 249: DeterministicPRNGTest.RangeFloat
249/429 Test #249: DeterministicPRNGTest.RangeFloat ............................................   Passed    0.00 sec
        Start 250: DeterministicPRNGTest.Skip
250/429 Test #250: DeterministicPRNGTest.Skip ..................................................   Passed    0.00 sec
        Start 251: DeterministicPRNGTest.StateSerialization
251/429 Test #251: DeterministicPRNGTest.StateSerialization ....................................   Passed    0.00 sec
        Start 252: DeterministicPRNGTest.Distribution
252/429 Test #252: DeterministicPRNGTest.Distribution ..........................................   Passed    0.00 sec
        Start 253: DeterministicPRNGTest.ZeroSeed
253/429 Test #253: DeterministicPRNGTest.ZeroSeed ..............................................   Passed    0.00 sec
        Start 254: DeterministicPRNGTest.LargeSeed
254/429 Test #254: DeterministicPRNGTest.LargeSeed .............................................   Passed    0.00 sec
        Start 255: DeterministicPRNGTest.CrossPlatformDeterminism
255/429 Test #255: DeterministicPRNGTest.CrossPlatformDeterminism ..............................   Passed    0.00 sec
        Start 256: PRNGRegression.FullIntegerRangeKeepsSequenceAndBounds
256/429 Test #256: PRNGRegression.FullIntegerRangeKeepsSequenceAndBounds .......................   Passed    0.00 sec
        Start 257: InterpolatorTest.BasicInterpolation
257/429 Test #257: InterpolatorTest.BasicInterpolation .........................................   Passed    0.00 sec
        Start 258: InterpolatorTest.BasicExtrapolation
258/429 Test #258: InterpolatorTest.BasicExtrapolation .........................................   Passed    0.00 sec
        Start 259: InterpolatorTest.ExtrapolationBoundsMaxDistance
259/429 Test #259: InterpolatorTest.ExtrapolationBoundsMaxDistance .............................   Passed    0.00 sec
        Start 260: InterpolatorTest.ExtrapolationBoundsMaxSpeed
260/429 Test #260: InterpolatorTest.ExtrapolationBoundsMaxSpeed ................................   Passed    0.00 sec
        Start 261: InterpolatorTest.ExtrapolationBoundsMaxTime
261/429 Test #261: InterpolatorTest.ExtrapolationBoundsMaxTime .................................   Passed    0.00 sec
        Start 262: InterpolatorTest.ExtrapolationNotNeeded
262/429 Test #262: InterpolatorTest.ExtrapolationNotNeeded .....................................   Passed    0.00 sec
        Start 263: InterpolatorTest.NeedsExtrapolation
263/429 Test #263: InterpolatorTest.NeedsExtrapolation .........................................   Passed    0.00 sec
        Start 264: InterpolatorTest.ExtrapolationZeroVelocity
264/429 Test #264: InterpolatorTest.ExtrapolationZeroVelocity ..................................   Passed    0.00 sec
        Start 265: InterpolatorTest.ExtrapolationMultipleEntities
265/429 Test #265: InterpolatorTest.ExtrapolationMultipleEntities ..............................   Passed    0.00 sec
        Start 266: InterpolatorTest.ExtrapolationSingleFrame
266/429 Test #266: InterpolatorTest.ExtrapolationSingleFrame ...................................   Passed    0.00 sec
        Start 267: InterpolatorTest.ExtrapolationTimestamp
267/429 Test #267: InterpolatorTest.ExtrapolationTimestamp .....................................   Passed    0.00 sec
        Start 268: StateDeltaCodecTest.BasicRoundtrip
268/429 Test #268: StateDeltaCodecTest.BasicRoundtrip ..........................................   Passed    0.00 sec
        Start 269: StateDeltaCodecTest.IdenticalFrames
269/429 Test #269: StateDeltaCodecTest.IdenticalFrames .........................................   Passed    0.00 sec
        Start 270: StateDeltaCodecTest.ManyChanges
270/429 Test #270: StateDeltaCodecTest.ManyChanges .............................................   Passed    0.00 sec
        Start 271: StateDeltaCodecTest.NoBaseline
271/429 Test #271: StateDeltaCodecTest.NoBaseline ..............................................   Passed    0.00 sec
        Start 272: StateDeltaCodecTest.DecodeWithNewCodec
272/429 Test #272: StateDeltaCodecTest.DecodeWithNewCodec ......................................   Passed    0.00 sec
        Start 273: StateDeltaCodecTest.MultipleFrames
273/429 Test #273: StateDeltaCodecTest.MultipleFrames ..........................................   Passed    0.00 sec
        Start 274: StateDeltaCodecTest.CompressionRatioSparse
274/429 Test #274: StateDeltaCodecTest.CompressionRatioSparse ..................................   Passed    0.00 sec
        Start 275: StateDeltaCodecTest.CompressionRatioDense
275/429 Test #275: StateDeltaCodecTest.CompressionRatioDense ...................................   Passed    0.00 sec
        Start 276: StateDeltaCodecTest.Reset
276/429 Test #276: StateDeltaCodecTest.Reset ...................................................   Passed    0.00 sec
        Start 277: StateDeltaCodecTest.RawBytesInterface
277/429 Test #277: StateDeltaCodecTest.RawBytesInterface .......................................   Passed    0.00 sec
        Start 278: StateDeltaCodecTest.EmptyState
278/429 Test #278: StateDeltaCodecTest.EmptyState ..............................................   Passed    0.00 sec
        Start 279: StateDeltaCodecTest.RLECompression
279/429 Test #279: StateDeltaCodecTest.RLECompression ..........................................   Passed    0.00 sec
        Start 280: StateDeltaCodecTest.RLEMixedPattern
280/429 Test #280: StateDeltaCodecTest.RLEMixedPattern .........................................   Passed    0.00 sec
        Start 281: StateDeltaCodecTest.SizeMismatch
281/429 Test #281: StateDeltaCodecTest.SizeMismatch ............................................   Passed    0.00 sec
        Start 282: PredictionAccuracyTrackerTest.BasicTracking
282/429 Test #282: PredictionAccuracyTrackerTest.BasicTracking .................................   Passed    0.00 sec
        Start 283: PredictionAccuracyTrackerTest.NoPrediction
283/429 Test #283: PredictionAccuracyTrackerTest.NoPrediction ..................................   Passed    0.00 sec
        Start 284: PredictionAccuracyTrackerTest.RecentAccuracy
284/429 Test #284: PredictionAccuracyTrackerTest.RecentAccuracy ................................   Passed    0.00 sec
        Start 285: PredictionAccuracyTrackerTest.AccuracyTrend
285/429 Test #285: PredictionAccuracyTrackerTest.AccuracyTrend .................................   Passed    0.00 sec
        Start 286: PredictionAccuracyTrackerTest.DegradingTrend
286/429 Test #286: PredictionAccuracyTrackerTest.DegradingTrend ................................   Passed    0.00 sec
        Start 287: PredictionAccuracyTrackerTest.PendingPredictions
287/429 Test #287: PredictionAccuracyTrackerTest.PendingPredictions ............................   Passed    0.00 sec
        Start 288: PredictionAccuracyTrackerTest.RecentMismatches
288/429 Test #288: PredictionAccuracyTrackerTest.RecentMismatches ..............................   Passed    0.00 sec
        Start 289: PredictionAccuracyTrackerTest.Cleanup
289/429 Test #289: PredictionAccuracyTrackerTest.Cleanup .......................................   Passed    0.00 sec
        Start 290: PredictionAccuracyTrackerTest.Reset
290/429 Test #290: PredictionAccuracyTrackerTest.Reset .........................................   Passed    0.00 sec
        Start 291: PredictionAccuracyTrackerTest.PerfectAccuracy
291/429 Test #291: PredictionAccuracyTrackerTest.PerfectAccuracy ...............................   Passed    0.00 sec
        Start 292: PredictionAccuracyTrackerTest.ZeroAccuracy
292/429 Test #292: PredictionAccuracyTrackerTest.ZeroAccuracy ..................................   Passed    0.00 sec
        Start 293: AdaptivePredictionCapTest.DefaultValues
293/429 Test #293: AdaptivePredictionCapTest.DefaultValues .....................................   Passed    0.00 sec
        Start 294: AdaptivePredictionCapTest.RTTScaling
294/429 Test #294: AdaptivePredictionCapTest.RTTScaling ........................................   Passed    0.00 sec
        Start 295: AdaptivePredictionCapTest.PacketLossAdjustment
295/429 Test #295: AdaptivePredictionCapTest.PacketLossAdjustment ..............................   Passed    0.00 sec
        Start 296: AdaptivePredictionCapTest.AccuracyAdjustment
296/429 Test #296: AdaptivePredictionCapTest.AccuracyAdjustment ................................   Passed    0.00 sec
        Start 297: AdaptivePredictionCapTest.FrameStabilityAdjustment
297/429 Test #297: AdaptivePredictionCapTest.FrameStabilityAdjustment ..........................   Passed    0.00 sec
        Start 298: AdaptivePredictionCapTest.Clamping
298/429 Test #298: AdaptivePredictionCapTest.Clamping ..........................................   Passed    0.00 sec
        Start 299: AdaptivePredictionCapTest.CapSummary
299/429 Test #299: AdaptivePredictionCapTest.CapSummary ........................................   Passed    0.00 sec
        Start 300: AdaptivePredictionCapTest.RecommendedBounds
300/429 Test #300: AdaptivePredictionCapTest.RecommendedBounds .................................   Passed    0.00 sec
        Start 301: AdaptivePredictionCapTest.Reset
301/429 Test #301: AdaptivePredictionCapTest.Reset .............................................   Passed    0.00 sec
        Start 302: AdaptivePredictionCapTest.CombinedConditions
302/429 Test #302: AdaptivePredictionCapTest.CombinedConditions ................................   Passed    0.00 sec
        Start 303: ReplaySystemTest.BasicRecording
303/429 Test #303: ReplaySystemTest.BasicRecording .............................................   Passed    0.00 sec
        Start 304: ReplaySystemTest.SerializationRoundtrip
304/429 Test #304: ReplaySystemTest.SerializationRoundtrip .....................................   Passed    0.00 sec
        Start 305: ReplaySystemTest.Playback
305/429 Test #305: ReplaySystemTest.Playback ...................................................   Passed    0.00 sec
        Start 306: ReplaySystemTest.Seeking
306/429 Test #306: ReplaySystemTest.Seeking ....................................................   Passed    0.00 sec
        Start 307: ReplaySystemTest.FrameAtIndex
307/429 Test #307: ReplaySystemTest.FrameAtIndex ...............................................   Passed    0.00 sec
        Start 308: ReplaySystemTest.PauseResume
308/429 Test #308: ReplaySystemTest.PauseResume ................................................   Passed    0.00 sec
        Start 309: ReplaySystemTest.Reset
309/429 Test #309: ReplaySystemTest.Reset ......................................................   Passed    0.00 sec
        Start 310: ReplaySystemTest.EmptyReplay
310/429 Test #310: ReplaySystemTest.EmptyReplay ................................................   Passed    0.00 sec
        Start 311: ReplaySystemTest.Metadata
311/429 Test #311: ReplaySystemTest.Metadata ...................................................   Passed    0.00 sec
        Start 312: AdaptiveJitterBufferTest.DefaultValues
312/429 Test #312: AdaptiveJitterBufferTest.DefaultValues ......................................   Passed    0.00 sec
        Start 313: AdaptiveJitterBufferTest.JitterScaling
313/429 Test #313: AdaptiveJitterBufferTest.JitterScaling ......................................   Passed    0.00 sec
        Start 314: AdaptiveJitterBufferTest.RTTAdjustment
314/429 Test #314: AdaptiveJitterBufferTest.RTTAdjustment ......................................   Passed    0.00 sec
        Start 315: AdaptiveJitterBufferTest.FrameArrival
315/429 Test #315: AdaptiveJitterBufferTest.FrameArrival .......................................   Passed    0.00 sec
        Start 316: AdaptiveJitterBufferTest.GapDetection
316/429 Test #316: AdaptiveJitterBufferTest.GapDetection .......................................   Passed    0.00 sec
        Start 317: AdaptiveJitterBufferTest.FrameDrop
317/429 Test #317: AdaptiveJitterBufferTest.FrameDrop ..........................................   Passed    0.00 sec
        Start 318: AdaptiveJitterBufferTest.BufferStatus
318/429 Test #318: AdaptiveJitterBufferTest.BufferStatus .......................................   Passed    0.00 sec
        Start 319: AdaptiveJitterBufferTest.Reset
319/429 Test #319: AdaptiveJitterBufferTest.Reset ..............................................   Passed    0.00 sec
        Start 320: AdaptiveJitterBufferTest.Smoothing
320/429 Test #320: AdaptiveJitterBufferTest.Smoothing ..........................................   Passed    0.00 sec
        Start 321: AdaptiveJitterBufferTest.Clamping
321/429 Test #321: AdaptiveJitterBufferTest.Clamping ...........................................   Passed    0.00 sec
        Start 322: InterpolationExtrapolationTest.InterpolationWorks
322/429 Test #322: InterpolationExtrapolationTest.InterpolationWorks ...........................   Passed    0.00 sec
        Start 323: InterpolationExtrapolationTest.ExtrapolationWorks
323/429 Test #323: InterpolationExtrapolationTest.ExtrapolationWorks ...........................   Passed    0.00 sec
        Start 324: InterpolationExtrapolationTest.MultipleEntities
324/429 Test #324: InterpolationExtrapolationTest.MultipleEntities .............................   Passed    0.00 sec
        Start 325: InterpolationExtrapolationTest.BoundsRespected
325/429 Test #325: InterpolationExtrapolationTest.BoundsRespected ..............................   Passed    0.00 sec
        Start 326: DeterministicPRNGIntegration.CrossPlatformConsistency
326/429 Test #326: DeterministicPRNGIntegration.CrossPlatformConsistency .......................   Passed    0.00 sec
        Start 327: DeterministicPRNGIntegration.DifferentSeedsDifferentOutput
327/429 Test #327: DeterministicPRNGIntegration.DifferentSeedsDifferentOutput ..................   Passed    0.00 sec
        Start 328: DeterministicPRNGIntegration.DeterministicFromSeed
328/429 Test #328: DeterministicPRNGIntegration.DeterministicFromSeed ..........................   Passed    0.00 sec
        Start 329: StateDeltaCodecIntegration.MultiFrameRoundtrip
329/429 Test #329: StateDeltaCodecIntegration.MultiFrameRoundtrip ..............................   Passed    0.00 sec
        Start 330: StateDeltaCodecIntegration.CompressionEfficiency
330/429 Test #330: StateDeltaCodecIntegration.CompressionEfficiency ............................   Passed    0.00 sec
        Start 331: PredictionAccuracyIntegration.AccuracyTracking
331/429 Test #331: PredictionAccuracyIntegration.AccuracyTracking ..............................   Passed    0.00 sec
        Start 332: PredictionAccuracyIntegration.TrendDetection
332/429 Test #332: PredictionAccuracyIntegration.TrendDetection ................................   Passed    0.00 sec
        Start 333: AdaptivePredictionCapIntegration.RTTBasedScaling
333/429 Test #333: AdaptivePredictionCapIntegration.RTTBasedScaling ............................   Passed    0.00 sec
        Start 334: AdaptivePredictionCapIntegration.PacketLossReducesPrediction
334/429 Test #334: AdaptivePredictionCapIntegration.PacketLossReducesPrediction ................   Passed    0.00 sec
        Start 335: AdaptivePredictionCapIntegration.AccuracyReducesPrediction
335/429 Test #335: AdaptivePredictionCapIntegration.AccuracyReducesPrediction ..................   Passed    0.00 sec
        Start 336: ReplaySystemIntegration.FullReplayCycle
336/429 Test #336: ReplaySystemIntegration.FullReplayCycle .....................................   Passed    0.00 sec
        Start 337: ReplaySystemIntegration.SeekWorks
337/429 Test #337: ReplaySystemIntegration.SeekWorks ...........................................   Passed    0.00 sec
        Start 338: AdaptiveJitterBufferIntegration.JitterIncreasesBuffer
338/429 Test #338: AdaptiveJitterBufferIntegration.JitterIncreasesBuffer .......................   Passed    0.00 sec
        Start 339: AdaptiveJitterBufferIntegration.RTTIncreasesBuffer
339/429 Test #339: AdaptiveJitterBufferIntegration.RTTIncreasesBuffer ..........................   Passed    0.00 sec
        Start 340: AdaptiveJitterBufferIntegration.FrameDropDecision
340/429 Test #340: AdaptiveJitterBufferIntegration.FrameDropDecision ...........................   Passed    0.00 sec
        Start 341: CombinedIntegration.FullPipeline
341/429 Test #341: CombinedIntegration.FullPipeline ............................................   Passed    0.00 sec
        Start 342: LatencyCompensatorTest.BasicRTT
342/429 Test #342: LatencyCompensatorTest.BasicRTT .............................................   Passed    0.00 sec
        Start 343: LatencyCompensatorTest.MultipleSamples
343/429 Test #343: LatencyCompensatorTest.MultipleSamples ......................................   Passed    0.00 sec
        Start 344: LatencyCompensatorTest.JitterCalculation
344/429 Test #344: LatencyCompensatorTest.JitterCalculation ....................................   Passed    0.00 sec
        Start 345: LatencyCompensatorTest.AdjustedOffset
345/429 Test #345: LatencyCompensatorTest.AdjustedOffset .......................................   Passed    0.00 sec
        Start 346: LatencyCompensatorTest.MinMaxRTT
346/429 Test #346: LatencyCompensatorTest.MinMaxRTT ............................................   Passed    0.00 sec
        Start 347: LatencyCompensatorTest.ActiveStatus
347/429 Test #347: LatencyCompensatorTest.ActiveStatus .........................................   Passed    0.00 sec
        Start 348: LatencyCompensatorTest.Reset
348/429 Test #348: LatencyCompensatorTest.Reset ................................................   Passed    0.00 sec
        Start 349: LatencyCompensatorTest.CompensationStatus
349/429 Test #349: LatencyCompensatorTest.CompensationStatus ...................................   Passed    0.00 sec
        Start 350: LatencyCompensatorTest.ServerTimestamp
350/429 Test #350: LatencyCompensatorTest.ServerTimestamp ......................................   Passed    0.00 sec
        Start 351: LatencyCompensatorTest.NegativeRTT
351/429 Test #351: LatencyCompensatorTest.NegativeRTT ..........................................   Passed    0.00 sec
        Start 352: LatencyCompensatorTest.WeightedAverage
352/429 Test #352: LatencyCompensatorTest.WeightedAverage ......................................   Passed    0.00 sec
        Start 353: StateSnapshotCodecTest.BasicRoundtrip
353/429 Test #353: StateSnapshotCodecTest.BasicRoundtrip .......................................   Passed    0.00 sec
        Start 354: StateSnapshotCodecTest.ForcedFullSnapshot
354/429 Test #354: StateSnapshotCodecTest.ForcedFullSnapshot ...................................   Passed    0.00 sec
        Start 355: StateSnapshotCodecTest.DeltaCompression
355/429 Test #355: StateSnapshotCodecTest.DeltaCompression .....................................   Passed    0.00 sec
        Start 356: StateSnapshotCodecTest.MultiFrame
356/429 Test #356: StateSnapshotCodecTest.MultiFrame ...........................................   Passed    0.00 sec
        Start 357: StateSnapshotCodecTest.CompressionEfficiency
357/429 Test #357: StateSnapshotCodecTest.CompressionEfficiency ................................   Passed    0.00 sec
        Start 358: StateSnapshotCodecTest.Reset
358/429 Test #358: StateSnapshotCodecTest.Reset ................................................   Passed    0.00 sec
        Start 359: StateSnapshotCodecTest.EmptyState
359/429 Test #359: StateSnapshotCodecTest.EmptyState ...........................................   Passed    0.00 sec
        Start 360: StateSnapshotCodecTest.RawBytesInterface
360/429 Test #360: StateSnapshotCodecTest.RawBytesInterface ....................................   Passed    0.00 sec
        Start 361: StateSnapshotCodecTest.UnknownMarker
361/429 Test #361: StateSnapshotCodecTest.UnknownMarker ........................................   Passed    0.00 sec
        Start 362: StateSnapshotCodecTest.SizeMismatch
362/429 Test #362: StateSnapshotCodecTest.SizeMismatch .........................................   Passed    0.00 sec
        Start 363: SpectatorTest.Construction
363/429 Test #363: SpectatorTest.Construction ..................................................   Passed    0.00 sec
        Start 364: SpectatorTest.ReceivesFrames
364/429 Test #364: SpectatorTest.ReceivesFrames ................................................   Passed    0.21 sec
        Start 365: SpectatorTest.NoInputSent
365/429 Test #365: SpectatorTest.NoInputSent ...................................................   Passed    0.41 sec
        Start 366: SpectatorTest.MultipleSpectators
366/429 Test #366: SpectatorTest.MultipleSpectators ............................................   Passed    0.00 sec
        Start 367: SpectatorTest.FrameCallback
367/429 Test #367: SpectatorTest.FrameCallback .................................................   Passed    0.21 sec
        Start 368: SpectatorTest.StateHashCounted
368/429 Test #368: SpectatorTest.StateHashCounted ..............................................   Passed    0.21 sec
        Start 369: ReplayIntegrationTest.RecordSerializeLoadRoundtrip
369/429 Test #369: ReplayIntegrationTest.RecordSerializeLoadRoundtrip ..........................   Passed    0.00 sec
        Start 370: ReplayIntegrationTest.PlaybackControls
370/429 Test #370: ReplayIntegrationTest.PlaybackControls ......................................   Passed    0.00 sec
        Start 371: ReplayIntegrationTest.FileSaveLoad
371/429 Test #371: ReplayIntegrationTest.FileSaveLoad ..........................................   Passed    0.00 sec
        Start 372: ReplayIntegrationTest.EmptyReplay
372/429 Test #372: ReplayIntegrationTest.EmptyReplay ...........................................   Passed    0.00 sec
        Start 373: NetworkDiagnosticsTest.InitialState
373/429 Test #373: NetworkDiagnosticsTest.InitialState .........................................   Passed    0.00 sec
        Start 374: NetworkDiagnosticsTest.ExcellentQuality
374/429 Test #374: NetworkDiagnosticsTest.ExcellentQuality .....................................   Passed    0.00 sec
        Start 375: NetworkDiagnosticsTest.GoodQuality
375/429 Test #375: NetworkDiagnosticsTest.GoodQuality ..........................................   Passed    0.00 sec
        Start 376: NetworkDiagnosticsTest.FairQuality
376/429 Test #376: NetworkDiagnosticsTest.FairQuality ..........................................   Passed    0.00 sec
        Start 377: NetworkDiagnosticsTest.PoorQuality
377/429 Test #377: NetworkDiagnosticsTest.PoorQuality ..........................................   Passed    0.00 sec
        Start 378: NetworkDiagnosticsTest.CriticalQuality
378/429 Test #378: NetworkDiagnosticsTest.CriticalQuality ......................................   Passed    0.00 sec
        Start 379: NetworkDiagnosticsTest.CriticalByPacketLoss
379/429 Test #379: NetworkDiagnosticsTest.CriticalByPacketLoss .................................   Passed    0.00 sec
        Start 380: NetworkDiagnosticsTest.SmoothedRTT
380/429 Test #380: NetworkDiagnosticsTest.SmoothedRTT ..........................................   Passed    0.00 sec
        Start 381: NetworkDiagnosticsTest.FormatOverlay
381/429 Test #381: NetworkDiagnosticsTest.FormatOverlay ........................................   Passed    0.00 sec
        Start 382: NetworkDiagnosticsTest.QualityString
382/429 Test #382: NetworkDiagnosticsTest.QualityString ........................................   Passed    0.00 sec
        Start 383: NetworkDiagnosticsTest.PacketLossEstimate
383/429 Test #383: NetworkDiagnosticsTest.PacketLossEstimate ...................................   Passed    0.00 sec
        Start 384: LobbyProtocolTest.PackUnpackUint32
384/429 Test #384: LobbyProtocolTest.PackUnpackUint32 ..........................................   Passed    0.00 sec
        Start 385: LobbyProtocolTest.PackUnpackUint16
385/429 Test #385: LobbyProtocolTest.PackUnpackUint16 ..........................................   Passed    0.00 sec
        Start 386: LobbyProtocolTest.PackUnpackString
386/429 Test #386: LobbyProtocolTest.PackUnpackString ..........................................   Passed    0.00 sec
        Start 387: LobbyProtocolTest.PackUnpackEmptyString
387/429 Test #387: LobbyProtocolTest.PackUnpackEmptyString .....................................   Passed    0.00 sec
        Start 388: LobbyProtocolTest.PackUnpackRoomMetadata
388/429 Test #388: LobbyProtocolTest.PackUnpackRoomMetadata ....................................   Passed    0.00 sec
        Start 389: LobbyProtocolTest.PackUnpackRoomConfig
389/429 Test #389: LobbyProtocolTest.PackUnpackRoomConfig ......................................   Passed    0.00 sec
        Start 390: LobbyProtocolTest.PackRoomMetadata_BufferTooSmall
390/429 Test #390: LobbyProtocolTest.PackRoomMetadata_BufferTooSmall ...........................   Passed    0.00 sec
        Start 391: LobbyProtocolTest.UnpackRoomMetadata_BufferTooSmall
391/429 Test #391: LobbyProtocolTest.UnpackRoomMetadata_BufferTooSmall .........................   Passed    0.00 sec
        Start 392: LobbyProtocolTest.PackString_BufferTooSmall
392/429 Test #392: LobbyProtocolTest.PackString_BufferTooSmall .................................   Passed    0.00 sec
        Start 393: LobbyProtocolTest.RoomStatusValues
393/429 Test #393: LobbyProtocolTest.RoomStatusValues ..........................................   Passed    0.00 sec
        Start 394: LobbyProtocolTest.LobbyMessageTypeValues
394/429 Test #394: LobbyProtocolTest.LobbyMessageTypeValues ....................................   Passed    0.00 sec
        Start 395: RoomManagerTest.CreateRoom
395/429 Test #395: RoomManagerTest.CreateRoom ..................................................   Passed    0.00 sec
        Start 396: RoomManagerTest.JoinRoom
396/429 Test #396: RoomManagerTest.JoinRoom ....................................................   Passed    0.00 sec
        Start 397: RoomManagerTest.JoinRoom_Full
397/429 Test #397: RoomManagerTest.JoinRoom_Full ...............................................   Passed    0.00 sec
        Start 398: RoomManagerTest.JoinRoom_AlreadyIn
398/429 Test #398: RoomManagerTest.JoinRoom_AlreadyIn ..........................................   Passed    0.00 sec
        Start 399: RoomManagerTest.JoinRoom_NotFound
399/429 Test #399: RoomManagerTest.JoinRoom_NotFound ...........................................   Passed    0.00 sec
        Start 400: RoomManagerTest.LeaveRoom
400/429 Test #400: RoomManagerTest.LeaveRoom ...................................................   Passed    0.00 sec
        Start 401: RoomManagerTest.LeaveRoom_HostLeaves
401/429 Test #401: RoomManagerTest.LeaveRoom_HostLeaves ........................................   Passed    0.00 sec
        Start 402: RoomManagerTest.LeaveRoom_LastPlayerLeaves
402/429 Test #402: RoomManagerTest.LeaveRoom_LastPlayerLeaves ..................................   Passed    0.00 sec
        Start 403: RoomManagerTest.SetReady
403/429 Test #403: RoomManagerTest.SetReady ....................................................   Passed    0.00 sec
        Start 404: RoomManagerTest.StartGame_AllReady
404/429 Test #404: RoomManagerTest.StartGame_AllReady ..........................................   Passed    0.00 sec
        Start 405: RoomManagerTest.StartGame_NotHost
405/429 Test #405: RoomManagerTest.StartGame_NotHost ...........................................   Passed    0.00 sec
        Start 406: RoomManagerTest.StartGame_NotAllReady
406/429 Test #406: RoomManagerTest.StartGame_NotAllReady .......................................   Passed    0.00 sec
        Start 407: RoomManagerTest.StartGame_NeedTwoPlayers
407/429 Test #407: RoomManagerTest.StartGame_NeedTwoPlayers ....................................   Passed    0.00 sec
        Start 408: RoomManagerTest.ListRooms
408/429 Test #408: RoomManagerTest.ListRooms ...................................................   Passed    0.00 sec
        Start 409: RoomManagerTest.FindRoomByPlayer
409/429 Test #409: RoomManagerTest.FindRoomByPlayer ............................................   Passed    0.00 sec
        Start 410: RoomManagerTest.JoinStartedRoom
410/429 Test #410: RoomManagerTest.JoinStartedRoom .............................................   Passed    0.00 sec
        Start 411: RoomManagerTest.Cleanup
411/429 Test #411: RoomManagerTest.Cleanup .....................................................   Passed    0.00 sec
        Start 412: RoomManagerRegression.ValidatesCapacityAndStartAddress
412/429 Test #412: RoomManagerRegression.ValidatesCapacityAndStartAddress ......................   Passed    0.00 sec
        Start 413: LobbyE2ETest.CreateJoinChatAndStartProductionRoom
413/429 Test #413: LobbyE2ETest.CreateJoinChatAndStartProductionRoom ...........................   Passed    0.06 sec
        Start 414: LobbyE2ETest.RejectsDuplicateNamesAndForeignChat
414/429 Test #414: LobbyE2ETest.RejectsDuplicateNamesAndForeignChat ............................   Passed    0.01 sec
        Start 415: LobbyE2ETest.FragmentedChatAndEofAtClient
415/429 Test #415: LobbyE2ETest.FragmentedChatAndEofAtClient ...................................   Passed    0.02 sec
        Start 416: MilestoneEcs.MutationHistoryDoesNotChangeIterationOrder
416/429 Test #416: MilestoneEcs.MutationHistoryDoesNotChangeIterationOrder .....................   Passed    0.00 sec
        Start 417: MilestoneEcs.QueriesStayOrderedAfterDestruction
417/429 Test #417: MilestoneEcs.QueriesStayOrderedAfterDestruction .............................   Passed    0.00 sec
        Start 418: MilestoneEcs.SystemOrderIsStableAndDependenciesExecuteFirst
418/429 Test #418: MilestoneEcs.SystemOrderIsStableAndDependenciesExecuteFirst .................   Passed    0.00 sec
        Start 419: MilestoneEcs.MissingDependencyDoesNotRunPartialPipeline
419/429 Test #419: MilestoneEcs.MissingDependencyDoesNotRunPartialPipeline .....................   Passed    0.00 sec
        Start 420: MilestoneCodec.EveryByteIncludingRleMarkerRoundtrips
420/429 Test #420: MilestoneCodec.EveryByteIncludingRleMarkerRoundtrips ........................   Passed    0.00 sec
        Start 421: MilestoneCodec.RejectsMalformedRunsAndTrailingBytes
421/429 Test #421: MilestoneCodec.RejectsMalformedRunsAndTrailingBytes .........................   Passed    0.00 sec
        Start 422: MilestoneCodec.ResizedSnapshotsAndStatsRoundtrip
422/429 Test #422: MilestoneCodec.ResizedSnapshotsAndStatsRoundtrip ............................   Passed    0.00 sec
        Start 423: MilestoneCodec.RejectedSnapshotDoesNotChangeBaseline
423/429 Test #423: MilestoneCodec.RejectedSnapshotDoesNotChangeBaseline ........................   Passed    0.00 sec
        Start 424: FrameSimulationTest.WholeFramePreservesIndependentInputsAndFrameZero
424/429 Test #424: FrameSimulationTest.WholeFramePreservesIndependentInputsAndFrameZero ........   Passed    0.00 sec
        Start 425: FrameSimulationTest.AuthorityUnblocksPredictionAtCap
425/429 Test #425: FrameSimulationTest.AuthorityUnblocksPredictionAtCap ........................   Passed    0.00 sec
        Start 426: FrameSimulationTest.SuccessiveCorrectionsRefreshLaterSnapshots
426/429 Test #426: FrameSimulationTest.SuccessiveCorrectionsRefreshLaterSnapshots ..............   Passed    0.00 sec
        Start 427: FrameSimulationTest.OutOfOrderDuplicatesAndThousandFrameRun
427/429 Test #427: FrameSimulationTest.OutOfOrderDuplicatesAndThousandFrameRun .................   Passed    0.00 sec
        Start 428: FrameSimulationTest.HashMatchesPythonSha256LittleEndianPrefix
428/429 Test #428: FrameSimulationTest.HashMatchesPythonSha256LittleEndianPrefix ...............   Passed    0.00 sec
        Start 429: FrameSimulationTest.MissingAuthorityStopsEvenWithExpandedPredictionWindow
429/429 Test #429: FrameSimulationTest.MissingAuthorityStopsEvenWithExpandedPredictionWindow ...   Passed    0.00 sec

100% tests passed out of 429

Total Test time (real) =   2.90 sec
Running: /tmp/football-optimization-python/bin/python -m pip install -r .project/checks/requirements.txt
Requirement already satisfied: absl-py==2.5.0 in /tmp/football-optimization-python/lib/python3.14/site-packages (from -r .project/checks/requirements.txt (line 2)) (2.5.0)
Requirement already satisfied: iniconfig==2.3.0 in /tmp/football-optimization-python/lib/python3.14/site-packages (from -r .project/checks/requirements.txt (line 3)) (2.3.0)
Requirement already satisfied: packaging==26.3 in /tmp/football-optimization-python/lib/python3.14/site-packages (from -r .project/checks/requirements.txt (line 4)) (26.3)
Requirement already satisfied: pluggy==1.6.0 in /tmp/football-optimization-python/lib/python3.14/site-packages (from -r .project/checks/requirements.txt (line 5)) (1.6.0)
Requirement already satisfied: Pygments==2.21.0 in /tmp/football-optimization-python/lib/python3.14/site-packages (from -r .project/checks/requirements.txt (line 6)) (2.21.0)
Requirement already satisfied: pytest==9.1.1 in /tmp/football-optimization-python/lib/python3.14/site-packages (from -r .project/checks/requirements.txt (line 7)) (9.1.1)
Running: /tmp/football-optimization-python/bin/python -m pytest gfootball/frame_sync -q --ignore=gfootball/frame_sync/legacy_network_test.py --junitxml=/root/work_space/football/.project/optimization/evidence/framework-pytest.xml
........................................................................ [ 43%]
........................................................................ [ 87%]
.....................                                                    [100%]
165 passed in 0.15s
Running: /tmp/football-optimization-python/bin/python engine/tests/run_headless_regression.py /tmp/football-optimization-native/bin/headless_match --frames 1000
{"passed": true, "assertions": 597, "skipped": 0, "cpp_tests": 429, "python_tests": 165, "debug_compilation_units": 129, "native_determinism": [{"seed": 42, "frames": 1000, "slots": [2, 2], "independent_processes": 2, "snapshot_replay": true, "hash": "606593fad9c78ea9"}, {"seed": 43, "frames": 1000, "slots": [2, 2], "independent_processes": 2, "snapshot_replay": true, "hash": "a8c11d6b25d70198"}], "network_integration": "separate required milestone ms-23.1"}
