Running: cmake -S engine -B /tmp/football-optimization-native -DCMAKE_BUILD_TYPE=Release -DFOOTBALL_ENABLE_SANITIZERS=OFF -DBUILD_PYTHON_BINDINGS=OFF -DFOOTBALL_RUNTIME_OUTPUT_DIRECTORY=/tmp/football-optimization-native/bin
CMake Warning (policy) at CMakeLists.txt:173 (FIND_PACKAGE):
  Policy CMP0167 is not set: The FindBoost module is removed.  Run "cmake
  --help-policy CMP0167" for policy details.  Use the cmake_policy command to
  set the policy and suppress this warning.
This warning is for project developers.  Use -Wno-author or -Wno-policy to
suppress it.

-- Configuring done (0.5s)
-- Generating done (0.1s)
-- Build files have been written to: /tmp/football-optimization-native
Running: /usr/sbin/c++ --version
Running: cmake --build /tmp/football-optimization-native -j 1 --target engine_match_benchmark
[  3%] Built target datalib
[ 13%] Built target scenelib
[ 19%] Built target utilslib
[ 27%] Built target gui2lib
[ 37%] Built target baselib
[ 47%] Built target systemsgraphicslib
[ 47%] Built target loaderslib
[ 50%] Built target typeslib
[ 52%] Built target blunted2
[ 78%] Built target gamelib
[ 88%] Built target menulib
[100%] Built target football_engine
[100%] Building CXX object CMakeFiles/engine_match_benchmark.dir/tests/engine_match_benchmark.cpp.o
[100%] Linking CXX executable bin/engine_match_benchmark
[100%] Built target engine_match_benchmark
Running: readelf -d /tmp/football-optimization-native/libfootball_engine.so
{"seed": 42, "repetition": 0, "startup_ms": 152.511224, "steady_p50_ms": 2.119344, "steady_p95_ms": 3.023354, "steady_p99_ms": 3.882878, "hash": "f08c62c2c4b68eef"}
{"seed": 43, "repetition": 0, "startup_ms": 141.401536, "steady_p50_ms": 2.187594, "steady_p95_ms": 3.888127, "steady_p99_ms": 4.722662, "hash": "47365935b8841021"}
{"seed": 43, "repetition": 1, "startup_ms": 143.809479, "steady_p50_ms": 2.203505, "steady_p95_ms": 3.650323, "steady_p99_ms": 4.630909, "hash": "47365935b8841021"}
{"seed": 42, "repetition": 1, "startup_ms": 146.815663, "steady_p50_ms": 2.209583, "steady_p95_ms": 3.332594, "steady_p99_ms": 4.130512, "hash": "f08c62c2c4b68eef"}
{"seed": 42, "repetition": 2, "startup_ms": 134.30035, "steady_p50_ms": 2.155502, "steady_p95_ms": 3.231483, "steady_p99_ms": 4.458687, "hash": "f08c62c2c4b68eef"}
{"seed": 43, "repetition": 2, "startup_ms": 135.603656, "steady_p50_ms": 2.187701, "steady_p95_ms": 3.721597, "steady_p99_ms": 4.639429, "hash": "47365935b8841021"}
{"seed": 43, "repetition": 3, "startup_ms": 149.627965, "steady_p50_ms": 2.170298, "steady_p95_ms": 3.707858, "steady_p99_ms": 4.888097, "hash": "47365935b8841021"}
{"seed": 42, "repetition": 3, "startup_ms": 146.545113, "steady_p50_ms": 2.105072, "steady_p95_ms": 3.081074, "steady_p99_ms": 3.920278, "hash": "f08c62c2c4b68eef"}
{"seed": 42, "repetition": 4, "startup_ms": 144.746938, "steady_p50_ms": 2.078501, "steady_p95_ms": 3.316073, "steady_p99_ms": 4.487354, "hash": "f08c62c2c4b68eef"}
{"seed": 43, "repetition": 4, "startup_ms": 139.256314, "steady_p50_ms": 2.680788, "steady_p95_ms": 4.154779, "steady_p99_ms": 5.206124, "hash": "47365935b8841021"}
{"passed": true, "assertions": 563, "skipped": 0, "artifact": ".project/optimization/benchmarks/match-1790925658969686459.json", "artifact_sha256": "c7e47954523569fcaf411a9ce43fb551bcf782a19ad2eaadc33e577f1709932c", "source_identity": "099d7afdd2ea74b540d0dcbeccd9e5c81fb261a6df8b9c7607b3d3bf791d1d51", "runs": 10, "summary": [{"seed": 42, "processes": 5, "samples": 10000, "startup_p50_ms": 146.545113, "steady": {"count": 10000, "sum_ns": 22417517771, "max_ns": 10923169, "p50_ns": 2130751, "p95_ns": 3192972, "p99_ns": 4152396}, "per_process_p99_ns": [3882878, 4130512, 4458687, 3920278, 4487354], "active_frames": 9895, "stopped_frames": 105, "rss_max_observed_bytes": 88973312, "rss_max_growth_bytes": 40960, "final_hash": "f08c62c2c4b68eef", "input_hash": "b7f3bcf2014e649e"}, {"seed": 43, "processes": 5, "samples": 10000, "startup_p50_ms": 141.401536, "steady": {"count": 10000, "sum_ns": 24709699606, "max_ns": 16573850, "p50_ns": 2276841, "p95_ns": 3803547, "p99_ns": 4848950}, "per_process_p99_ns": [4722662, 4630909, 4639429, 4888097, 5206124], "active_frames": 9790, "stopped_frames": 210, "rss_max_observed_bytes": 89067520, "rss_max_growth_bytes": 40960, "final_hash": "47365935b8841021", "input_hash": "b7f3bcf2014e649e"}]}
