Running: cmake -S engine -B /tmp/football-optimization-native -DCMAKE_BUILD_TYPE=Release -DFOOTBALL_ENABLE_SANITIZERS=OFF -DBUILD_PYTHON_BINDINGS=OFF -DFOOTBALL_RUNTIME_OUTPUT_DIRECTORY=/tmp/football-optimization-native/bin
CMake Warning (policy) at CMakeLists.txt:173 (FIND_PACKAGE):
  Policy CMP0167 is not set: The FindBoost module is removed.  Run "cmake
  --help-policy CMP0167" for policy details.  Use the cmake_policy command to
  set the policy and suppress this warning.
This warning is for project developers.  Use -Wno-author or -Wno-policy to
suppress it.

-- Configuring done (0.4s)
-- Generating done (0.0s)
-- Build files have been written to: /tmp/football-optimization-native
Running: /usr/sbin/c++ --version
Running: cmake --build /tmp/football-optimization-native -j 1 --target engine_match_benchmark
[  2%] Built target datalib
[ 10%] Built target gui2lib
[ 20%] Built target baselib
[ 29%] Built target systemsgraphicslib
[ 31%] Built target loaderslib
[ 35%] Built target typeslib
[ 45%] Built target scenelib
[ 50%] Built target utilslib
[ 53%] Built target blunted2
[ 77%] Built target gamelib
[ 87%] Built target menulib
[ 98%] Built target football_engine
[ 98%] Linking CXX executable bin/engine_match_benchmark
[100%] Built target engine_match_benchmark
Running: readelf -d /tmp/football-optimization-native/libfootball_engine.so
{"seed": 42, "repetition": 0, "startup_ms": 172.061276, "steady_p50_ms": 2.680738, "steady_p95_ms": 3.593966, "steady_p99_ms": 4.66642, "hash": "177cf7205a3272f3"}
{"seed": 43, "repetition": 0, "startup_ms": 172.957011, "steady_p50_ms": 2.915382, "steady_p95_ms": 3.842498, "steady_p99_ms": 5.072583, "hash": "39ceb7b90729ca35"}
{"seed": 43, "repetition": 1, "startup_ms": 178.547932, "steady_p50_ms": 2.973507, "steady_p95_ms": 3.937627, "steady_p99_ms": 4.919606, "hash": "39ceb7b90729ca35"}
{"seed": 42, "repetition": 1, "startup_ms": 168.403186, "steady_p50_ms": 2.600476, "steady_p95_ms": 3.545176, "steady_p99_ms": 4.622776, "hash": "177cf7205a3272f3"}
{"seed": 42, "repetition": 2, "startup_ms": 168.470231, "steady_p50_ms": 2.689607, "steady_p95_ms": 3.814019, "steady_p99_ms": 4.585539, "hash": "177cf7205a3272f3"}
{"seed": 43, "repetition": 2, "startup_ms": 164.732398, "steady_p50_ms": 2.961858, "steady_p95_ms": 4.102616, "steady_p99_ms": 5.055279, "hash": "39ceb7b90729ca35"}
{"seed": 43, "repetition": 3, "startup_ms": 161.623503, "steady_p50_ms": 2.982016, "steady_p95_ms": 3.954454, "steady_p99_ms": 5.168235, "hash": "39ceb7b90729ca35"}
{"seed": 42, "repetition": 3, "startup_ms": 164.099735, "steady_p50_ms": 2.703154, "steady_p95_ms": 3.800127, "steady_p99_ms": 4.767052, "hash": "177cf7205a3272f3"}
{"seed": 42, "repetition": 4, "startup_ms": 169.53868, "steady_p50_ms": 2.67024, "steady_p95_ms": 3.611881, "steady_p99_ms": 4.722959, "hash": "177cf7205a3272f3"}
{"seed": 43, "repetition": 4, "startup_ms": 165.211115, "steady_p50_ms": 3.04023, "steady_p95_ms": 3.971313, "steady_p99_ms": 5.261576, "hash": "39ceb7b90729ca35"}
{"passed": true, "assertions": 563, "skipped": 0, "artifact": ".project/optimization/benchmarks/match-1789027417176672195.json", "artifact_sha256": "ba86e5b9b7bbd89a1ae199594d58326c54d4ff609c80777272203fe2152d4620", "source_identity": "f07013dd4bbd0a178d439e477b8f500586c9f142d2c8527615a7d248f1b11225", "runs": 10, "summary": [{"seed": 42, "processes": 5, "samples": 10000, "startup_p50_ms": 168.470231, "steady": {"count": 10000, "sum_ns": 27812022553, "max_ns": 7355435, "p50_ns": 2669528, "p95_ns": 3683725, "p99_ns": 4691726}, "per_process_p99_ns": [4666420, 4622776, 4585539, 4767052, 4722959], "active_frames": 10000, "stopped_frames": 0, "rss_max_observed_bytes": 88707072, "rss_max_growth_bytes": 40960, "final_hash": "177cf7205a3272f3", "input_hash": "b7f3bcf2014e649e"}, {"seed": 43, "processes": 5, "samples": 10000, "startup_p50_ms": 165.211115, "steady": {"count": 10000, "sum_ns": 30727309706, "max_ns": 10977781, "p50_ns": 2974902, "p95_ns": 3959763, "p99_ns": 5119735}, "per_process_p99_ns": [5072583, 4919606, 5055279, 5168235, 5261576], "active_frames": 9970, "stopped_frames": 30, "rss_max_observed_bytes": 88641536, "rss_max_growth_bytes": 40960, "final_hash": "39ceb7b90729ca35", "input_hash": "b7f3bcf2014e649e"}]}
