Running: cmake -S engine -B /tmp/football-optimization-native -DCMAKE_BUILD_TYPE=Release -DFOOTBALL_ENABLE_SANITIZERS=OFF -DBUILD_PYTHON_BINDINGS=OFF -DFOOTBALL_RUNTIME_OUTPUT_DIRECTORY=/tmp/football-optimization-native/bin
CMake Warning (policy) at CMakeLists.txt:173 (FIND_PACKAGE):
  Policy CMP0167 is not set: The FindBoost module is removed.  Run "cmake
  --help-policy CMP0167" for policy details.  Use the cmake_policy command to
  set the policy and suppress this warning.
This warning is for project developers.  Use -Wno-author or -Wno-policy to
suppress it.

-- Configuring done (0.4s)
-- Generating done (0.1s)
-- Build files have been written to: /tmp/football-optimization-native
Running: /usr/sbin/c++ --version
Running: cmake --build /tmp/football-optimization-native -j 1 --target engine_match_benchmark
[  3%] Built target datalib
[ 12%] Built target scenelib
[ 18%] Built target utilslib
[ 25%] Built target gui2lib
[ 37%] Built target baselib
[ 46%] Built target systemsgraphicslib
[ 48%] Built target loaderslib
[ 51%] Built target typeslib
[ 51%] Built target blunted2
[ 77%] Built target gamelib
[ 87%] Built target menulib
[ 98%] Built target football_engine
[ 98%] Building CXX object CMakeFiles/engine_match_benchmark.dir/tests/engine_match_benchmark.cpp.o
[100%] Linking CXX executable bin/engine_match_benchmark
[100%] Built target engine_match_benchmark
Running: readelf -d /tmp/football-optimization-native/libfootball_engine.so
{"seed": 42, "repetition": 0, "startup_ms": 212.55957, "steady_p50_ms": 2.591114, "steady_p95_ms": 4.164478, "steady_p99_ms": 5.672982, "hash": "177cf7205a3272f3"}
{"seed": 43, "repetition": 0, "startup_ms": 137.406085, "steady_p50_ms": 2.890368, "steady_p95_ms": 4.396189, "steady_p99_ms": 5.5647, "hash": "39ceb7b90729ca35"}
{"seed": 43, "repetition": 1, "startup_ms": 143.229153, "steady_p50_ms": 2.890933, "steady_p95_ms": 4.675275, "steady_p99_ms": 5.772264, "hash": "39ceb7b90729ca35"}
{"seed": 42, "repetition": 1, "startup_ms": 157.005901, "steady_p50_ms": 2.56461, "steady_p95_ms": 4.059167, "steady_p99_ms": 5.022429, "hash": "177cf7205a3272f3"}
{"seed": 42, "repetition": 2, "startup_ms": 141.364047, "steady_p50_ms": 2.573942, "steady_p95_ms": 3.746684, "steady_p99_ms": 4.802001, "hash": "177cf7205a3272f3"}
{"seed": 43, "repetition": 2, "startup_ms": 147.204296, "steady_p50_ms": 2.85369, "steady_p95_ms": 4.140106, "steady_p99_ms": 5.179342, "hash": "39ceb7b90729ca35"}
{"seed": 43, "repetition": 3, "startup_ms": 140.084421, "steady_p50_ms": 2.7939, "steady_p95_ms": 4.078052, "steady_p99_ms": 5.310211, "hash": "39ceb7b90729ca35"}
{"seed": 42, "repetition": 3, "startup_ms": 135.416471, "steady_p50_ms": 2.572846, "steady_p95_ms": 3.981498, "steady_p99_ms": 5.086577, "hash": "177cf7205a3272f3"}
{"seed": 42, "repetition": 4, "startup_ms": 164.115545, "steady_p50_ms": 2.578916, "steady_p95_ms": 3.82814, "steady_p99_ms": 4.800826, "hash": "177cf7205a3272f3"}
{"seed": 43, "repetition": 4, "startup_ms": 135.402058, "steady_p50_ms": 2.958649, "steady_p95_ms": 4.571612, "steady_p99_ms": 5.616175, "hash": "39ceb7b90729ca35"}
{"passed": true, "assertions": 563, "skipped": 0, "artifact": ".project/optimization/benchmarks/match-1790585334093049240.json", "artifact_sha256": "80407ce17d43a814277cb20c81954691e7d8cffbd1af50077494147048ce791d", "source_identity": "acf3e4781228a09803ab5362155983bfbbf94a0ee809b8166e98dec477c44dc6", "runs": 10, "summary": [{"seed": 42, "processes": 5, "samples": 10000, "startup_p50_ms": 157.005901, "steady": {"count": 10000, "sum_ns": 27595861203, "max_ns": 79221846, "p50_ns": 2576095, "p95_ns": 3987449, "p99_ns": 5078502}, "per_process_p99_ns": [5672982, 5022429, 4802001, 5086577, 4800826], "active_frames": 10000, "stopped_frames": 0, "rss_max_observed_bytes": 88961024, "rss_max_growth_bytes": 40960, "final_hash": "177cf7205a3272f3", "input_hash": "b7f3bcf2014e649e"}, {"seed": 43, "processes": 5, "samples": 10000, "startup_p50_ms": 140.084421, "steady": {"count": 10000, "sum_ns": 30521152136, "max_ns": 13867790, "p50_ns": 2874398, "p95_ns": 4403505, "p99_ns": 5531571}, "per_process_p99_ns": [5564700, 5772264, 5179342, 5310211, 5616175], "active_frames": 9970, "stopped_frames": 30, "rss_max_observed_bytes": 89034752, "rss_max_growth_bytes": 40960, "final_hash": "39ceb7b90729ca35", "input_hash": "b7f3bcf2014e649e"}]}
