Running: cmake -S engine -B /tmp/football-optimization-native -DCMAKE_BUILD_TYPE=Release -DFOOTBALL_ENABLE_SANITIZERS=OFF -DBUILD_PYTHON_BINDINGS=OFF -DFOOTBALL_RUNTIME_OUTPUT_DIRECTORY=/tmp/football-optimization-native/bin
CMake Warning (policy) at CMakeLists.txt:173 (FIND_PACKAGE):
  Policy CMP0167 is not set: The FindBoost module is removed.  Run "cmake
  --help-policy CMP0167" for policy details.  Use the cmake_policy command to
  set the policy and suppress this warning.
This warning is for project developers.  Use -Wno-author or -Wno-policy to
suppress it.

-- Configuring done (0.4s)
-- Generating done (0.1s)
-- Build files have been written to: /tmp/football-optimization-native
Running: /usr/sbin/c++ --version
Running: cmake --build /tmp/football-optimization-native -j 1 --target engine_match_benchmark
[  3%] Built target datalib
[ 13%] Built target scenelib
[ 18%] Built target utilslib
[ 26%] Built target gui2lib
[ 35%] Built target baselib
[ 45%] Built target systemsgraphicslib
[ 47%] Built target loaderslib
[ 50%] Built target typeslib
[ 52%] Built target blunted2
[ 77%] Built target gamelib
[ 84%] Built target menulib
[ 98%] Built target football_engine
[100%] Built target engine_match_benchmark
Running: readelf -d /tmp/football-optimization-native/libfootball_engine.so
{"seed": 42, "repetition": 0, "startup_ms": 148.678926, "steady_p50_ms": 3.10271, "steady_p95_ms": 5.759327, "steady_p99_ms": 6.816493, "hash": "ca77305b26a8fa6e"}
{"seed": 43, "repetition": 0, "startup_ms": 139.69695, "steady_p50_ms": 3.138791, "steady_p95_ms": 5.437267, "steady_p99_ms": 7.282383, "hash": "08ff18ffe247468b"}
{"seed": 43, "repetition": 1, "startup_ms": 136.366426, "steady_p50_ms": 3.649323, "steady_p95_ms": 6.327866, "steady_p99_ms": 8.004449, "hash": "08ff18ffe247468b"}
{"seed": 42, "repetition": 1, "startup_ms": 135.907352, "steady_p50_ms": 3.242846, "steady_p95_ms": 5.911127, "steady_p99_ms": 7.245603, "hash": "ca77305b26a8fa6e"}
{"seed": 42, "repetition": 2, "startup_ms": 138.50758, "steady_p50_ms": 2.886089, "steady_p95_ms": 5.274036, "steady_p99_ms": 6.516143, "hash": "ca77305b26a8fa6e"}
{"seed": 43, "repetition": 2, "startup_ms": 161.066106, "steady_p50_ms": 3.194967, "steady_p95_ms": 5.826657, "steady_p99_ms": 7.090791, "hash": "08ff18ffe247468b"}
{"seed": 43, "repetition": 3, "startup_ms": 145.722521, "steady_p50_ms": 3.078967, "steady_p95_ms": 5.573776, "steady_p99_ms": 6.778104, "hash": "08ff18ffe247468b"}
{"seed": 42, "repetition": 3, "startup_ms": 144.52893, "steady_p50_ms": 2.87264, "steady_p95_ms": 5.276164, "steady_p99_ms": 6.803354, "hash": "ca77305b26a8fa6e"}
{"seed": 42, "repetition": 4, "startup_ms": 142.839117, "steady_p50_ms": 2.819929, "steady_p95_ms": 5.216782, "steady_p99_ms": 6.888523, "hash": "ca77305b26a8fa6e"}
{"seed": 43, "repetition": 4, "startup_ms": 146.239159, "steady_p50_ms": 3.206616, "steady_p95_ms": 6.040355, "steady_p99_ms": 7.15844, "hash": "08ff18ffe247468b"}
{"passed": true, "assertions": 563, "skipped": 0, "artifact": ".project/optimization/benchmarks/match-1791054792991726279.json", "artifact_sha256": "100a2f5efd5cff4033feb7023f275b0c9c040b4ac6fa974e65fd1423e3046157", "source_identity": "d86abb40c5a6f510ae6edc713decaad86c4907c87f7774ecea4affe38c649d68", "runs": 10, "summary": [{"seed": 42, "processes": 5, "samples": 10000, "startup_p50_ms": 142.839117, "steady": {"count": 10000, "sum_ns": 29260158863, "max_ns": 15209632, "p50_ns": 2962204, "p95_ns": 5559632, "p99_ns": 6887850}, "per_process_p99_ns": [6816493, 7245603, 6516143, 6803354, 6888523], "active_frames": 8395, "stopped_frames": 1605, "rss_max_observed_bytes": 89006080, "rss_max_growth_bytes": 45056, "final_hash": "ca77305b26a8fa6e", "input_hash": "b7f3bcf2014e649e"}, {"seed": 43, "processes": 5, "samples": 10000, "startup_p50_ms": 145.722521, "steady": {"count": 10000, "sum_ns": 33315760072, "max_ns": 13303676, "p50_ns": 3233671, "p95_ns": 5883023, "p99_ns": 7285896}, "per_process_p99_ns": [7282383, 8004449, 7090791, 6778104, 7158440], "active_frames": 8845, "stopped_frames": 1155, "rss_max_observed_bytes": 89047040, "rss_max_growth_bytes": 45056, "final_hash": "08ff18ffe247468b", "input_hash": "b7f3bcf2014e649e"}]}
