Running: cmake -S engine -B /tmp/football-optimization-native -DCMAKE_BUILD_TYPE=Release -DFOOTBALL_ENABLE_SANITIZERS=OFF -DBUILD_PYTHON_BINDINGS=OFF -DFOOTBALL_RUNTIME_OUTPUT_DIRECTORY=/tmp/football-optimization-native/bin
CMake Warning (policy) at CMakeLists.txt:173 (FIND_PACKAGE):
  Policy CMP0167 is not set: The FindBoost module is removed.  Run "cmake
  --help-policy CMP0167" for policy details.  Use the cmake_policy command to
  set the policy and suppress this warning.
This warning is for project developers.  Use -Wno-author or -Wno-policy to
suppress it.

-- Configuring done (0.8s)
-- Generating done (0.0s)
-- Build files have been written to: /tmp/football-optimization-native
Running: /usr/sbin/c++ --version
Running: cmake --build /tmp/football-optimization-native -j 1 --target engine_match_benchmark
[  2%] Built target datalib
[ 10%] Built target gui2lib
[ 20%] Built target baselib
[ 29%] Built target systemsgraphicslib
[ 31%] Built target loaderslib
[ 35%] Built target typeslib
[ 45%] Built target scenelib
[ 50%] Built target utilslib
[ 53%] Built target blunted2
[ 77%] Built target gamelib
[ 87%] Built target menulib
[ 98%] Built target football_engine
[100%] Built target engine_match_benchmark
Running: readelf -d /tmp/football-optimization-native/libfootball_engine.so
{"seed": 42, "repetition": 0, "startup_ms": 181.686929, "steady_p50_ms": 2.920741, "steady_p95_ms": 4.202561, "steady_p99_ms": 5.98829, "hash": "177cf7205a3272f3"}
{"seed": 43, "repetition": 0, "startup_ms": 184.63805, "steady_p50_ms": 3.112128, "steady_p95_ms": 4.019709, "steady_p99_ms": 4.866924, "hash": "39ceb7b90729ca35"}
{"seed": 43, "repetition": 1, "startup_ms": 185.879357, "steady_p50_ms": 3.100806, "steady_p95_ms": 4.038478, "steady_p99_ms": 4.989796, "hash": "39ceb7b90729ca35"}
{"seed": 42, "repetition": 1, "startup_ms": 182.802123, "steady_p50_ms": 2.870484, "steady_p95_ms": 4.02785, "steady_p99_ms": 4.995818, "hash": "177cf7205a3272f3"}
{"seed": 42, "repetition": 2, "startup_ms": 183.16901, "steady_p50_ms": 2.898191, "steady_p95_ms": 3.917566, "steady_p99_ms": 4.715188, "hash": "177cf7205a3272f3"}
{"seed": 43, "repetition": 2, "startup_ms": 177.858277, "steady_p50_ms": 3.216908, "steady_p95_ms": 4.269357, "steady_p99_ms": 5.170444, "hash": "39ceb7b90729ca35"}
{"seed": 43, "repetition": 3, "startup_ms": 180.564995, "steady_p50_ms": 3.135032, "steady_p95_ms": 4.143256, "steady_p99_ms": 4.993653, "hash": "39ceb7b90729ca35"}
{"seed": 42, "repetition": 3, "startup_ms": 187.119213, "steady_p50_ms": 2.795731, "steady_p95_ms": 3.825476, "steady_p99_ms": 4.666378, "hash": "177cf7205a3272f3"}
{"seed": 42, "repetition": 4, "startup_ms": 180.751235, "steady_p50_ms": 2.966164, "steady_p95_ms": 4.188505, "steady_p99_ms": 4.904496, "hash": "177cf7205a3272f3"}
{"seed": 43, "repetition": 4, "startup_ms": 232.357379, "steady_p50_ms": 3.491499, "steady_p95_ms": 4.573943, "steady_p99_ms": 5.542795, "hash": "39ceb7b90729ca35"}
{"passed": true, "assertions": 563, "skipped": 0, "artifact": ".project/optimization/benchmarks/match-1789241928329841989.json", "artifact_sha256": "302e51992ecc1ec19b02790f46f3adc49370b2224014e61898444686bae3ceca", "source_identity": "a2ce3725989bb09e7b885eb88c5dbfebb123a98bff37b2939065f940e84809b7", "runs": 10, "summary": [{"seed": 42, "processes": 5, "samples": 10000, "startup_p50_ms": 182.802123, "steady": {"count": 10000, "sum_ns": 30590468617, "max_ns": 15465486, "p50_ns": 2874701, "p95_ns": 4057580, "p99_ns": 5039122}, "per_process_p99_ns": [5988290, 4995818, 4715188, 4666378, 4904496], "active_frames": 10000, "stopped_frames": 0, "rss_max_observed_bytes": 88166400, "rss_max_growth_bytes": 40960, "final_hash": "177cf7205a3272f3", "input_hash": "b7f3bcf2014e649e"}, {"seed": 43, "processes": 5, "samples": 10000, "startup_p50_ms": 184.63805, "steady": {"count": 10000, "sum_ns": 33228973252, "max_ns": 10947558, "p50_ns": 3194450, "p95_ns": 4276093, "p99_ns": 5185491}, "per_process_p99_ns": [4866924, 4989796, 5170444, 4993653, 5542795], "active_frames": 9970, "stopped_frames": 30, "rss_max_observed_bytes": 88121344, "rss_max_growth_bytes": 40960, "final_hash": "39ceb7b90729ca35", "input_hash": "b7f3bcf2014e649e"}]}
