Running: cmake -S engine -B /tmp/football-optimization-native -DCMAKE_BUILD_TYPE=Release -DFOOTBALL_ENABLE_SANITIZERS=OFF -DBUILD_PYTHON_BINDINGS=OFF -DFOOTBALL_RUNTIME_OUTPUT_DIRECTORY=/tmp/football-optimization-native/bin
CMake Warning (policy) at CMakeLists.txt:173 (FIND_PACKAGE):
  Policy CMP0167 is not set: The FindBoost module is removed.  Run "cmake
  --help-policy CMP0167" for policy details.  Use the cmake_policy command to
  set the policy and suppress this warning.
This warning is for project developers.  Use -Wno-author or -Wno-policy to
suppress it.

-- Configuring done (0.5s)
-- Generating done (0.1s)
-- Build files have been written to: /tmp/football-optimization-native
Running: /usr/sbin/c++ --version
Running: cmake --build /tmp/football-optimization-native -j 1 --target engine_match_benchmark
[  3%] Built target datalib
[ 12%] Built target scenelib
[ 18%] Built target utilslib
[ 25%] Built target gui2lib
[ 37%] Built target baselib
[ 46%] Built target systemsgraphicslib
[ 48%] Built target loaderslib
[ 51%] Built target typeslib
[ 51%] Built target blunted2
[ 77%] Built target gamelib
[ 87%] Built target menulib
[ 98%] Built target football_engine
[100%] Built target engine_match_benchmark
Running: readelf -d /tmp/football-optimization-native/libfootball_engine.so
{"seed": 42, "repetition": 0, "startup_ms": 144.13648, "steady_p50_ms": 2.334045, "steady_p95_ms": 3.118017, "steady_p99_ms": 4.16388, "hash": "3bdff380db8cde35"}
{"seed": 43, "repetition": 0, "startup_ms": 139.128617, "steady_p50_ms": 2.246361, "steady_p95_ms": 4.168322, "steady_p99_ms": 5.044359, "hash": "a53e3d76c22f4bcc"}
{"seed": 43, "repetition": 1, "startup_ms": 151.215024, "steady_p50_ms": 2.286117, "steady_p95_ms": 4.420557, "steady_p99_ms": 5.509687, "hash": "a53e3d76c22f4bcc"}
{"seed": 42, "repetition": 1, "startup_ms": 160.413709, "steady_p50_ms": 2.431028, "steady_p95_ms": 3.50664, "steady_p99_ms": 4.17443, "hash": "3bdff380db8cde35"}
{"seed": 42, "repetition": 2, "startup_ms": 171.872129, "steady_p50_ms": 2.3198, "steady_p95_ms": 3.506653, "steady_p99_ms": 4.335989, "hash": "3bdff380db8cde35"}
{"seed": 43, "repetition": 2, "startup_ms": 147.705665, "steady_p50_ms": 2.252569, "steady_p95_ms": 4.235964, "steady_p99_ms": 5.184842, "hash": "a53e3d76c22f4bcc"}
{"seed": 43, "repetition": 3, "startup_ms": 144.080496, "steady_p50_ms": 2.318169, "steady_p95_ms": 4.437566, "steady_p99_ms": 5.65, "hash": "a53e3d76c22f4bcc"}
{"seed": 42, "repetition": 3, "startup_ms": 156.690903, "steady_p50_ms": 2.463292, "steady_p95_ms": 3.811822, "steady_p99_ms": 4.797302, "hash": "3bdff380db8cde35"}
{"seed": 42, "repetition": 4, "startup_ms": 162.311723, "steady_p50_ms": 3.745322, "steady_p95_ms": 5.813891, "steady_p99_ms": 7.999493, "hash": "3bdff380db8cde35"}
{"seed": 43, "repetition": 4, "startup_ms": 219.604224, "steady_p50_ms": 4.155194, "steady_p95_ms": 6.958329, "steady_p99_ms": 8.576195, "hash": "a53e3d76c22f4bcc"}
{"passed": true, "assertions": 563, "skipped": 0, "artifact": ".project/optimization/benchmarks/match-1790836876734394351.json", "artifact_sha256": "659619784b8b748d9c6619eb8085815ed5cf9d1b1c1773ade0e66ed86063d583", "source_identity": "595baaf0ea7412a149e9f78c4d8f31bd2e15324eb49fd37e7ac0d2911b8f2b2a", "runs": 10, "summary": [{"seed": 42, "processes": 5, "samples": 10000, "startup_p50_ms": 160.413709, "steady": {"count": 10000, "sum_ns": 28245422893, "max_ns": 14172005, "p50_ns": 2466520, "p95_ns": 4555407, "p99_ns": 6028133}, "per_process_p99_ns": [4163880, 4174430, 4335989, 4797302, 7999493], "active_frames": 10000, "stopped_frames": 0, "rss_max_observed_bytes": 89112576, "rss_max_growth_bytes": 40960, "final_hash": "3bdff380db8cde35", "input_hash": "b7f3bcf2014e649e"}, {"seed": 43, "processes": 5, "samples": 10000, "startup_p50_ms": 147.705665, "steady": {"count": 10000, "sum_ns": 29196273703, "max_ns": 37105007, "p50_ns": 2480706, "p95_ns": 5245861, "p99_ns": 7144008}, "per_process_p99_ns": [5044359, 5509687, 5184842, 5650000, 8576195], "active_frames": 9685, "stopped_frames": 315, "rss_max_observed_bytes": 89006080, "rss_max_growth_bytes": 40960, "final_hash": "a53e3d76c22f4bcc", "input_hash": "b7f3bcf2014e649e"}]}
