Running: cmake -S engine -B /tmp/football-optimization-native -DCMAKE_BUILD_TYPE=Release -DFOOTBALL_ENABLE_SANITIZERS=OFF -DBUILD_PYTHON_BINDINGS=OFF -DFOOTBALL_RUNTIME_OUTPUT_DIRECTORY=/tmp/football-optimization-native/bin
CMake Warning (policy) at CMakeLists.txt:173 (FIND_PACKAGE):
  Policy CMP0167 is not set: The FindBoost module is removed.  Run "cmake
  --help-policy CMP0167" for policy details.  Use the cmake_policy command to
  set the policy and suppress this warning.
This warning is for project developers.  Use -Wno-author or -Wno-policy to
suppress it.

-- Configuring done (0.5s)
-- Generating done (0.1s)
-- Build files have been written to: /tmp/football-optimization-native
Running: /usr/sbin/c++ --version
Running: cmake --build /tmp/football-optimization-native -j 1 --target engine_match_benchmark
[  3%] Built target datalib
[ 12%] Built target scenelib
[ 18%] Built target utilslib
[ 25%] Built target gui2lib
[ 37%] Built target baselib
[ 46%] Built target systemsgraphicslib
[ 48%] Built target loaderslib
[ 51%] Built target typeslib
[ 51%] Built target blunted2
[ 77%] Built target gamelib
[ 87%] Built target menulib
[ 98%] Built target football_engine
[100%] Built target engine_match_benchmark
Running: readelf -d /tmp/football-optimization-native/libfootball_engine.so
{"seed": 42, "repetition": 0, "startup_ms": 138.097176, "steady_p50_ms": 2.568387, "steady_p95_ms": 3.776123, "steady_p99_ms": 4.903943, "hash": "177cf7205a3272f3"}
{"seed": 43, "repetition": 0, "startup_ms": 140.467808, "steady_p50_ms": 3.014956, "steady_p95_ms": 4.648618, "steady_p99_ms": 5.79876, "hash": "39ceb7b90729ca35"}
{"seed": 43, "repetition": 1, "startup_ms": 146.198396, "steady_p50_ms": 2.987114, "steady_p95_ms": 4.491254, "steady_p99_ms": 5.569927, "hash": "39ceb7b90729ca35"}
{"seed": 42, "repetition": 1, "startup_ms": 142.560651, "steady_p50_ms": 2.578156, "steady_p95_ms": 3.750301, "steady_p99_ms": 4.85202, "hash": "177cf7205a3272f3"}
{"seed": 42, "repetition": 2, "startup_ms": 150.842213, "steady_p50_ms": 2.515734, "steady_p95_ms": 3.613725, "steady_p99_ms": 4.467724, "hash": "177cf7205a3272f3"}
{"seed": 43, "repetition": 2, "startup_ms": 145.618316, "steady_p50_ms": 2.829406, "steady_p95_ms": 4.287502, "steady_p99_ms": 5.189469, "hash": "39ceb7b90729ca35"}
{"seed": 43, "repetition": 3, "startup_ms": 137.72028, "steady_p50_ms": 2.84767, "steady_p95_ms": 4.044549, "steady_p99_ms": 5.0696, "hash": "39ceb7b90729ca35"}
{"seed": 42, "repetition": 3, "startup_ms": 144.534122, "steady_p50_ms": 2.557397, "steady_p95_ms": 3.830378, "steady_p99_ms": 4.935567, "hash": "177cf7205a3272f3"}
{"seed": 42, "repetition": 4, "startup_ms": 144.193182, "steady_p50_ms": 2.554154, "steady_p95_ms": 3.716888, "steady_p99_ms": 4.726247, "hash": "177cf7205a3272f3"}
{"seed": 43, "repetition": 4, "startup_ms": 142.830202, "steady_p50_ms": 2.915732, "steady_p95_ms": 4.118144, "steady_p99_ms": 5.124061, "hash": "39ceb7b90729ca35"}
{"passed": true, "assertions": 563, "skipped": 0, "artifact": ".project/optimization/benchmarks/match-1790592313208690283.json", "artifact_sha256": "7c64ca6025a829e9bcbaf312eddb6e13e5d31b7306001541a04b4bb910e7c4f6", "source_identity": "6700e17259e1c1bd2569f12ff4ef7c239a6eddce2b1dd946daa913f8453ed0ac", "runs": 10, "summary": [{"seed": 42, "processes": 5, "samples": 10000, "startup_p50_ms": 144.193182, "steady": {"count": 10000, "sum_ns": 26974126364, "max_ns": 9565309, "p50_ns": 2551633, "p95_ns": 3747812, "p99_ns": 4810146}, "per_process_p99_ns": [4903943, 4852020, 4467724, 4935567, 4726247], "active_frames": 10000, "stopped_frames": 0, "rss_max_observed_bytes": 89120768, "rss_max_growth_bytes": 40960, "final_hash": "177cf7205a3272f3", "input_hash": "b7f3bcf2014e649e"}, {"seed": 43, "processes": 5, "samples": 10000, "startup_p50_ms": 142.830202, "steady": {"count": 10000, "sum_ns": 30744744793, "max_ns": 9379946, "p50_ns": 2910049, "p95_ns": 4334127, "p99_ns": 5395738}, "per_process_p99_ns": [5798760, 5569927, 5189469, 5069600, 5124061], "active_frames": 9970, "stopped_frames": 30, "rss_max_observed_bytes": 89079808, "rss_max_growth_bytes": 40960, "final_hash": "39ceb7b90729ca35", "input_hash": "b7f3bcf2014e649e"}]}
