Running: cmake -S engine -B /tmp/football-optimization-native -DCMAKE_BUILD_TYPE=Release -DFOOTBALL_ENABLE_SANITIZERS=OFF -DBUILD_PYTHON_BINDINGS=OFF -DFOOTBALL_RUNTIME_OUTPUT_DIRECTORY=/tmp/football-optimization-native/bin
CMake Warning (policy) at CMakeLists.txt:188 (FIND_PACKAGE):
  Policy CMP0167 is not set: The FindBoost module is removed.  Run "cmake
  --help-policy CMP0167" for policy details.  Use the cmake_policy command to
  set the policy and suppress this warning.
This warning is for project developers.  Use -Wno-author or -Wno-policy to
suppress it.

-- Configuring done (0.6s)
-- Generating done (0.1s)
-- Build files have been written to: /tmp/football-optimization-native
Running: /usr/sbin/c++ --version
Running: cmake --build /tmp/football-optimization-native -j 1 --target engine_match_benchmark
[ 25%] Built target gamelib
[ 32%] Built target menulib
[ 36%] Built target datalib
[ 44%] Built target gui2lib
[ 53%] Built target baselib
[ 63%] Built target systemsgraphicslib
[ 65%] Built target loaderslib
[ 69%] Built target typeslib
[ 78%] Built target scenelib
[ 84%] Built target utilslib
[ 86%] Built target blunted2
[ 98%] Built target football_engine
[100%] Built target engine_match_benchmark
Running: readelf -d /tmp/football-optimization-native/libfootball_engine.so
{"seed": 42, "repetition": 0, "startup_ms": 169.08123, "steady_p50_ms": 2.760693, "steady_p95_ms": 4.748737, "steady_p99_ms": 6.337763, "hash": "0629d4c5adfb830c"}
{"seed": 43, "repetition": 0, "startup_ms": 151.12159, "steady_p50_ms": 2.811157, "steady_p95_ms": 5.284381, "steady_p99_ms": 6.207254, "hash": "913bb9eb2193252c"}
{"seed": 43, "repetition": 1, "startup_ms": 144.193922, "steady_p50_ms": 2.648896, "steady_p95_ms": 5.268475, "steady_p99_ms": 6.698623, "hash": "913bb9eb2193252c"}
{"seed": 42, "repetition": 1, "startup_ms": 137.555289, "steady_p50_ms": 2.700037, "steady_p95_ms": 4.720799, "steady_p99_ms": 5.63278, "hash": "0629d4c5adfb830c"}
{"seed": 42, "repetition": 2, "startup_ms": 139.336623, "steady_p50_ms": 2.739358, "steady_p95_ms": 4.905198, "steady_p99_ms": 6.099882, "hash": "0629d4c5adfb830c"}
{"seed": 43, "repetition": 2, "startup_ms": 131.521627, "steady_p50_ms": 2.664067, "steady_p95_ms": 5.116528, "steady_p99_ms": 7.140173, "hash": "913bb9eb2193252c"}
{"seed": 43, "repetition": 3, "startup_ms": 142.39087, "steady_p50_ms": 2.570449, "steady_p95_ms": 5.101458, "steady_p99_ms": 6.470897, "hash": "913bb9eb2193252c"}
{"seed": 42, "repetition": 3, "startup_ms": 144.459246, "steady_p50_ms": 2.604122, "steady_p95_ms": 4.729569, "steady_p99_ms": 6.109598, "hash": "0629d4c5adfb830c"}
{"seed": 42, "repetition": 4, "startup_ms": 128.846991, "steady_p50_ms": 2.599152, "steady_p95_ms": 4.900854, "steady_p99_ms": 6.054685, "hash": "0629d4c5adfb830c"}
{"seed": 43, "repetition": 4, "startup_ms": 136.86171, "steady_p50_ms": 2.650531, "steady_p95_ms": 5.196988, "steady_p99_ms": 6.768704, "hash": "913bb9eb2193252c"}
{"passed": true, "assertions": 563, "skipped": 0, "artifact": ".project/optimization/benchmarks/match-1791351447283349893.json", "artifact_sha256": "4c44b7702c4d80594d9f004d1e771a0f64a7c0b0a6c43bc544ecdc78f2e8483c", "source_identity": "3ca5a1ccfb4f40c06757826477a355e2b0bee95639990492ec6016eef5486dd1", "runs": 10, "summary": [{"seed": 42, "processes": 5, "samples": 10000, "startup_p50_ms": 139.336623, "steady": {"count": 10000, "sum_ns": 26808855098, "max_ns": 12591573, "p50_ns": 2675636, "p95_ns": 4808963, "p99_ns": 6105285}, "per_process_p99_ns": [6337763, 5632780, 6099882, 6109598, 6054685], "active_frames": 9025, "stopped_frames": 975, "rss_max_observed_bytes": 88539136, "rss_max_growth_bytes": 49152, "final_hash": "0629d4c5adfb830c", "input_hash": "b7f3bcf2014e649e"}, {"seed": 43, "processes": 5, "samples": 10000, "startup_p50_ms": 142.39087, "steady": {"count": 10000, "sum_ns": 28369274184, "max_ns": 15937655, "p50_ns": 2660752, "p95_ns": 5208374, "p99_ns": 6629612}, "per_process_p99_ns": [6207254, 6698623, 7140173, 6470897, 6768704], "active_frames": 9160, "stopped_frames": 840, "rss_max_observed_bytes": 88616960, "rss_max_growth_bytes": 45056, "final_hash": "913bb9eb2193252c", "input_hash": "b7f3bcf2014e649e"}]}
