Running: cmake -S engine -B /tmp/football-optimization-native -DCMAKE_BUILD_TYPE=Release -DFOOTBALL_ENABLE_SANITIZERS=OFF -DBUILD_PYTHON_BINDINGS=OFF -DFOOTBALL_RUNTIME_OUTPUT_DIRECTORY=/tmp/football-optimization-native/bin
CMake Warning (policy) at CMakeLists.txt:173 (FIND_PACKAGE):
  Policy CMP0167 is not set: The FindBoost module is removed.  Run "cmake
  --help-policy CMP0167" for policy details.  Use the cmake_policy command to
  set the policy and suppress this warning.
This warning is for project developers.  Use -Wno-author or -Wno-policy to
suppress it.

-- Configuring done (0.6s)
-- Generating done (0.1s)
-- Build files have been written to: /tmp/football-optimization-native
Running: /usr/sbin/c++ --version
Running: cmake --build /tmp/football-optimization-native -j 1 --target engine_match_benchmark
[  3%] Built target datalib
[ 12%] Built target scenelib
[ 18%] Built target utilslib
[ 25%] Built target gui2lib
[ 37%] Built target baselib
[ 46%] Built target systemsgraphicslib
[ 48%] Built target loaderslib
[ 51%] Built target typeslib
[ 51%] Built target blunted2
[ 77%] Built target gamelib
[ 87%] Built target menulib
[ 98%] Built target football_engine
[100%] Built target engine_match_benchmark
Running: readelf -d /tmp/football-optimization-native/libfootball_engine.so
{"seed": 42, "repetition": 0, "startup_ms": 151.802863, "steady_p50_ms": 2.404441, "steady_p95_ms": 3.121903, "steady_p99_ms": 3.661255, "hash": "177cf7205a3272f3"}
{"seed": 43, "repetition": 0, "startup_ms": 155.327401, "steady_p50_ms": 2.882595, "steady_p95_ms": 3.863701, "steady_p99_ms": 4.627668, "hash": "67e83de1b8183383"}
{"seed": 43, "repetition": 1, "startup_ms": 153.526903, "steady_p50_ms": 2.816622, "steady_p95_ms": 3.677545, "steady_p99_ms": 4.197472, "hash": "67e83de1b8183383"}
{"seed": 42, "repetition": 1, "startup_ms": 162.056961, "steady_p50_ms": 2.45077, "steady_p95_ms": 3.161571, "steady_p99_ms": 3.630069, "hash": "177cf7205a3272f3"}
{"seed": 42, "repetition": 2, "startup_ms": 150.403987, "steady_p50_ms": 2.43694, "steady_p95_ms": 3.451518, "steady_p99_ms": 4.138101, "hash": "177cf7205a3272f3"}
{"seed": 43, "repetition": 2, "startup_ms": 158.266153, "steady_p50_ms": 2.751941, "steady_p95_ms": 3.560009, "steady_p99_ms": 4.099215, "hash": "67e83de1b8183383"}
{"seed": 43, "repetition": 3, "startup_ms": 158.796891, "steady_p50_ms": 2.865019, "steady_p95_ms": 3.746898, "steady_p99_ms": 4.405522, "hash": "67e83de1b8183383"}
{"seed": 42, "repetition": 3, "startup_ms": 153.768778, "steady_p50_ms": 2.450794, "steady_p95_ms": 3.103786, "steady_p99_ms": 3.574069, "hash": "177cf7205a3272f3"}
{"seed": 42, "repetition": 4, "startup_ms": 156.992411, "steady_p50_ms": 2.428334, "steady_p95_ms": 3.111698, "steady_p99_ms": 3.618308, "hash": "177cf7205a3272f3"}
{"seed": 43, "repetition": 4, "startup_ms": 157.483453, "steady_p50_ms": 2.806716, "steady_p95_ms": 3.654477, "steady_p99_ms": 4.184805, "hash": "67e83de1b8183383"}
{"passed": true, "assertions": 563, "skipped": 0, "artifact": ".project/optimization/benchmarks/match-1790813140016112769.json", "artifact_sha256": "bc251dc8dff6b6475adf211a6bad8e4515be539bbd82aef10da288ef7d6dd6f4", "source_identity": "10c0510c59662f4e959b68effa234ed3e1ccd8af46198f4c83e8af7421247b24", "runs": 10, "summary": [{"seed": 42, "processes": 5, "samples": 10000, "startup_p50_ms": 153.768778, "steady": {"count": 10000, "sum_ns": 25296932649, "max_ns": 6499082, "p50_ns": 2434620, "p95_ns": 3170716, "p99_ns": 3789754}, "per_process_p99_ns": [3661255, 3630069, 4138101, 3574069, 3618308], "active_frames": 10000, "stopped_frames": 0, "rss_max_observed_bytes": 88920064, "rss_max_growth_bytes": 40960, "final_hash": "177cf7205a3272f3", "input_hash": "b7f3bcf2014e649e"}, {"seed": 43, "processes": 5, "samples": 10000, "startup_p50_ms": 157.483453, "steady": {"count": 10000, "sum_ns": 29002987694, "max_ns": 7654098, "p50_ns": 2822582, "p95_ns": 3709152, "p99_ns": 4345578}, "per_process_p99_ns": [4627668, 4197472, 4099215, 4405522, 4184805], "active_frames": 9895, "stopped_frames": 105, "rss_max_observed_bytes": 89116672, "rss_max_growth_bytes": 40960, "final_hash": "67e83de1b8183383", "input_hash": "b7f3bcf2014e649e"}]}
