Running: /usr/sbin/python3 -m venv /tmp/football-framework-python-fba597b1aa5c844a
Running: /tmp/football-framework-python-fba597b1aa5c844a/bin/python -m pip install --disable-pip-version-check -r /root/work_space/football/.project/checks/requirements.txt
Collecting absl-py==2.5.0 (from -r /root/work_space/football/.project/checks/requirements.txt (line 2))
  Using cached absl_py-2.5.0-py3-none-any.whl.metadata (3.3 kB)
Collecting iniconfig==2.3.0 (from -r /root/work_space/football/.project/checks/requirements.txt (line 3))
  Using cached iniconfig-2.3.0-py3-none-any.whl.metadata (2.5 kB)
Collecting packaging==26.3 (from -r /root/work_space/football/.project/checks/requirements.txt (line 4))
  Using cached packaging-26.3-py3-none-any.whl.metadata (3.5 kB)
Collecting pluggy==1.6.0 (from -r /root/work_space/football/.project/checks/requirements.txt (line 5))
  Using cached pluggy-1.6.0-py3-none-any.whl.metadata (4.8 kB)
Collecting Pygments==2.21.0 (from -r /root/work_space/football/.project/checks/requirements.txt (line 6))
  Using cached pygments-2.21.0-py3-none-any.whl.metadata (2.5 kB)
Collecting pytest==9.1.1 (from -r /root/work_space/football/.project/checks/requirements.txt (line 7))
  Using cached pytest-9.1.1-py3-none-any.whl.metadata (7.6 kB)
Collecting pybind11==3.1.0 (from -r /root/work_space/football/.project/checks/requirements.txt (line 10))
  Using cached pybind11-3.1.0-py3-none-any.whl.metadata (10 kB)
Collecting pygame-ce<3,>=2.5.8 (from -r /root/work_space/football/.project/checks/requirements.txt (line 13))
  Using cached pygame_ce-2.5.8-cp314-cp314-manylinux2014_x86_64.manylinux_2_17_x86_64.whl.metadata (11 kB)
Collecting opencv-python<6,>=4.8 (from -r /root/work_space/football/.project/checks/requirements.txt (line 14))
  Using cached opencv_python-5.0.0.93-cp37-abi3-manylinux_2_28_x86_64.whl.metadata (19 kB)
Collecting psutil>=5.9 (from -r /root/work_space/football/.project/checks/requirements.txt (line 15))
  Using cached psutil-7.2.2-cp36-abi3-manylinux2010_x86_64.manylinux_2_12_x86_64.manylinux_2_28_x86_64.whl.metadata (22 kB)
Collecting numpy<3,>=1.24 (from -r /root/work_space/football/.project/checks/requirements.txt (line 16))
  Using cached numpy-2.5.3-cp314-cp314-manylinux_2_27_x86_64.manylinux_2_28_x86_64.whl.metadata (6.6 kB)
Collecting gymnasium<2,>=1.3 (from -r /root/work_space/football/.project/checks/requirements.txt (line 17))
  Using cached gymnasium-1.3.0-py3-none-any.whl.metadata (10 kB)
Collecting six>=1.16 (from -r /root/work_space/football/.project/checks/requirements.txt (line 18))
  Using cached six-1.17.0-py2.py3-none-any.whl.metadata (1.7 kB)
Collecting cloudpickle>=1.2.0 (from gymnasium<2,>=1.3->-r /root/work_space/football/.project/checks/requirements.txt (line 17))
  Using cached cloudpickle-3.1.2-py3-none-any.whl.metadata (7.1 kB)
Collecting typing-extensions>=4.3.0 (from gymnasium<2,>=1.3->-r /root/work_space/football/.project/checks/requirements.txt (line 17))
  Using cached typing_extensions-4.16.0-py3-none-any.whl.metadata (3.3 kB)
Collecting farama-notifications>=0.0.1 (from gymnasium<2,>=1.3->-r /root/work_space/football/.project/checks/requirements.txt (line 17))
  Using cached farama_notifications-0.0.6-py3-none-any.whl.metadata (729 bytes)
Using cached absl_py-2.5.0-py3-none-any.whl (137 kB)
Using cached iniconfig-2.3.0-py3-none-any.whl (7.5 kB)
Using cached packaging-26.3-py3-none-any.whl (129 kB)
Using cached pluggy-1.6.0-py3-none-any.whl (20 kB)
Using cached pygments-2.21.0-py3-none-any.whl (1.3 MB)
Using cached pytest-9.1.1-py3-none-any.whl (386 kB)
Using cached pybind11-3.1.0-py3-none-any.whl (319 kB)
Using cached pygame_ce-2.5.8-cp314-cp314-manylinux2014_x86_64.manylinux_2_17_x86_64.whl (12.1 MB)
Using cached opencv_python-5.0.0.93-cp37-abi3-manylinux_2_28_x86_64.whl (73.8 MB)
Using cached numpy-2.5.3-cp314-cp314-manylinux_2_27_x86_64.manylinux_2_28_x86_64.whl (16.7 MB)
Using cached gymnasium-1.3.0-py3-none-any.whl (953 kB)
Using cached psutil-7.2.2-cp36-abi3-manylinux2010_x86_64.manylinux_2_12_x86_64.manylinux_2_28_x86_64.whl (155 kB)
Using cached six-1.17.0-py2.py3-none-any.whl (11 kB)
Using cached cloudpickle-3.1.2-py3-none-any.whl (22 kB)
Using cached farama_notifications-0.0.6-py3-none-any.whl (2.9 kB)
Using cached typing_extensions-4.16.0-py3-none-any.whl (45 kB)
Installing collected packages: farama-notifications, typing-extensions, six, Pygments, pygame-ce, pybind11, psutil, pluggy, packaging, numpy, iniconfig, cloudpickle, absl-py, pytest, opencv-python, gymnasium

Successfully installed Pygments-2.21.0 absl-py-2.5.0 cloudpickle-3.1.2 farama-notifications-0.0.6 gymnasium-1.3.0 iniconfig-2.3.0 numpy-2.5.3 opencv-python-5.0.0.93 packaging-26.3 pluggy-1.6.0 psutil-7.2.2 pybind11-3.1.0 pygame-ce-2.5.8 pytest-9.1.1 six-1.17.0 typing-extensions-4.16.0
Running: /tmp/football-framework-python-fba597b1aa5c844a/bin/python -m pip check
No broken requirements found.
{"passed": true, "skipped": 0, "assertions": 1400, "artifact": "/root/work_space/football/.project/optimization/benchmarks/memory-budget-1790999968319902952/report.json", "artifact_sha256": "b3e3a0baca6e8daa90159db8431e11fc5eb8d660c8136135907d4b857970ff0e"}
