Running: /tmp/football-framework-python-fba597b1aa5c844a/bin/python -m pip install --disable-pip-version-check -r /root/work_space/football/.project/checks/requirements.txt
Requirement already satisfied: absl-py==2.5.0 in /tmp/football-framework-python-fba597b1aa5c844a/lib/python3.14/site-packages (from -r /root/work_space/football/.project/checks/requirements.txt (line 2)) (2.5.0)
Requirement already satisfied: iniconfig==2.3.0 in /tmp/football-framework-python-fba597b1aa5c844a/lib/python3.14/site-packages (from -r /root/work_space/football/.project/checks/requirements.txt (line 3)) (2.3.0)
Requirement already satisfied: packaging==26.3 in /tmp/football-framework-python-fba597b1aa5c844a/lib/python3.14/site-packages (from -r /root/work_space/football/.project/checks/requirements.txt (line 4)) (26.3)
Requirement already satisfied: pluggy==1.6.0 in /tmp/football-framework-python-fba597b1aa5c844a/lib/python3.14/site-packages (from -r /root/work_space/football/.project/checks/requirements.txt (line 5)) (1.6.0)
Requirement already satisfied: Pygments==2.21.0 in /tmp/football-framework-python-fba597b1aa5c844a/lib/python3.14/site-packages (from -r /root/work_space/football/.project/checks/requirements.txt (line 6)) (2.21.0)
Requirement already satisfied: pytest==9.1.1 in /tmp/football-framework-python-fba597b1aa5c844a/lib/python3.14/site-packages (from -r /root/work_space/football/.project/checks/requirements.txt (line 7)) (9.1.1)
Requirement already satisfied: pybind11==3.1.0 in /tmp/football-framework-python-fba597b1aa5c844a/lib/python3.14/site-packages (from -r /root/work_space/football/.project/checks/requirements.txt (line 10)) (3.1.0)
Requirement already satisfied: pygame-ce<3,>=2.5.8 in /tmp/football-framework-python-fba597b1aa5c844a/lib/python3.14/site-packages (from -r /root/work_space/football/.project/checks/requirements.txt (line 13)) (2.5.8)
Requirement already satisfied: opencv-python<6,>=4.8 in /tmp/football-framework-python-fba597b1aa5c844a/lib/python3.14/site-packages (from -r /root/work_space/football/.project/checks/requirements.txt (line 14)) (5.0.0.93)
Requirement already satisfied: psutil>=5.9 in /tmp/football-framework-python-fba597b1aa5c844a/lib/python3.14/site-packages (from -r /root/work_space/football/.project/checks/requirements.txt (line 15)) (7.2.2)
Requirement already satisfied: numpy<3,>=1.24 in /tmp/football-framework-python-fba597b1aa5c844a/lib/python3.14/site-packages (from -r /root/work_space/football/.project/checks/requirements.txt (line 16)) (2.5.3)
Requirement already satisfied: gymnasium<2,>=1.3 in /tmp/football-framework-python-fba597b1aa5c844a/lib/python3.14/site-packages (from -r /root/work_space/football/.project/checks/requirements.txt (line 17)) (1.3.0)
Requirement already satisfied: six>=1.16 in /tmp/football-framework-python-fba597b1aa5c844a/lib/python3.14/site-packages (from -r /root/work_space/football/.project/checks/requirements.txt (line 18)) (1.17.0)
Requirement already satisfied: cloudpickle>=1.2.0 in /tmp/football-framework-python-fba597b1aa5c844a/lib/python3.14/site-packages (from gymnasium<2,>=1.3->-r /root/work_space/football/.project/checks/requirements.txt (line 17)) (3.1.2)
Requirement already satisfied: typing-extensions>=4.3.0 in /tmp/football-framework-python-fba597b1aa5c844a/lib/python3.14/site-packages (from gymnasium<2,>=1.3->-r /root/work_space/football/.project/checks/requirements.txt (line 17)) (4.16.0)
Requirement already satisfied: farama-notifications>=0.0.1 in /tmp/football-framework-python-fba597b1aa5c844a/lib/python3.14/site-packages (from gymnasium<2,>=1.3->-r /root/work_space/football/.project/checks/requirements.txt (line 17)) (0.0.6)
Running: /tmp/football-framework-python-fba597b1aa5c844a/bin/python -m pip check
No broken requirements found.
{"passed": true, "skipped": 0, "assertions": 543, "artifact": "/root/work_space/football/.project/optimization/benchmarks/presentation-smoothing-1791057698715300352/report.json", "artifact_sha256": "5c64ed75af07d20fd9b7f65837eea4b57c12dc4103ccc6df2f9ac10ef8a8376a"}
