Running: cmake -S engine -B /tmp/football-optimization-native
Using Python: 3.14
Using pybind11 for Python bindings
CMake Warning (policy) at CMakeLists.txt:173 (FIND_PACKAGE):
  Policy CMP0167 is not set: The FindBoost module is removed.  Run "cmake
  --help-policy CMP0167" for policy details.  Use the cmake_policy command to
  set the policy and suppress this warning.
This warning is for project developers.  Use -Wno-author or -Wno-policy to
suppress it.

-- Configuring done (0.4s)
-- Generating done (0.0s)
-- Build files have been written to: /tmp/football-optimization-native
Running: cmake --build /tmp/football-optimization-native -j 1 --target engine_simulation_contract
[  2%] Built target datalib
[  9%] Built target gui2lib
[ 20%] Built target baselib
[ 29%] Built target systemsgraphicslib
[ 30%] Built target loaderslib
[ 34%] Built target typeslib
[ 45%] Built target scenelib
[ 50%] Built target utilslib
[ 53%] Built target blunted2
[ 80%] Built target gamelib
[ 88%] Built target menulib
[ 98%] Built target football_engine
[100%] Built target engine_simulation_contract
Running: /tmp/football-optimization-native/bin/engine_simulation_contract 42
{"passed":true,"assertions":844,"skipped":0,"snapshot_bytes":87132,"seed":42,"reverse":false}

Running: /tmp/football-optimization-native/bin/engine_simulation_contract 42 --reverse
{"passed":true,"assertions":852,"skipped":0,"snapshot_bytes":89124,"seed":42,"reverse":true}

Running: /tmp/football-optimization-native/bin/engine_simulation_contract 42 --render
No DISPLAY defined, doing off-screen rendering
{"passed":true,"assertions":92,"skipped":0}

Running: /tmp/football-optimization-native/bin/engine_simulation_contract 43
{"passed":true,"assertions":840,"skipped":0,"snapshot_bytes":86124,"seed":43,"reverse":false}

Running: /tmp/football-optimization-native/bin/engine_simulation_contract 43 --reverse
{"passed":true,"assertions":848,"skipped":0,"snapshot_bytes":88116,"seed":43,"reverse":true}

Running: /tmp/football-optimization-native/bin/engine_simulation_contract 43 --render
No DISPLAY defined, doing off-screen rendering
{"passed":true,"assertions":92,"skipped":0}

{"passed": true, "assertions": 3568, "skipped": 0, "results": [{"seed": 42, "variant": [], "passed": true, "assertions": 844, "skipped": 0, "snapshot_bytes": 87132, "reverse": false}, {"seed": 42, "variant": ["--reverse"], "passed": true, "assertions": 852, "skipped": 0, "snapshot_bytes": 89124, "reverse": true}, {"seed": 42, "variant": ["--render"], "passed": true, "assertions": 92, "skipped": 0}, {"seed": 43, "variant": [], "passed": true, "assertions": 840, "skipped": 0, "snapshot_bytes": 86124, "reverse": false}, {"seed": 43, "variant": ["--reverse"], "passed": true, "assertions": 848, "skipped": 0, "snapshot_bytes": 88116, "reverse": true}, {"seed": 43, "variant": ["--render"], "passed": true, "assertions": 92, "skipped": 0}]}
