Running: cmake -S engine -B /tmp/football-optimization-native
CMake Warning (policy) at CMakeLists.txt:173 (FIND_PACKAGE):
  Policy CMP0167 is not set: The FindBoost module is removed.  Run "cmake
  --help-policy CMP0167" for policy details.  Use the cmake_policy command to
  set the policy and suppress this warning.
This warning is for project developers.  Use -Wno-author or -Wno-policy to
suppress it.

-- Configuring done (0.6s)
-- Generating done (0.1s)
-- Build files have been written to: /tmp/football-optimization-native
Running: cmake --build /tmp/football-optimization-native -j 1 --target engine_state_contract
[  3%] Built target datalib
[ 12%] Built target scenelib
[ 18%] Built target utilslib
[ 25%] Built target gui2lib
[ 37%] Built target baselib
[ 46%] Built target systemsgraphicslib
[ 48%] Built target loaderslib
[ 51%] Built target typeslib
[ 51%] Built target blunted2
[ 77%] Built target gamelib
[ 87%] Built target menulib
[ 98%] Built target football_engine
[100%] Built target engine_state_contract
Running: /tmp/football-optimization-native/bin/engine_state_contract 42
Running: /tmp/football-optimization-native/bin/engine_state_contract 43
{"passed": true, "assertions": 8190, "skipped": 0, "results": [{"seed": 42, "passed": true, "assertions": 4095, "skipped": 0}, {"seed": 43, "passed": true, "assertions": 4095, "skipped": 0}]}
