test_attempt_limit_gives_up_once_and_never_restarts_on_ticks (gfootball.frame_sync.test_reconnect_budget.ReconnectClientTest.test_attempt_limit_gives_up_once_and_never_restarts_on_ticks) ... ok
test_close_during_active_engine_restore_keeps_payload_charged_until_return (gfootball.frame_sync.test_reconnect_budget.ReconnectClientTest.test_close_during_active_engine_restore_keeps_payload_charged_until_return) ... ok
test_close_during_backoff_is_terminal_and_clears_all_ownership (gfootball.frame_sync.test_reconnect_budget.ReconnectClientTest.test_close_during_backoff_is_terminal_and_clears_all_ownership) ... ok
test_close_refunds_prediction_without_another_manual_tick (gfootball.frame_sync.test_reconnect_budget.ReconnectClientTest.test_close_refunds_prediction_without_another_manual_tick) ... ok
test_close_with_pending_snapshot_refunds_without_engine_restore (gfootball.frame_sync.test_reconnect_budget.ReconnectClientTest.test_close_with_pending_snapshot_refunds_without_engine_restore) ... ok
test_engine_owner_guard_and_reconnect_limit_validation (gfootball.frame_sync.test_reconnect_budget.ReconnectClientTest.test_engine_owner_guard_and_reconnect_limit_validation) ... ok
test_expired_pending_restore_does_not_mutate_engine (gfootball.frame_sync.test_reconnect_budget.ReconnectClientTest.test_expired_pending_restore_does_not_mutate_engine) ... ok
test_invalid_authority_is_terminal_without_reconnecting (gfootball.frame_sync.test_reconnect_budget.ReconnectClientTest.test_invalid_authority_is_terminal_without_reconnecting) ... ok
test_legacy_connect_uses_actual_host_token_and_same_snapshot_contract (gfootball.frame_sync.test_reconnect_budget.ReconnectClientTest.test_legacy_connect_uses_actual_host_token_and_same_snapshot_contract) ... ok
test_logic_failure_cannot_trigger_a_successful_resume_loop (gfootball.frame_sync.test_reconnect_budget.ReconnectClientTest.test_logic_failure_cannot_trigger_a_successful_resume_loop) ... ok
test_repeated_disconnect_reclaims_old_workers_and_engine_stays_on_owner (gfootball.frame_sync.test_reconnect_budget.ReconnectClientTest.test_repeated_disconnect_reclaims_old_workers_and_engine_stays_on_owner) ... ok
test_restore_error_never_sends_ready_or_reports_success (gfootball.frame_sync.test_reconnect_budget.ReconnectClientTest.test_restore_error_never_sends_ready_or_reports_success) ... ok
test_server_first_can_explicitly_negotiate_v3_after_legacy_metadata (gfootball.frame_sync.test_reconnect_budget.ReconnectClientTest.test_server_first_can_explicitly_negotiate_v3_after_legacy_metadata) ... ok
test_throwing_give_up_callback_does_not_rearm (gfootball.frame_sync.test_reconnect_budget.ReconnectClientTest.test_throwing_give_up_callback_does_not_rearm) ... ok
test_tick_does_not_wait_for_live_resume_handshake_and_close_cancels_it (gfootball.frame_sync.test_reconnect_budget.ReconnectClientTest.test_tick_does_not_wait_for_live_resume_handshake_and_close_cancels_it) ... ok
test_wire_token_automatic_restore_before_ready_and_contiguous_hashes (gfootball.frame_sync.test_reconnect_budget.ReconnectClientTest.test_wire_token_automatic_restore_before_ready_and_contiguous_hashes) ... ok
test_maximum_snapshot_streamed_in_small_reads_and_exact_refund (gfootball.frame_sync.test_reconnect_budget.ResumeBufferTest.test_maximum_snapshot_streamed_in_small_reads_and_exact_refund) ... ok
test_missing_snapshot_wrong_slot_and_zero_token_fail (gfootball.frame_sync.test_reconnect_budget.ResumeBufferTest.test_missing_snapshot_wrong_slot_and_zero_token_fail) ... ok
test_native_pre_ready_authority_and_hash_use_bounded_common_queues (gfootball.frame_sync.test_reconnect_budget.ResumeBufferTest.test_native_pre_ready_authority_and_hash_use_bounded_common_queues) ... ok
test_partial_snapshot_cleanup_and_second_snapshot_rejected (gfootball.frame_sync.test_reconnect_budget.ResumeBufferTest.test_partial_snapshot_cleanup_and_second_snapshot_rejected) ... ok
test_size_and_identity_validation_precede_snapshot_allocation (gfootball.frame_sync.test_reconnect_budget.ResumeBufferTest.test_size_and_identity_validation_precede_snapshot_allocation) ... ok
test_stale_snapshot_and_early_handback_are_rejected (gfootball.frame_sync.test_reconnect_budget.ResumeBufferTest.test_stale_snapshot_and_early_handback_are_rejected) ... ok
test_token_is_required_once_and_nonzero (gfootball.frame_sync.test_reconnect_budget.ResumeBufferTest.test_token_is_required_once_and_nonzero) ... ok
test_actual_maximum_snapshot_and_authority_before_ready (gfootball.frame_sync.test_reconnect_budget.ResumeTransportTest.test_actual_maximum_snapshot_and_authority_before_ready) ... ok
test_expired_deadline_does_not_establish_a_connection (gfootball.frame_sync.test_reconnect_budget.ResumeTransportTest.test_expired_deadline_does_not_establish_a_connection) ... ok
test_oversized_header_rejected_before_receiving_declared_body (gfootball.frame_sync.test_reconnect_budget.ResumeTransportTest.test_oversized_header_rejected_before_receiving_declared_body) ... ok
test_partial_snapshot_obeys_absolute_handshake_deadline_and_cleanup (gfootball.frame_sync.test_reconnect_budget.ResumeTransportTest.test_partial_snapshot_obeys_absolute_handshake_deadline_and_cleanup) ... ok
test_actual_slow_reader_expires_one_active_write_and_releases_it (gfootball.frame_sync.test_tcp_client_budget.AsyncTCPClientBudgetTest.test_actual_slow_reader_expires_one_active_write_and_releases_it) ... ok
test_caller_cancellation_after_partial_read_sends_eof_and_cleans_tasks (gfootball.frame_sync.test_tcp_client_budget.AsyncTCPClientBudgetTest.test_caller_cancellation_after_partial_read_sends_eof_and_cleans_tasks) ... ok
test_caller_cancellation_cleans_up_without_an_extra_close_call (gfootball.frame_sync.test_tcp_client_budget.AsyncTCPClientBudgetTest.test_caller_cancellation_cleans_up_without_an_extra_close_call) ... ok
test_concurrent_connect_is_rejected_without_disturbing_the_first (gfootball.frame_sync.test_tcp_client_budget.AsyncTCPClientBudgetTest.test_concurrent_connect_is_rejected_without_disturbing_the_first) ... ok
test_explicit_close_cancels_the_in_progress_handshake (gfootball.frame_sync.test_tcp_client_budget.AsyncTCPClientBudgetTest.test_explicit_close_cancels_the_in_progress_handshake) ... ok
test_foreign_thread_burst_is_bounded_before_loop_dispatch (gfootball.frame_sync.test_tcp_client_budget.AsyncTCPClientBudgetTest.test_foreign_thread_burst_is_bounded_before_loop_dispatch) ... ok
test_handshake_event_requires_both_complete_messages (gfootball.frame_sync.test_tcp_client_budget.AsyncTCPClientBudgetTest.test_handshake_event_requires_both_complete_messages) ... ok
test_initial_eof_and_invalid_header_fail_as_connection_errors (gfootball.frame_sync.test_tcp_client_budget.AsyncTCPClientBudgetTest.test_initial_eof_and_invalid_header_fail_as_connection_errors) ... ok
test_partial_handshake_timeout_releases_socket_and_tasks (gfootball.frame_sync.test_tcp_client_budget.AsyncTCPClientBudgetTest.test_partial_handshake_timeout_releases_socket_and_tasks) ... ok
test_repeated_connections_await_previous_cancellations (gfootball.frame_sync.test_tcp_client_budget.AsyncTCPClientBudgetTest.test_repeated_connections_await_previous_cancellations) ... ok
test_stream_overflow_mismatch_and_idle_are_terminal (gfootball.frame_sync.test_tcp_client_budget.AsyncTCPClientBudgetTest.test_stream_overflow_mismatch_and_idle_are_terminal) ... ok
test_three_explicit_hello_modes_preserve_twenty_two_slot_wire_inputs (gfootball.frame_sync.test_tcp_client_budget.AsyncTCPClientBudgetTest.test_three_explicit_hello_modes_preserve_twenty_two_slot_wire_inputs) ... ok
test_byte_budget_counts_python_bytes_allocation (gfootball.frame_sync.test_tcp_client_budget.BufferBudgetTest.test_byte_budget_counts_python_bytes_allocation) ... ok
test_complete_controls_preserve_following_authority_alignment (gfootball.frame_sync.test_tcp_client_budget.BufferBudgetTest.test_complete_controls_preserve_following_authority_alignment) ... ok
test_hash_budget_deduplicates_but_never_overwrites_conflicts (gfootball.frame_sync.test_tcp_client_budget.BufferBudgetTest.test_hash_budget_deduplicates_but_never_overwrites_conflicts) ... ok
test_invalid_configuration_precedes_socket_creation (gfootball.frame_sync.test_tcp_client_budget.BufferBudgetTest.test_invalid_configuration_precedes_socket_creation) ... ok
test_payload_capacity_fills_rejects_releases_and_refills (gfootball.frame_sync.test_tcp_client_budget.BufferBudgetTest.test_payload_capacity_fills_rejects_releases_and_refills) ... ok
test_receive_budget_and_invalid_headers_reject_before_large_decode (gfootball.frame_sync.test_tcp_client_budget.BufferBudgetTest.test_receive_budget_and_invalid_headers_reject_before_large_decode) ... ok
test_timestamp_eviction_is_bounded_diagnostics_and_rtt_uses_monotonic_time (gfootball.frame_sync.test_tcp_client_budget.BufferBudgetTest.test_timestamp_eviction_is_bounded_diagnostics_and_rtt_uses_monotonic_time) ... ok
test_actual_slow_reader_expires_write_without_unbounded_queue (gfootball.frame_sync.test_tcp_client_budget.TCPClientBudgetTest.test_actual_slow_reader_expires_write_without_unbounded_queue) ... ok
test_both_explicit_handshakes_initialize_before_ready_and_preserve_real_frames (gfootball.frame_sync.test_tcp_client_budget.TCPClientBudgetTest.test_both_explicit_handshakes_initialize_before_ready_and_preserve_real_frames) ... ok
test_close_interrupts_in_progress_handshake_without_waiting_for_its_deadline (gfootball.frame_sync.test_tcp_client_budget.TCPClientBudgetTest.test_close_interrupts_in_progress_handshake_without_waiting_for_its_deadline) ... ok
test_eof_and_malformed_authority_fail_without_logic_ticks (gfootball.frame_sync.test_tcp_client_budget.TCPClientBudgetTest.test_eof_and_malformed_authority_fail_without_logic_ticks) ... ok
test_fragmented_handshake_waits_for_both_complete_packets (gfootball.frame_sync.test_tcp_client_budget.TCPClientBudgetTest.test_fragmented_handshake_waits_for_both_complete_packets) ... ok
test_hash_check_preserves_other_frames_and_stops_on_mismatch (gfootball.frame_sync.test_tcp_client_budget.TCPClientBudgetTest.test_hash_check_preserves_other_frames_and_stops_on_mismatch) ... ok
test_input_callback_can_close_and_invalid_generator_is_bounded (gfootball.frame_sync.test_tcp_client_budget.TCPClientBudgetTest.test_input_callback_can_close_and_invalid_generator_is_bounded) ... ok
test_logic_stops_before_snapshot_or_prediction_after_actual_transport_failure (gfootball.frame_sync.test_tcp_client_budget.TCPClientBudgetTest.test_logic_stops_before_snapshot_or_prediction_after_actual_transport_failure) ... ok
test_partial_handshake_timeout_closes_and_joins (gfootball.frame_sync.test_tcp_client_budget.TCPClientBudgetTest.test_partial_handshake_timeout_closes_and_joins) ... ok
test_partial_stream_drip_does_not_keep_connection_alive (gfootball.frame_sync.test_tcp_client_budget.TCPClientBudgetTest.test_partial_stream_drip_does_not_keep_connection_alive) ... ok
test_pending_send_budget_applies_before_worker_dispatch (gfootball.frame_sync.test_tcp_client_budget.TCPClientBudgetTest.test_pending_send_budget_applies_before_worker_dispatch) ... ok
test_repeated_connect_joins_previous_worker_and_clears_all_history (gfootball.frame_sync.test_tcp_client_budget.TCPClientBudgetTest.test_repeated_connect_joins_previous_worker_and_clears_all_history) ... ok
test_twenty_two_slots_send_full_packet (gfootball.frame_sync.test_tcp_client_budget.TCPClientBudgetTest.test_twenty_two_slots_send_full_packet) ... ok
test_ambiguous_half_space_sequence_is_rejected (gfootball.frame_sync.test_udp_resume_budget.CookieTest.test_ambiguous_half_space_sequence_is_rejected) ... ok
test_constant_rate_budget_and_strict_limits (gfootball.frame_sync.test_udp_resume_budget.CookieTest.test_constant_rate_budget_and_strict_limits) ... ok
test_cookie_address_epoch_and_time_binding (gfootball.frame_sync.test_udp_resume_budget.CookieTest.test_cookie_address_epoch_and_time_binding) ... ok
test_delivery_ack_retains_sender_backpressure_across_a_gap (gfootball.frame_sync.test_udp_resume_budget.CookieTest.test_delivery_ack_retains_sender_backpressure_across_a_gap) ... ok
test_wire_contract_and_epoch_isolation (gfootball.frame_sync.test_udp_resume_budget.CookieTest.test_wire_contract_and_epoch_isolation) ... ok
test_1000_ticks_do_not_block_during_attempt_and_give_up_is_terminal (gfootball.frame_sync.test_udp_resume_budget.UDPResumeTest.test_1000_ticks_do_not_block_during_attempt_and_give_up_is_terminal) ... ok
test_automatic_restore_deferred_authority_hashes_and_repeated_cleanup (gfootball.frame_sync.test_udp_resume_budget.UDPResumeTest.test_automatic_restore_deferred_authority_hashes_and_repeated_cleanup) ... ok
test_client_only_loss_recovers_after_server_idle_detection (gfootball.frame_sync.test_udp_resume_budget.UDPResumeTest.test_client_only_loss_recovers_after_server_idle_detection) ... ok
test_close_during_cookie_wait_stops_the_single_connection_owner (gfootball.frame_sync.test_udp_resume_budget.UDPResumeTest.test_close_during_cookie_wait_stops_the_single_connection_owner) ... ok
test_confirm_replay_and_old_epoch_never_reset_live_sequence (gfootball.frame_sync.test_udp_resume_budget.UDPResumeTest.test_confirm_replay_and_old_epoch_never_reset_live_sequence) ... ok
test_expired_deadline_sends_nothing_and_joins (gfootball.frame_sync.test_udp_resume_budget.UDPResumeTest.test_expired_deadline_sends_nothing_and_joins) ... ok
test_live_epoch_survives_cookie_expiry_and_refreshed_confirm_cannot_reopen (gfootball.frame_sync.test_udp_resume_budget.UDPResumeTest.test_live_epoch_survives_cookie_expiry_and_refreshed_confirm_cannot_reopen) ... ok
test_maximum_snapshot_real_loss_reordering_duplicates_and_ready (gfootball.frame_sync.test_udp_resume_budget.UDPResumeTest.test_maximum_snapshot_real_loss_reordering_duplicates_and_ready) ... ok
test_restore_error_never_sends_ready_or_success (gfootball.frame_sync.test_udp_resume_budget.UDPResumeTest.test_restore_error_never_sends_ready_or_success) ... ok
test_tombstone_capacity_refuses_instead_of_evicting (gfootball.frame_sync.test_udp_resume_budget.UDPResumeTest.test_tombstone_capacity_refuses_instead_of_evicting) ... ok
test_unacknowledged_large_snapshot_keeps_active_queue_charge_until_expiry (gfootball.frame_sync.test_udp_resume_budget.UDPResumeTest.test_unacknowledged_large_snapshot_keeps_active_queue_charge_until_expiry) ... ok
test_unacknowledged_session_is_bounded_and_expires (gfootball.frame_sync.test_udp_resume_budget.UDPResumeTest.test_unacknowledged_session_is_bounded_and_expires) ... ok
test_unverified_requests_allocate_no_peers_and_no_amplification (gfootball.frame_sync.test_udp_resume_budget.UDPResumeTest.test_unverified_requests_allocate_no_peers_and_no_amplification) ... ok
test_ack_and_partial_application_bytes_do_not_extend_idle_deadline (gfootball.frame_sync.test_udp_client_budget.UDPClientTest.test_ack_and_partial_application_bytes_do_not_extend_idle_deadline) ... ok
test_actual_input_and_22_slot_authority_bytes (gfootball.frame_sync.test_udp_client_budget.UDPClientTest.test_actual_input_and_22_slot_authority_bytes) ... ok
test_authority_consumer_backlog_is_terminal_and_releases_queues (gfootball.frame_sync.test_udp_client_budget.UDPClientTest.test_authority_consumer_backlog_is_terminal_and_releases_queues) ... ok
test_bad_authority_count_and_unknown_message_fail_promptly (gfootball.frame_sync.test_udp_client_budget.UDPClientTest.test_bad_authority_count_and_unknown_message_fail_promptly) ... ok
test_cli_rejects_missing_authority_hash_or_heartbeat (gfootball.frame_sync.test_udp_client_budget.UDPClientTest.test_cli_rejects_missing_authority_hash_or_heartbeat) ... ok
test_cli_requires_all_three_actual_wire_observations (gfootball.frame_sync.test_udp_client_budget.UDPClientTest.test_cli_requires_all_three_actual_wire_observations) ... ok
test_client_queue_admission_is_bounded_before_worker_drain (gfootball.frame_sync.test_udp_client_budget.UDPClientTest.test_client_queue_admission_is_bounded_before_worker_drain) ... ok
test_close_cancels_pending_handshake_and_generation (gfootball.frame_sync.test_udp_client_budget.UDPClientTest.test_close_cancels_pending_handshake_and_generation) ... ok
test_close_during_input_callback_cannot_send_into_new_generation (gfootball.frame_sync.test_udp_client_budget.UDPClientTest.test_close_during_input_callback_cannot_send_into_new_generation) ... ok
test_connection_churn_joins_every_owned_worker (gfootball.frame_sync.test_udp_client_budget.UDPClientTest.test_connection_churn_joins_every_owned_worker) ... ok
test_exhausted_generation_still_closes_socket_and_worker (gfootball.frame_sync.test_udp_client_budget.UDPClientTest.test_exhausted_generation_still_closes_socket_and_worker) ... ok
test_failed_handshake_joins_worker_and_releases_socket (gfootball.frame_sync.test_udp_client_budget.UDPClientTest.test_failed_handshake_joins_worker_and_releases_socket) ... ok
test_fragmented_reordered_duplicate_handshake_and_explicit_ready (gfootball.frame_sync.test_udp_client_budget.UDPClientTest.test_fragmented_reordered_duplicate_handshake_and_explicit_ready) ... ok
test_gap_failure_stops_stream_without_returning_future_authority (gfootball.frame_sync.test_udp_client_budget.UDPClientTest.test_gap_failure_stops_stream_without_returning_future_authority) ... ok
test_hash_capacity_and_conflicting_duplicate_hash_fail (gfootball.frame_sync.test_udp_client_budget.UDPClientTest.test_hash_capacity_and_conflicting_duplicate_hash_fail) ... ok
test_hashes_match_requested_frame_and_mismatch_closes (gfootball.frame_sync.test_udp_client_budget.UDPClientTest.test_hashes_match_requested_frame_and_mismatch_closes) ... ok
test_heartbeat_is_real_received_progress_independent_of_poll_frequency (gfootball.frame_sync.test_udp_client_budget.UDPClientTest.test_heartbeat_is_real_received_progress_independent_of_poll_frequency) ... ok
test_invalid_datagrams_and_oversized_udp_do_not_poison_stream (gfootball.frame_sync.test_udp_client_budget.UDPClientTest.test_invalid_datagrams_and_oversized_udp_do_not_poison_stream) ... ok
test_invalid_local_inputs_are_terminal_before_sending (gfootball.frame_sync.test_udp_client_budget.UDPClientTest.test_invalid_local_inputs_are_terminal_before_sending) ... ok
test_kernel_filters_foreign_endpoint_before_reliable_decoder (gfootball.frame_sync.test_udp_client_budget.UDPClientTest.test_kernel_filters_foreign_endpoint_before_reliable_decoder) ... ok
test_ordered_authority_after_lost_first_datagram_and_duplicates (gfootball.frame_sync.test_udp_client_budget.UDPClientTest.test_ordered_authority_after_lost_first_datagram_and_duplicates) ... ok
test_public_classes_are_actual_bounded_runtime (gfootball.frame_sync.test_udp_client_budget.UDPClientTest.test_public_classes_are_actual_bounded_runtime) ... ok
test_ready_timeout_is_automatic_without_ui_ticks (gfootball.frame_sync.test_udp_client_budget.UDPClientTest.test_ready_timeout_is_automatic_without_ui_ticks) ... ok
test_real_udp_logic_rollback_and_three_confirmed_hashes (gfootball.frame_sync.test_udp_client_budget.UDPClientTest.test_real_udp_logic_rollback_and_three_confirmed_hashes) ... ok
test_retry_exhaustion_and_queued_write_deadline (gfootball.frame_sync.test_udp_client_budget.UDPClientTest.test_retry_exhaustion_and_queued_write_deadline) ... ok
test_unbounded_input_generator_stops_after_23_entries (gfootball.frame_sync.test_udp_client_budget.UDPClientTest.test_unbounded_input_generator_stops_after_23_entries) ... ok
test_actual_async_client_preserves_server_first_handshake_and_future_input (gfootball.frame_sync.test_server_budget.AsyncServerTest.test_actual_async_client_preserves_server_first_handshake_and_future_input) ... ok
test_cancel_frame_wait_closes_tasks_and_native_owner_contract (gfootball.frame_sync.test_server_budget.AsyncServerTest.test_cancel_frame_wait_closes_tasks_and_native_owner_contract) ... ok
test_cancelled_close_waiter_does_not_cancel_socket_cleanup (gfootball.frame_sync.test_server_budget.AsyncServerTest.test_cancelled_close_waiter_does_not_cancel_socket_cleanup) ... ok
test_concurrent_frame_work_is_rejected_and_original_can_finish (gfootball.frame_sync.test_server_budget.AsyncServerTest.test_concurrent_frame_work_is_rejected_and_original_can_finish) ... ok
test_idle_actual_async_client_keeps_waiting_session_alive (gfootball.frame_sync.test_server_budget.AsyncServerTest.test_idle_actual_async_client_keeps_waiting_session_alive) ... ok
test_initialized_engine_cannot_move_to_a_foreign_event_loop_thread (gfootball.frame_sync.test_server_budget.AsyncServerTest.test_initialized_engine_cannot_move_to_a_foreign_event_loop_thread) ... ok
test_stop_rejects_immediate_frame_before_cleanup_gets_a_tick (gfootball.frame_sync.test_server_budget.AsyncServerTest.test_stop_rejects_immediate_frame_before_cleanup_gets_a_tick) ... ok
test_all_client_packet_types_parse_fragmented_and_coalesced (gfootball.frame_sync.test_server_budget.ServerStateTest.test_all_client_packet_types_parse_fragmented_and_coalesced) ... ok
test_decoder_rejects_oversized_count_before_body_or_unknown_message (gfootball.frame_sync.test_server_budget.ServerStateTest.test_decoder_rejects_oversized_count_before_body_or_unknown_message) ... ok
test_disconnect_retains_current_input_and_refunds_future_owned_slots (gfootball.frame_sync.test_server_budget.ServerStateTest.test_disconnect_retains_current_input_and_refunds_future_owned_slots) ... ok
test_future_inputs_survive_collection_and_duplicates_do_not_grow (gfootball.frame_sync.test_server_budget.ServerStateTest.test_future_inputs_survive_collection_and_duplicates_do_not_grow) ... ok
test_input_bytes_window_and_sealed_frame_bounds (gfootball.frame_sync.test_server_budget.ServerStateTest.test_input_bytes_window_and_sealed_frame_bounds) ... ok
test_invalid_or_conflicting_input_does_not_partially_change_frame (gfootball.frame_sync.test_server_budget.ServerStateTest.test_invalid_or_conflicting_input_does_not_partially_change_frame) ... ok
test_resume_queue_keeps_original_enqueue_timestamp (gfootball.frame_sync.test_server_budget.ServerStateTest.test_resume_queue_keeps_original_enqueue_timestamp) ... ok
test_send_budget_counts_active_and_resume_history_until_release (gfootball.frame_sync.test_server_budget.ServerStateTest.test_send_budget_counts_active_and_resume_history_until_release) ... ok
test_strict_limits_and_server_settings (gfootball.frame_sync.test_server_budget.ServerStateTest.test_strict_limits_and_server_settings) ... ok
test_actual_client_pair_preserves_early_and_future_inputs_and_hashes (gfootball.frame_sync.test_server_budget.SyncServerTest.test_actual_client_pair_preserves_early_and_future_inputs_and_hashes) ... ok
test_actual_slow_reader_hits_write_deadline_and_server_stays_responsive (gfootball.frame_sync.test_server_budget.SyncServerTest.test_actual_slow_reader_hits_write_deadline_and_server_stays_responsive) ... ok
test_authenticated_resume_snapshots_then_releases_exact_deferred_authority (gfootball.frame_sync.test_server_budget.SyncServerTest.test_authenticated_resume_snapshots_then_releases_exact_deferred_authority) ... ok
test_churn_before_match_reuses_slots_and_has_no_tombstones (gfootball.frame_sync.test_server_budget.SyncServerTest.test_churn_before_match_reuses_slots_and_has_no_tombstones) ... ok
test_connection_cap_and_partial_handshake_timeout_release_real_sockets (gfootball.frame_sync.test_server_budget.SyncServerTest.test_connection_cap_and_partial_handshake_timeout_release_real_sockets) ... ok
test_engine_error_closes_io_and_engine_once_without_publishing_bad_frame (gfootball.frame_sync.test_server_budget.SyncServerTest.test_engine_error_closes_io_and_engine_once_without_publishing_bad_frame) ... ok
test_full_and_partial_message_deadlines_are_distinct_and_do_not_deadlock (gfootball.frame_sync.test_server_budget.SyncServerTest.test_full_and_partial_message_deadlines_are_distinct_and_do_not_deadlock) ... ok
test_heartbeat_plus_ready_plus_input_is_consumed_without_desynchronizing (gfootball.frame_sync.test_server_budget.SyncServerTest.test_heartbeat_plus_ready_plus_input_is_consumed_without_desynchronizing) ... ok
test_idle_actual_client_sends_periodic_liveness_without_input (gfootball.frame_sync.test_server_budget.SyncServerTest.test_idle_actual_client_sends_periodic_liveness_without_input) ... ok
test_message_rate_limit_rejects_completed_packet_flood_without_growing_input (gfootball.frame_sync.test_server_budget.SyncServerTest.test_message_rate_limit_rejects_completed_packet_flood_without_growing_input) ... ok
test_oversized_header_and_invalid_owned_input_close_without_entering_engine (gfootball.frame_sync.test_server_budget.SyncServerTest.test_oversized_header_and_invalid_owned_input_close_without_entering_engine) ... ok
test_queued_foreign_commands_are_bounded_before_owner_loop_dispatch (gfootball.frame_sync.test_server_budget.SyncServerTest.test_queued_foreign_commands_are_bounded_before_owner_loop_dispatch) ... ok
test_resume_waiting_history_has_the_same_send_capacity (gfootball.frame_sync.test_server_budget.SyncServerTest.test_resume_waiting_history_has_the_same_send_capacity) ... ok
test_startup_and_shutdown_engine_failures_are_reported_and_owner_exits (gfootball.frame_sync.test_server_budget.SyncServerTest.test_startup_and_shutdown_engine_failures_are_reported_and_owner_exits) ... ok
test_stop_wakes_ready_wait_and_joins_the_private_loop (gfootball.frame_sync.test_server_budget.SyncServerTest.test_stop_wakes_ready_wait_and_joins_the_private_loop) ... ok
test_twenty_two_real_clients_share_one_bounded_future_window (gfootball.frame_sync.test_server_budget.SyncServerTest.test_twenty_two_real_clients_share_one_bounded_future_window) ... ok

----------------------------------------------------------------------
Ran 135 tests in 11.132s

OK
