 dllPath = /usr/lib/wsl/drivers/iigd_dch.inf_amd64_3e6575b60ae27560, dllName = libigdgmm_w.so.12 
 IsWddmLinux = 1, dllWslName = /usr/lib/wsl/drivers/iigd_dch.inf_amd64_3e6575b60ae27560/libigdgmm_w.so.12  flags = 2
 dllPath = /usr/lib/wsl/drivers/iigd_dch.inf_amd64_3e6575b60ae27560, dllName = libigdgmm_w.so.12 
 IsWddmLinux = 1, dllWslName = /usr/lib/wsl/drivers/iigd_dch.inf_amd64_3e6575b60ae27560/libigdgmm_w.so.12  flags = 2
{"seed":43,"vendor":"Microsoft Corporation","renderer":"D3D12 (Intel(R) Arc(TM) 140T GPU (16GB))","gl_version":"4.6 (Compatibility Profile) Mesa 26.2.2","gallium_path":"/root/.cache/football-mesa-build-20260913-a/install-wayland/lib/libgallium-26.2.2.so","width":1920,"height":1080,"quality":"pbr+bloom+fxaa+auto_exposure","swap_enabled":true,"swap_interval":0,"warmup_frames":30,"measured_frames":120,"in_play_frames":150,"p50_ms":21.257244,"p95_ms":28.681502,"p99_ms":34.790856,"submit_p50_ms":21.221493,"submit_p95_ms":28.642213,"finish_p50_ms":0.037615,"finish_p95_ms":0.057454,"samples_ms":[18.341402,21.790729,22.769217,18.933249,20.058457,18.147900,20.687547,20.586919,34.790856,22.629256,28.681502,22.025110,24.739288,25.367521,20.523263,25.456125,18.432421,18.830444,19.600849,19.160567,20.770705,18.950408,21.249132,17.590237,19.121344,19.000307,19.182726,21.010094,18.455952,24.785961,20.781815,25.046807,19.051927,23.398858,35.565460,24.387943,26.981484,21.257244,33.371867,24.685006,20.652112,21.037238,26.395465,27.708828,23.018197,22.443917,23.481150,24.434416,19.219849,20.777665,19.889563,22.613659,18.520174,24.868830,23.500185,24.893440,25.112768,24.033673,23.971865,19.978752,25.347193,23.233707,24.397321,28.832973,19.742877,18.133127,21.033402,21.352505,25.760156,19.886745,19.530523,19.245421,18.028292,20.726551,18.854855,23.018204,28.991133,22.626345,18.436750,19.128334,21.985983,18.559493,21.317185,19.398005,20.322382,17.876096,22.284750,19.618368,22.431788,17.321264,19.144333,18.837944,18.762470,23.129301,19.559144,23.671015,24.803729,23.952649,25.658044,25.233176,21.250585,22.591072,23.562724,28.830762,22.797718,27.402478,26.331656,24.385785,23.975474,19.813315,19.850432,23.353942,20.682940,18.683768,21.711647,19.342572,18.648549,22.260145,19.065682,18.715452],"submit_samples_ms":[18.306279,21.751412,22.727124,18.884848,20.024135,18.113641,20.632330,20.540848,34.754219,22.563581,28.642213,21.989681,24.673282,25.328706,20.461559,25.421124,18.392971,18.789551,19.567247,19.124982,20.721725,18.912859,21.213353,17.551980,19.081769,18.964506,19.147281,20.965916,18.419229,24.728507,20.742327,25.007093,18.990273,23.364594,35.520317,24.350051,26.927557,21.221493,33.337802,24.647584,20.615064,20.998308,26.360357,27.673905,22.977451,22.408928,23.434480,24.397986,19.177819,20.741522,19.854928,22.571608,18.482192,24.826271,23.460299,24.849323,25.078454,23.991877,23.929957,19.931499,25.309578,23.194983,24.361092,28.798484,19.699992,18.081117,20.996385,21.310285,25.724756,19.849161,19.490803,19.210038,17.991890,20.687531,18.818854,22.981252,28.954427,22.587433,18.402636,19.083753,21.941456,18.497280,21.281074,19.357010,20.279264,17.840762,22.245138,19.561631,22.396179,17.288601,19.101082,18.801970,18.726534,23.082419,19.521999,23.632071,24.766982,23.908071,25.621178,25.196981,21.215206,22.553769,23.525210,28.793508,22.757033,27.366251,26.294886,24.341202,23.938189,19.747697,19.807748,23.316853,20.641863,18.647851,21.674707,19.303489,18.613901,22.224766,19.021103,18.680226],"finish_samples_ms":[0.035123,0.039317,0.042093,0.048401,0.034322,0.034259,0.055217,0.046071,0.036637,0.065675,0.039289,0.035429,0.066006,0.038815,0.061704,0.035001,0.039450,0.040893,0.033602,0.035585,0.048980,0.037549,0.035779,0.038257,0.039575,0.035801,0.035445,0.044178,0.036723,0.057454,0.039488,0.039714,0.061654,0.034264,0.045143,0.037892,0.053927,0.035751,0.034065,0.037422,0.037048,0.038930,0.035108,0.034923,0.040746,0.034989,0.046670,0.036430,0.042030,0.036143,0.034635,0.042051,0.037982,0.042559,0.039886,0.044117,0.034314,0.041796,0.041908,0.047253,0.037615,0.038724,0.036229,0.034489,0.042885,0.052010,0.037017,0.042220,0.035400,0.037584,0.039720,0.035383,0.036402,0.039020,0.036001,0.036952,0.036706,0.038912,0.034114,0.044581,0.044527,0.062213,0.036111,0.040995,0.043118,0.035334,0.039612,0.056737,0.035609,0.032663,0.043251,0.035974,0.035936,0.046882,0.037145,0.038944,0.036747,0.044578,0.036866,0.036195,0.035379,0.037303,0.037514,0.037254,0.040685,0.036227,0.036770,0.044583,0.037285,0.065618,0.042684,0.037089,0.041077,0.035917,0.036940,0.039083,0.034648,0.035379,0.044579,0.035226]}
MESA-EGL: warning: egl: failed to create dri2 screen
GPU_TIMER_SAMPLE 0 1441792 2359296 2228224 6029312
GPU_TIMER_SAMPLE 1 1441792 2883584 2228224 6553600
GPU_TIMER_SAMPLE 2 1441792 2621440 4587520 8650752
GPU_TIMER_SAMPLE 3 1441792 3014656 2228224 6684672
GPU_TIMER_SAMPLE 4 1310720 2621440 2228224 6160384
GPU_TIMER_SAMPLE 5 1441792 2621440 2097152 6160384
GPU_TIMER_SAMPLE 6 1310720 2490368 2097152 5898240
GPU_TIMER_SAMPLE 7 1441792 2359296 2228224 6029312
GPU_TIMER_SAMPLE 8 4063232 6029312 3538944 13631488
GPU_TIMER_SAMPLE 9 2228224 4325376 3145728 9699328
GPU_TIMER_SAMPLE 10 2621440 5898240 5767168 14286848
GPU_TIMER_SAMPLE 11 1966080 4456448 2883584 9306112
GPU_TIMER_SAMPLE 12 2097152 4063232 5767168 11927552
GPU_TIMER_SAMPLE 13 1966080 4194304 3014656 9175040
GPU_TIMER_SAMPLE 14 2097152 4194304 3014656 9306112
GPU_TIMER_SAMPLE 15 2621440 3014656 3014656 8650752
GPU_TIMER_SAMPLE 16 1441792 3014656 2228224 6684672
GPU_TIMER_SAMPLE 17 1441792 2621440 2097152 6160384
GPU_TIMER_SAMPLE 18 1441792 2490368 2228224 6160384
GPU_TIMER_SAMPLE 19 1441792 2490368 2228224 6160384
GPU_TIMER_SAMPLE 20 1310720 2883584 2228224 6422528
GPU_TIMER_SAMPLE 21 1441792 2883584 2228224 6553600
GPU_TIMER_SAMPLE 22 1441792 2490368 2228224 6160384
GPU_TIMER_SAMPLE 23 1310720 2621440 2097152 6029312
GPU_TIMER_SAMPLE 24 1572864 2883584 2228224 6684672
GPU_TIMER_SAMPLE 25 1310720 2621440 2490368 6422528
GPU_TIMER_SAMPLE 26 1310720 2490368 2228224 6029312
GPU_TIMER_SAMPLE 27 1441792 2883584 2228224 6553600
GPU_TIMER_SAMPLE 28 1572864 2490368 2097152 6160384
GPU_TIMER_SAMPLE 29 1966080 4063232 5636096 11665408
GPU_TIMER_SAMPLE 30 1835008 2752512 2228224 6815744
GPU_TIMER_SAMPLE 31 1441792 3670016 6422528 11534336
GPU_TIMER_SAMPLE 32 1572864 2359296 2359296 6291456
GPU_TIMER_SAMPLE 33 1966080 2621440 3145728 7733248
GPU_TIMER_SAMPLE 34 2752512 5898240 8388608 17039360
GPU_TIMER_SAMPLE 35 1835008 4325376 3014656 9175040
GPU_TIMER_SAMPLE 36 2490368 5636096 3407872 11534336
GPU_TIMER_SAMPLE 37 2097152 4063232 3014656 9175040
GPU_TIMER_SAMPLE 38 3538944 6815744 6946816 17301504
GPU_TIMER_SAMPLE 39 2621440 5767168 3670016 12058624
GPU_TIMER_SAMPLE 40 1966080 4194304 3014656 9175040
GPU_TIMER_SAMPLE 41 2097152 4063232 2883584 9043968
GPU_TIMER_SAMPLE 42 1966080 3932160 3145728 9043968
GPU_TIMER_SAMPLE 43 3014656 6029312 3670016 12713984
GPU_TIMER_SAMPLE 44 1835008 4194304 3145728 9175040
GPU_TIMER_SAMPLE 45 2097152 4194304 2883584 9175040
GPU_TIMER_SAMPLE 46 2097152 4194304 3014656 9306112
GPU_TIMER_SAMPLE 47 2752512 3276800 3145728 9175040
GPU_TIMER_SAMPLE 48 1441792 3670016 2359296 7471104
GPU_TIMER_SAMPLE 49 2228224 2883584 2228224 7340032
GPU_TIMER_SAMPLE 50 1310720 2883584 3145728 7340032
GPU_TIMER_SAMPLE 51 2097152 6291456 2359296 10747904
GPU_TIMER_SAMPLE 52 1572864 2490368 2097152 6160384
GPU_TIMER_SAMPLE 53 2097152 3932160 6029312 12058624
GPU_TIMER_SAMPLE 54 1966080 4194304 3014656 9175040
GPU_TIMER_SAMPLE 55 1966080 4456448 5636096 12058624
GPU_TIMER_SAMPLE 56 2228224 4194304 3014656 9437184
GPU_TIMER_SAMPLE 57 2621440 6029312 2228224 10878976
GPU_TIMER_SAMPLE 58 1966080 3014656 3145728 8126464
GPU_TIMER_SAMPLE 59 2097152 2883584 2228224 7208960
GPU_TIMER_SAMPLE 60 2097152 4194304 3014656 9306112
GPU_TIMER_SAMPLE 61 2752512 5767168 2883584 11403264
GPU_TIMER_SAMPLE 62 1835008 3276800 3014656 8126464
GPU_TIMER_SAMPLE 63 2621440 6029312 3407872 12058624
GPU_TIMER_SAMPLE 64 1572864 2883584 2228224 6684672
GPU_TIMER_SAMPLE 65 1572864 2883584 2228224 6684672
GPU_TIMER_SAMPLE 66 2097152 2621440 2621440 7340032
GPU_TIMER_SAMPLE 67 2228224 4063232 2359296 8650752
GPU_TIMER_SAMPLE 68 2883584 4849664 3932160 11665408
GPU_TIMER_SAMPLE 69 1441792 2883584 2228224 6553600
GPU_TIMER_SAMPLE 70 1572864 2883584 2359296 6815744
GPU_TIMER_SAMPLE 71 1441792 2621440 2097152 6160384
GPU_TIMER_SAMPLE 72 1572864 2490368 2228224 6291456
GPU_TIMER_SAMPLE 73 1441792 4980736 2228224 8650752
GPU_TIMER_SAMPLE 74 1572864 2883584 2228224 6684672
GPU_TIMER_SAMPLE 75 2228224 3801088 2883584 8912896
GPU_TIMER_SAMPLE 76 2883584 5636096 3407872 11927552
GPU_TIMER_SAMPLE 77 3014656 4849664 2228224 10092544
GPU_TIMER_SAMPLE 78 1703936 2621440 2097152 6422528
GPU_TIMER_SAMPLE 79 1441792 2621440 2883584 6946816
GPU_TIMER_SAMPLE 80 1572864 5767168 2097152 9437184
GPU_TIMER_SAMPLE 81 1441792 2490368 2228224 6160384
GPU_TIMER_SAMPLE 82 1703936 2883584 2228224 6815744
GPU_TIMER_SAMPLE 83 1703936 2621440 2228224 6553600
GPU_TIMER_SAMPLE 84 1572864 2883584 2228224 6684672
GPU_TIMER_SAMPLE 85 1572864 2621440 2097152 6291456
GPU_TIMER_SAMPLE 86 1441792 3538944 4849664 9830400
GPU_TIMER_SAMPLE 87 1572864 2490368 2228224 6291456
GPU_TIMER_SAMPLE 88 1572864 2490368 2228224 6291456
GPU_TIMER_SAMPLE 89 1441792 2621440 2228224 6291456
GPU_TIMER_SAMPLE 90 1703936 2621440 2228224 6553600
GPU_TIMER_SAMPLE 91 1441792 2621440 2097152 6160384
GPU_TIMER_SAMPLE 92 1572864 2490368 2228224 6291456
GPU_TIMER_SAMPLE 93 2228224 5767168 2359296 10354688
GPU_TIMER_SAMPLE 94 2097152 3014656 2621440 7733248
GPU_TIMER_SAMPLE 95 2228224 3932160 5767168 11927552
GPU_TIMER_SAMPLE 96 2228224 4063232 3014656 9306112
GPU_TIMER_SAMPLE 97 2228224 4063232 3145728 9437184
GPU_TIMER_SAMPLE 98 2359296 3932160 3014656 9306112
GPU_TIMER_SAMPLE 99 2883584 5767168 3538944 12189696
GPU_TIMER_SAMPLE 100 2097152 4194304 3014656 9306112
GPU_TIMER_SAMPLE 101 2097152 4194304 2883584 9175040
GPU_TIMER_SAMPLE 102 2228224 3932160 3145728 9306112
GPU_TIMER_SAMPLE 103 2621440 5636096 3407872 11665408
GPU_TIMER_SAMPLE 104 2097152 4194304 3014656 9306112
GPU_TIMER_SAMPLE 105 3145728 5898240 3538944 12582912
GPU_TIMER_SAMPLE 106 2228224 4325376 2883584 9437184
GPU_TIMER_SAMPLE 107 2097152 4325376 3145728 9568256
GPU_TIMER_SAMPLE 108 1441792 2621440 2883584 6946816
GPU_TIMER_SAMPLE 109 2228224 3538944 2228224 7995392
GPU_TIMER_SAMPLE 110 1703936 2359296 2228224 6291456
GPU_TIMER_SAMPLE 111 2228224 4063232 3014656 9306112
GPU_TIMER_SAMPLE 112 2228224 3670016 2228224 8126464
GPU_TIMER_SAMPLE 113 1441792 2621440 2228224 6291456
GPU_TIMER_SAMPLE 114 1441792 2621440 5373952 9437184
GPU_TIMER_SAMPLE 115 1441792 2621440 2228224 6291456
GPU_TIMER_SAMPLE 116 1441792 2621440 2228224 6291456
GPU_TIMER_SAMPLE 117 1572864 2490368 4718592 8781824
GPU_TIMER_SAMPLE 118 1572864 2752512 2359296 6684672
GPU_TIMER_SAMPLE 119 1572864 2490368 2228224 6291456
