 dllPath = /usr/lib/wsl/drivers/iigd_dch.inf_amd64_3e6575b60ae27560, dllName = libigdgmm_w.so.12 
 IsWddmLinux = 1, dllWslName = /usr/lib/wsl/drivers/iigd_dch.inf_amd64_3e6575b60ae27560/libigdgmm_w.so.12  flags = 2
 dllPath = /usr/lib/wsl/drivers/iigd_dch.inf_amd64_3e6575b60ae27560, dllName = libigdgmm_w.so.12 
 IsWddmLinux = 1, dllWslName = /usr/lib/wsl/drivers/iigd_dch.inf_amd64_3e6575b60ae27560/libigdgmm_w.so.12  flags = 2
{"seed":43,"vendor":"Microsoft Corporation","renderer":"D3D12 (Intel(R) Arc(TM) 140T GPU (16GB))","gl_version":"4.6 (Compatibility Profile) Mesa 26.2.2","gallium_path":"/root/.cache/football-mesa-build-20260913-a/install-wayland/lib/libgallium-26.2.2.so","width":1920,"height":1080,"quality":"pbr+bloom+fxaa+auto_exposure","swap_enabled":false,"swap_interval":0,"warmup_frames":30,"measured_frames":120,"in_play_frames":150,"p50_ms":14.243194,"p95_ms":19.966997,"p99_ms":23.810179,"submit_p50_ms":4.325249,"submit_p95_ms":5.475210,"finish_p50_ms":9.609579,"finish_p95_ms":14.932968,"samples_ms":[16.999087,18.730018,18.306738,17.071710,18.908572,19.283089,17.335426,18.047881,21.027893,17.383234,17.911515,16.941192,19.966997,15.903479,16.130117,18.467960,17.194045,15.943837,21.655769,25.616971,23.810179,18.671191,22.341842,15.935147,15.943349,17.476796,19.843787,19.012973,16.879558,15.577059,18.177845,16.432957,15.194224,19.967325,18.711705,16.961928,16.230580,15.791498,19.724425,18.822035,15.450272,15.798598,17.649710,16.190644,16.872059,16.421273,17.307140,12.678118,12.056885,12.741460,12.215418,12.910860,12.872841,12.599973,12.625634,12.154274,12.457997,12.652101,13.064823,14.383950,15.033984,13.850170,13.699720,13.005326,12.918486,13.422091,13.838090,13.631050,12.114366,14.380999,13.623403,13.270311,13.462912,14.309116,12.674619,12.608900,12.422408,12.495459,12.875170,13.818683,15.889371,15.197777,13.590437,14.243194,14.904674,15.395554,13.783543,12.987795,13.624072,15.085027,13.372859,12.711381,13.247968,12.535587,13.548536,13.478763,14.580175,11.649886,16.126566,13.862469,13.407469,13.688291,13.472142,13.671682,13.435002,12.188566,12.771837,12.278277,16.241390,13.932600,13.317417,14.077761,13.124305,12.403137,13.057762,12.732557,13.837886,13.210705,12.094346,14.306480],"submit_samples_ms":[4.636076,5.049616,4.651499,4.994990,5.657334,4.590506,4.248945,5.943988,4.644811,4.400668,4.325249,4.746547,4.439082,4.190746,4.538836,4.364487,4.724475,4.590007,4.753629,4.659444,4.331973,4.478880,4.533784,5.061375,4.144716,4.385423,5.220300,4.231771,4.079255,4.117799,4.280977,5.238135,4.456398,5.034357,5.621173,5.205921,4.369756,4.798473,5.377738,3.927358,4.245729,4.116014,4.877605,4.184419,4.115332,5.002093,4.745588,4.017443,3.729252,3.347913,3.938271,4.094314,4.061499,4.025952,3.805022,3.845080,3.849090,3.690411,4.039372,4.329764,4.146511,4.412322,4.090141,4.248565,4.000007,4.186008,4.197126,3.799296,3.575641,5.561529,5.073637,4.069700,4.084203,4.035630,4.146724,3.802985,4.084911,3.856652,4.451217,4.730654,4.142715,4.301056,4.984975,4.845165,5.500572,4.815556,4.838655,3.545185,4.577127,4.948469,3.927802,3.989436,4.652417,4.142907,4.451385,4.193374,5.683507,4.486543,4.940935,5.215258,4.269325,4.223192,4.639926,5.240490,4.434707,3.897845,3.632770,3.945050,4.282792,3.919170,4.968572,4.568908,5.475210,3.578299,4.086209,3.808344,3.884468,4.217392,3.700533,4.739659],"finish_samples_ms":[12.363011,13.680402,13.655239,12.076720,13.251238,14.692583,13.086481,12.103893,16.383082,12.982566,13.586266,12.194645,15.527915,11.712733,11.591281,14.103473,12.469570,11.353830,16.902140,20.957527,19.478206,14.192311,17.808058,10.873772,11.798633,13.091373,14.623487,14.781202,12.800303,11.459260,13.896868,11.194822,10.737826,14.932968,13.090532,11.756007,11.860824,10.993025,14.346687,14.894677,11.204543,11.682584,12.772105,12.006225,12.756727,11.419180,12.561552,8.660675,8.327633,9.393547,8.277147,8.816546,8.811342,8.574021,8.820612,8.309194,8.608907,8.961690,9.025451,10.054186,10.887473,9.437848,9.609579,8.756761,8.918479,9.236083,9.640964,9.831754,8.538725,8.819470,8.549766,9.200611,9.378709,10.273486,8.527895,8.805915,8.337497,8.638807,8.423953,9.088029,11.746656,10.896721,8.605462,9.398029,9.404102,10.579998,8.944888,9.442610,9.046945,10.136558,9.445057,8.721945,8.595551,8.392680,9.097151,9.285389,8.896668,7.163343,11.185631,8.647211,9.138144,9.465099,8.832216,8.431192,9.000295,8.290721,9.139067,8.333227,11.958598,10.013430,8.348845,9.508853,7.649095,8.824838,8.971553,8.924213,9.953418,8.993313,8.393813,9.566821]}
MESA-EGL: warning: egl: failed to create dri2 screen
GPU_TIMER_SAMPLE 0 2228224 4194304 3276800 9699328
GPU_TIMER_SAMPLE 1 2228224 4849664 3538944 10616832
GPU_TIMER_SAMPLE 2 2097152 4980736 3407872 10485760
GPU_TIMER_SAMPLE 3 2097152 4718592 3276800 10092544
GPU_TIMER_SAMPLE 4 1966080 4325376 3014656 9306112
GPU_TIMER_SAMPLE 5 2228224 4718592 3407872 10354688
GPU_TIMER_SAMPLE 6 1966080 4587520 3276800 9830400
GPU_TIMER_SAMPLE 7 2228224 4849664 3407872 10485760
GPU_TIMER_SAMPLE 8 2752512 5767168 3407872 11927552
GPU_TIMER_SAMPLE 9 2097152 5111808 3407872 10616832
GPU_TIMER_SAMPLE 10 2490368 5373952 3670016 11534336
GPU_TIMER_SAMPLE 11 2097152 4063232 3276800 9437184
GPU_TIMER_SAMPLE 12 2621440 5898240 3801088 12320768
GPU_TIMER_SAMPLE 13 1966080 4325376 3014656 9306112
GPU_TIMER_SAMPLE 14 1966080 4587520 3014656 9568256
GPU_TIMER_SAMPLE 15 2359296 5505024 3407872 11272192
GPU_TIMER_SAMPLE 16 1835008 3932160 2883584 8650752
GPU_TIMER_SAMPLE 17 1966080 3932160 2883584 8781824
GPU_TIMER_SAMPLE 18 2883584 5898240 3670016 12451840
GPU_TIMER_SAMPLE 19 4194304 7733248 4587520 16515072
GPU_TIMER_SAMPLE 20 2752512 6291456 7733248 16777216
GPU_TIMER_SAMPLE 21 1966080 4587520 3145728 9699328
GPU_TIMER_SAMPLE 22 3407872 6946816 4194304 14548992
GPU_TIMER_SAMPLE 23 1966080 4063232 3014656 9043968
GPU_TIMER_SAMPLE 24 1966080 4456448 3014656 9437184
GPU_TIMER_SAMPLE 25 2359296 4980736 3407872 10747904
GPU_TIMER_SAMPLE 26 2490368 5242880 3538944 11272192
GPU_TIMER_SAMPLE 27 2228224 4063232 3145728 9437184
GPU_TIMER_SAMPLE 28 2228224 4980736 3538944 10747904
GPU_TIMER_SAMPLE 29 1966080 3932160 3014656 8912896
GPU_TIMER_SAMPLE 30 2490368 5767168 3670016 11927552
GPU_TIMER_SAMPLE 31 2097152 4325376 2883584 9306112
GPU_TIMER_SAMPLE 32 2097152 3932160 3014656 9043968
GPU_TIMER_SAMPLE 33 2621440 5898240 3407872 11927552
GPU_TIMER_SAMPLE 34 1966080 3932160 3014656 8912896
GPU_TIMER_SAMPLE 35 1835008 4063232 3014656 8912896
GPU_TIMER_SAMPLE 36 1835008 3932160 3014656 8781824
GPU_TIMER_SAMPLE 37 1966080 3932160 3145728 9043968
GPU_TIMER_SAMPLE 38 2621440 5636096 3538944 11796480
GPU_TIMER_SAMPLE 39 2097152 3932160 2883584 8912896
GPU_TIMER_SAMPLE 40 2097152 4194304 2883584 9175040
GPU_TIMER_SAMPLE 41 1966080 3932160 2883584 8781824
GPU_TIMER_SAMPLE 42 2097152 5636096 2752512 10485760
GPU_TIMER_SAMPLE 43 1966080 4063232 3276800 9306112
GPU_TIMER_SAMPLE 44 2097152 4325376 3145728 9568256
GPU_TIMER_SAMPLE 45 2097152 4194304 3145728 9437184
GPU_TIMER_SAMPLE 46 2883584 4456448 2228224 9568256
GPU_TIMER_SAMPLE 47 1572864 2883584 2228224 6684672
GPU_TIMER_SAMPLE 48 1572864 2883584 2359296 6815744
GPU_TIMER_SAMPLE 49 1441792 2490368 2228224 6160384
GPU_TIMER_SAMPLE 50 1441792 2621440 2097152 6160384
GPU_TIMER_SAMPLE 51 1572864 2490368 2097152 6160384
GPU_TIMER_SAMPLE 52 1572864 2359296 2228224 6160384
GPU_TIMER_SAMPLE 53 1441792 2490368 2228224 6160384
GPU_TIMER_SAMPLE 54 1441792 2883584 2228224 6553600
GPU_TIMER_SAMPLE 55 1441792 2490368 2228224 6160384
GPU_TIMER_SAMPLE 56 1310720 2621440 2097152 6029312
GPU_TIMER_SAMPLE 57 1441792 2490368 2097152 6029312
GPU_TIMER_SAMPLE 58 1310720 2621440 2228224 6160384
GPU_TIMER_SAMPLE 59 1310720 3670016 2097152 7077888
GPU_TIMER_SAMPLE 60 1572864 2490368 2228224 6291456
GPU_TIMER_SAMPLE 61 1441792 2621440 2097152 6160384
GPU_TIMER_SAMPLE 62 1310720 2621440 2228224 6160384
GPU_TIMER_SAMPLE 63 1441792 2621440 2228224 6291456
GPU_TIMER_SAMPLE 64 1441792 2621440 2097152 6160384
GPU_TIMER_SAMPLE 65 1441792 2621440 2097152 6160384
GPU_TIMER_SAMPLE 66 1572864 2883584 2228224 6684672
GPU_TIMER_SAMPLE 67 1572864 2883584 2228224 6684672
GPU_TIMER_SAMPLE 68 1835008 2621440 2228224 6684672
GPU_TIMER_SAMPLE 69 1703936 3276800 2097152 7077888
GPU_TIMER_SAMPLE 70 1441792 2621440 2097152 6160384
GPU_TIMER_SAMPLE 71 1572864 2490368 2228224 6291456
GPU_TIMER_SAMPLE 72 1572864 2359296 2228224 6160384
GPU_TIMER_SAMPLE 73 1441792 3014656 2621440 7077888
GPU_TIMER_SAMPLE 74 1441792 2621440 2228224 6291456
GPU_TIMER_SAMPLE 75 1572864 2490368 2097152 6160384
GPU_TIMER_SAMPLE 76 1441792 2621440 2228224 6291456
GPU_TIMER_SAMPLE 77 1441792 2490368 2228224 6160384
GPU_TIMER_SAMPLE 78 1572864 2490368 2228224 6291456
GPU_TIMER_SAMPLE 79 1572864 3276800 2490368 7340032
GPU_TIMER_SAMPLE 80 1835008 3145728 2097152 7077888
GPU_TIMER_SAMPLE 81 1835008 3276800 2359296 7471104
GPU_TIMER_SAMPLE 82 1835008 2621440 2228224 6684672
GPU_TIMER_SAMPLE 83 1441792 2490368 2228224 6160384
GPU_TIMER_SAMPLE 84 1572864 2490368 2228224 6291456
GPU_TIMER_SAMPLE 85 1441792 2490368 2228224 6160384
GPU_TIMER_SAMPLE 86 1441792 2621440 2097152 6160384
GPU_TIMER_SAMPLE 87 1441792 3670016 2097152 7208960
GPU_TIMER_SAMPLE 88 1572864 2490368 2097152 6160384
GPU_TIMER_SAMPLE 89 1572864 3407872 2097152 7077888
GPU_TIMER_SAMPLE 90 1441792 2490368 2621440 6553600
GPU_TIMER_SAMPLE 91 1441792 2621440 2228224 6291456
GPU_TIMER_SAMPLE 92 1441792 2490368 2359296 6291456
GPU_TIMER_SAMPLE 93 1572864 2490368 2228224 6291456
GPU_TIMER_SAMPLE 94 1572864 2883584 2228224 6684672
GPU_TIMER_SAMPLE 95 1441792 2490368 2228224 6160384
GPU_TIMER_SAMPLE 96 1703936 3145728 2228224 7077888
GPU_TIMER_SAMPLE 97 1310720 2621440 1966080 5898240
GPU_TIMER_SAMPLE 98 1703936 3014656 2228224 6946816
GPU_TIMER_SAMPLE 99 1441792 2490368 2097152 6029312
GPU_TIMER_SAMPLE 100 1441792 2621440 1966080 6029312
GPU_TIMER_SAMPLE 101 1310720 2621440 1966080 5898240
GPU_TIMER_SAMPLE 102 1441792 2490368 2490368 6422528
GPU_TIMER_SAMPLE 103 1441792 2621440 2097152 6160384
GPU_TIMER_SAMPLE 104 1441792 2621440 1966080 6029312
GPU_TIMER_SAMPLE 105 1572864 2359296 2228224 6160384
GPU_TIMER_SAMPLE 106 1441792 2490368 1966080 5898240
GPU_TIMER_SAMPLE 107 1310720 2752512 1966080 6029312
GPU_TIMER_SAMPLE 108 1835008 3407872 2359296 7602176
GPU_TIMER_SAMPLE 109 1572864 3145728 2097152 6815744
GPU_TIMER_SAMPLE 110 1572864 3145728 2228224 6946816
GPU_TIMER_SAMPLE 111 1441792 2490368 2097152 6029312
GPU_TIMER_SAMPLE 112 1441792 2490368 1966080 5898240
GPU_TIMER_SAMPLE 113 1441792 2490368 1966080 5898240
GPU_TIMER_SAMPLE 114 1310720 2621440 1966080 5898240
GPU_TIMER_SAMPLE 115 1703936 3145728 2228224 7077888
GPU_TIMER_SAMPLE 116 1310720 2621440 1966080 5898240
GPU_TIMER_SAMPLE 117 1441792 2490368 2097152 6029312
GPU_TIMER_SAMPLE 118 1441792 2490368 2097152 6029312
GPU_TIMER_SAMPLE 119 1572864 3145728 2228224 6946816
