 dllPath = /usr/lib/wsl/drivers/iigd_dch.inf_amd64_3e6575b60ae27560, dllName = libigdgmm_w.so.12 
 IsWddmLinux = 1, dllWslName = /usr/lib/wsl/drivers/iigd_dch.inf_amd64_3e6575b60ae27560/libigdgmm_w.so.12  flags = 2
 dllPath = /usr/lib/wsl/drivers/iigd_dch.inf_amd64_3e6575b60ae27560, dllName = libigdgmm_w.so.12 
 IsWddmLinux = 1, dllWslName = /usr/lib/wsl/drivers/iigd_dch.inf_amd64_3e6575b60ae27560/libigdgmm_w.so.12  flags = 2
{"seed":42,"vendor":"Microsoft Corporation","renderer":"D3D12 (Intel(R) Arc(TM) 140T GPU (16GB))","gl_version":"4.6 (Compatibility Profile) Mesa 26.2.2","gallium_path":"/root/.cache/football-mesa-build-20260913-a/install-wayland/lib/libgallium-26.2.2.so","width":1920,"height":1080,"quality":"pbr+bloom+fxaa+auto_exposure","swap_enabled":false,"swap_interval":0,"warmup_frames":30,"measured_frames":120,"in_play_frames":141,"p50_ms":12.767635,"p95_ms":14.529618,"p99_ms":16.275424,"submit_p50_ms":4.051990,"submit_p95_ms":4.765464,"finish_p50_ms":8.732655,"finish_p95_ms":10.052781,"samples_ms":[12.277912,12.924368,12.638817,12.047643,13.210772,13.374536,12.612153,12.533735,12.761671,12.988087,13.037499,13.183791,12.715161,12.975701,13.629704,14.818245,14.529618,13.104749,15.295017,13.064101,16.543917,13.260004,12.651023,13.521333,13.614918,14.437688,14.102668,11.950632,12.320644,11.938923,12.911861,12.017686,12.140702,13.181412,16.275424,13.711417,12.513231,12.422194,12.434574,13.050891,12.062556,12.359892,13.056059,12.496958,12.517217,12.873557,11.804229,13.395258,12.598170,11.952190,12.371905,12.290458,12.269939,12.125434,14.278748,13.250961,14.035276,14.657154,13.944880,12.655435,12.339085,12.699490,12.252778,12.954865,13.871954,14.054992,12.132282,13.614661,13.170226,13.039301,12.446424,12.134904,12.494285,12.645056,13.172387,14.388336,12.695762,12.866942,12.132461,11.659371,11.684308,13.448303,12.418152,13.196186,13.545183,13.366544,13.216956,15.700809,12.687023,13.074435,11.977920,12.767635,13.671472,10.779771,12.447215,12.279285,13.489444,12.972388,13.333858,12.671914,12.478727,12.130889,12.831791,13.024529,13.235510,13.258305,12.969837,12.203198,13.563573,12.080183,11.601989,12.513439,11.899453,12.169676,13.118600,12.191804,11.162289,12.745855,12.272415,13.944925],"submit_samples_ms":[3.972487,3.862740,3.760739,4.119562,4.195103,3.533910,4.088857,3.934351,3.967839,4.266128,3.589026,4.319729,4.248605,4.017364,4.259270,4.765464,4.649754,4.179196,4.532063,4.252543,5.694894,3.742544,4.320865,4.489835,5.037815,3.629350,4.400209,3.982227,3.246082,3.825938,4.374896,3.634237,3.955591,4.013561,7.119680,4.741758,3.529467,4.278312,3.746655,4.558334,3.884570,3.708423,4.202016,4.024010,3.904185,3.955780,3.725576,3.967325,4.093722,3.713751,3.878051,4.216084,4.230164,3.472062,4.050855,4.156878,4.869252,3.849904,4.128035,3.895522,4.009371,4.198137,3.908462,4.422729,4.247853,4.374964,3.252123,4.326716,3.743307,4.306646,3.901054,3.593920,4.014625,3.492863,4.719556,5.309678,4.589430,3.930508,4.022945,3.602473,3.655691,4.734179,3.594932,4.332639,4.407359,4.511475,4.153843,5.205583,4.366414,4.182215,3.710131,3.872276,4.287418,3.629235,3.921324,4.079343,4.117997,4.255537,4.538942,3.871610,4.501598,4.481508,4.092234,4.051990,4.666835,4.041227,4.440816,3.911915,4.367962,3.876798,3.561251,3.966235,3.690122,3.600236,4.275731,3.821749,4.149014,3.705620,3.973352,4.729964],"finish_samples_ms":[8.305425,9.061628,8.878078,7.928081,9.015669,9.840626,8.523296,8.599384,8.793832,8.721959,9.448473,8.864062,8.466556,8.958337,9.370434,10.052781,9.879864,8.925553,10.762954,8.811558,10.849023,9.517460,8.330158,9.031498,8.577103,10.808338,9.702459,7.968405,9.074562,8.112985,8.536965,8.383449,8.185111,9.167851,9.155744,8.969659,8.983764,8.143882,8.687919,8.492557,8.177986,8.651469,8.854043,8.472948,8.613032,8.917777,8.078653,9.427933,8.504448,8.238439,8.493854,8.074374,8.039775,8.653372,10.227893,9.094083,9.166024,10.807250,9.816845,8.759913,8.329714,8.501353,8.344316,8.532136,9.624101,9.680028,8.880159,9.287945,9.426919,8.732655,8.545370,8.540984,8.479660,9.152193,8.452831,9.078658,8.106332,8.936434,8.109516,8.056898,8.028617,8.714124,8.823220,8.863547,9.137824,8.855069,9.063113,10.495226,8.320609,8.892220,8.267789,8.895359,9.384054,7.150536,8.525891,8.199942,9.371447,8.716851,8.794916,8.800304,7.977129,7.649381,8.739557,8.972539,8.568675,9.217078,8.529021,8.291283,9.195611,8.203385,8.040738,8.547204,8.209331,8.569440,8.842869,8.370055,7.013275,9.040235,8.299063,9.214961]}
MESA-EGL: warning: egl: failed to create dri2 screen
GPU_TIMER_SAMPLE 0 1310720 2490368 2228224 6029312
GPU_TIMER_SAMPLE 1 1441792 3014656 2228224 6684672
GPU_TIMER_SAMPLE 2 1310720 2490368 2228224 6029312
GPU_TIMER_SAMPLE 3 1441792 2883584 2228224 6553600
GPU_TIMER_SAMPLE 4 1310720 3538944 2228224 7077888
GPU_TIMER_SAMPLE 5 1441792 2490368 2228224 6160384
GPU_TIMER_SAMPLE 6 1179648 2621440 2097152 5898240
GPU_TIMER_SAMPLE 7 1441792 2490368 2097152 6029312
GPU_TIMER_SAMPLE 8 1310720 2490368 2228224 6029312
GPU_TIMER_SAMPLE 9 1310720 2752512 2359296 6422528
GPU_TIMER_SAMPLE 10 1441792 3014656 2097152 6553600
GPU_TIMER_SAMPLE 11 1310720 2883584 2228224 6422528
GPU_TIMER_SAMPLE 12 1310720 3538944 2097152 6946816
GPU_TIMER_SAMPLE 13 1310720 2621440 2097152 6029312
GPU_TIMER_SAMPLE 14 1441792 2490368 2228224 6160384
GPU_TIMER_SAMPLE 15 1310720 3407872 2228224 6946816
GPU_TIMER_SAMPLE 16 1310720 3145728 2490368 6946816
GPU_TIMER_SAMPLE 17 1310720 2621440 2228224 6160384
GPU_TIMER_SAMPLE 18 1310720 2621440 2752512 6684672
GPU_TIMER_SAMPLE 19 1441792 2883584 2097152 6422528
GPU_TIMER_SAMPLE 20 1441792 3145728 2359296 6946816
GPU_TIMER_SAMPLE 21 1179648 3276800 2097152 6553600
GPU_TIMER_SAMPLE 22 1310720 2621440 2228224 6160384
GPU_TIMER_SAMPLE 23 1441792 2621440 2097152 6160384
GPU_TIMER_SAMPLE 24 1310720 2490368 2228224 6029312
GPU_TIMER_SAMPLE 25 1835008 3407872 2228224 7471104
GPU_TIMER_SAMPLE 26 1441792 3538944 2359296 7340032
GPU_TIMER_SAMPLE 27 1441792 2883584 2228224 6553600
GPU_TIMER_SAMPLE 28 1310720 2752512 3014656 7077888
GPU_TIMER_SAMPLE 29 1310720 2752512 2097152 6160384
GPU_TIMER_SAMPLE 30 1310720 2490368 2228224 6029312
GPU_TIMER_SAMPLE 31 1179648 2621440 2097152 5898240
GPU_TIMER_SAMPLE 32 1179648 2621440 2097152 5898240
GPU_TIMER_SAMPLE 33 1441792 2752512 2228224 6422528
GPU_TIMER_SAMPLE 34 1310720 2883584 2228224 6422528
GPU_TIMER_SAMPLE 35 1966080 2621440 2097152 6684672
GPU_TIMER_SAMPLE 36 1310720 3145728 2097152 6553600
GPU_TIMER_SAMPLE 37 1310720 2883584 2359296 6553600
GPU_TIMER_SAMPLE 38 1310720 2490368 2490368 6291456
GPU_TIMER_SAMPLE 39 1310720 2752512 2359296 6422528
GPU_TIMER_SAMPLE 40 1703936 2621440 2097152 6422528
GPU_TIMER_SAMPLE 41 1441792 2752512 2228224 6422528
GPU_TIMER_SAMPLE 42 1310720 2490368 2097152 5898240
GPU_TIMER_SAMPLE 43 1441792 2490368 2228224 6160384
GPU_TIMER_SAMPLE 44 1310720 2490368 2490368 6291456
GPU_TIMER_SAMPLE 45 1310720 2490368 2097152 5898240
GPU_TIMER_SAMPLE 46 1310720 2490368 2228224 6029312
GPU_TIMER_SAMPLE 47 1441792 2883584 2228224 6553600
GPU_TIMER_SAMPLE 48 1310720 2883584 2228224 6422528
GPU_TIMER_SAMPLE 49 1310720 2490368 2228224 6029312
GPU_TIMER_SAMPLE 50 1441792 2883584 2228224 6553600
GPU_TIMER_SAMPLE 51 1310720 2621440 2097152 6029312
GPU_TIMER_SAMPLE 52 1310720 3014656 2097152 6422528
GPU_TIMER_SAMPLE 53 1310720 2490368 2228224 6029312
GPU_TIMER_SAMPLE 54 2097152 2752512 2228224 7077888
GPU_TIMER_SAMPLE 55 1310720 3538944 2097152 6946816
GPU_TIMER_SAMPLE 56 1179648 3407872 2883584 7471104
GPU_TIMER_SAMPLE 57 1572864 4063232 2228224 7864320
GPU_TIMER_SAMPLE 58 1179648 3538944 2228224 6946816
GPU_TIMER_SAMPLE 59 1310720 2490368 2097152 5898240
GPU_TIMER_SAMPLE 60 1441792 2359296 2359296 6160384
GPU_TIMER_SAMPLE 61 1441792 2359296 2228224 6029312
GPU_TIMER_SAMPLE 62 1441792 2359296 2228224 6029312
GPU_TIMER_SAMPLE 63 1441792 2490368 2228224 6160384
GPU_TIMER_SAMPLE 64 1441792 2621440 2097152 6160384
GPU_TIMER_SAMPLE 65 1835008 2883584 2228224 6946816
GPU_TIMER_SAMPLE 66 1441792 2883584 2228224 6553600
GPU_TIMER_SAMPLE 67 1310720 2490368 2228224 6029312
GPU_TIMER_SAMPLE 68 1310720 3145728 2097152 6553600
GPU_TIMER_SAMPLE 69 1310720 2621440 2097152 6029312
GPU_TIMER_SAMPLE 70 1310720 2621440 2097152 6029312
GPU_TIMER_SAMPLE 71 1310720 2490368 2228224 6029312
GPU_TIMER_SAMPLE 72 1441792 2752512 2228224 6422528
GPU_TIMER_SAMPLE 73 1310720 2883584 2228224 6422528
GPU_TIMER_SAMPLE 74 1441792 3407872 2228224 7077888
GPU_TIMER_SAMPLE 75 1703936 3670016 1966080 7340032
GPU_TIMER_SAMPLE 76 1310720 2490368 1966080 5767168
GPU_TIMER_SAMPLE 77 1441792 2883584 2228224 6553600
GPU_TIMER_SAMPLE 78 1179648 2883584 2097152 6160384
GPU_TIMER_SAMPLE 79 1310720 2490368 1966080 5767168
GPU_TIMER_SAMPLE 80 1310720 2490368 2097152 5898240
GPU_TIMER_SAMPLE 81 1441792 2490368 1966080 5898240
GPU_TIMER_SAMPLE 82 1441792 2621440 1835008 5898240
GPU_TIMER_SAMPLE 83 1310720 2621440 2097152 6029312
GPU_TIMER_SAMPLE 84 1310720 2621440 1966080 5898240
GPU_TIMER_SAMPLE 85 1441792 2883584 2097152 6422528
GPU_TIMER_SAMPLE 86 1310720 2621440 1966080 5898240
GPU_TIMER_SAMPLE 87 1572864 4063232 2752512 8388608
GPU_TIMER_SAMPLE 88 1441792 2621440 1966080 6029312
GPU_TIMER_SAMPLE 89 1441792 2621440 2228224 6291456
GPU_TIMER_SAMPLE 90 1441792 3145728 2228224 6815744
GPU_TIMER_SAMPLE 91 1572864 2752512 2097152 6422528
GPU_TIMER_SAMPLE 92 1703936 3670016 2228224 7602176
GPU_TIMER_SAMPLE 93 1310720 2621440 1966080 5898240
GPU_TIMER_SAMPLE 94 1179648 2752512 1966080 5898240
GPU_TIMER_SAMPLE 95 1441792 2621440 1966080 6029312
GPU_TIMER_SAMPLE 96 1703936 3538944 2359296 7602176
GPU_TIMER_SAMPLE 97 1441792 3014656 2228224 6684672
GPU_TIMER_SAMPLE 98 1310720 2621440 1966080 5898240
GPU_TIMER_SAMPLE 99 1179648 2752512 1966080 5898240
GPU_TIMER_SAMPLE 100 1310720 2752512 1966080 6029312
GPU_TIMER_SAMPLE 101 1310720 2621440 2097152 6029312
GPU_TIMER_SAMPLE 102 1441792 2490368 2097152 6029312
GPU_TIMER_SAMPLE 103 1441792 2621440 1966080 6029312
GPU_TIMER_SAMPLE 104 1310720 2490368 2097152 5898240
GPU_TIMER_SAMPLE 105 1572864 3145728 2228224 6946816
GPU_TIMER_SAMPLE 106 1441792 2359296 2097152 5898240
GPU_TIMER_SAMPLE 107 1179648 2621440 1966080 5767168
GPU_TIMER_SAMPLE 108 1572864 3014656 2228224 6815744
GPU_TIMER_SAMPLE 109 1703936 2883584 2228224 6815744
GPU_TIMER_SAMPLE 110 1310720 2490368 1966080 5767168
GPU_TIMER_SAMPLE 111 1310720 2621440 1966080 5898240
GPU_TIMER_SAMPLE 112 1310720 2490368 1966080 5767168
GPU_TIMER_SAMPLE 113 1179648 2621440 1966080 5767168
GPU_TIMER_SAMPLE 114 1310720 2752512 1966080 6029312
GPU_TIMER_SAMPLE 115 1441792 2621440 1966080 6029312
GPU_TIMER_SAMPLE 116 1310720 2621440 1966080 5898240
GPU_TIMER_SAMPLE 117 1572864 3276800 2228224 7077888
GPU_TIMER_SAMPLE 118 1441792 2752512 1966080 6160384
GPU_TIMER_SAMPLE 119 2228224 2883584 2097152 7208960
