 dllPath = /usr/lib/wsl/drivers/iigd_dch.inf_amd64_3e6575b60ae27560, dllName = libigdgmm_w.so.12 
 IsWddmLinux = 1, dllWslName = /usr/lib/wsl/drivers/iigd_dch.inf_amd64_3e6575b60ae27560/libigdgmm_w.so.12  flags = 2
 dllPath = /usr/lib/wsl/drivers/iigd_dch.inf_amd64_3e6575b60ae27560, dllName = libigdgmm_w.so.12 
 IsWddmLinux = 1, dllWslName = /usr/lib/wsl/drivers/iigd_dch.inf_amd64_3e6575b60ae27560/libigdgmm_w.so.12  flags = 2
{"seed":43,"vendor":"Microsoft Corporation","renderer":"D3D12 (Intel(R) Arc(TM) 140T GPU (16GB))","gl_version":"4.6 (Compatibility Profile) Mesa 26.2.2","gallium_path":"/root/.cache/football-mesa-build-20260913-a/install-wayland/lib/libgallium-26.2.2.so","width":1920,"height":1080,"quality":"pbr+bloom+fxaa+auto_exposure","swap_enabled":true,"swap_interval":0,"warmup_frames":30,"measured_frames":120,"in_play_frames":150,"p50_ms":26.290091,"p95_ms":30.838940,"p99_ms":34.361117,"submit_p50_ms":26.226810,"submit_p95_ms":30.800425,"finish_p50_ms":0.038801,"finish_p95_ms":0.063281,"samples_ms":[21.097885,20.973565,21.874813,20.302040,18.595241,18.967976,20.570117,20.851487,19.503478,22.321247,20.075578,19.040408,19.095097,24.089868,24.595765,29.576323,30.838940,31.497275,26.290155,21.910609,29.243859,22.622138,30.502538,28.810851,32.454754,28.349570,27.393312,23.449759,27.330255,29.634404,30.267960,25.945331,25.941535,22.015275,29.045305,22.206192,27.262060,24.992705,22.392307,27.063918,24.866569,22.706353,29.649038,24.955449,22.335554,29.461020,23.427664,27.189081,28.243780,23.604810,30.257221,34.555021,26.836257,27.511083,29.225679,22.725659,29.875683,22.943153,29.992694,28.976885,24.727605,23.678349,29.719370,22.414515,27.319969,24.885101,22.929592,26.812991,23.887855,23.614339,25.965943,27.394297,26.488039,27.140736,21.331595,26.083517,25.028300,26.290091,26.944908,28.103765,26.760420,28.185552,25.242629,25.747161,23.048200,26.899957,25.417470,32.437822,23.148780,34.361117,28.388881,26.878772,28.910354,27.539878,30.215604,28.914294,21.348669,28.660570,21.729176,27.850539,24.951109,26.908933,22.983259,31.239065,21.119634,27.083964,26.354794,28.499091,29.323975,25.258730,28.778711,23.147234,29.379008,23.205398,28.845146,18.845874,18.415213,28.095387,24.289830,27.050385],"submit_samples_ms":[21.063964,20.931103,21.841151,20.263905,18.556446,18.931550,20.536082,20.808040,19.468542,22.279811,20.012852,19.007252,19.061676,24.046674,24.553374,29.533869,30.800425,31.459476,26.252576,21.871515,29.182047,22.577459,30.437413,28.770512,32.416430,28.307881,27.350771,23.412852,27.287004,29.593199,30.224626,25.910412,25.904080,21.955153,29.012210,22.165613,27.213622,24.957523,22.335279,27.027133,24.828946,22.664827,29.594424,24.916108,22.281452,29.424039,23.347835,27.123261,28.198606,23.569651,30.223631,34.520175,26.799282,27.468906,29.185728,22.690887,29.838846,22.899697,29.950716,28.939854,24.691858,23.641583,29.680342,22.378817,27.280467,24.849953,22.876276,26.766880,23.830499,23.543046,25.931507,27.330918,26.449195,27.100688,21.295667,26.044984,24.993726,26.226810,26.903422,28.063021,26.724489,28.147648,25.202412,25.709623,23.009189,26.854915,25.380353,32.403256,23.111539,34.318306,28.349918,26.818476,28.868603,27.503901,30.180115,28.878836,21.304121,28.596903,21.693217,27.811776,24.915516,26.873181,22.943185,31.194497,21.085540,27.045163,26.319897,28.462772,29.289366,25.220122,28.742731,23.111046,29.345053,23.162646,28.811472,18.798729,18.375706,28.047312,24.253770,27.007819],"finish_samples_ms":[0.033921,0.042462,0.033662,0.038135,0.038795,0.036426,0.034035,0.043447,0.034936,0.041436,0.062726,0.033156,0.033421,0.043194,0.042391,0.042454,0.038515,0.037799,0.037579,0.039094,0.061812,0.044679,0.065125,0.040339,0.038324,0.041689,0.042541,0.036907,0.043251,0.041205,0.043334,0.034919,0.037455,0.060122,0.033095,0.040579,0.048438,0.035182,0.057028,0.036785,0.037623,0.041526,0.054614,0.039341,0.054102,0.036981,0.079829,0.065820,0.045174,0.035159,0.033590,0.034846,0.036975,0.042177,0.039951,0.034772,0.036837,0.043456,0.041978,0.037031,0.035747,0.036766,0.039028,0.035698,0.039502,0.035148,0.053316,0.046111,0.057356,0.071293,0.034436,0.063379,0.038844,0.040048,0.035928,0.038533,0.034574,0.063281,0.041486,0.040744,0.035931,0.037904,0.040217,0.037538,0.039011,0.045042,0.037117,0.034566,0.037241,0.042811,0.038963,0.060296,0.041751,0.035977,0.035489,0.035458,0.044548,0.063667,0.035959,0.038763,0.035593,0.035752,0.040074,0.044568,0.034094,0.038801,0.034897,0.036319,0.034609,0.038608,0.035980,0.036188,0.033955,0.042752,0.033674,0.047145,0.039507,0.048075,0.036060,0.042566]}
MESA-EGL: warning: egl: failed to create dri2 screen
GPU_TIMER_SAMPLE 0 1179648 2752512 2359296 6291456
GPU_TIMER_SAMPLE 1 1310720 3014656 2228224 6553600
GPU_TIMER_SAMPLE 2 1441792 2490368 2752512 6684672
GPU_TIMER_SAMPLE 3 1310720 2752512 2097152 6160384
GPU_TIMER_SAMPLE 4 1441792 2883584 2359296 6684672
GPU_TIMER_SAMPLE 5 1441792 2883584 2228224 6553600
GPU_TIMER_SAMPLE 6 1310720 3670016 2097152 7077888
GPU_TIMER_SAMPLE 7 1441792 2883584 2097152 6422528
GPU_TIMER_SAMPLE 8 1310720 2752512 2097152 6160384
GPU_TIMER_SAMPLE 9 1310720 2621440 4456448 8388608
GPU_TIMER_SAMPLE 10 1441792 2883584 2228224 6553600
GPU_TIMER_SAMPLE 11 1441792 2883584 2228224 6553600
GPU_TIMER_SAMPLE 12 1441792 3538944 2228224 7208960
GPU_TIMER_SAMPLE 13 1441792 2883584 2228224 6553600
GPU_TIMER_SAMPLE 14 2097152 4063232 5505024 11665408
GPU_TIMER_SAMPLE 15 2359296 5505024 4849664 12713984
GPU_TIMER_SAMPLE 16 2490368 5636096 3670016 11796480
GPU_TIMER_SAMPLE 17 2490368 6029312 3538944 12058624
GPU_TIMER_SAMPLE 18 1835008 4063232 3014656 8912896
GPU_TIMER_SAMPLE 19 1966080 4063232 3014656 9043968
GPU_TIMER_SAMPLE 20 2490368 5505024 3670016 11665408
GPU_TIMER_SAMPLE 21 2097152 4063232 3014656 9175040
GPU_TIMER_SAMPLE 22 2097152 4587520 7602176 14286848
GPU_TIMER_SAMPLE 23 2228224 4587520 7733248 14548992
GPU_TIMER_SAMPLE 24 2752512 5636096 7995392 16384000
GPU_TIMER_SAMPLE 25 2228224 4587520 7995392 14811136
GPU_TIMER_SAMPLE 26 2228224 4587520 3538944 10354688
GPU_TIMER_SAMPLE 27 2097152 4849664 3407872 10354688
GPU_TIMER_SAMPLE 28 2359296 6422528 3276800 12058624
GPU_TIMER_SAMPLE 29 2097152 4849664 7602176 14548992
GPU_TIMER_SAMPLE 30 2883584 5767168 6291456 14942208
GPU_TIMER_SAMPLE 31 2097152 4063232 3014656 9175040
GPU_TIMER_SAMPLE 32 2359296 6160384 3407872 11927552
GPU_TIMER_SAMPLE 33 1966080 4456448 3014656 9437184
GPU_TIMER_SAMPLE 34 2752512 5767168 3670016 12189696
GPU_TIMER_SAMPLE 35 1966080 4325376 3145728 9437184
GPU_TIMER_SAMPLE 36 1835008 4063232 6684672 12582912
GPU_TIMER_SAMPLE 37 1966080 3932160 3014656 8912896
GPU_TIMER_SAMPLE 38 2097152 4194304 3014656 9306112
GPU_TIMER_SAMPLE 39 2097152 4194304 3014656 9306112
GPU_TIMER_SAMPLE 40 2097152 4456448 3014656 9568256
GPU_TIMER_SAMPLE 41 2097152 4194304 3014656 9306112
GPU_TIMER_SAMPLE 42 2883584 5636096 7340032 15859712
GPU_TIMER_SAMPLE 43 1966080 4456448 3014656 9437184
GPU_TIMER_SAMPLE 44 1966080 4325376 3014656 9306112
GPU_TIMER_SAMPLE 45 2883584 5767168 3407872 12058624
GPU_TIMER_SAMPLE 46 2097152 4194304 3145728 9437184
GPU_TIMER_SAMPLE 47 1966080 4325376 6815744 13107200
GPU_TIMER_SAMPLE 48 3145728 5373952 6684672 15204352
GPU_TIMER_SAMPLE 49 2097152 4063232 2883584 9043968
GPU_TIMER_SAMPLE 50 3670016 7471104 4456448 15597568
GPU_TIMER_SAMPLE 51 2752512 5767168 3407872 11927552
GPU_TIMER_SAMPLE 52 2490368 5373952 3538944 11403264
GPU_TIMER_SAMPLE 53 2490368 5898240 3801088 12189696
GPU_TIMER_SAMPLE 54 3014656 5505024 7471104 15990784
GPU_TIMER_SAMPLE 55 2097152 4194304 2883584 9175040
GPU_TIMER_SAMPLE 56 2752512 5636096 3407872 11796480
GPU_TIMER_SAMPLE 57 2097152 4194304 3145728 9437184
GPU_TIMER_SAMPLE 58 3014656 5505024 6160384 14680064
GPU_TIMER_SAMPLE 59 3014656 5898240 3407872 12320768
GPU_TIMER_SAMPLE 60 2228224 4325376 2883584 9437184
GPU_TIMER_SAMPLE 61 1966080 4456448 3014656 9437184
GPU_TIMER_SAMPLE 62 2752512 5373952 7077888 15204352
GPU_TIMER_SAMPLE 63 1966080 3801088 2883584 8650752
GPU_TIMER_SAMPLE 64 1966080 4063232 8912896 14942208
GPU_TIMER_SAMPLE 65 2228224 4063232 3014656 9306112
GPU_TIMER_SAMPLE 66 2097152 4325376 3014656 9437184
GPU_TIMER_SAMPLE 67 2097152 4063232 6815744 12976128
GPU_TIMER_SAMPLE 68 2228224 3932160 2883584 9043968
GPU_TIMER_SAMPLE 69 1966080 4325376 3145728 9437184
GPU_TIMER_SAMPLE 70 2228224 4063232 2883584 9175040
GPU_TIMER_SAMPLE 71 3145728 6029312 3407872 12582912
GPU_TIMER_SAMPLE 72 2490368 5373952 3538944 11403264
GPU_TIMER_SAMPLE 73 2228224 4063232 7340032 13631488
GPU_TIMER_SAMPLE 74 2228224 4325376 3014656 9568256
GPU_TIMER_SAMPLE 75 2097152 6684672 3014656 11796480
GPU_TIMER_SAMPLE 76 2097152 4194304 3014656 9306112
GPU_TIMER_SAMPLE 77 3145728 5767168 3538944 12451840
GPU_TIMER_SAMPLE 78 2228224 4194304 3145728 9568256
GPU_TIMER_SAMPLE 79 1966080 4063232 7340032 13369344
GPU_TIMER_SAMPLE 80 2097152 4063232 2883584 9043968
GPU_TIMER_SAMPLE 81 3014656 5767168 3538944 12320768
GPU_TIMER_SAMPLE 82 2621440 5767168 3670016 12058624
GPU_TIMER_SAMPLE 83 2228224 3932160 3014656 9175040
GPU_TIMER_SAMPLE 84 2228224 4063232 3014656 9306112
GPU_TIMER_SAMPLE 85 2097152 4063232 6815744 12976128
GPU_TIMER_SAMPLE 86 2359296 4325376 2883584 9568256
GPU_TIMER_SAMPLE 87 2883584 5505024 3407872 11796480
GPU_TIMER_SAMPLE 88 2228224 4063232 3145728 9437184
GPU_TIMER_SAMPLE 89 2359296 4587520 7077888 14024704
GPU_TIMER_SAMPLE 90 2752512 5898240 3801088 12451840
GPU_TIMER_SAMPLE 91 2359296 4718592 3276800 10354688
GPU_TIMER_SAMPLE 92 2359296 4456448 6815744 13631488
GPU_TIMER_SAMPLE 93 2359296 4456448 3407872 10223616
GPU_TIMER_SAMPLE 94 3014656 5898240 6029312 14942208
GPU_TIMER_SAMPLE 95 3145728 5898240 5111808 14155776
GPU_TIMER_SAMPLE 96 1966080 3932160 2883584 8781824
GPU_TIMER_SAMPLE 97 3014656 5636096 7340032 15990784
GPU_TIMER_SAMPLE 98 2228224 4194304 3014656 9437184
GPU_TIMER_SAMPLE 99 2097152 4325376 6553600 12976128
GPU_TIMER_SAMPLE 100 2228224 4194304 3145728 9568256
GPU_TIMER_SAMPLE 101 2621440 5373952 3538944 11534336
GPU_TIMER_SAMPLE 102 2097152 4325376 3145728 9568256
GPU_TIMER_SAMPLE 103 3014656 5636096 9699328 18350080
GPU_TIMER_SAMPLE 104 2228224 4325376 2883584 9437184
GPU_TIMER_SAMPLE 105 2097152 4456448 6684672 13238272
GPU_TIMER_SAMPLE 106 2359296 4063232 2883584 9306112
GPU_TIMER_SAMPLE 107 2883584 5767168 3538944 12189696
GPU_TIMER_SAMPLE 108 2621440 5505024 3670016 11796480
GPU_TIMER_SAMPLE 109 2883584 5636096 3670016 12189696
GPU_TIMER_SAMPLE 110 2752512 5505024 7208960 15466496
GPU_TIMER_SAMPLE 111 2228224 4194304 3014656 9437184
GPU_TIMER_SAMPLE 112 2752512 5767168 3538944 12058624
GPU_TIMER_SAMPLE 113 2228224 4194304 3145728 9568256
GPU_TIMER_SAMPLE 114 3276800 5505024 6291456 15073280
GPU_TIMER_SAMPLE 115 1572864 2883584 2228224 6684672
GPU_TIMER_SAMPLE 116 1572864 2490368 2228224 6291456
GPU_TIMER_SAMPLE 117 2752512 5505024 6553600 14811136
GPU_TIMER_SAMPLE 118 2097152 4063232 2883584 9043968
GPU_TIMER_SAMPLE 119 2752512 5505024 3538944 11796480
