 dllPath = /usr/lib/wsl/drivers/iigd_dch.inf_amd64_3e6575b60ae27560, dllName = libigdgmm_w.so.12 
 IsWddmLinux = 1, dllWslName = /usr/lib/wsl/drivers/iigd_dch.inf_amd64_3e6575b60ae27560/libigdgmm_w.so.12  flags = 2
 dllPath = /usr/lib/wsl/drivers/iigd_dch.inf_amd64_3e6575b60ae27560, dllName = libigdgmm_w.so.12 
 IsWddmLinux = 1, dllWslName = /usr/lib/wsl/drivers/iigd_dch.inf_amd64_3e6575b60ae27560/libigdgmm_w.so.12  flags = 2
{"seed":43,"vendor":"Microsoft Corporation","renderer":"D3D12 (Intel(R) Arc(TM) 140T GPU (16GB))","gl_version":"4.6 (Compatibility Profile) Mesa 26.2.2","gallium_path":"/root/.cache/football-mesa-build-20260913-a/install-wayland/lib/libgallium-26.2.2.so","width":1920,"height":1080,"quality":"pbr+bloom+fxaa+auto_exposure","swap_enabled":false,"swap_interval":0,"warmup_frames":30,"measured_frames":120,"in_play_frames":150,"p50_ms":13.072165,"p95_ms":15.040099,"p99_ms":16.536529,"submit_p50_ms":4.071872,"submit_p95_ms":5.207224,"finish_p50_ms":9.007948,"finish_p95_ms":10.621777,"samples_ms":[12.858604,14.280517,13.464875,13.015933,12.568692,13.657587,11.876411,15.167527,13.828397,12.134866,13.338853,12.961738,12.206067,12.697425,12.093200,12.585428,12.632875,14.693270,14.000113,12.746713,14.920403,13.480811,11.959035,12.488432,12.243818,14.723644,11.770650,12.489421,13.386041,13.200681,16.536529,13.776394,13.292233,16.490499,14.183255,13.403009,13.972925,14.449445,14.392312,13.383701,12.017339,12.462593,12.713972,13.737778,12.434043,12.654257,12.821805,11.420799,12.333039,13.713403,13.553601,14.633956,15.478061,13.864176,12.581368,13.242357,14.708347,12.982707,12.867990,11.945304,12.808814,12.879386,13.521079,12.957332,13.505456,11.752567,12.748417,13.061327,11.570484,13.072165,13.402402,14.815185,13.208833,12.319047,12.940374,12.212421,12.571080,12.553447,13.411168,12.816587,14.868597,13.651588,14.650098,13.357445,15.235591,12.844786,17.842318,13.009160,13.025187,13.272120,12.242169,12.215849,14.853109,12.985531,13.133453,12.390225,12.642795,12.799321,13.907765,12.605952,13.243399,13.490535,12.621789,12.228462,13.562344,15.040099,13.765863,14.640566,13.587123,12.582501,13.910922,12.779693,14.832953,12.722716,13.990927,13.822703,12.617730,11.388416,14.046287,13.883934],"submit_samples_ms":[3.860782,5.105062,4.550368,4.200979,3.944057,4.407211,3.801592,5.910349,4.568665,3.814612,3.855056,4.189498,4.261475,4.075212,4.064623,3.795795,4.046774,4.478584,4.051282,4.329459,5.207224,4.104828,4.070653,3.881811,3.648790,4.091401,3.895615,4.330407,3.428291,3.915925,5.389412,3.676247,4.272809,5.094911,5.176952,4.424296,4.737721,5.118909,4.794333,4.430496,3.782195,3.877818,3.879998,4.806983,4.635027,4.228219,3.592061,3.442872,3.540788,4.159956,3.813429,4.339444,5.546897,4.697175,4.323854,3.933752,4.416563,3.657316,3.915198,3.820474,3.677680,3.599788,4.237447,3.502893,4.651092,4.250222,3.417018,3.747946,3.278306,3.792896,3.990830,4.274668,3.711936,4.388971,3.561392,3.862348,4.115181,3.921541,4.397652,4.071872,4.246820,4.631317,6.214875,4.978471,3.672101,3.690639,3.989859,4.496874,4.214013,4.195298,3.920118,3.731772,4.842401,3.797532,4.135386,3.641642,4.025191,4.111653,3.745481,3.748678,3.962053,4.324959,3.951705,3.765764,4.744610,4.417887,4.419210,4.852407,4.542530,3.931005,3.901339,3.848958,5.357022,3.714768,5.217293,3.970101,3.912053,3.812716,4.250947,4.197680],"finish_samples_ms":[8.997822,9.175455,8.914507,8.814954,8.624635,9.250376,8.074819,9.257178,9.259732,8.320254,9.483797,8.772240,7.944592,8.622213,8.028577,8.789633,8.586101,10.214686,9.948831,8.417254,9.713179,9.375983,7.888382,8.606621,8.595028,10.632243,7.875035,8.159014,9.957750,9.284756,11.147117,10.100147,9.019424,11.395588,9.006303,8.978713,9.235204,9.330536,9.597979,8.953205,8.235144,8.584775,8.833974,8.930795,7.799016,8.426038,9.229744,7.977927,8.792251,9.553447,9.740172,10.294512,9.931164,9.167001,8.257514,9.308605,10.291784,9.325391,8.952792,8.124830,9.131134,9.279598,9.283632,9.454439,8.854364,7.502345,9.331399,9.313381,8.292178,9.279269,9.411572,10.540517,9.496897,7.930076,9.378982,8.350073,8.455899,8.631906,9.013516,8.744715,10.621777,9.020271,8.435223,8.378974,11.563490,9.154147,13.852459,8.512286,8.811174,9.076822,8.322051,8.484077,10.010708,9.187999,8.998067,8.748583,8.617604,8.687668,10.162284,8.857274,9.281346,9.165576,8.670084,8.462698,8.817734,10.622212,9.346653,9.788159,9.044593,8.651496,10.009583,8.930735,9.475931,9.007948,8.773634,9.852602,8.705677,7.575700,9.795340,9.686254]}
MESA-EGL: warning: egl: failed to create dri2 screen
GPU_TIMER_SAMPLE 0 1441792 2621440 2228224 6291456
GPU_TIMER_SAMPLE 1 1310720 2621440 2097152 6029312
GPU_TIMER_SAMPLE 2 1572864 2883584 2228224 6684672
GPU_TIMER_SAMPLE 3 1441792 2621440 2228224 6291456
GPU_TIMER_SAMPLE 4 1310720 2621440 2228224 6160384
GPU_TIMER_SAMPLE 5 1441792 2883584 2228224 6553600
GPU_TIMER_SAMPLE 6 1441792 2883584 2097152 6422528
GPU_TIMER_SAMPLE 7 1441792 2883584 2359296 6684672
GPU_TIMER_SAMPLE 8 1835008 3014656 2097152 6946816
GPU_TIMER_SAMPLE 9 1441792 3014656 2228224 6684672
GPU_TIMER_SAMPLE 10 1441792 3014656 2228224 6684672
GPU_TIMER_SAMPLE 11 1310720 2621440 2228224 6160384
GPU_TIMER_SAMPLE 12 1441792 2490368 2228224 6160384
GPU_TIMER_SAMPLE 13 1441792 2621440 2097152 6160384
GPU_TIMER_SAMPLE 14 1441792 2490368 2097152 6029312
GPU_TIMER_SAMPLE 15 1703936 3276800 2490368 7471104
GPU_TIMER_SAMPLE 16 1441792 2621440 2228224 6291456
GPU_TIMER_SAMPLE 17 1310720 3014656 2228224 6553600
GPU_TIMER_SAMPLE 18 1310720 3670016 2228224 7208960
GPU_TIMER_SAMPLE 19 1310720 2752512 2097152 6160384
GPU_TIMER_SAMPLE 20 1441792 2490368 2752512 6684672
GPU_TIMER_SAMPLE 21 1441792 2621440 2097152 6160384
GPU_TIMER_SAMPLE 22 1441792 2490368 2228224 6160384
GPU_TIMER_SAMPLE 23 1441792 2621440 2097152 6160384
GPU_TIMER_SAMPLE 24 1310720 2621440 2228224 6160384
GPU_TIMER_SAMPLE 25 1835008 3407872 2228224 7471104
GPU_TIMER_SAMPLE 26 1572864 3014656 2228224 6815744
GPU_TIMER_SAMPLE 27 1572864 2490368 2097152 6160384
GPU_TIMER_SAMPLE 28 1441792 2621440 1966080 6029312
GPU_TIMER_SAMPLE 29 1441792 2752512 1966080 6160384
GPU_TIMER_SAMPLE 30 1572864 5111808 2097152 8781824
GPU_TIMER_SAMPLE 31 1572864 3014656 2883584 7471104
GPU_TIMER_SAMPLE 32 1441792 2490368 2228224 6160384
GPU_TIMER_SAMPLE 33 1703936 4587520 2228224 8519680
GPU_TIMER_SAMPLE 34 1310720 2621440 2228224 6160384
GPU_TIMER_SAMPLE 35 1310720 2752512 2097152 6160384
GPU_TIMER_SAMPLE 36 1441792 3014656 2228224 6684672
GPU_TIMER_SAMPLE 37 1441792 2621440 2097152 6160384
GPU_TIMER_SAMPLE 38 1441792 2621440 2097152 6160384
GPU_TIMER_SAMPLE 39 1441792 2621440 2228224 6291456
GPU_TIMER_SAMPLE 40 1441792 2621440 2228224 6291456
GPU_TIMER_SAMPLE 41 1441792 2490368 2228224 6160384
GPU_TIMER_SAMPLE 42 1703936 3145728 2490368 7340032
GPU_TIMER_SAMPLE 43 1572864 3538944 2228224 7340032
GPU_TIMER_SAMPLE 44 1310720 2621440 1966080 5898240
GPU_TIMER_SAMPLE 45 1441792 2752512 2097152 6291456
GPU_TIMER_SAMPLE 46 1441792 2752512 2097152 6291456
GPU_TIMER_SAMPLE 47 1310720 2752512 2097152 6160384
GPU_TIMER_SAMPLE 48 1572864 2621440 2097152 6291456
GPU_TIMER_SAMPLE 49 1572864 3145728 2228224 6946816
GPU_TIMER_SAMPLE 50 1441792 3407872 2228224 7077888
GPU_TIMER_SAMPLE 51 1572864 3276800 2097152 6946816
GPU_TIMER_SAMPLE 52 2228224 3145728 2228224 7602176
GPU_TIMER_SAMPLE 53 1572864 3145728 2228224 6946816
GPU_TIMER_SAMPLE 54 1310720 2752512 1966080 6029312
GPU_TIMER_SAMPLE 55 1572864 2621440 2097152 6291456
GPU_TIMER_SAMPLE 56 1310720 2621440 1966080 5898240
GPU_TIMER_SAMPLE 57 1703936 3014656 2228224 6946816
GPU_TIMER_SAMPLE 58 1441792 2752512 2097152 6291456
GPU_TIMER_SAMPLE 59 1441792 2752512 1966080 6160384
GPU_TIMER_SAMPLE 60 1441792 2621440 2097152 6160384
GPU_TIMER_SAMPLE 61 1572864 3145728 2097152 6815744
GPU_TIMER_SAMPLE 62 1310720 2752512 2097152 6160384
GPU_TIMER_SAMPLE 63 1835008 3538944 2490368 7864320
GPU_TIMER_SAMPLE 64 1572864 3276800 2228224 7077888
GPU_TIMER_SAMPLE 65 1441792 2621440 2097152 6160384
GPU_TIMER_SAMPLE 66 1441792 2621440 2097152 6160384
GPU_TIMER_SAMPLE 67 1441792 2883584 1966080 6291456
GPU_TIMER_SAMPLE 68 1572864 2752512 1966080 6291456
GPU_TIMER_SAMPLE 69 1441792 2752512 2097152 6291456
GPU_TIMER_SAMPLE 70 1572864 3276800 2097152 6946816
GPU_TIMER_SAMPLE 71 2752512 3932160 2097152 8781824
GPU_TIMER_SAMPLE 72 1835008 3801088 2228224 7864320
GPU_TIMER_SAMPLE 73 1441792 2752512 1966080 6160384
GPU_TIMER_SAMPLE 74 1441792 2752512 1966080 6160384
GPU_TIMER_SAMPLE 75 1441792 2621440 2228224 6291456
GPU_TIMER_SAMPLE 76 1572864 2752512 1966080 6291456
GPU_TIMER_SAMPLE 77 1441792 2752512 1966080 6160384
GPU_TIMER_SAMPLE 78 1572864 2621440 2097152 6291456
GPU_TIMER_SAMPLE 79 1310720 2752512 2097152 6160384
GPU_TIMER_SAMPLE 80 2228224 3407872 2359296 7995392
GPU_TIMER_SAMPLE 81 1310720 2883584 2359296 6553600
GPU_TIMER_SAMPLE 82 1441792 3276800 2097152 6815744
GPU_TIMER_SAMPLE 83 1572864 3014656 2359296 6946816
GPU_TIMER_SAMPLE 84 2490368 3670016 2228224 8388608
GPU_TIMER_SAMPLE 85 1441792 2621440 2097152 6160384
GPU_TIMER_SAMPLE 86 3407872 5505024 2228224 11141120
GPU_TIMER_SAMPLE 87 1572864 3145728 2228224 6946816
GPU_TIMER_SAMPLE 88 1441792 2621440 2097152 6160384
GPU_TIMER_SAMPLE 89 1441792 3145728 2097152 6684672
GPU_TIMER_SAMPLE 90 1441792 2752512 1966080 6160384
GPU_TIMER_SAMPLE 91 1572864 2621440 2097152 6291456
GPU_TIMER_SAMPLE 92 1441792 2621440 1966080 6029312
GPU_TIMER_SAMPLE 93 1572864 2621440 1966080 6160384
GPU_TIMER_SAMPLE 94 1310720 2621440 1966080 5898240
GPU_TIMER_SAMPLE 95 1441792 2752512 1966080 6160384
GPU_TIMER_SAMPLE 96 1572864 3145728 2228224 6946816
GPU_TIMER_SAMPLE 97 1441792 2752512 2097152 6291456
GPU_TIMER_SAMPLE 98 1572864 2621440 1966080 6160384
GPU_TIMER_SAMPLE 99 1572864 2490368 2228224 6291456
GPU_TIMER_SAMPLE 100 1703936 3276800 2228224 7208960
GPU_TIMER_SAMPLE 101 1572864 2621440 2228224 6422528
GPU_TIMER_SAMPLE 102 1441792 2752512 1966080 6160384
GPU_TIMER_SAMPLE 103 1441792 2752512 1966080 6160384
GPU_TIMER_SAMPLE 104 1441792 2752512 2097152 6291456
GPU_TIMER_SAMPLE 105 1572864 3145728 2097152 6815744
GPU_TIMER_SAMPLE 106 1572864 3014656 2228224 6815744
GPU_TIMER_SAMPLE 107 1572864 3145728 2097152 6815744
GPU_TIMER_SAMPLE 108 1572864 3145728 2097152 6815744
GPU_TIMER_SAMPLE 109 1441792 2621440 2097152 6160384
GPU_TIMER_SAMPLE 110 1966080 3145728 2228224 7340032
GPU_TIMER_SAMPLE 111 1441792 2621440 2228224 6291456
GPU_TIMER_SAMPLE 112 1441792 2490368 2097152 6029312
GPU_TIMER_SAMPLE 113 1572864 2752512 1966080 6291456
GPU_TIMER_SAMPLE 114 1572864 3014656 2097152 6684672
GPU_TIMER_SAMPLE 115 1572864 3276800 2228224 7077888
GPU_TIMER_SAMPLE 116 1310720 2752512 2097152 6160384
GPU_TIMER_SAMPLE 117 1441792 2621440 2097152 6160384
GPU_TIMER_SAMPLE 118 1703936 3014656 2228224 6946816
GPU_TIMER_SAMPLE 119 1572864 3145728 2228224 6946816
