 dllPath = /usr/lib/wsl/drivers/iigd_dch.inf_amd64_3e6575b60ae27560, dllName = libigdgmm_w.so.12 
 IsWddmLinux = 1, dllWslName = /usr/lib/wsl/drivers/iigd_dch.inf_amd64_3e6575b60ae27560/libigdgmm_w.so.12  flags = 2
 dllPath = /usr/lib/wsl/drivers/iigd_dch.inf_amd64_3e6575b60ae27560, dllName = libigdgmm_w.so.12 
 IsWddmLinux = 1, dllWslName = /usr/lib/wsl/drivers/iigd_dch.inf_amd64_3e6575b60ae27560/libigdgmm_w.so.12  flags = 2
{"seed":42,"vendor":"Microsoft Corporation","renderer":"D3D12 (Intel(R) Arc(TM) 140T GPU (16GB))","gl_version":"4.6 (Compatibility Profile) Mesa 26.2.2","gallium_path":"/root/.cache/football-mesa-build-20260913-a/install-wayland/lib/libgallium-26.2.2.so","width":1920,"height":1080,"quality":"pbr+bloom+fxaa+auto_exposure","swap_enabled":true,"swap_interval":0,"warmup_frames":30,"measured_frames":120,"in_play_frames":141,"p50_ms":22.320066,"p95_ms":28.902031,"p99_ms":32.629059,"submit_p50_ms":22.285197,"submit_p95_ms":28.863343,"finish_p50_ms":0.037721,"finish_p95_ms":0.048149,"samples_ms":[34.022133,30.903377,28.596367,25.795330,26.971359,21.101633,28.902031,24.456129,30.167655,28.378655,21.550483,27.526919,28.655205,23.402151,27.721498,27.065985,22.748899,26.916179,25.995065,21.153860,30.852206,18.696382,19.199739,22.814444,18.866969,22.797101,24.212168,32.629059,30.927207,27.223146,22.619515,25.997168,28.511673,28.640486,24.936114,22.754851,27.596099,21.283877,25.318842,22.130986,25.100065,24.023730,27.497765,21.352475,26.757347,19.666586,22.320066,18.948801,19.221821,22.646935,18.995651,20.458861,20.510690,17.506099,17.658029,24.459412,23.974885,24.458059,18.563195,18.405180,25.183825,23.326920,26.171479,19.377105,26.646530,17.815346,20.274862,22.395461,18.600033,17.711513,21.944283,19.072275,17.281374,21.673745,18.359691,17.928210,27.889827,26.629466,19.210570,20.010511,18.353234,19.224914,22.906210,19.853600,23.283959,18.820400,22.338961,20.415500,18.431028,17.353770,22.707638,18.861952,19.438850,23.283399,19.066868,27.067008,27.756261,24.827270,22.394588,24.131353,20.578901,21.321262,17.809348,18.825525,21.246023,20.281189,18.727466,19.534418,17.348001,20.212595,18.445524,18.367961,21.379597,19.152510,19.088096,22.801097,19.313695,21.851555,23.082455,28.123842],"submit_samples_ms":[33.975672,30.866640,28.556325,25.752105,26.927208,21.064847,28.863343,24.419243,30.133616,28.340638,21.510635,27.490834,28.619088,23.363892,27.686747,27.032068,22.705069,26.881735,25.957803,21.116443,30.817559,18.651371,19.160780,22.778103,18.829181,22.745066,24.165826,32.588450,30.863302,27.187316,22.580615,25.953312,28.475403,28.603801,24.898049,22.717185,27.559774,21.247150,25.281238,22.091208,25.063837,23.954481,27.458931,21.314231,26.714406,19.629516,22.285197,18.908607,19.184648,22.611306,18.935422,20.422245,20.474710,17.466647,17.611037,24.423693,23.933076,24.423010,18.515046,18.367333,25.139282,23.290506,26.131523,19.337060,26.609248,17.777211,20.239253,22.355813,18.556710,17.676263,21.908278,19.027546,17.242891,21.639344,18.324590,17.880086,27.854884,26.592001,19.174719,19.964744,18.317390,19.190590,22.847898,19.816649,23.247923,18.779949,22.303150,20.372431,18.391811,17.316911,22.665909,18.824091,19.401129,23.247224,19.018773,27.030035,27.719436,24.785637,22.358795,24.092669,20.541287,21.280346,17.766875,18.788486,21.211261,20.232667,18.690464,19.497623,17.314302,20.171125,18.407955,18.327049,21.340573,19.112306,19.051598,22.761606,19.276303,21.812647,23.035864,28.087873],"finish_samples_ms":[0.046461,0.036737,0.040042,0.043225,0.044151,0.036786,0.038688,0.036886,0.034039,0.038017,0.039848,0.036085,0.036117,0.038259,0.034751,0.033917,0.043830,0.034444,0.037262,0.037417,0.034647,0.045011,0.038959,0.036341,0.037788,0.052035,0.046342,0.040609,0.063905,0.035830,0.038900,0.043856,0.036270,0.036685,0.038065,0.037666,0.036325,0.036727,0.037604,0.039778,0.036228,0.069249,0.038834,0.038244,0.042941,0.037070,0.034869,0.040194,0.037173,0.035629,0.060229,0.036616,0.035980,0.039452,0.046992,0.035719,0.041809,0.035049,0.048149,0.037847,0.044543,0.036414,0.039956,0.040045,0.037282,0.038135,0.035609,0.039648,0.043323,0.035250,0.036005,0.044729,0.038483,0.034401,0.035101,0.048124,0.034943,0.037465,0.035851,0.045767,0.035844,0.034324,0.058312,0.036951,0.036036,0.040451,0.035811,0.043069,0.039217,0.036859,0.041729,0.037861,0.037721,0.036175,0.048095,0.036973,0.036825,0.041633,0.035793,0.038684,0.037614,0.040916,0.042473,0.037039,0.034762,0.048522,0.037002,0.036795,0.033699,0.041470,0.037569,0.040912,0.039024,0.040204,0.036498,0.039491,0.037392,0.038908,0.046591,0.035969]}
MESA-EGL: warning: egl: failed to create dri2 screen
GPU_TIMER_SAMPLE 0 3538944 7864320 4456448 15859712
GPU_TIMER_SAMPLE 1 2621440 5767168 5111808 13500416
GPU_TIMER_SAMPLE 2 2621440 6029312 3538944 12189696
GPU_TIMER_SAMPLE 3 2359296 5636096 3407872 11403264
GPU_TIMER_SAMPLE 4 1835008 4063232 6946816 12845056
GPU_TIMER_SAMPLE 5 1966080 4325376 3014656 9306112
GPU_TIMER_SAMPLE 6 2359296 6160384 6684672 15204352
GPU_TIMER_SAMPLE 7 1966080 4063232 3014656 9043968
GPU_TIMER_SAMPLE 8 2883584 5898240 3407872 12189696
GPU_TIMER_SAMPLE 9 2752512 6029312 3407872 12189696
GPU_TIMER_SAMPLE 10 1966080 4063232 3145728 9175040
GPU_TIMER_SAMPLE 11 2490368 5767168 3276800 11534336
GPU_TIMER_SAMPLE 12 2359296 5636096 3538944 11534336
GPU_TIMER_SAMPLE 13 1835008 4194304 3014656 9043968
GPU_TIMER_SAMPLE 14 2359296 5636096 3538944 11534336
GPU_TIMER_SAMPLE 15 2883584 5767168 3670016 12320768
GPU_TIMER_SAMPLE 16 1835008 4194304 3014656 9043968
GPU_TIMER_SAMPLE 17 2490368 5767168 3407872 11665408
GPU_TIMER_SAMPLE 18 2621440 5767168 3670016 12058624
GPU_TIMER_SAMPLE 19 1966080 3932160 3145728 9043968
GPU_TIMER_SAMPLE 20 2490368 5636096 3407872 11534336
GPU_TIMER_SAMPLE 21 1441792 2883584 2228224 6553600
GPU_TIMER_SAMPLE 22 2752512 3014656 2228224 7995392
GPU_TIMER_SAMPLE 23 1572864 2490368 2752512 6815744
GPU_TIMER_SAMPLE 24 1441792 2883584 2228224 6553600
GPU_TIMER_SAMPLE 25 2490368 5111808 2097152 9699328
GPU_TIMER_SAMPLE 26 1966080 3932160 2883584 8781824
GPU_TIMER_SAMPLE 27 1835008 4456448 7602176 13893632
GPU_TIMER_SAMPLE 28 1966080 3932160 3014656 8912896
GPU_TIMER_SAMPLE 29 1703936 4063232 3014656 8781824
GPU_TIMER_SAMPLE 30 1835008 4194304 3145728 9175040
GPU_TIMER_SAMPLE 31 1703936 4325376 6029312 12058624
GPU_TIMER_SAMPLE 32 2359296 5242880 5111808 12713984
GPU_TIMER_SAMPLE 33 2621440 5767168 4587520 12976128
GPU_TIMER_SAMPLE 34 2228224 5111808 3407872 10747904
GPU_TIMER_SAMPLE 35 1966080 3932160 3014656 8912896
GPU_TIMER_SAMPLE 36 2621440 5767168 3407872 11796480
GPU_TIMER_SAMPLE 37 1835008 4063232 3145728 9043968
GPU_TIMER_SAMPLE 38 2490368 5505024 3407872 11403264
GPU_TIMER_SAMPLE 39 1966080 4194304 2883584 9043968
GPU_TIMER_SAMPLE 40 2359296 5505024 3407872 11272192
GPU_TIMER_SAMPLE 41 2621440 5505024 3670016 11796480
GPU_TIMER_SAMPLE 42 2621440 5373952 6160384 14155776
GPU_TIMER_SAMPLE 43 2097152 4194304 3014656 9306112
GPU_TIMER_SAMPLE 44 1835008 3932160 7077888 12845056
GPU_TIMER_SAMPLE 45 1441792 2490368 2228224 6160384
GPU_TIMER_SAMPLE 46 1310720 2621440 4718592 8650752
GPU_TIMER_SAMPLE 47 1441792 2883584 2228224 6553600
GPU_TIMER_SAMPLE 48 1310720 2883584 2228224 6422528
GPU_TIMER_SAMPLE 49 1310720 2883584 2752512 6946816
GPU_TIMER_SAMPLE 50 1441792 2883584 2228224 6553600
GPU_TIMER_SAMPLE 51 1310720 2752512 3670016 7733248
GPU_TIMER_SAMPLE 52 1310720 2621440 2097152 6029312
GPU_TIMER_SAMPLE 53 1441792 2883584 2228224 6553600
GPU_TIMER_SAMPLE 54 1310720 2752512 2097152 6160384
GPU_TIMER_SAMPLE 55 2228224 4456448 3407872 10092544
GPU_TIMER_SAMPLE 56 2490368 5636096 3670016 11796480
GPU_TIMER_SAMPLE 57 2490368 4980736 4587520 12058624
GPU_TIMER_SAMPLE 58 2097152 2752512 2228224 7077888
GPU_TIMER_SAMPLE 59 1966080 2490368 2359296 6815744
GPU_TIMER_SAMPLE 60 1703936 3801088 5767168 11272192
GPU_TIMER_SAMPLE 61 1966080 4063232 3014656 9043968
GPU_TIMER_SAMPLE 62 1966080 6422528 3014656 11403264
GPU_TIMER_SAMPLE 63 1441792 2490368 2490368 6422528
GPU_TIMER_SAMPLE 64 1835008 3932160 7471104 13238272
GPU_TIMER_SAMPLE 65 1310720 2621440 2097152 6029312
GPU_TIMER_SAMPLE 66 1310720 2621440 2097152 6029312
GPU_TIMER_SAMPLE 67 1572864 2752512 2097152 6422528
GPU_TIMER_SAMPLE 68 1441792 2490368 2228224 6160384
GPU_TIMER_SAMPLE 69 1441792 2359296 2228224 6029312
GPU_TIMER_SAMPLE 70 1441792 2490368 5636096 9568256
GPU_TIMER_SAMPLE 71 1441792 2621440 2097152 6160384
GPU_TIMER_SAMPLE 72 1441792 2490368 2097152 6029312
GPU_TIMER_SAMPLE 73 1441792 2883584 2228224 6553600
GPU_TIMER_SAMPLE 74 1441792 2883584 2228224 6553600
GPU_TIMER_SAMPLE 75 1441792 2883584 2228224 6553600
GPU_TIMER_SAMPLE 76 2752512 5636096 3670016 12058624
GPU_TIMER_SAMPLE 77 2621440 5505024 2228224 10354688
GPU_TIMER_SAMPLE 78 1310720 2621440 2097152 6029312
GPU_TIMER_SAMPLE 79 1441792 2883584 2097152 6422528
GPU_TIMER_SAMPLE 80 1441792 2752512 2359296 6553600
GPU_TIMER_SAMPLE 81 1572864 2883584 2883584 7340032
GPU_TIMER_SAMPLE 82 1310720 2883584 2228224 6422528
GPU_TIMER_SAMPLE 83 1441792 2883584 2228224 6553600
GPU_TIMER_SAMPLE 84 1441792 3014656 4587520 9043968
GPU_TIMER_SAMPLE 85 1572864 2883584 2097152 6553600
GPU_TIMER_SAMPLE 86 1441792 2883584 3801088 8126464
GPU_TIMER_SAMPLE 87 1441792 2883584 2097152 6422528
GPU_TIMER_SAMPLE 88 1572864 2752512 2228224 6553600
GPU_TIMER_SAMPLE 89 1441792 2490368 2228224 6160384
GPU_TIMER_SAMPLE 90 1441792 2490368 2097152 6029312
GPU_TIMER_SAMPLE 91 1572864 2883584 2228224 6684672
GPU_TIMER_SAMPLE 92 1310720 2621440 2097152 6029312
GPU_TIMER_SAMPLE 93 1310720 2621440 2097152 6029312
GPU_TIMER_SAMPLE 94 1441792 2490368 2490368 6422528
GPU_TIMER_SAMPLE 95 2883584 5505024 5898240 14286848
GPU_TIMER_SAMPLE 96 2752512 5636096 4456448 12845056
GPU_TIMER_SAMPLE 97 2883584 5636096 3670016 12189696
GPU_TIMER_SAMPLE 98 2097152 4063232 3014656 9175040
GPU_TIMER_SAMPLE 99 2621440 3801088 2097152 8519680
GPU_TIMER_SAMPLE 100 1441792 2490368 2228224 6160384
GPU_TIMER_SAMPLE 101 1441792 4587520 2228224 8257536
GPU_TIMER_SAMPLE 102 1441792 2752512 2228224 6422528
GPU_TIMER_SAMPLE 103 1310720 2621440 2228224 6160384
GPU_TIMER_SAMPLE 104 1310720 2621440 4718592 8650752
GPU_TIMER_SAMPLE 105 1572864 2883584 2097152 6553600
GPU_TIMER_SAMPLE 106 1441792 2883584 2228224 6553600
GPU_TIMER_SAMPLE 107 1441792 2490368 2228224 6160384
GPU_TIMER_SAMPLE 108 1572864 2359296 2228224 6160384
GPU_TIMER_SAMPLE 109 1441792 2883584 2228224 6553600
GPU_TIMER_SAMPLE 110 1441792 2883584 2228224 6553600
GPU_TIMER_SAMPLE 111 1441792 2621440 2097152 6160384
GPU_TIMER_SAMPLE 112 1441792 2490368 4587520 8519680
GPU_TIMER_SAMPLE 113 1441792 2883584 2228224 6553600
GPU_TIMER_SAMPLE 114 1441792 2883584 2228224 6553600
GPU_TIMER_SAMPLE 115 1441792 2490368 4456448 8388608
GPU_TIMER_SAMPLE 116 1572864 2490368 2228224 6291456
GPU_TIMER_SAMPLE 117 1572864 2883584 3145728 7602176
GPU_TIMER_SAMPLE 118 2097152 3932160 2883584 8912896
GPU_TIMER_SAMPLE 119 2883584 5505024 3407872 11796480
