 dllPath = /usr/lib/wsl/drivers/iigd_dch.inf_amd64_3e6575b60ae27560, dllName = libigdgmm_w.so.12 
 IsWddmLinux = 1, dllWslName = /usr/lib/wsl/drivers/iigd_dch.inf_amd64_3e6575b60ae27560/libigdgmm_w.so.12  flags = 2
 dllPath = /usr/lib/wsl/drivers/iigd_dch.inf_amd64_3e6575b60ae27560, dllName = libigdgmm_w.so.12 
 IsWddmLinux = 1, dllWslName = /usr/lib/wsl/drivers/iigd_dch.inf_amd64_3e6575b60ae27560/libigdgmm_w.so.12  flags = 2
{"seed":42,"vendor":"Microsoft Corporation","renderer":"D3D12 (Intel(R) Arc(TM) 140T GPU (16GB))","gl_version":"4.6 (Compatibility Profile) Mesa 26.2.2","gallium_path":"/root/.cache/football-mesa-build-20260913-a/install-wayland/lib/libgallium-26.2.2.so","width":1920,"height":1080,"quality":"pbr+bloom+fxaa+auto_exposure","swap_enabled":false,"swap_interval":0,"warmup_frames":30,"measured_frames":120,"in_play_frames":141,"p50_ms":17.417885,"p95_ms":23.853817,"p99_ms":26.113986,"submit_p50_ms":4.636079,"submit_p95_ms":5.755798,"finish_p50_ms":12.775349,"finish_p95_ms":18.598881,"samples_ms":[20.405227,18.508122,17.524668,18.070192,19.360493,16.153110,18.789777,17.027467,23.504350,18.446595,18.547837,17.562062,20.334821,20.864533,18.553730,26.113986,18.628746,23.603558,17.385240,18.139333,24.189099,17.704875,17.897681,24.707602,18.720226,18.640768,24.522363,18.753157,22.404626,18.203813,17.107885,18.726508,22.863295,17.529407,23.853817,21.042822,18.977731,24.954109,17.736773,16.801115,26.410245,18.118393,23.807523,17.484740,17.376960,19.261000,19.993114,17.260124,19.509704,16.547834,21.017072,16.751940,17.247116,15.668101,19.039491,20.576391,17.075236,17.029133,15.665907,17.887893,21.411158,17.299901,16.462099,16.630732,19.960885,18.203698,17.186512,17.383812,15.635426,19.673320,21.469183,18.118583,16.758898,22.269730,17.379800,19.350874,17.417885,22.784195,18.196676,15.916074,15.789137,16.817094,20.064288,17.493211,15.716558,16.224901,15.789467,15.725668,15.156001,14.908947,14.971119,18.132762,16.576455,15.642629,21.063714,15.859247,16.752189,15.096899,15.253637,16.623934,13.652383,12.701678,12.573859,11.702197,14.223159,13.102352,11.763188,11.732276,12.742062,12.480100,11.713546,12.329802,13.245769,12.505924,12.029376,12.695177,12.468689,12.712843,12.343613,12.350791],"submit_samples_ms":[4.636079,5.125446,4.213016,4.950643,4.370252,5.161969,4.675396,4.290219,4.852529,4.670305,4.568964,4.895262,4.754551,5.131038,4.593718,7.689884,5.102091,5.765752,5.215553,5.277296,5.537221,4.615391,4.658186,5.575374,5.355018,6.125161,5.604850,5.755798,5.111473,4.784213,4.334986,5.224916,4.622054,4.376649,6.881855,4.907601,5.467749,5.758418,4.934614,4.945069,4.514721,4.530384,5.208642,4.361647,4.796522,5.496479,4.330567,4.845603,5.382982,5.082095,5.037387,4.655512,4.467319,4.710928,5.666706,4.249881,4.682897,4.339233,4.438100,4.739982,4.670946,4.496041,4.467046,4.305712,5.413386,4.429056,4.380637,4.878521,4.528281,4.952879,4.494534,4.790769,4.584706,5.589387,4.604451,4.712560,5.724515,5.436241,4.876207,4.436825,4.645514,4.913459,6.053202,4.822654,4.320508,4.348108,4.217442,4.177987,3.889005,3.974559,3.964032,3.914746,5.440105,4.707824,4.658895,4.271681,3.985224,3.917298,4.513313,4.895218,3.822007,3.861749,3.868534,3.580472,3.830484,3.819752,3.793270,3.446527,3.899052,4.146131,3.606847,3.695418,3.988569,3.828500,3.387261,4.040653,3.819953,4.046807,3.868308,3.812018],"finish_samples_ms":[15.769148,13.382676,13.311652,13.119549,14.990241,10.991141,14.114381,12.737248,18.651821,13.776290,13.978873,12.666800,15.580270,15.733495,13.960012,18.424102,13.526655,17.837806,12.169687,12.862037,18.651878,13.089484,13.239495,19.132228,13.365208,12.515607,18.917513,12.997359,17.293153,13.419600,12.772899,13.501592,18.241241,13.152758,16.971962,16.135221,13.509982,19.195691,12.802159,11.856046,21.895524,13.588009,18.598881,13.123093,12.580438,13.764521,15.662547,12.414521,14.126722,11.465739,15.979685,12.096428,12.779797,10.957173,13.372785,16.326510,12.392339,12.689900,11.227807,13.147911,16.740212,12.803860,11.995053,12.325020,14.547499,13.774642,12.805875,12.505291,11.107145,14.720441,16.974649,13.327814,12.174192,16.680343,12.775349,14.638314,11.693370,17.347954,13.320469,11.479249,11.143623,11.903635,14.011086,12.670557,11.396050,11.876793,11.572025,11.547681,11.266996,10.934388,11.007087,14.218016,11.136350,10.934805,16.404819,11.587566,12.766965,11.179601,10.740324,11.728716,9.830376,8.839929,8.705325,8.121725,10.392675,9.282600,7.969918,8.285749,8.843010,8.333969,8.106699,8.634384,9.257200,8.677424,8.642115,8.654524,8.648736,8.666036,8.475305,8.538773]}
MESA-EGL: warning: egl: failed to create dri2 screen
GPU_TIMER_SAMPLE 0 2490368 5767168 3670016 11927552
GPU_TIMER_SAMPLE 1 2097152 4587520 3276800 9961472
GPU_TIMER_SAMPLE 2 1966080 4718592 3276800 9961472
GPU_TIMER_SAMPLE 3 1966080 4456448 3276800 9699328
GPU_TIMER_SAMPLE 4 2359296 5373952 3670016 11403264
GPU_TIMER_SAMPLE 5 1966080 4194304 3014656 9175040
GPU_TIMER_SAMPLE 6 2490368 5111808 3801088 11403264
GPU_TIMER_SAMPLE 7 2097152 4456448 3407872 9961472
GPU_TIMER_SAMPLE 8 3538944 7602176 4456448 15597568
GPU_TIMER_SAMPLE 9 2097152 4456448 3276800 9830400
GPU_TIMER_SAMPLE 10 1966080 4587520 3407872 9961472
GPU_TIMER_SAMPLE 11 2097152 4718592 3407872 10223616
GPU_TIMER_SAMPLE 12 2490368 5898240 3670016 12058624
GPU_TIMER_SAMPLE 13 2097152 7208960 3276800 12582912
GPU_TIMER_SAMPLE 14 1966080 3801088 5111808 10878976
GPU_TIMER_SAMPLE 15 2228224 5767168 6815744 14811136
GPU_TIMER_SAMPLE 16 2097152 4718592 3407872 10223616
GPU_TIMER_SAMPLE 17 2490368 6684672 5767168 14942208
GPU_TIMER_SAMPLE 18 2228224 4194304 3670016 10092544
GPU_TIMER_SAMPLE 19 2228224 4587520 3538944 10354688
GPU_TIMER_SAMPLE 20 3145728 6815744 5767168 15728640
GPU_TIMER_SAMPLE 21 2097152 4718592 3538944 10354688
GPU_TIMER_SAMPLE 22 2097152 4718592 3538944 10354688
GPU_TIMER_SAMPLE 23 3014656 6946816 4063232 14024704
GPU_TIMER_SAMPLE 24 2097152 4325376 3538944 9961472
GPU_TIMER_SAMPLE 25 2097152 4587520 3538944 10223616
GPU_TIMER_SAMPLE 26 2490368 6684672 6160384 15335424
GPU_TIMER_SAMPLE 27 2228224 4587520 3538944 10354688
GPU_TIMER_SAMPLE 28 2752512 6160384 4194304 13107200
GPU_TIMER_SAMPLE 29 2097152 4849664 3538944 10485760
GPU_TIMER_SAMPLE 30 2097152 4849664 3407872 10354688
GPU_TIMER_SAMPLE 31 2228224 4718592 3407872 10354688
GPU_TIMER_SAMPLE 32 2883584 6815744 4456448 14155776
GPU_TIMER_SAMPLE 33 2228224 4718592 3407872 10354688
GPU_TIMER_SAMPLE 34 2883584 6684672 4325376 13893632
GPU_TIMER_SAMPLE 35 3014656 6553600 4325376 13893632
GPU_TIMER_SAMPLE 36 2097152 4587520 3407872 10092544
GPU_TIMER_SAMPLE 37 2883584 6291456 6946816 16121856
GPU_TIMER_SAMPLE 38 2228224 4456448 3538944 10223616
GPU_TIMER_SAMPLE 39 2097152 4587520 3407872 10092544
GPU_TIMER_SAMPLE 40 4325376 9175040 6422528 19922944
GPU_TIMER_SAMPLE 41 2228224 4718592 3407872 10354688
GPU_TIMER_SAMPLE 42 3014656 6553600 4456448 14024704
GPU_TIMER_SAMPLE 43 2097152 4980736 3276800 10354688
GPU_TIMER_SAMPLE 44 2097152 4587520 3670016 10354688
GPU_TIMER_SAMPLE 45 2490368 5898240 3670016 12058624
GPU_TIMER_SAMPLE 46 2621440 5505024 3670016 11796480
GPU_TIMER_SAMPLE 47 2097152 4587520 3407872 10092544
GPU_TIMER_SAMPLE 48 2359296 5242880 3801088 11403264
GPU_TIMER_SAMPLE 49 2097152 4587520 3276800 9961472
GPU_TIMER_SAMPLE 50 2490368 5636096 3801088 11927552
GPU_TIMER_SAMPLE 51 2228224 4456448 3538944 10223616
GPU_TIMER_SAMPLE 52 2097152 4456448 3407872 9961472
GPU_TIMER_SAMPLE 53 1835008 3801088 3014656 8650752
GPU_TIMER_SAMPLE 54 2097152 4456448 3407872 9961472
GPU_TIMER_SAMPLE 55 2621440 5636096 3670016 11927552
GPU_TIMER_SAMPLE 56 1966080 4456448 3538944 9961472
GPU_TIMER_SAMPLE 57 2097152 4456448 3538944 10092544
GPU_TIMER_SAMPLE 58 1966080 3801088 3145728 8912896
GPU_TIMER_SAMPLE 59 2097152 4718592 3276800 10092544
GPU_TIMER_SAMPLE 60 2490368 5767168 3670016 11927552
GPU_TIMER_SAMPLE 61 2097152 4587520 3407872 10092544
GPU_TIMER_SAMPLE 62 1966080 4063232 3407872 9437184
GPU_TIMER_SAMPLE 63 1966080 4849664 3670016 10485760
GPU_TIMER_SAMPLE 64 3014656 5767168 3801088 12582912
GPU_TIMER_SAMPLE 65 2097152 4194304 3014656 9306112
GPU_TIMER_SAMPLE 66 2097152 4587520 3407872 10092544
GPU_TIMER_SAMPLE 67 2097152 4325376 3407872 9830400
GPU_TIMER_SAMPLE 68 1966080 3801088 3014656 8781824
GPU_TIMER_SAMPLE 69 2621440 5373952 3670016 11665408
GPU_TIMER_SAMPLE 70 2752512 5767168 5767168 14286848
GPU_TIMER_SAMPLE 71 2097152 4849664 3276800 10223616
GPU_TIMER_SAMPLE 72 2097152 4063232 3145728 9306112
GPU_TIMER_SAMPLE 73 2752512 5767168 3670016 12189696
GPU_TIMER_SAMPLE 74 2228224 4587520 3407872 10223616
GPU_TIMER_SAMPLE 75 2097152 4718592 3276800 10092544
GPU_TIMER_SAMPLE 76 2228224 4587520 3407872 10223616
GPU_TIMER_SAMPLE 77 2883584 6684672 4194304 13762560
GPU_TIMER_SAMPLE 78 2228224 4587520 3407872 10223616
GPU_TIMER_SAMPLE 79 2097152 4063232 3014656 9175040
GPU_TIMER_SAMPLE 80 1835008 4456448 2883584 9175040
GPU_TIMER_SAMPLE 81 2097152 4325376 3014656 9437184
GPU_TIMER_SAMPLE 82 2752512 5767168 3538944 12058624
GPU_TIMER_SAMPLE 83 2097152 4063232 3014656 9175040
GPU_TIMER_SAMPLE 84 1966080 4194304 3014656 9175040
GPU_TIMER_SAMPLE 85 2097152 4063232 3014656 9175040
GPU_TIMER_SAMPLE 86 1966080 4194304 3014656 9175040
GPU_TIMER_SAMPLE 87 1966080 4063232 3014656 9043968
GPU_TIMER_SAMPLE 88 1966080 4194304 3014656 9175040
GPU_TIMER_SAMPLE 89 2097152 3932160 3014656 9043968
GPU_TIMER_SAMPLE 90 2097152 3932160 2883584 8912896
GPU_TIMER_SAMPLE 91 2752512 5767168 3407872 11927552
GPU_TIMER_SAMPLE 92 2097152 4063232 3014656 9175040
GPU_TIMER_SAMPLE 93 1966080 4063232 2883584 8912896
GPU_TIMER_SAMPLE 94 2752512 5636096 3538944 11927552
GPU_TIMER_SAMPLE 95 2097152 4063232 3014656 9175040
GPU_TIMER_SAMPLE 96 1966080 3932160 3014656 8912896
GPU_TIMER_SAMPLE 97 2228224 4063232 2883584 9175040
GPU_TIMER_SAMPLE 98 1966080 2752512 3145728 7864320
GPU_TIMER_SAMPLE 99 1572864 3538944 3932160 9043968
GPU_TIMER_SAMPLE 100 1441792 2490368 2097152 6029312
GPU_TIMER_SAMPLE 101 1572864 2883584 2228224 6684672
GPU_TIMER_SAMPLE 102 1441792 2621440 2097152 6160384
GPU_TIMER_SAMPLE 103 1310720 2621440 2097152 6029312
GPU_TIMER_SAMPLE 104 1572864 3670016 2621440 7864320
GPU_TIMER_SAMPLE 105 1441792 2883584 2228224 6553600
GPU_TIMER_SAMPLE 106 1572864 2883584 2228224 6684672
GPU_TIMER_SAMPLE 107 1441792 2621440 2097152 6160384
GPU_TIMER_SAMPLE 108 1441792 2621440 2228224 6291456
GPU_TIMER_SAMPLE 109 1441792 2490368 2228224 6160384
GPU_TIMER_SAMPLE 110 1441792 2621440 2097152 6160384
GPU_TIMER_SAMPLE 111 1441792 2490368 2097152 6029312
GPU_TIMER_SAMPLE 112 1441792 2883584 2228224 6553600
GPU_TIMER_SAMPLE 113 1572864 3145728 2490368 7208960
GPU_TIMER_SAMPLE 114 1310720 2621440 2228224 6160384
GPU_TIMER_SAMPLE 115 1572864 2490368 2228224 6291456
GPU_TIMER_SAMPLE 116 1441792 2621440 2490368 6553600
GPU_TIMER_SAMPLE 117 1441792 2490368 2228224 6160384
GPU_TIMER_SAMPLE 118 1572864 2359296 2228224 6160384
GPU_TIMER_SAMPLE 119 1441792 2883584 2228224 6553600
