 dllPath = /usr/lib/wsl/drivers/iigd_dch.inf_amd64_3e6575b60ae27560, dllName = libigdgmm_w.so.12 
 IsWddmLinux = 1, dllWslName = /usr/lib/wsl/drivers/iigd_dch.inf_amd64_3e6575b60ae27560/libigdgmm_w.so.12  flags = 2
 dllPath = /usr/lib/wsl/drivers/iigd_dch.inf_amd64_3e6575b60ae27560, dllName = libigdgmm_w.so.12 
 IsWddmLinux = 1, dllWslName = /usr/lib/wsl/drivers/iigd_dch.inf_amd64_3e6575b60ae27560/libigdgmm_w.so.12  flags = 2
{"seed":42,"vendor":"Microsoft Corporation","renderer":"D3D12 (Intel(R) Arc(TM) 140T GPU (16GB))","gl_version":"4.6 (Compatibility Profile) Mesa 26.2.2","gallium_path":"/root/.cache/football-mesa-build-20260913-a/install-wayland/lib/libgallium-26.2.2.so","width":1920,"height":1080,"quality":"pbr+bloom+fxaa+auto_exposure","swap_enabled":true,"swap_interval":0,"warmup_frames":30,"measured_frames":120,"in_play_frames":141,"p50_ms":19.659508,"p95_ms":24.501414,"p99_ms":27.691569,"submit_p50_ms":19.624602,"submit_p95_ms":24.455462,"finish_p50_ms":0.039122,"finish_p95_ms":0.051290,"samples_ms":[18.421799,21.067169,23.734208,17.805570,22.880349,18.225449,19.377273,18.876839,17.794294,24.501414,18.087869,19.259616,22.251875,20.655832,22.866754,18.855944,18.686356,22.623246,19.175098,19.728451,19.840608,19.115671,18.615670,18.974115,18.083790,22.926681,18.164071,18.593078,21.957906,19.701046,18.844947,21.188382,19.313520,18.082402,20.079151,18.498701,21.406270,19.659508,21.046273,18.495211,17.405307,18.492647,23.355508,18.981196,19.751728,25.335287,17.374307,18.448463,22.104675,20.051712,17.639538,20.203738,18.717321,18.637976,22.149723,18.193000,21.828699,18.088726,21.697104,18.916085,17.828363,18.931620,23.910847,28.283165,22.267766,27.028798,18.458560,27.691569,20.735778,24.367068,18.382177,18.269761,21.282591,17.528937,19.458555,18.469909,18.203890,22.058900,18.340010,19.597120,20.435844,18.660274,20.505900,18.817392,22.606395,18.869390,18.299731,24.541097,18.273296,19.130421,22.456385,19.182577,21.900661,20.318046,20.404238,20.260369,21.784729,18.789863,21.110297,19.236630,26.118179,17.703333,20.684712,20.117781,19.140554,20.671990,24.386653,18.386917,20.319605,23.646619,20.356655,19.169081,19.504036,20.884088,21.395798,19.979029,20.548439,24.390922,20.023357,19.273044],"submit_samples_ms":[18.380019,21.029054,23.691915,17.763797,22.843193,18.187910,19.335511,18.842202,17.760651,24.455462,18.042742,19.219090,22.210002,20.620160,22.832186,18.810198,18.647012,22.588063,19.135181,19.689611,19.806943,19.079510,18.566875,18.937214,18.046959,22.881669,18.120200,18.555086,21.923820,19.652960,18.807750,21.154168,19.265784,18.042696,20.041574,18.462462,21.367880,19.624602,21.011029,18.454546,17.363552,18.457247,23.318524,18.924609,19.714396,25.278418,17.333216,18.411614,22.068388,20.008481,17.599150,20.167615,18.677539,18.573597,22.113416,18.126876,21.787963,18.051421,21.661822,18.881675,17.785026,18.892820,23.870079,28.246933,22.226240,26.989006,18.409668,27.657776,20.695807,24.332954,18.336838,18.220079,21.243427,17.493796,19.416413,18.428053,18.167066,22.015977,18.291605,19.560600,20.392286,18.617995,20.465288,18.781599,22.566456,18.829781,18.262669,24.503537,18.235426,19.095816,22.417263,19.140791,21.864345,20.275846,20.366937,20.224414,21.742217,18.753321,21.070821,19.194900,26.082257,17.669163,20.642145,20.081126,19.104762,20.631869,24.349454,18.348991,20.277105,23.609735,20.311573,19.133780,19.467761,20.832798,21.311313,19.942965,20.481490,24.355777,19.983982,19.231555],"finish_samples_ms":[0.041780,0.038115,0.042293,0.041773,0.037156,0.037539,0.041762,0.034637,0.033643,0.045952,0.045127,0.040526,0.041873,0.035672,0.034568,0.045746,0.039344,0.035183,0.039917,0.038840,0.033665,0.036161,0.048795,0.036901,0.036831,0.045012,0.043871,0.037992,0.034086,0.048086,0.037197,0.034214,0.047736,0.039706,0.037577,0.036239,0.038390,0.034906,0.035244,0.040665,0.041755,0.035400,0.036984,0.056587,0.037332,0.056869,0.041091,0.036849,0.036287,0.043231,0.040388,0.036123,0.039782,0.064379,0.036307,0.066124,0.040736,0.037305,0.035282,0.034410,0.043337,0.038800,0.040768,0.036232,0.041526,0.039792,0.048892,0.033793,0.039971,0.034114,0.045339,0.049682,0.039164,0.035141,0.042142,0.041856,0.036824,0.042923,0.048405,0.036520,0.043558,0.042279,0.040612,0.035793,0.039939,0.039609,0.037062,0.037560,0.037870,0.034605,0.039122,0.041786,0.036316,0.042200,0.037301,0.035955,0.042512,0.036542,0.039476,0.041730,0.035922,0.034170,0.042567,0.036655,0.035792,0.040121,0.037199,0.037926,0.042500,0.036884,0.045082,0.035301,0.036275,0.051290,0.084485,0.036064,0.066949,0.035145,0.039375,0.041489]}
MESA-EGL: warning: egl: failed to create dri2 screen
GPU_TIMER_SAMPLE 0 1572864 3145728 2490368 7208960
GPU_TIMER_SAMPLE 1 1441792 2883584 2228224 6553600
GPU_TIMER_SAMPLE 2 1310720 3538944 5636096 10485760
GPU_TIMER_SAMPLE 3 1310720 2621440 2097152 6029312
GPU_TIMER_SAMPLE 4 1310720 2883584 3145728 7340032
GPU_TIMER_SAMPLE 5 1179648 2621440 2228224 6029312
GPU_TIMER_SAMPLE 6 1835008 3145728 2097152 7077888
GPU_TIMER_SAMPLE 7 1441792 2621440 2228224 6291456
GPU_TIMER_SAMPLE 8 1310720 2621440 2228224 6160384
GPU_TIMER_SAMPLE 9 1310720 3014656 2228224 6553600
GPU_TIMER_SAMPLE 10 1441792 2883584 2228224 6553600
GPU_TIMER_SAMPLE 11 1310720 2621440 2621440 6553600
GPU_TIMER_SAMPLE 12 1179648 5111808 2097152 8388608
GPU_TIMER_SAMPLE 13 1310720 2883584 2883584 7077888
GPU_TIMER_SAMPLE 14 1310720 2621440 5505024 9437184
GPU_TIMER_SAMPLE 15 1441792 2883584 2228224 6553600
GPU_TIMER_SAMPLE 16 1310720 2883584 2228224 6422528
GPU_TIMER_SAMPLE 17 1310720 2621440 2097152 6029312
GPU_TIMER_SAMPLE 18 1441792 2883584 2228224 6553600
GPU_TIMER_SAMPLE 19 1441792 2883584 2228224 6553600
GPU_TIMER_SAMPLE 20 1441792 2490368 2359296 6291456
GPU_TIMER_SAMPLE 21 1310720 2883584 2228224 6422528
GPU_TIMER_SAMPLE 22 1572864 2883584 2228224 6684672
GPU_TIMER_SAMPLE 23 1441792 2490368 2228224 6160384
GPU_TIMER_SAMPLE 24 1441792 2490368 2752512 6684672
GPU_TIMER_SAMPLE 25 1310720 5767168 2228224 9306112
GPU_TIMER_SAMPLE 26 1441792 2883584 2097152 6422528
GPU_TIMER_SAMPLE 27 1441792 2490368 2621440 6553600
GPU_TIMER_SAMPLE 28 1572864 3538944 4849664 9961472
GPU_TIMER_SAMPLE 29 1441792 2883584 2228224 6553600
GPU_TIMER_SAMPLE 30 1310720 2621440 2228224 6160384
GPU_TIMER_SAMPLE 31 1441792 2752512 2490368 6684672
GPU_TIMER_SAMPLE 32 1310720 2883584 2228224 6422528
GPU_TIMER_SAMPLE 33 1310720 2883584 2359296 6553600
GPU_TIMER_SAMPLE 34 1310720 2621440 2490368 6422528
GPU_TIMER_SAMPLE 35 1441792 2490368 2228224 6160384
GPU_TIMER_SAMPLE 36 1441792 2883584 2228224 6553600
GPU_TIMER_SAMPLE 37 1441792 3014656 2228224 6684672
GPU_TIMER_SAMPLE 38 1310720 2752512 4325376 8388608
GPU_TIMER_SAMPLE 39 1441792 2883584 2228224 6553600
GPU_TIMER_SAMPLE 40 1441792 2883584 2228224 6553600
GPU_TIMER_SAMPLE 41 1310720 2490368 2228224 6029312
GPU_TIMER_SAMPLE 42 1441792 3670016 5636096 10747904
GPU_TIMER_SAMPLE 43 1310720 3014656 2228224 6553600
GPU_TIMER_SAMPLE 44 1441792 2883584 2228224 6553600
GPU_TIMER_SAMPLE 45 1310720 3145728 5636096 10092544
GPU_TIMER_SAMPLE 46 1310720 2621440 2228224 6160384
GPU_TIMER_SAMPLE 47 1572864 2883584 2228224 6684672
GPU_TIMER_SAMPLE 48 1441792 2883584 2228224 6553600
GPU_TIMER_SAMPLE 49 1572864 2883584 2228224 6684672
GPU_TIMER_SAMPLE 50 1441792 2490368 2097152 6029312
GPU_TIMER_SAMPLE 51 1179648 2752512 2097152 6029312
GPU_TIMER_SAMPLE 52 1310720 2490368 2228224 6029312
GPU_TIMER_SAMPLE 53 1703936 2883584 2228224 6815744
GPU_TIMER_SAMPLE 54 1441792 3014656 3145728 7602176
GPU_TIMER_SAMPLE 55 1310720 2621440 2097152 6029312
GPU_TIMER_SAMPLE 56 1310720 2883584 2228224 6422528
GPU_TIMER_SAMPLE 57 1310720 2621440 2097152 6029312
GPU_TIMER_SAMPLE 58 1441792 2490368 2228224 6160384
GPU_TIMER_SAMPLE 59 1441792 2883584 2359296 6684672
GPU_TIMER_SAMPLE 60 1310720 2883584 2097152 6291456
GPU_TIMER_SAMPLE 61 1310720 2883584 2359296 6553600
GPU_TIMER_SAMPLE 62 1310720 3538944 5636096 10485760
GPU_TIMER_SAMPLE 63 2490368 5898240 4456448 12845056
GPU_TIMER_SAMPLE 64 2621440 4456448 2228224 9306112
GPU_TIMER_SAMPLE 65 2621440 5505024 6291456 14417920
GPU_TIMER_SAMPLE 66 1310720 2621440 2097152 6029312
GPU_TIMER_SAMPLE 67 2752512 5505024 6291456 14548992
GPU_TIMER_SAMPLE 68 2752512 4456448 2228224 9437184
GPU_TIMER_SAMPLE 69 1966080 4063232 3014656 9043968
GPU_TIMER_SAMPLE 70 1441792 2883584 2097152 6422528
GPU_TIMER_SAMPLE 71 1572864 2752512 2228224 6553600
GPU_TIMER_SAMPLE 72 1572864 2752512 2228224 6553600
GPU_TIMER_SAMPLE 73 1310720 2621440 2097152 6029312
GPU_TIMER_SAMPLE 74 1572864 2752512 2228224 6553600
GPU_TIMER_SAMPLE 75 1441792 2883584 2228224 6553600
GPU_TIMER_SAMPLE 76 1441792 2490368 2359296 6291456
GPU_TIMER_SAMPLE 77 1441792 2490368 4980736 8912896
GPU_TIMER_SAMPLE 78 1441792 2883584 2228224 6553600
GPU_TIMER_SAMPLE 79 1310720 2883584 2359296 6553600
GPU_TIMER_SAMPLE 80 1441792 2621440 2228224 6291456
GPU_TIMER_SAMPLE 81 1441792 2883584 2228224 6553600
GPU_TIMER_SAMPLE 82 1441792 3014656 2228224 6684672
GPU_TIMER_SAMPLE 83 1572864 2490368 2228224 6291456
GPU_TIMER_SAMPLE 84 2490368 5505024 2228224 10223616
GPU_TIMER_SAMPLE 85 1441792 2883584 2228224 6553600
GPU_TIMER_SAMPLE 86 1441792 2621440 2228224 6291456
GPU_TIMER_SAMPLE 87 1441792 6291456 2228224 9961472
GPU_TIMER_SAMPLE 88 1310720 2621440 2228224 6160384
GPU_TIMER_SAMPLE 89 1310720 2752512 2097152 6160384
GPU_TIMER_SAMPLE 90 1572864 4849664 2228224 8650752
GPU_TIMER_SAMPLE 91 1310720 2621440 2228224 6160384
GPU_TIMER_SAMPLE 92 1572864 2883584 2228224 6684672
GPU_TIMER_SAMPLE 93 1441792 2752512 2228224 6422528
GPU_TIMER_SAMPLE 94 1441792 2752512 2228224 6422528
GPU_TIMER_SAMPLE 95 1310720 2621440 2097152 6029312
GPU_TIMER_SAMPLE 96 1441792 2883584 2228224 6553600
GPU_TIMER_SAMPLE 97 1572864 2490368 2097152 6160384
GPU_TIMER_SAMPLE 98 1441792 2621440 4194304 8257536
GPU_TIMER_SAMPLE 99 1572864 3145728 2359296 7077888
GPU_TIMER_SAMPLE 100 1572864 2883584 2228224 6684672
GPU_TIMER_SAMPLE 101 1572864 2883584 2228224 6684672
GPU_TIMER_SAMPLE 102 1310720 2883584 2228224 6422528
GPU_TIMER_SAMPLE 103 1572864 2490368 2228224 6291456
GPU_TIMER_SAMPLE 104 1441792 2621440 2228224 6291456
GPU_TIMER_SAMPLE 105 1441792 2752512 2228224 6422528
GPU_TIMER_SAMPLE 106 1441792 3014656 2752512 7208960
GPU_TIMER_SAMPLE 107 1441792 2883584 2228224 6553600
GPU_TIMER_SAMPLE 108 1572864 2883584 2228224 6684672
GPU_TIMER_SAMPLE 109 1441792 2621440 5767168 9830400
GPU_TIMER_SAMPLE 110 1441792 2883584 2228224 6553600
GPU_TIMER_SAMPLE 111 1310720 2752512 2097152 6160384
GPU_TIMER_SAMPLE 112 1441792 2621440 2097152 6160384
GPU_TIMER_SAMPLE 113 1441792 2883584 2228224 6553600
GPU_TIMER_SAMPLE 114 1572864 2359296 2228224 6160384
GPU_TIMER_SAMPLE 115 1441792 2490368 2228224 6160384
GPU_TIMER_SAMPLE 116 1572864 2883584 2359296 6815744
GPU_TIMER_SAMPLE 117 1310720 2752512 3014656 7077888
GPU_TIMER_SAMPLE 118 1441792 2883584 2228224 6553600
GPU_TIMER_SAMPLE 119 1572864 2490368 2228224 6291456
