[  0%] Building CXX object CMakeFiles/menulib.dir/src/menu/startmatch/loadingmatch.cpp.o
[  1%] Building CXX object CMakeFiles/gamelib.dir/src/onthepitch/ecs_systems.cpp.o
[  3%] Building CXX object CMakeFiles/menulib.dir/src/menu/pagefactory.cpp.o
[  3%] Building CXX object CMakeFiles/gamelib.dir/src/onthepitch/ecs_direct_systems.cpp.o
[  3%] Building CXX object CMakeFiles/menulib.dir/src/menu/menutask.cpp.o
[  3%] Building CXX object CMakeFiles/menulib.dir/src/menu/ingame/radar.cpp.o
[  5%] Building CXX object CMakeFiles/gamelib.dir/src/ecs/system_batch.cpp.o
[  7%] Building CXX object CMakeFiles/menulib.dir/src/menu/ingame/gamepage.cpp.o
[  7%] Building CXX object CMakeFiles/menulib.dir/src/menu/ingame/scoreboard.cpp.o
[  7%] Building CXX object CMakeFiles/gamelib.dir/src/onthepitch/officials.cpp.o
[  9%] Building CXX object CMakeFiles/menulib.dir/src/menu/mainmenu.cpp.o
[  9%] Building CXX object CMakeFiles/gamelib.dir/src/onthepitch/player/humanoid/humanoid_utils.cpp.o
[  9%] Building CXX object CMakeFiles/menulib.dir/src/menu/settings.cpp.o
[ 11%] Building CXX object CMakeFiles/gamelib.dir/src/onthepitch/player/humanoid/animcollection.cpp.o
[ 13%] Building CXX object CMakeFiles/menulib.dir/src/menu/pausemenu.cpp.o
[ 13%] Linking CXX static library libmenulib.a
[ 13%] Built target menulib
[ 15%] Building CXX object CMakeFiles/datalib.dir/src/data/matchdata.cpp.o
[ 15%] Building CXX object CMakeFiles/gamelib.dir/src/onthepitch/player/humanoid/humanoidbase.cpp.o
[ 15%] Building CXX object CMakeFiles/datalib.dir/src/data/playerdata.cpp.o
[ 15%] Building CXX object CMakeFiles/datalib.dir/src/data/teamdata.cpp.o
[ 17%] Linking CXX static library libdatalib.a
[ 17%] Built target datalib
[ 19%] Building CXX object CMakeFiles/gui2lib.dir/src/utils/gui2/style.cpp.o
[ 19%] Building CXX object CMakeFiles/gui2lib.dir/src/utils/gui2/widgets/caption.cpp.o
[ 21%] Building CXX object CMakeFiles/gamelib.dir/src/onthepitch/player/humanoid/humanoid.cpp.o
[ 23%] Building CXX object CMakeFiles/gui2lib.dir/src/utils/gui2/widgets/image.cpp.o
[ 23%] Building CXX object CMakeFiles/gui2lib.dir/src/utils/gui2/widgets/root.cpp.o
[ 23%] Building CXX object CMakeFiles/gui2lib.dir/src/utils/gui2/widgets/frame.cpp.o
[ 23%] Building CXX object CMakeFiles/gamelib.dir/src/onthepitch/player/playerofficial.cpp.o
[ 25%] Building CXX object CMakeFiles/gui2lib.dir/src/utils/gui2/view.cpp.o
[ 25%] Building CXX object CMakeFiles/gamelib.dir/src/onthepitch/player/player.cpp.o
[ 25%] Building CXX object CMakeFiles/gui2lib.dir/src/utils/gui2/windowmanager.cpp.o
[ 26%] Building CXX object CMakeFiles/gui2lib.dir/src/utils/gui2/guitask.cpp.o
[ 28%] Building CXX object CMakeFiles/gamelib.dir/src/onthepitch/player/playerbase.cpp.o
[ 28%] Building CXX object CMakeFiles/gui2lib.dir/src/utils/gui2/page.cpp.o
[ 28%] Built target gui2lib
[ 28%] Building CXX object CMakeFiles/baselib.dir/src/base/sdl_surface.cpp.o
[ 28%] Building CXX object CMakeFiles/baselib.dir/src/base/utils.cpp.o
[ 28%] Building CXX object CMakeFiles/gamelib.dir/src/onthepitch/player/controller/playercontroller.cpp.o
[ 30%] Building CXX object CMakeFiles/baselib.dir/src/base/properties.cpp.o
[ 32%] Building CXX object CMakeFiles/gamelib.dir/src/onthepitch/player/controller/humancontroller.cpp.o
[ 32%] Building CXX object CMakeFiles/baselib.dir/src/base/log.cpp.o
[ 34%] Building CXX object CMakeFiles/baselib.dir/src/base/geometry/triangle.cpp.o
[ 34%] Building CXX object CMakeFiles/gamelib.dir/src/onthepitch/player/controller/icontroller.cpp.o
[ 34%] Building CXX object CMakeFiles/baselib.dir/src/base/geometry/line.cpp.o
[ 34%] Building CXX object CMakeFiles/baselib.dir/src/base/geometry/trianglemeshutils.cpp.o
[ 36%] Building CXX object CMakeFiles/gamelib.dir/src/onthepitch/player/controller/refereecontroller.cpp.o
[ 38%] Building CXX object CMakeFiles/baselib.dir/src/base/geometry/aabb.cpp.o
[ 38%] Building CXX object CMakeFiles/baselib.dir/src/base/geometry/plane.cpp.o
[ 40%] Building CXX object CMakeFiles/baselib.dir/src/base/math/vector3.cpp.o
[ 40%] Building CXX object CMakeFiles/gamelib.dir/src/onthepitch/player/controller/elizacontroller.cpp.o
[ 40%] Building CXX object CMakeFiles/baselib.dir/src/base/math/matrix3.cpp.o
[ 42%] Building CXX object CMakeFiles/baselib.dir/src/base/math/bluntmath.cpp.o
[ 42%] Building CXX object CMakeFiles/baselib.dir/src/base/math/quaternion.cpp.o
[ 42%] Building CXX object CMakeFiles/baselib.dir/src/base/math/matrix4.cpp.o
[ 42%] Building CXX object CMakeFiles/gamelib.dir/src/onthepitch/player/controller/strategies/strategy.cpp.o
[ 42%] Built target baselib
[ 44%] Building CXX object CMakeFiles/systemsgraphicslib.dir/src/systems/graphics/render_service.cpp.o
[ 44%] Building CXX object CMakeFiles/systemsgraphicslib.dir/src/systems/graphics/graphics_object.cpp.o
[ 46%] Building CXX object CMakeFiles/systemsgraphicslib.dir/src/systems/graphics/graphics_task.cpp.o
[ 48%] Building CXX object CMakeFiles/gamelib.dir/src/onthepitch/player/controller/strategies/offtheball/default_mid.cpp.o
[ 48%] Building CXX object CMakeFiles/gamelib.dir/src/onthepitch/player/controller/strategies/offtheball/default_off.cpp.o
[ 48%] Building CXX object CMakeFiles/systemsgraphicslib.dir/src/systems/graphics/objects/graphics_geometry.cpp.o
[ 50%] Building CXX object CMakeFiles/gamelib.dir/src/onthepitch/player/controller/strategies/offtheball/default_def.cpp.o
[ 50%] Building CXX object CMakeFiles/systemsgraphicslib.dir/src/systems/graphics/objects/graphics_camera.cpp.o
[ 50%] Building CXX object CMakeFiles/gamelib.dir/src/onthepitch/player/controller/strategies/offtheball/goalie_default.cpp.o
[ 51%] Building CXX object CMakeFiles/systemsgraphicslib.dir/src/systems/graphics/objects/graphics_light.cpp.o
[ 51%] Building CXX object CMakeFiles/systemsgraphicslib.dir/src/systems/graphics/objects/graphics_overlay2d.cpp.o
[ 53%] Building CXX object CMakeFiles/gamelib.dir/src/onthepitch/humangamer.cpp.o
[ 55%] Building CXX object CMakeFiles/systemsgraphicslib.dir/src/systems/graphics/graphics_scene.cpp.o
[ 55%] Building CXX object CMakeFiles/systemsgraphicslib.dir/src/systems/graphics/resources/vertexbuffer.cpp.o
[ 55%] Building CXX object CMakeFiles/gamelib.dir/src/onthepitch/ball.cpp.o
[ 55%] Building CXX object CMakeFiles/systemsgraphicslib.dir/src/systems/graphics/resources/texture.cpp.o
[ 57%] Building CXX object CMakeFiles/systemsgraphicslib.dir/src/systems/graphics/rendering/opengl_renderer3d.cpp.o
[ 57%] Building CXX object CMakeFiles/gamelib.dir/src/onthepitch/match.cpp.o
[ 57%] Building CXX object CMakeFiles/systemsgraphicslib.dir/src/systems/graphics/graphics_system.cpp.o
[ 57%] Built target systemsgraphicslib
[ 57%] Building CXX object CMakeFiles/loaderslib.dir/src/loaders/imageloader.cpp.o
[ 59%] Building CXX object CMakeFiles/loaderslib.dir/src/loaders/aseloader.cpp.o
[ 61%] Building CXX object CMakeFiles/gamelib.dir/src/onthepitch/referee.cpp.o
[ 61%] Built target loaderslib
[ 63%] Building CXX object CMakeFiles/typeslib.dir/src/types/spatial.cpp.o
[ 63%] Building CXX object CMakeFiles/typeslib.dir/src/types/refcounted.cpp.o
[ 65%] Building CXX object CMakeFiles/typeslib.dir/src/types/observer.cpp.o
[ 65%] Building CXX object CMakeFiles/typeslib.dir/src/types/command.cpp.o
[ 65%] Built target typeslib
[ 65%] Building CXX object CMakeFiles/scenelib.dir/src/scene/objectfactory.cpp.o
[ 65%] Building CXX object CMakeFiles/gamelib.dir/src/onthepitch/AIsupport/mentalimage.cpp.o
[ 67%] Building CXX object CMakeFiles/scenelib.dir/src/scene/scene2d/scene2d.cpp.o
[ 67%] Building CXX object CMakeFiles/scenelib.dir/src/scene/scene.cpp.o
[ 69%] Building CXX object CMakeFiles/scenelib.dir/src/scene/objects/image2d.cpp.o
[ 71%] Building CXX object CMakeFiles/gamelib.dir/src/onthepitch/AIsupport/AIfunctions.cpp.o
[ 71%] Building CXX object CMakeFiles/scenelib.dir/src/scene/objects/light.cpp.o
[ 71%] Building CXX object CMakeFiles/scenelib.dir/src/scene/objects/geometry.cpp.o
[ 71%] Building CXX object CMakeFiles/gamelib.dir/src/onthepitch/proceduralpitch.cpp.o
[ 73%] Building CXX object CMakeFiles/scenelib.dir/src/scene/objects/skybox.cpp.o
[ 73%] Building CXX object CMakeFiles/gamelib.dir/src/onthepitch/team.cpp.o
[ 73%] Building CXX object CMakeFiles/scenelib.dir/src/scene/objects/camera.cpp.o
[ 75%] Building CXX object CMakeFiles/scenelib.dir/src/scene/scene3d/scene3d.cpp.o
[ 75%] Building CXX object CMakeFiles/scenelib.dir/src/scene/scene3d/node.cpp.o
[ 76%] Building CXX object CMakeFiles/gamelib.dir/src/onthepitch/teamAIcontroller.cpp.o
[ 78%] Building CXX object CMakeFiles/scenelib.dir/src/scene/object.cpp.o
[ 78%] Building CXX object CMakeFiles/scenelib.dir/src/scene/resources/surface.cpp.o
[ 78%] Linking CXX static library libgamelib.a
[ 78%] Built target gamelib
[ 78%] Building CXX object CMakeFiles/utilslib.dir/src/utils/orbitcamera.cpp.o
[ 78%] Building CXX object CMakeFiles/scenelib.dir/src/scene/resources/geometrydata.cpp.o
[ 80%] Building CXX object CMakeFiles/utilslib.dir/src/utils/animation.cpp.o
[ 80%] Built target scenelib
[ 80%] Building CXX object CMakeFiles/utilslib.dir/src/utils/splitgeometry.cpp.o
[ 82%] Building CXX object CMakeFiles/utilslib.dir/src/utils/objectloader.cpp.o
[ 82%] Building CXX object CMakeFiles/utilslib.dir/src/utils/xmlloader.cpp.o
[ 84%] Building CXX object CMakeFiles/utilslib.dir/src/utils/animationextensions/footballanimationextension.cpp.o
[ 84%] Built target utilslib
[ 86%] Building CXX object CMakeFiles/blunted2.dir/src/blunted.cpp.o
[ 86%] Linking CXX static library libblunted2.a
[ 86%] Built target blunted2
[ 86%] Building CXX object CMakeFiles/football_engine.dir/src/cmake/backtrace.cpp.o
[ 88%] Building CXX object CMakeFiles/football_engine.dir/src/cmake/file.cpp.o
[ 88%] Building CXX object CMakeFiles/football_engine.dir/src/misc/perlin.cpp.o
[ 88%] Building CXX object CMakeFiles/football_engine.dir/src/misc/hungarian.cpp.o
[ 90%] Building CXX object CMakeFiles/football_engine.dir/src/gametask.cpp.o
[ 90%] Building CXX object CMakeFiles/football_engine.dir/src/utils.cpp.o
[ 92%] Building CXX object CMakeFiles/football_engine.dir/src/main.cpp.o
[ 92%] Building CXX object CMakeFiles/football_engine.dir/src/gamedefines.cpp.o
[ 94%] Building CXX object CMakeFiles/football_engine.dir/src/defines.cpp.o
[ 94%] Building CXX object CMakeFiles/football_engine.dir/src/frame_sync/input_codec.cpp.o
[ 94%] Building CXX object CMakeFiles/football_engine.dir/src/game_load.cpp.o
[ 96%] Building CXX object CMakeFiles/football_engine.dir/src/ai/ai_keyboard.cpp.o
[ 96%] Building CXX object CMakeFiles/football_engine.dir/src/ai/ai_tactics.cpp.o
[ 98%] Building CXX object CMakeFiles/football_engine.dir/src/game_env.cpp.o
[ 98%] Linking CXX shared library libfootball_engine.so
[ 98%] Built target football_engine
[ 98%] Building CXX object CMakeFiles/engine_render_budget_benchmark.dir/tests/engine_render_budget_benchmark.cpp.o
[100%] Linking CXX executable bin/engine_render_budget_benchmark
[100%] Built target engine_render_budget_benchmark
/root/work_space/football/engine/src/onthepitch/player/humanoid/animcollection.cpp: In member function ‘void AnimCollection::CrudeSelection(DataSet&, const CrudeSelectionQuery&)’:
/root/work_space/football/engine/src/onthepitch/player/humanoid/animcollection.cpp:666:122: warning: arithmetic between enumeration type ‘e_Side’ and floating-point type ‘blunted::real’ {aka ‘float’} is deprecated [-Wdeprecated-enum-float-conversion]
  666 |         if (queryIncomingToFenceSide == animSide && fenceToAnimOutgoingSide == animSide && fabs(queryIncomingToFenceSide + fenceToOutgoingAngle) < pi) continue;
      |                                                                                                 ~~~~~~~~~~~~~~~~~~~~~~~~~^~~~~~~~~~~~~~~~~~~~~~
