MESA-EGL: warning: egl: failed to create dri2 screen
 dllPath = /usr/lib/wsl/drivers/iigd_dch.inf_amd64_3e6575b60ae27560, dllName = libigdgmm_w.so.12 
 IsWddmLinux = 1, dllWslName = /usr/lib/wsl/drivers/iigd_dch.inf_amd64_3e6575b60ae27560/libigdgmm_w.so.12  flags = 2
 dllPath = /usr/lib/wsl/drivers/iigd_dch.inf_amd64_3e6575b60ae27560, dllName = libigdgmm_w.so.12 
 IsWddmLinux = 1, dllWslName = /usr/lib/wsl/drivers/iigd_dch.inf_amd64_3e6575b60ae27560/libigdgmm_w.so.12  flags = 2
GPU_POST_SAMPLE 0 2097152 4980736 262144 262144 262144 0 786432 1572864 10223616
GPU_POST_SAMPLE 1 2359296 5505024 262144 3407872 262144 0 1310720 1572864 14680064
GPU_POST_SAMPLE 2 2359296 4456448 3407872 0 262144 262144 1048576 1835008 13631488
GPU_POST_SAMPLE 3 2359296 4980736 262144 262144 262144 0 786432 1572864 10485760
GPU_POST_SAMPLE 4 2097152 6815744 4718592 524288 262144 0 2621440 2097152 19136512
GPU_POST_SAMPLE 5 2097152 4718592 0 262144 262144 0 1048576 1835008 10223616
GPU_POST_SAMPLE 6 3145728 6815744 3407872 262144 262144 0 1310720 2097152 17301504
GPU_POST_SAMPLE 7 2097152 4718592 262144 524288 262144 0 1048576 1572864 10485760
GPU_POST_SAMPLE 8 2883584 6291456 3932160 262144 524288 0 1310720 2359296 17563648
GPU_POST_SAMPLE 9 2097152 4980736 262144 262144 262144 0 1048576 1572864 10485760
GPU_POST_SAMPLE 10 2097152 3932160 262144 262144 262144 0 1048576 1310720 9175040
GPU_POST_SAMPLE 11 2359296 5505024 262144 0 262144 0 1048576 1835008 11272192
GPU_POST_SAMPLE 12 2097152 4980736 0 262144 262144 0 1048576 1835008 10485760
GPU_POST_SAMPLE 13 2359296 4980736 262144 0 262144 262144 786432 2883584 11796480
GPU_POST_SAMPLE 14 2359296 4718592 0 262144 4194304 262144 2097152 3145728 17039360
GPU_POST_SAMPLE 15 2359296 4718592 3407872 262144 262144 262144 1048576 1572864 13893632
GPU_POST_SAMPLE 16 3145728 6815744 3670016 262144 524288 0 1310720 2097152 17825792
GPU_POST_SAMPLE 17 2097152 4456448 3670016 262144 262144 0 1048576 2097152 13893632
GPU_POST_SAMPLE 18 2359296 4718592 3932160 262144 0 262144 786432 1572864 13893632
GPU_POST_SAMPLE 19 2097152 4980736 0 262144 262144 262144 786432 5242880 13893632
GPU_POST_SAMPLE 20 2359296 4718592 262144 0 262144 262144 786432 5505024 14155776
GPU_POST_SAMPLE 21 2359296 5505024 262144 262144 262144 0 1048576 5767168 15466496
GPU_POST_SAMPLE 22 2621440 4980736 262144 262144 262144 0 1048576 4980736 14417920
GPU_POST_SAMPLE 23 2097152 5505024 262144 0 262144 0 1048576 1835008 11010048
GPU_POST_SAMPLE 24 2883584 5767168 524288 262144 262144 0 1048576 1572864 12320768
GPU_POST_SAMPLE 25 2359296 4980736 524288 262144 0 0 1310720 1572864 11010048
GPU_POST_SAMPLE 26 2097152 4980736 262144 0 262144 0 1048576 1835008 10485760
GPU_POST_SAMPLE 27 2359296 4456448 2359296 524288 0 0 1048576 1835008 12582912
GPU_POST_SAMPLE 28 2621440 4980736 524288 262144 262144 0 1048576 4456448 14155776
GPU_POST_SAMPLE 29 2359296 5242880 262144 262144 0 0 1310720 1572864 11010048
GPU_POST_SAMPLE 30 3145728 5767168 262144 262144 262144 0 1048576 1835008 12582912
GPU_POST_SAMPLE 31 2621440 5505024 262144 262144 262144 0 1048576 1835008 11796480
GPU_POST_SAMPLE 32 2621440 5767168 524288 262144 262144 0 1048576 1835008 12320768
GPU_POST_SAMPLE 33 2621440 5767168 262144 262144 262144 262144 1048576 1572864 12058624
GPU_POST_SAMPLE 34 2097152 4718592 262144 262144 262144 0 1048576 1572864 10223616
GPU_POST_SAMPLE 35 2097152 4980736 262144 0 262144 0 1048576 1835008 10485760
GPU_POST_SAMPLE 36 2621440 5505024 3407872 524288 262144 0 1310720 1835008 15466496
GPU_POST_SAMPLE 37 2359296 4718592 262144 0 262144 262144 786432 6291456 14942208
GPU_POST_SAMPLE 38 2359296 3670016 262144 262144 262144 0 786432 1572864 9175040
GPU_POST_SAMPLE 39 2621440 5242880 262144 262144 0 262144 1048576 1835008 11534336
GPU_POST_SAMPLE 40 2097152 4194304 262144 262144 0 262144 786432 1835008 9699328
GPU_POST_SAMPLE 41 2097152 3932160 262144 262144 262144 262144 786432 1310720 9175040
GPU_POST_SAMPLE 42 2359296 4980736 0 524288 262144 0 786432 1835008 10747904
GPU_POST_SAMPLE 43 2359296 4980736 262144 262144 0 0 1048576 1835008 10747904
GPU_POST_SAMPLE 44 2621440 4980736 262144 262144 524288 2621440 1048576 1572864 13893632
GPU_POST_SAMPLE 45 2621440 5242880 0 262144 262144 262144 786432 4718592 14155776
GPU_POST_SAMPLE 46 2359296 5242880 262144 0 262144 262144 786432 2097152 11272192
GPU_POST_SAMPLE 47 2621440 5505024 262144 0 262144 262144 1048576 4980736 14942208
GPU_POST_SAMPLE 48 2359296 3932160 262144 262144 0 0 1048576 1310720 9175040
GPU_POST_SAMPLE 49 2097152 4194304 0 262144 262144 262144 786432 1572864 9437184
GPU_POST_SAMPLE 50 2621440 5242880 262144 262144 0 0 1048576 1835008 11272192
GPU_POST_SAMPLE 51 2097152 4456448 0 0 262144 262144 786432 1572864 9437184
GPU_POST_SAMPLE 52 2621440 5767168 262144 262144 262144 0 1048576 1835008 12058624
GPU_POST_SAMPLE 53 2097152 4718592 262144 524288 0 0 1048576 1572864 10223616
GPU_POST_SAMPLE 54 2359296 4456448 3670016 524288 262144 0 1048576 1835008 14155776
GPU_POST_SAMPLE 55 2883584 5505024 3670016 262144 262144 262144 1048576 1572864 15466496
GPU_POST_SAMPLE 56 2097152 4456448 3670016 262144 262144 262144 786432 1572864 13369344
GPU_POST_SAMPLE 57 2097152 4456448 4456448 1048576 262144 0 1310720 2359296 15990784
GPU_POST_SAMPLE 58 2621440 4718592 262144 262144 262144 0 786432 1835008 10747904
GPU_POST_SAMPLE 59 3407872 10485760 262144 262144 262144 262144 1048576 2359296 18350080
GPU_POST_SAMPLE 60 2359296 4456448 262144 262144 262144 0 1048576 1572864 10223616
GPU_POST_SAMPLE 61 2621440 4456448 262144 262144 262144 262144 786432 1572864 10485760
GPU_POST_SAMPLE 62 2097152 4718592 0 524288 262144 0 1048576 1572864 10223616
GPU_POST_SAMPLE 63 2621440 4456448 4194304 262144 0 262144 1048576 1835008 14680064
GPU_POST_SAMPLE 64 2621440 4456448 4194304 262144 524288 0 1048576 2359296 15466496
GPU_POST_SAMPLE 65 2359296 4456448 5242880 262144 524288 0 1572864 2359296 16777216
GPU_POST_SAMPLE 66 2359296 4718592 262144 262144 262144 0 1048576 1572864 10485760
GPU_POST_SAMPLE 67 2359296 4718592 3932160 524288 0 262144 1310720 2359296 15466496
GPU_POST_SAMPLE 68 2621440 4456448 3670016 262144 262144 262144 786432 1835008 14155776
GPU_POST_SAMPLE 69 2359296 4718592 262144 0 262144 262144 786432 5767168 14417920
GPU_POST_SAMPLE 70 2359296 4980736 0 262144 262144 0 1048576 1835008 10747904
GPU_POST_SAMPLE 71 2621440 4718592 262144 262144 262144 0 1048576 1572864 10747904
GPU_POST_SAMPLE 72 2621440 4456448 524288 262144 0 0 1048576 1572864 10485760
GPU_POST_SAMPLE 73 3407872 6815744 4456448 0 524288 0 1310720 2359296 18874368
GPU_POST_SAMPLE 74 2359296 4718592 0 262144 3670016 0 1048576 1835008 13893632
GPU_POST_SAMPLE 75 3407872 6553600 4456448 524288 0 262144 1310720 2097152 18612224
GPU_POST_SAMPLE 76 2359296 4718592 3145728 262144 262144 0 1048576 1835008 13631488
GPU_POST_SAMPLE 77 2359296 4456448 0 4718592 262144 0 1572864 2359296 15728640
GPU_POST_SAMPLE 78 2621440 4456448 3407872 262144 262144 0 1048576 1835008 13893632
GPU_POST_SAMPLE 79 2621440 4718592 0 262144 262144 0 1048576 4718592 13631488
GPU_POST_SAMPLE 80 3145728 6815744 4456448 0 262144 262144 1310720 2097152 18350080
GPU_POST_SAMPLE 81 3407872 6291456 4456448 262144 262144 262144 1310720 2097152 18350080
GPU_POST_SAMPLE 82 2621440 4718592 0 262144 262144 0 1048576 1835008 10747904
GPU_POST_SAMPLE 83 2359296 7602176 262144 0 262144 262144 786432 1835008 13369344
GPU_POST_SAMPLE 84 2359296 4718592 262144 0 262144 1835008 1048576 1572864 12058624
GPU_POST_SAMPLE 85 2621440 4718592 262144 262144 0 262144 1048576 3407872 12582912
GPU_POST_SAMPLE 86 3670016 10485760 262144 262144 262144 0 1310720 2359296 18612224
GPU_POST_SAMPLE 87 3407872 6029312 5242880 262144 0 262144 1310720 2359296 18874368
GPU_POST_SAMPLE 88 2359296 4980736 3407872 524288 262144 0 1310720 2359296 15204352
GPU_POST_SAMPLE 89 2359296 4718592 0 262144 262144 0 1048576 1572864 10223616
GPU_POST_SAMPLE 90 7864320 21757952 524288 524288 786432 0 2883584 8388608 42729472
GPU_POST_SAMPLE 91 6553600 10485760 8912896 524288 786432 0 3145728 3145728 33554432
GPU_POST_SAMPLE 92 2359296 4456448 262144 262144 0 0 1310720 1572864 10223616
GPU_POST_SAMPLE 93 6815744 10223616 4718592 524288 524288 0 1572864 3145728 27525120
GPU_POST_SAMPLE 94 6553600 10747904 4456448 524288 0 262144 1835008 2883584 27262976
GPU_POST_SAMPLE 95 6553600 10747904 7340032 786432 524288 262144 3145728 4980736 34340864
GPU_POST_SAMPLE 96 7077888 14417920 524288 262144 262144 262144 1572864 2621440 27000832
GPU_POST_SAMPLE 97 8126464 21233664 786432 524288 524288 262144 2359296 4980736 38797312
GPU_POST_SAMPLE 98 6553600 10747904 4194304 524288 262144 262144 1572864 2883584 27000832
GPU_POST_SAMPLE 99 6815744 10485760 4456448 524288 262144 0 1835008 2883584 27262976
GPU_POST_SAMPLE 100 8126464 25165824 524288 786432 262144 262144 2359296 3932160 41418752
GPU_POST_SAMPLE 101 7077888 10223616 8912896 786432 524288 262144 2883584 4718592 35389440
GPU_POST_SAMPLE 102 6553600 9961472 4980736 524288 262144 262144 1572864 2883584 27000832
GPU_POST_SAMPLE 103 6815744 10223616 5767168 262144 262144 262144 1572864 2883584 28049408
GPU_POST_SAMPLE 104 6291456 10223616 4456448 524288 262144 262144 1572864 2621440 26214400
GPU_POST_SAMPLE 105 6553600 10223616 4980736 524288 262144 262144 1835008 2621440 27262976
GPU_POST_SAMPLE 106 6553600 14942208 262144 524288 262144 262144 1572864 2621440 27000832
GPU_POST_SAMPLE 107 2359296 4456448 3145728 262144 0 262144 786432 1835008 13107200
GPU_POST_SAMPLE 108 3145728 7077888 2883584 262144 262144 262144 1310720 2097152 17301504
GPU_POST_SAMPLE 109 2621440 4456448 262144 262144 0 0 1048576 1835008 10485760
GPU_POST_SAMPLE 110 6291456 10747904 8126464 786432 524288 262144 2883584 3407872 33030144
GPU_POST_SAMPLE 111 3407872 7340032 3932160 262144 262144 262144 1048576 1572864 18087936
GPU_POST_SAMPLE 112 3407872 6815744 3407872 0 262144 262144 786432 1835008 16777216
GPU_POST_SAMPLE 113 3407872 6815744 3407872 262144 262144 262144 786432 1835008 17039360
GPU_POST_SAMPLE 114 2621440 4718592 262144 0 262144 0 1048576 1572864 10485760
GPU_POST_SAMPLE 115 3670016 8912896 0 524288 262144 0 1310720 2097152 16777216
GPU_POST_SAMPLE 116 2359296 4718592 262144 262144 262144 0 1048576 1572864 10485760
GPU_POST_SAMPLE 117 2359296 4456448 3407872 262144 0 262144 786432 1835008 13369344
GPU_POST_SAMPLE 118 2621440 4456448 2883584 524288 262144 0 1048576 1572864 13369344
GPU_POST_SAMPLE 119 2359296 4456448 3145728 262144 262144 0 1048576 1835008 13369344
{"seed":43,"vendor":"Microsoft Corporation","renderer":"D3D12 (Intel(R) Arc(TM) 140T GPU (16GB))","gl_version":"4.6 (Compatibility Profile) Mesa 26.2.2","gallium_path":"/root/.cache/football-mesa-build-20260913-a/install-wayland/lib/libgallium-26.2.2.so","width":1920,"height":1080,"quality":"pbr+bloom+fxaa+auto_exposure","swap_enabled":true,"swap_interval":0,"warmup_frames":30,"measured_frames":120,"in_play_frames":150,"p50_ms":30.757186,"p95_ms":50.362472,"p99_ms":70.676790,"submit_p50_ms":30.714150,"submit_p95_ms":50.318479,"finish_p50_ms":0.044694,"finish_p95_ms":0.067165,"samples_ms":[26.248909,29.665828,30.757186,30.289684,37.743055,27.867893,34.877094,25.140132,35.671664,26.608497,26.571598,29.741552,31.960048,34.011192,35.406314,28.420274,33.581080,28.034544,29.762087,29.683162,30.593377,31.009986,28.672797,29.963595,31.129413,26.876921,27.042777,26.859475,27.996103,29.301442,30.180439,30.862328,31.317742,30.539542,27.163888,24.695300,31.815505,29.064135,28.996122,30.585373,31.406610,30.589820,25.927782,24.829958,28.281333,30.845715,29.678201,32.729552,29.624383,32.544876,29.467839,27.850415,30.929247,25.325311,28.320933,31.961223,30.583382,38.459303,28.220451,34.363436,28.609427,29.537644,27.393003,31.652694,31.582819,32.652983,25.314351,33.300264,28.781189,30.187557,29.534858,27.376408,31.504443,37.520303,29.686528,34.121185,29.115411,31.566560,28.736814,29.533273,34.079760,34.345516,28.034488,32.427081,31.037983,29.442271,37.226889,39.347253,34.323612,34.210767,75.461277,50.362472,29.298894,48.717221,46.028983,58.098380,46.049631,70.676790,47.733317,46.062708,69.850392,59.547512,47.070418,46.818167,46.233365,45.010766,45.702719,28.692519,34.065862,36.126610,50.750987,36.430021,33.821396,33.052387,27.840635,33.582336,29.023842,29.018509,30.106939,31.255617],"submit_samples_ms":[26.199131,29.572522,30.714150,30.248853,37.700222,27.823074,34.836099,25.094788,35.628963,26.548492,26.530002,29.701457,31.917567,33.966783,35.363843,28.376916,33.507662,27.993822,29.718901,29.643687,30.551592,30.971643,28.633551,29.924642,31.090499,26.812794,26.997874,26.815901,27.957721,29.241258,30.140831,30.823503,31.277925,30.499823,27.120584,24.634482,31.774620,29.025676,28.955849,30.542691,31.364832,30.551293,25.886999,24.762793,28.244857,30.807235,29.635818,32.688251,29.583402,32.502943,29.427717,27.807003,30.889385,25.281873,28.278073,31.916225,30.534549,38.410705,28.174605,34.306578,28.564993,29.493329,27.347931,31.607307,31.529332,32.608202,25.270347,33.231778,28.734865,30.128953,29.494690,27.332156,31.432214,37.475609,29.641974,34.057937,29.073226,31.523707,28.694714,29.493371,34.007079,34.299783,27.985822,32.380528,30.988172,29.394563,37.160265,39.303115,34.276245,34.157692,75.416176,50.318479,29.253515,48.667299,45.979672,58.049295,46.003333,70.575799,47.685278,46.015081,69.803741,59.502457,47.022934,46.774611,46.187071,44.960235,45.653548,28.651842,34.015604,36.079717,50.706203,36.384973,33.773425,33.004309,27.794796,33.536709,28.975529,28.974197,30.060506,31.209563],"finish_samples_ms":[0.049778,0.093306,0.043036,0.040831,0.042833,0.044819,0.040995,0.045344,0.042701,0.060005,0.041596,0.040095,0.042481,0.044409,0.042471,0.043358,0.073418,0.040722,0.043186,0.039475,0.041785,0.038343,0.039246,0.038953,0.038914,0.064127,0.044903,0.043574,0.038382,0.060184,0.039608,0.038825,0.039817,0.039719,0.043304,0.060818,0.040885,0.038459,0.040273,0.042682,0.041778,0.038527,0.040783,0.067165,0.036476,0.038480,0.042383,0.041301,0.040981,0.041933,0.040122,0.043412,0.039862,0.043438,0.042860,0.044998,0.048833,0.048598,0.045846,0.056858,0.044434,0.044315,0.045072,0.045387,0.053487,0.044781,0.044004,0.068486,0.046324,0.058604,0.040168,0.044252,0.072229,0.044694,0.044554,0.063248,0.042185,0.042853,0.042100,0.039902,0.072681,0.045733,0.048666,0.046553,0.049811,0.047708,0.066624,0.044138,0.047367,0.053075,0.045101,0.043993,0.045379,0.049922,0.049311,0.049085,0.046298,0.100991,0.048039,0.047627,0.046651,0.045055,0.047484,0.043556,0.046294,0.050531,0.049171,0.040677,0.050258,0.046893,0.044784,0.045048,0.047971,0.048078,0.045839,0.045627,0.048313,0.044312,0.046433,0.046054]}
