MESA-EGL: warning: egl: failed to create dri2 screen
 dllPath = /usr/lib/wsl/drivers/iigd_dch.inf_amd64_3e6575b60ae27560, dllName = libigdgmm_w.so.12 
 IsWddmLinux = 1, dllWslName = /usr/lib/wsl/drivers/iigd_dch.inf_amd64_3e6575b60ae27560/libigdgmm_w.so.12  flags = 2
 dllPath = /usr/lib/wsl/drivers/iigd_dch.inf_amd64_3e6575b60ae27560, dllName = libigdgmm_w.so.12 
 IsWddmLinux = 1, dllWslName = /usr/lib/wsl/drivers/iigd_dch.inf_amd64_3e6575b60ae27560/libigdgmm_w.so.12  flags = 2
GPU_POST_SAMPLE 0 2621440 6029312 262144 0 262144 0 1048576 4456448 14680064
GPU_POST_SAMPLE 1 2097152 4194304 262144 262144 0 0 1048576 1310720 9175040
GPU_POST_SAMPLE 2 1835008 4456448 0 262144 262144 262144 786432 1572864 9437184
GPU_POST_SAMPLE 3 2359296 4980736 262144 262144 262144 0 1048576 1572864 10747904
GPU_POST_SAMPLE 4 2359296 5242880 262144 262144 262144 0 1048576 1835008 11272192
GPU_POST_SAMPLE 5 2359296 5242880 262144 262144 4194304 262144 1048576 1572864 15204352
GPU_POST_SAMPLE 6 1572864 4194304 262144 262144 0 0 1048576 1310720 8650752
GPU_POST_SAMPLE 7 2097152 6815744 0 262144 262144 262144 786432 1310720 11796480
GPU_POST_SAMPLE 8 1835008 2883584 0 262144 0 0 786432 1048576 6815744
GPU_POST_SAMPLE 9 1310720 3145728 0 0 262144 0 786432 1048576 6553600
GPU_POST_SAMPLE 10 1310720 3407872 262144 262144 262144 0 1048576 1048576 7602176
GPU_POST_SAMPLE 11 2621440 5505024 262144 262144 262144 0 1310720 4456448 14680064
GPU_POST_SAMPLE 12 2097152 4194304 262144 262144 0 0 1048576 1310720 9175040
GPU_POST_SAMPLE 13 1835008 3932160 0 262144 262144 262144 786432 1310720 8650752
GPU_POST_SAMPLE 14 2621440 5767168 262144 262144 262144 0 1048576 1572864 11796480
GPU_POST_SAMPLE 15 2621440 5767168 262144 262144 262144 0 1048576 1572864 11796480
GPU_POST_SAMPLE 16 1835008 4456448 262144 0 262144 0 786432 1572864 9175040
GPU_POST_SAMPLE 17 2097152 4718592 2621440 262144 262144 0 1310720 1310720 12582912
GPU_POST_SAMPLE 18 2097152 4718592 524288 262144 0 0 1048576 1835008 10485760
GPU_POST_SAMPLE 19 2359296 4980736 262144 262144 262144 0 1048576 1835008 11010048
GPU_POST_SAMPLE 20 2097152 4980736 262144 0 262144 262144 1048576 1572864 10485760
GPU_POST_SAMPLE 21 2097152 4456448 2621440 262144 262144 262144 1048576 1310720 12320768
GPU_POST_SAMPLE 22 2359296 5505024 0 262144 262144 1310720 3145728 1835008 14680064
GPU_POST_SAMPLE 23 2359296 4980736 262144 262144 262144 0 1310720 1572864 11010048
GPU_POST_SAMPLE 24 2097152 4194304 262144 262144 262144 0 1048576 1048576 9175040
GPU_POST_SAMPLE 25 2097152 4980736 0 262144 262144 262144 786432 1572864 10223616
GPU_POST_SAMPLE 26 2097152 3932160 2621440 524288 0 0 1048576 1310720 11534336
GPU_POST_SAMPLE 27 1835008 3932160 262144 262144 262144 262144 786432 1310720 8912896
GPU_POST_SAMPLE 28 2621440 6029312 262144 262144 262144 0 1048576 1835008 12320768
GPU_POST_SAMPLE 29 2883584 5505024 262144 0 524288 0 1048576 1835008 12058624
GPU_POST_SAMPLE 30 1835008 3932160 262144 262144 262144 0 1048576 1310720 8912896
GPU_POST_SAMPLE 31 2621440 5242880 262144 262144 0 262144 1048576 1572864 11272192
GPU_POST_SAMPLE 32 3407872 6815744 262144 262144 262144 262144 1048576 5767168 18087936
GPU_POST_SAMPLE 33 2359296 5767168 262144 262144 262144 262144 1048576 1310720 11534336
GPU_POST_SAMPLE 34 2359296 5242880 524288 0 262144 0 1048576 1835008 11272192
GPU_POST_SAMPLE 35 2097152 7077888 1048576 786432 1048576 2359296 1310720 4456448 20185088
GPU_POST_SAMPLE 36 1835008 4456448 3670016 524288 262144 262144 1048576 1835008 13893632
GPU_POST_SAMPLE 37 1835008 4456448 0 262144 262144 0 786432 1572864 9175040
GPU_POST_SAMPLE 38 3407872 5505024 262144 0 262144 7864320 1048576 1835008 20185088
GPU_POST_SAMPLE 39 2097152 4456448 3145728 524288 262144 0 1310720 1835008 13631488
GPU_POST_SAMPLE 40 2359296 4718592 0 262144 262144 262144 786432 5242880 13893632
GPU_POST_SAMPLE 41 2097152 3932160 524288 262144 0 0 1048576 1310720 9175040
GPU_POST_SAMPLE 42 2883584 5505024 262144 0 524288 0 1048576 1835008 12058624
GPU_POST_SAMPLE 43 2621440 5505024 262144 262144 262144 0 1048576 1835008 11796480
GPU_POST_SAMPLE 44 2097152 4718592 524288 262144 262144 0 1048576 1572864 10485760
GPU_POST_SAMPLE 45 2359296 4456448 3145728 524288 262144 0 1048576 1572864 13369344
GPU_POST_SAMPLE 46 2097152 3670016 262144 262144 0 262144 786432 1310720 8650752
GPU_POST_SAMPLE 47 3407872 6291456 524288 262144 0 0 1310720 2097152 13893632
GPU_POST_SAMPLE 48 1835008 3932160 262144 262144 262144 262144 786432 1310720 8912896
GPU_POST_SAMPLE 49 2359296 3932160 3145728 524288 262144 0 1310720 1572864 13107200
GPU_POST_SAMPLE 50 2359296 5242880 262144 262144 0 0 1048576 1835008 11010048
GPU_POST_SAMPLE 51 2359296 5242880 262144 0 262144 262144 786432 1835008 11010048
GPU_POST_SAMPLE 52 1835008 4456448 0 262144 262144 0 786432 1572864 9175040
GPU_POST_SAMPLE 53 2621440 5767168 2621440 262144 262144 262144 1048576 1572864 14417920
GPU_POST_SAMPLE 54 2621440 5242880 262144 262144 0 262144 786432 4980736 14417920
GPU_POST_SAMPLE 55 2883584 5767168 262144 1835008 262144 1835008 1310720 1835008 15990784
GPU_POST_SAMPLE 56 1835008 3932160 262144 0 262144 262144 786432 1310720 8650752
GPU_POST_SAMPLE 57 1835008 3932160 3407872 262144 262144 262144 1048576 1572864 12582912
GPU_POST_SAMPLE 58 1835008 4194304 262144 262144 0 0 3407872 1572864 11534336
GPU_POST_SAMPLE 59 2097152 4194304 262144 262144 262144 0 786432 1572864 9437184
GPU_POST_SAMPLE 60 3145728 5505024 262144 262144 262144 0 1048576 1572864 12058624
GPU_POST_SAMPLE 61 2621440 5767168 524288 262144 262144 0 1048576 1572864 12058624
GPU_POST_SAMPLE 62 2359296 5242880 262144 524288 0 0 1048576 1572864 11010048
GPU_POST_SAMPLE 63 1572864 2883584 262144 0 262144 0 524288 1048576 6553600
GPU_POST_SAMPLE 64 1310720 2621440 0 262144 262144 0 524288 1048576 6029312
GPU_POST_SAMPLE 65 1572864 2359296 0 262144 262144 0 786432 1048576 6291456
GPU_POST_SAMPLE 66 1310720 2883584 262144 0 262144 0 786432 1048576 6553600
GPU_POST_SAMPLE 67 1572864 2621440 262144 0 0 262144 786432 1048576 6553600
GPU_POST_SAMPLE 68 1572864 2883584 262144 262144 0 262144 524288 1048576 6815744
GPU_POST_SAMPLE 69 1572864 2621440 0 262144 262144 0 786432 2621440 8126464
GPU_POST_SAMPLE 70 1835008 2621440 262144 262144 262144 0 524288 1048576 6815744
GPU_POST_SAMPLE 71 1310720 4456448 0 262144 262144 0 524288 4456448 11272192
GPU_POST_SAMPLE 72 1572864 2621440 262144 0 0 0 786432 1048576 6291456
GPU_POST_SAMPLE 73 1310720 2621440 2097152 262144 262144 262144 524288 1048576 8388608
GPU_POST_SAMPLE 74 1572864 2883584 262144 262144 0 262144 524288 1048576 6815744
GPU_POST_SAMPLE 75 1310720 2883584 2621440 0 262144 0 786432 1310720 9175040
GPU_POST_SAMPLE 76 1572864 2621440 0 262144 262144 0 786432 1048576 6553600
GPU_POST_SAMPLE 77 1310720 2621440 262144 262144 0 262144 524288 786432 6029312
GPU_POST_SAMPLE 78 1572864 3407872 0 262144 262144 0 524288 1310720 7340032
GPU_POST_SAMPLE 79 1572864 2359296 262144 262144 262144 0 524288 1048576 6291456
GPU_POST_SAMPLE 80 1310720 2621440 262144 262144 0 262144 524288 1048576 6291456
GPU_POST_SAMPLE 81 1572864 3145728 0 262144 0 0 786432 1310720 7077888
GPU_POST_SAMPLE 82 1572864 2359296 262144 262144 0 262144 524288 3670016 8912896
GPU_POST_SAMPLE 83 1310720 3145728 262144 0 0 0 786432 1048576 6553600
GPU_POST_SAMPLE 84 1572864 2359296 262144 262144 0 262144 524288 786432 6029312
GPU_POST_SAMPLE 85 1572864 2359296 262144 262144 0 0 786432 1048576 6291456
GPU_POST_SAMPLE 86 1310720 2621440 262144 262144 0 262144 524288 1048576 6291456
GPU_POST_SAMPLE 87 1310720 2621440 2097152 262144 262144 0 786432 1048576 8388608
GPU_POST_SAMPLE 88 1310720 3145728 262144 0 0 0 1048576 786432 6553600
GPU_POST_SAMPLE 89 2359296 4456448 3670016 262144 262144 262144 1048576 1572864 13893632
GPU_POST_SAMPLE 90 2097152 3932160 262144 262144 262144 2621440 1048576 1572864 12058624
GPU_POST_SAMPLE 91 2097152 4194304 262144 0 262144 0 1048576 1310720 9175040
GPU_POST_SAMPLE 92 2883584 5767168 262144 262144 262144 0 1048576 4980736 15466496
GPU_POST_SAMPLE 93 2621440 5242880 262144 262144 262144 262144 1048576 1572864 11534336
GPU_POST_SAMPLE 94 1835008 4194304 262144 262144 262144 0 786432 1572864 9175040
GPU_POST_SAMPLE 95 2097152 4194304 262144 0 262144 0 786432 1572864 9175040
GPU_POST_SAMPLE 96 2621440 6029312 262144 524288 0 0 1048576 1835008 12320768
GPU_POST_SAMPLE 97 2621440 6029312 262144 262144 262144 0 1048576 1835008 12320768
GPU_POST_SAMPLE 98 2097152 4194304 262144 262144 262144 262144 786432 1572864 9699328
GPU_POST_SAMPLE 99 2097152 3932160 262144 262144 262144 0 6815744 1310720 14942208
GPU_POST_SAMPLE 100 2359296 4194304 0 262144 262144 262144 786432 5242880 13369344
GPU_POST_SAMPLE 101 2359296 4194304 524288 0 0 262144 786432 1572864 9699328
GPU_POST_SAMPLE 102 2097152 3670016 262144 262144 262144 0 1048576 1310720 8912896
GPU_POST_SAMPLE 103 2097152 4194304 2359296 262144 262144 262144 786432 1572864 11796480
GPU_POST_SAMPLE 104 2883584 5242880 262144 262144 0 2097152 3145728 1572864 15466496
GPU_POST_SAMPLE 105 2621440 5505024 0 262144 262144 0 1048576 1835008 11534336
GPU_POST_SAMPLE 106 3407872 5505024 262144 524288 262144 0 1048576 1572864 12582912
GPU_POST_SAMPLE 107 3145728 5767168 262144 0 262144 262144 786432 4456448 14942208
GPU_POST_SAMPLE 108 2883584 6029312 262144 4456448 262144 0 1048576 1835008 16777216
GPU_POST_SAMPLE 109 2097152 3932160 0 262144 262144 262144 786432 1572864 9175040
GPU_POST_SAMPLE 110 2097152 3932160 262144 262144 262144 262144 786432 1572864 9437184
GPU_POST_SAMPLE 111 2359296 3932160 2883584 0 262144 262144 786432 1310720 11796480
GPU_POST_SAMPLE 112 2621440 5242880 524288 262144 262144 0 1048576 5767168 15728640
GPU_POST_SAMPLE 113 2097152 4194304 262144 262144 262144 262144 786432 1310720 9437184
GPU_POST_SAMPLE 114 3145728 5767168 262144 262144 262144 262144 1048576 1310720 12320768
GPU_POST_SAMPLE 115 3145728 6029312 262144 262144 0 262144 1048576 1835008 12845056
GPU_POST_SAMPLE 116 2097152 4194304 262144 262144 262144 0 1048576 1310720 9437184
GPU_POST_SAMPLE 117 2097152 3932160 3145728 262144 262144 0 1048576 1310720 12058624
GPU_POST_SAMPLE 118 2097152 4194304 262144 262144 262144 0 1048576 1310720 9437184
GPU_POST_SAMPLE 119 2621440 5767168 262144 262144 262144 0 1048576 1835008 12058624
{"seed":43,"vendor":"Microsoft Corporation","renderer":"D3D12 (Intel(R) Arc(TM) 140T GPU (16GB))","gl_version":"4.6 (Compatibility Profile) Mesa 26.2.2","gallium_path":"/root/.cache/football-mesa-build-20260913-a/install-wayland/lib/libgallium-26.2.2.so","width":1920,"height":1080,"quality":"pbr+bloom+fxaa+auto_exposure","swap_enabled":true,"swap_interval":0,"warmup_frames":30,"measured_frames":120,"in_play_frames":150,"p50_ms":27.068107,"p95_ms":32.564736,"p99_ms":38.222485,"submit_p50_ms":27.030298,"submit_p95_ms":32.526257,"finish_p50_ms":0.038119,"finish_p95_ms":0.051807,"samples_ms":[31.676614,25.380338,23.255482,29.935243,32.564736,31.332282,24.038850,26.917452,24.045783,24.979463,23.539203,31.872532,30.535864,27.192306,31.502914,28.273824,26.865420,27.072704,27.484860,27.576112,25.256265,27.068107,29.459859,29.928417,27.482192,25.248110,28.194372,28.013752,28.155660,27.175323,21.632825,29.952722,31.262847,30.548410,26.748105,59.788488,29.039723,27.684891,38.222485,27.773490,28.216956,26.336854,31.507229,28.636019,25.653495,29.009382,26.821544,31.429045,24.281979,25.666702,27.829860,27.631953,22.349411,30.927350,28.320376,33.647846,22.686442,28.743494,25.682180,28.623490,32.197099,30.597447,30.118843,21.924242,21.936299,20.461105,24.896034,20.072502,22.627616,23.895940,21.677575,25.947591,22.429462,23.150830,22.165076,22.562684,20.863830,21.319501,22.106979,22.312802,19.388650,22.833034,22.739547,22.912529,22.463283,21.237749,20.525220,22.773349,21.982565,28.830935,26.472051,28.566857,31.633152,26.068367,24.948716,25.555467,28.804273,28.101931,25.884285,32.936288,27.316913,27.378022,23.460274,26.257409,30.149581,27.664700,31.989679,32.763746,34.404320,25.663866,23.730985,27.052969,30.823074,27.174631,31.986851,28.728738,26.017868,27.737018,26.432556,26.330542],"submit_samples_ms":[31.640033,25.342087,23.205797,29.900018,32.526257,31.296604,24.001819,26.874816,24.009075,24.938364,23.501084,31.835271,30.496357,27.148574,31.463965,28.209232,26.819349,27.031453,27.446604,27.538620,25.212992,27.030298,29.423446,29.891188,27.445099,25.203125,28.153999,27.976473,28.119318,27.134838,21.596292,29.914723,31.227161,30.509811,26.704925,59.743193,28.995620,27.644294,38.168648,27.704177,28.179070,26.299637,31.468564,28.597258,25.610297,28.971485,26.782894,31.392226,24.238290,25.628541,27.793408,27.589435,22.310817,30.878348,28.285077,33.612622,22.565972,28.701616,25.646808,28.587052,32.161608,30.560736,30.077555,21.884997,21.898307,20.425960,24.856233,20.036668,22.586849,23.743802,21.637382,25.912216,22.387783,23.117363,22.113269,22.527449,20.821462,21.282690,22.070152,22.275658,19.354023,22.793955,22.703434,22.871548,22.425420,21.199091,20.489205,22.737103,21.947404,28.790554,26.435171,28.530321,31.598734,26.029818,24.907571,25.518515,28.762804,28.056877,25.840010,32.895306,27.279817,27.342644,23.412188,26.220259,30.114037,27.628630,31.951840,32.727817,34.367956,25.626302,23.689813,27.016424,30.784000,27.138574,31.951955,28.690871,25.947116,27.698827,26.394428,26.292151],"finish_samples_ms":[0.036581,0.038251,0.049685,0.035225,0.038479,0.035678,0.037031,0.042636,0.036708,0.041099,0.038119,0.037261,0.039507,0.043732,0.038949,0.064592,0.046071,0.041251,0.038256,0.037492,0.043273,0.037809,0.036413,0.037229,0.037093,0.044985,0.040373,0.037279,0.036342,0.040485,0.036533,0.037999,0.035686,0.038599,0.043180,0.045295,0.044103,0.040597,0.053837,0.069313,0.037886,0.037217,0.038665,0.038761,0.043198,0.037897,0.038650,0.036819,0.043689,0.038161,0.036452,0.042518,0.038594,0.049002,0.035299,0.035224,0.120470,0.041878,0.035372,0.036438,0.035491,0.036711,0.041288,0.039245,0.037992,0.035145,0.039801,0.035834,0.040767,0.152138,0.040193,0.035375,0.041679,0.033467,0.051807,0.035235,0.042368,0.036811,0.036827,0.037144,0.034627,0.039079,0.036113,0.040981,0.037863,0.038658,0.036015,0.036246,0.035161,0.040381,0.036880,0.036536,0.034418,0.038549,0.041145,0.036952,0.041469,0.045054,0.044275,0.040982,0.037096,0.035378,0.048086,0.037150,0.035544,0.036070,0.037839,0.035929,0.036364,0.037564,0.041172,0.036545,0.039074,0.036057,0.034896,0.037867,0.070752,0.038191,0.038128,0.038391]}
