MESA-EGL: warning: egl: failed to create dri2 screen
 dllPath = /usr/lib/wsl/drivers/iigd_dch.inf_amd64_3e6575b60ae27560, dllName = libigdgmm_w.so.12 
 IsWddmLinux = 1, dllWslName = /usr/lib/wsl/drivers/iigd_dch.inf_amd64_3e6575b60ae27560/libigdgmm_w.so.12  flags = 2
 dllPath = /usr/lib/wsl/drivers/iigd_dch.inf_amd64_3e6575b60ae27560, dllName = libigdgmm_w.so.12 
 IsWddmLinux = 1, dllWslName = /usr/lib/wsl/drivers/iigd_dch.inf_amd64_3e6575b60ae27560/libigdgmm_w.so.12  flags = 2
GPU_POST_SAMPLE 0 2097152 3932160 262144 262144 0 0 1048576 1310720 8912896
GPU_POST_SAMPLE 1 2883584 6029312 262144 262144 262144 0 1048576 1835008 12582912
GPU_POST_SAMPLE 2 2883584 6029312 262144 262144 262144 0 1048576 1835008 12582912
GPU_POST_SAMPLE 3 2621440 5505024 524288 262144 262144 0 1048576 1572864 11796480
GPU_POST_SAMPLE 4 2097152 4194304 262144 0 262144 0 1048576 1310720 9175040
GPU_POST_SAMPLE 5 1835008 3932160 0 262144 262144 262144 786432 4194304 11534336
GPU_POST_SAMPLE 6 2359296 4980736 524288 262144 262144 0 1048576 1572864 11010048
GPU_POST_SAMPLE 7 1835008 3932160 262144 0 262144 262144 786432 1310720 8650752
GPU_POST_SAMPLE 8 2359296 5767168 2883584 262144 262144 0 1310720 1572864 14417920
GPU_POST_SAMPLE 9 2097152 4194304 262144 262144 0 262144 1048576 1048576 9175040
GPU_POST_SAMPLE 10 2359296 5767168 262144 524288 262144 0 1048576 1310720 11534336
GPU_POST_SAMPLE 11 2097152 4194304 262144 262144 0 262144 1048576 1310720 9437184
GPU_POST_SAMPLE 12 2097152 3932160 262144 262144 0 262144 786432 1310720 8912896
GPU_POST_SAMPLE 13 2097152 3932160 262144 262144 262144 0 1048576 1310720 9175040
GPU_POST_SAMPLE 14 2097152 4194304 3407872 262144 262144 0 1310720 1835008 13369344
GPU_POST_SAMPLE 15 1835008 4194304 262144 262144 0 0 1048576 3932160 11534336
GPU_POST_SAMPLE 16 2621440 5767168 0 524288 262144 0 1048576 4456448 14680064
GPU_POST_SAMPLE 17 2621440 5505024 524288 262144 0 0 1048576 1835008 11796480
GPU_POST_SAMPLE 18 2621440 6291456 0 262144 262144 262144 1048576 1572864 12320768
GPU_POST_SAMPLE 19 1835008 3932160 262144 262144 262144 0 786432 4456448 11796480
GPU_POST_SAMPLE 20 2359296 5242880 262144 262144 262144 0 1048576 1572864 11010048
GPU_POST_SAMPLE 21 1572864 3932160 0 262144 262144 0 524288 1048576 7602176
GPU_POST_SAMPLE 22 2359296 2883584 0 262144 262144 0 786432 1572864 8126464
GPU_POST_SAMPLE 23 2621440 5505024 262144 262144 262144 0 524288 1048576 10485760
GPU_POST_SAMPLE 24 1310720 3145728 262144 0 0 262144 786432 1048576 6815744
GPU_POST_SAMPLE 25 1835008 3932160 262144 262144 0 262144 524288 786432 7864320
GPU_POST_SAMPLE 26 1310720 3670016 0 262144 262144 0 786432 1310720 7602176
GPU_POST_SAMPLE 27 2621440 3670016 262144 0 262144 0 524288 1048576 8388608
GPU_POST_SAMPLE 28 1572864 2621440 262144 0 262144 0 786432 1048576 6553600
GPU_POST_SAMPLE 29 2359296 2359296 0 262144 262144 0 524288 1048576 6815744
GPU_POST_SAMPLE 30 1310720 2883584 262144 262144 0 0 786432 1048576 6553600
GPU_POST_SAMPLE 31 1310720 3407872 3407872 0 262144 262144 1310720 1310720 11272192
GPU_POST_SAMPLE 32 1572864 2621440 0 0 262144 0 786432 1048576 6291456
GPU_POST_SAMPLE 33 1572864 2621440 262144 262144 262144 1572864 1048576 1048576 8650752
GPU_POST_SAMPLE 34 1572864 2883584 262144 0 262144 0 786432 1048576 6815744
GPU_POST_SAMPLE 35 1310720 2359296 262144 262144 262144 0 524288 1048576 6029312
GPU_POST_SAMPLE 36 1048576 2621440 262144 262144 262144 0 524288 1048576 6029312
GPU_POST_SAMPLE 37 1572864 2621440 0 262144 0 0 786432 1048576 6291456
GPU_POST_SAMPLE 38 1310720 2621440 262144 0 262144 0 786432 1048576 6291456
GPU_POST_SAMPLE 39 1572864 3145728 262144 262144 262144 0 524288 1310720 7340032
GPU_POST_SAMPLE 40 1572864 2883584 262144 262144 0 262144 524288 1048576 6815744
GPU_POST_SAMPLE 41 1572864 2621440 262144 0 3145728 0 786432 786432 9175040
GPU_POST_SAMPLE 42 1572864 2359296 262144 0 262144 0 524288 1048576 6029312
GPU_POST_SAMPLE 43 1310720 2621440 2621440 262144 0 262144 524288 1048576 8650752
GPU_POST_SAMPLE 44 1310720 2883584 262144 262144 0 0 786432 1048576 6553600
GPU_POST_SAMPLE 45 1572864 2621440 0 262144 262144 0 524288 1048576 6291456
GPU_POST_SAMPLE 46 2359296 3932160 262144 262144 262144 0 1048576 1310720 9437184
GPU_POST_SAMPLE 47 2097152 4194304 3670016 524288 262144 0 786432 1572864 13107200
GPU_POST_SAMPLE 48 2359296 5242880 524288 0 262144 0 1048576 1835008 11272192
GPU_POST_SAMPLE 49 2621440 4718592 0 0 262144 262144 524288 1048576 9437184
GPU_POST_SAMPLE 50 1835008 3407872 4456448 0 262144 0 1048576 1310720 12320768
GPU_POST_SAMPLE 51 2097152 4194304 262144 262144 0 0 1048576 1310720 9175040
GPU_POST_SAMPLE 52 1835008 4456448 0 262144 262144 0 786432 1572864 9175040
GPU_POST_SAMPLE 53 2097152 3932160 524288 0 0 262144 786432 4456448 12058624
GPU_POST_SAMPLE 54 2621440 5767168 262144 0 262144 262144 1048576 1572864 11796480
GPU_POST_SAMPLE 55 2097152 3670016 262144 262144 262144 0 786432 1572864 8912896
GPU_POST_SAMPLE 56 1310720 2621440 262144 262144 0 0 786432 1048576 6291456
GPU_POST_SAMPLE 57 1572864 2621440 262144 262144 262144 0 1048576 1572864 7602176
GPU_POST_SAMPLE 58 2359296 2883584 262144 0 0 262144 786432 786432 7340032
GPU_POST_SAMPLE 59 1572864 2621440 262144 0 262144 0 786432 5242880 10747904
GPU_POST_SAMPLE 60 1572864 2883584 0 262144 262144 0 524288 1310720 6815744
GPU_POST_SAMPLE 61 1572864 2621440 262144 262144 0 0 786432 786432 6291456
GPU_POST_SAMPLE 62 1310720 2883584 0 0 262144 0 786432 1048576 6291456
GPU_POST_SAMPLE 63 1572864 2883584 262144 0 0 262144 786432 1048576 6815744
GPU_POST_SAMPLE 64 1310720 2883584 262144 0 262144 0 524288 1048576 6291456
GPU_POST_SAMPLE 65 1572864 2359296 262144 262144 262144 0 524288 1048576 6291456
GPU_POST_SAMPLE 66 1572864 2621440 0 262144 262144 0 524288 1048576 6291456
GPU_POST_SAMPLE 67 1572864 4194304 262144 262144 0 262144 524288 1048576 8126464
GPU_POST_SAMPLE 68 1572864 2621440 262144 262144 262144 0 524288 1048576 6553600
GPU_POST_SAMPLE 69 1310720 2883584 262144 0 0 0 786432 3932160 9175040
GPU_POST_SAMPLE 70 1310720 3145728 262144 0 0 0 786432 1048576 6553600
GPU_POST_SAMPLE 71 1572864 3145728 262144 262144 0 3407872 1048576 1572864 11272192
GPU_POST_SAMPLE 72 2097152 4194304 262144 262144 262144 0 786432 1572864 9437184
GPU_POST_SAMPLE 73 3145728 5767168 262144 0 262144 262144 786432 1835008 12320768
GPU_POST_SAMPLE 74 2097152 4456448 0 262144 262144 0 786432 1572864 9437184
GPU_POST_SAMPLE 75 2097152 3932160 262144 262144 262144 0 786432 1572864 9175040
GPU_POST_SAMPLE 76 2621440 5505024 2883584 262144 262144 0 1048576 1572864 14155776
GPU_POST_SAMPLE 77 1835008 4194304 0 262144 0 262144 786432 1572864 8912896
GPU_POST_SAMPLE 78 1835008 6553600 262144 262144 262144 0 786432 1572864 11534336
GPU_POST_SAMPLE 79 2097152 3932160 262144 262144 0 262144 786432 4456448 12058624
GPU_POST_SAMPLE 80 2097152 3670016 262144 262144 262144 262144 786432 1310720 8912896
GPU_POST_SAMPLE 81 2097152 4194304 262144 262144 262144 0 1048576 1310720 9437184
GPU_POST_SAMPLE 82 3145728 5505024 2883584 0 262144 0 786432 1572864 14155776
GPU_POST_SAMPLE 83 3145728 5505024 262144 262144 262144 0 1048576 1835008 12320768
GPU_POST_SAMPLE 84 2883584 5767168 262144 262144 262144 0 1048576 6291456 16777216
GPU_POST_SAMPLE 85 2621440 5505024 262144 0 262144 262144 1048576 1835008 11796480
GPU_POST_SAMPLE 86 2097152 4194304 262144 262144 262144 0 786432 1572864 9437184
GPU_POST_SAMPLE 87 2359296 3932160 2621440 262144 262144 0 1048576 1572864 12058624
GPU_POST_SAMPLE 88 2883584 5767168 4194304 0 262144 262144 1048576 1835008 16252928
GPU_POST_SAMPLE 89 2097152 4194304 262144 262144 262144 262144 786432 1572864 9699328
GPU_POST_SAMPLE 90 2883584 5767168 262144 524288 262144 0 1048576 1572864 12320768
GPU_POST_SAMPLE 91 2097152 4194304 262144 262144 262144 0 786432 1572864 9437184
GPU_POST_SAMPLE 92 2097152 4194304 262144 262144 262144 0 2621440 1572864 11272192
GPU_POST_SAMPLE 93 2621440 5242880 262144 262144 262144 0 1048576 1572864 11272192
GPU_POST_SAMPLE 94 2097152 4194304 262144 0 262144 0 786432 1572864 9175040
GPU_POST_SAMPLE 95 2359296 3932160 262144 262144 262144 0 3670016 1310720 12058624
GPU_POST_SAMPLE 96 2621440 5767168 262144 262144 524288 0 1048576 1572864 12058624
GPU_POST_SAMPLE 97 1835008 4194304 262144 262144 262144 0 786432 1572864 9175040
GPU_POST_SAMPLE 98 2883584 4456448 262144 0 262144 0 786432 1048576 9699328
GPU_POST_SAMPLE 99 1310720 3407872 0 262144 262144 0 786432 1048576 7077888
GPU_POST_SAMPLE 100 3145728 4718592 0 262144 262144 262144 1048576 1572864 11272192
GPU_POST_SAMPLE 101 6291456 10223616 3670016 0 262144 262144 786432 1835008 23330816
GPU_POST_SAMPLE 102 2621440 5242880 262144 262144 262144 0 1310720 2097152 12058624
GPU_POST_SAMPLE 103 4194304 7340032 524288 0 262144 4194304 1310720 1572864 19398656
GPU_POST_SAMPLE 104 2359296 4194304 262144 262144 262144 0 786432 1572864 9699328
GPU_POST_SAMPLE 105 2097152 4194304 524288 0 262144 0 1048576 1310720 9437184
GPU_POST_SAMPLE 106 2097152 4194304 262144 262144 2621440 262144 786432 1572864 12058624
GPU_POST_SAMPLE 107 2359296 4194304 262144 0 262144 262144 786432 1572864 9699328
GPU_POST_SAMPLE 108 2883584 5767168 262144 262144 0 262144 1048576 5505024 15990784
GPU_POST_SAMPLE 109 2097152 4194304 262144 262144 262144 0 786432 1572864 9437184
GPU_POST_SAMPLE 110 2359296 4456448 262144 262144 262144 0 1048576 1835008 10485760
GPU_POST_SAMPLE 111 2359296 4456448 4194304 524288 262144 0 1048576 2097152 14942208
GPU_POST_SAMPLE 112 2359296 4456448 3145728 524288 0 0 1310720 2097152 13893632
GPU_POST_SAMPLE 113 2359296 4194304 262144 262144 3670016 262144 786432 1572864 13369344
GPU_POST_SAMPLE 114 2883584 5505024 3407872 262144 0 262144 1048576 1835008 15204352
GPU_POST_SAMPLE 115 2359296 4456448 262144 262144 3670016 262144 786432 1835008 13893632
GPU_POST_SAMPLE 116 2621440 4718592 262144 262144 0 0 1310720 1572864 10747904
GPU_POST_SAMPLE 117 2359296 4194304 262144 262144 0 262144 786432 1572864 9699328
GPU_POST_SAMPLE 118 2359296 4194304 262144 262144 0 0 1048576 1310720 9437184
GPU_POST_SAMPLE 119 2359296 3932160 262144 2097152 262144 0 1048576 1310720 11272192
{"seed":43,"vendor":"Microsoft Corporation","renderer":"D3D12 (Intel(R) Arc(TM) 140T GPU (16GB))","gl_version":"4.6 (Compatibility Profile) Mesa 26.2.2","gallium_path":"/root/.cache/football-mesa-build-20260913-a/install-wayland/lib/libgallium-26.2.2.so","width":1920,"height":1080,"quality":"pbr+bloom+fxaa+auto_exposure","swap_enabled":true,"swap_interval":0,"warmup_frames":30,"measured_frames":120,"in_play_frames":150,"p50_ms":24.777750,"p95_ms":31.657103,"p99_ms":36.203558,"submit_p50_ms":24.722031,"submit_p95_ms":31.621131,"finish_p50_ms":0.038073,"finish_p95_ms":0.059079,"samples_ms":[26.527020,32.549873,32.057149,26.824108,26.194092,25.985845,28.139292,22.646178,28.500428,28.087873,29.417966,24.264739,23.374342,24.272114,29.482428,24.777750,30.527669,25.828584,27.721872,24.661389,28.815991,21.331328,24.759222,25.063277,21.089576,23.187997,23.079630,25.509702,19.045710,22.139232,19.235087,25.524858,18.996404,23.960537,22.162568,20.705699,19.272903,21.400846,21.476553,23.082990,19.616857,23.371931,20.789424,23.912014,20.887014,22.676170,24.050907,26.635363,27.972274,23.752518,26.789470,24.308268,23.720216,24.645201,28.632670,23.774816,19.900226,20.197704,23.220267,24.159200,20.387145,21.982598,20.288749,22.256223,18.804144,22.826543,19.839263,23.129387,20.774212,22.507966,22.326113,25.422192,26.995077,31.211012,25.873278,25.385916,29.321845,23.741372,26.987446,27.167804,25.072926,23.035064,27.477102,30.745089,31.657103,27.452420,24.048242,27.061806,32.645220,26.346404,29.228406,24.009639,24.423494,29.115007,25.182121,24.618075,26.943375,21.581884,24.192560,20.022284,29.539091,42.872725,33.371654,36.203558,26.287218,24.398228,27.578523,29.414863,30.839734,25.188089,28.335961,29.029708,28.800238,30.994836,31.278721,30.246265,30.358270,25.891715,23.052615,25.960629],"submit_samples_ms":[26.488947,32.513883,32.020322,26.784342,26.149828,25.951324,28.101862,22.601441,28.464776,28.049890,29.383695,24.222321,23.341261,24.230006,29.440982,24.682622,30.492891,25.788192,27.676170,24.627938,28.779949,21.295435,24.722031,25.023517,21.054285,23.143844,23.042890,25.473994,19.009973,22.104354,19.176008,25.487930,18.932335,23.924127,22.118657,20.668711,19.236942,21.355539,21.441848,23.043204,19.580988,23.335045,20.749284,23.878644,20.845475,22.639625,24.009793,26.597350,27.939080,23.703358,26.749349,24.269737,23.676845,24.609305,28.597956,23.734766,19.863648,20.144769,23.178970,24.121739,20.344777,21.946936,20.253103,22.218333,18.763795,22.786645,19.802929,23.093228,20.732249,22.474135,22.270539,25.384271,26.953231,31.165575,25.828402,25.350352,29.263006,23.698485,26.910811,27.128058,25.014416,22.977216,27.441532,30.679797,31.621131,27.417257,23.986884,27.027554,32.605728,26.308424,29.191485,23.960390,24.387988,29.077767,25.140313,24.582588,26.905860,21.547447,24.156125,19.986385,29.494753,42.831371,33.331956,36.163552,26.247738,24.354222,27.538949,29.377392,30.800828,25.145168,28.265169,28.987026,28.757819,30.954290,31.238333,30.208983,30.321174,25.855195,22.994080,25.925086],"finish_samples_ms":[0.038073,0.035990,0.036827,0.039766,0.044264,0.034521,0.037430,0.044737,0.035652,0.037983,0.034271,0.042418,0.033081,0.042108,0.041446,0.095128,0.034778,0.040392,0.045702,0.033451,0.036042,0.035893,0.037191,0.039760,0.035291,0.044153,0.036740,0.035708,0.035737,0.034878,0.059079,0.036928,0.064069,0.036410,0.043911,0.036988,0.035961,0.045307,0.034705,0.039786,0.035869,0.036886,0.040140,0.033370,0.041539,0.036545,0.041114,0.038013,0.033194,0.049160,0.040121,0.038531,0.043371,0.035896,0.034714,0.040050,0.036578,0.052935,0.041297,0.037461,0.042368,0.035662,0.035646,0.037890,0.040349,0.039898,0.036334,0.036159,0.041963,0.033831,0.055574,0.037921,0.041846,0.045437,0.044876,0.035564,0.058839,0.042887,0.076635,0.039746,0.058510,0.057848,0.035570,0.065292,0.035972,0.035163,0.061358,0.034252,0.039492,0.037980,0.036921,0.049249,0.035506,0.037240,0.041808,0.035487,0.037515,0.034437,0.036435,0.035899,0.044338,0.041354,0.039698,0.040006,0.039480,0.044006,0.039574,0.037471,0.038906,0.042921,0.070792,0.042682,0.042419,0.040546,0.040388,0.037282,0.037096,0.036520,0.058535,0.035543]}
