MESA-EGL: warning: egl: failed to create dri2 screen
 dllPath = /usr/lib/wsl/drivers/iigd_dch.inf_amd64_3e6575b60ae27560, dllName = libigdgmm_w.so.12 
 IsWddmLinux = 1, dllWslName = /usr/lib/wsl/drivers/iigd_dch.inf_amd64_3e6575b60ae27560/libigdgmm_w.so.12  flags = 2
 dllPath = /usr/lib/wsl/drivers/iigd_dch.inf_amd64_3e6575b60ae27560, dllName = libigdgmm_w.so.12 
 IsWddmLinux = 1, dllWslName = /usr/lib/wsl/drivers/iigd_dch.inf_amd64_3e6575b60ae27560/libigdgmm_w.so.12  flags = 2
GPU_POST_SAMPLE 0 1048576 1835008 262144 0 262144 0 524288 786432 4718592
GPU_POST_SAMPLE 1 1048576 2097152 262144 0 262144 0 524288 1048576 5242880
GPU_POST_SAMPLE 2 1048576 2097152 0 0 0 262144 524288 524288 4456448
GPU_POST_SAMPLE 3 1048576 2097152 0 0 0 262144 524288 524288 4456448
GPU_POST_SAMPLE 4 1048576 2097152 1572864 262144 262144 0 1048576 1572864 7864320
GPU_POST_SAMPLE 5 1048576 2097152 262144 0 262144 0 524288 786432 4980736
GPU_POST_SAMPLE 6 1048576 2359296 262144 0 0 0 524288 786432 4980736
GPU_POST_SAMPLE 7 1310720 1835008 1572864 0 0 262144 524288 786432 6291456
GPU_POST_SAMPLE 8 1048576 3670016 262144 262144 0 0 524288 786432 6553600
GPU_POST_SAMPLE 9 1572864 2359296 0 0 0 262144 524288 524288 5242880
GPU_POST_SAMPLE 10 1310720 1835008 0 262144 0 0 524288 786432 4718592
GPU_POST_SAMPLE 11 1048576 1835008 262144 0 262144 0 524288 786432 4718592
GPU_POST_SAMPLE 12 1048576 4194304 2359296 0 0 262144 524288 786432 9175040
GPU_POST_SAMPLE 13 2097152 2097152 262144 0 262144 0 524288 786432 6029312
GPU_POST_SAMPLE 14 1310720 2621440 0 0 262144 0 786432 786432 5767168
GPU_POST_SAMPLE 15 1310720 3145728 2621440 524288 262144 0 786432 1048576 9699328
GPU_POST_SAMPLE 16 1048576 2621440 0 262144 0 262144 262144 786432 5242880
GPU_POST_SAMPLE 17 1048576 1835008 0 262144 0 262144 524288 524288 4456448
GPU_POST_SAMPLE 18 1048576 1835008 262144 0 262144 0 524288 786432 4718592
GPU_POST_SAMPLE 19 1048576 1835008 0 262144 0 262144 262144 786432 4456448
GPU_POST_SAMPLE 20 1048576 1572864 262144 262144 0 0 524288 786432 4456448
GPU_POST_SAMPLE 21 1048576 2621440 262144 262144 0 0 524288 524288 5242880
GPU_POST_SAMPLE 22 1310720 2621440 262144 262144 262144 0 786432 1572864 7077888
GPU_POST_SAMPLE 23 1310720 2883584 0 262144 0 262144 524288 524288 5767168
GPU_POST_SAMPLE 24 1048576 1835008 0 262144 0 262144 524288 524288 4456448
GPU_POST_SAMPLE 25 1048576 2097152 0 0 0 262144 524288 524288 4456448
GPU_POST_SAMPLE 26 1048576 4718592 0 262144 0 262144 524288 524288 7340032
GPU_POST_SAMPLE 27 1048576 2097152 0 262144 0 0 524288 524288 4456448
GPU_POST_SAMPLE 28 1310720 2097152 0 0 0 0 786432 524288 4718592
GPU_POST_SAMPLE 29 1048576 2097152 0 262144 0 262144 262144 786432 4718592
GPU_POST_SAMPLE 30 1048576 2097152 262144 0 0 0 524288 786432 4718592
GPU_POST_SAMPLE 31 1048576 3670016 0 262144 0 0 524288 524288 6029312
GPU_POST_SAMPLE 32 1048576 2359296 262144 262144 0 0 786432 524288 5242880
GPU_POST_SAMPLE 33 1310720 2097152 262144 262144 0 0 524288 786432 5242880
GPU_POST_SAMPLE 34 1310720 2621440 262144 0 0 0 786432 786432 5767168
GPU_POST_SAMPLE 35 1048576 2883584 262144 0 262144 0 786432 524288 5767168
GPU_POST_SAMPLE 36 1048576 1835008 262144 0 262144 0 524288 786432 4718592
GPU_POST_SAMPLE 37 1048576 2097152 262144 0 262144 0 524288 786432 4980736
GPU_POST_SAMPLE 38 1048576 2097152 0 0 0 262144 524288 524288 4456448
GPU_POST_SAMPLE 39 1048576 4194304 262144 0 262144 0 524288 786432 7077888
GPU_POST_SAMPLE 40 1310720 2097152 0 0 262144 0 524288 786432 4980736
GPU_POST_SAMPLE 41 1310720 3145728 262144 0 0 0 524288 786432 6029312
GPU_POST_SAMPLE 42 1310720 1835008 0 262144 262144 0 262144 1048576 4980736
GPU_POST_SAMPLE 43 1048576 2097152 262144 0 262144 0 262144 1048576 4980736
GPU_POST_SAMPLE 44 1048576 2097152 0 0 262144 0 524288 786432 4718592
GPU_POST_SAMPLE 45 1310720 1835008 0 262144 0 262144 262144 786432 4718592
GPU_POST_SAMPLE 46 1048576 1835008 262144 262144 0 0 524288 786432 4718592
GPU_POST_SAMPLE 47 1572864 6291456 2883584 262144 0 0 524288 786432 12320768
GPU_POST_SAMPLE 48 1572864 2097152 262144 0 0 0 786432 524288 5242880
GPU_POST_SAMPLE 49 1048576 1835008 262144 262144 0 0 524288 524288 4456448
GPU_POST_SAMPLE 50 1310720 2621440 262144 262144 0 0 524288 786432 5767168
GPU_POST_SAMPLE 51 1310720 1572864 262144 262144 0 0 524288 786432 4718592
GPU_POST_SAMPLE 52 1048576 6291456 0 0 262144 0 524288 786432 8912896
GPU_POST_SAMPLE 53 1310720 2359296 0 0 0 262144 524288 524288 4980736
GPU_POST_SAMPLE 54 1048576 3407872 262144 0 262144 0 1048576 1310720 7340032
GPU_POST_SAMPLE 55 1310720 2621440 0 262144 0 262144 262144 786432 5505024
GPU_POST_SAMPLE 56 1048576 2097152 0 262144 0 262144 262144 786432 4718592
GPU_POST_SAMPLE 57 1048576 2359296 262144 262144 0 0 524288 524288 4980736
GPU_POST_SAMPLE 58 1048576 2097152 262144 0 262144 0 262144 1048576 4980736
GPU_POST_SAMPLE 59 1310720 2097152 0 0 2883584 0 524288 1048576 7864320
GPU_POST_SAMPLE 60 1572864 2359296 0 0 262144 0 524288 786432 5505024
GPU_POST_SAMPLE 61 1835008 2097152 262144 0 0 0 524288 786432 5505024
GPU_POST_SAMPLE 62 1048576 1835008 262144 0 262144 0 524288 786432 4718592
GPU_POST_SAMPLE 63 1310720 1835008 2097152 0 262144 0 524288 524288 6553600
GPU_POST_SAMPLE 64 1048576 2097152 0 262144 0 0 524288 786432 4718592
GPU_POST_SAMPLE 65 1048576 2097152 262144 0 0 0 524288 786432 4718592
GPU_POST_SAMPLE 66 1572864 2883584 0 0 262144 0 524288 786432 6029312
GPU_POST_SAMPLE 67 1048576 2097152 262144 0 262144 0 524288 786432 4980736
GPU_POST_SAMPLE 68 1048576 4980736 262144 262144 0 0 524288 786432 7864320
GPU_POST_SAMPLE 69 1048576 2097152 262144 0 262144 0 262144 786432 4718592
GPU_POST_SAMPLE 70 1310720 2097152 0 0 0 262144 524288 524288 4718592
GPU_POST_SAMPLE 71 1310720 1835008 0 262144 0 0 524288 786432 4718592
GPU_POST_SAMPLE 72 3145728 2097152 0 262144 0 0 524288 786432 6815744
GPU_POST_SAMPLE 73 1048576 1835008 262144 0 262144 0 524288 786432 4718592
GPU_POST_SAMPLE 74 1048576 1835008 262144 262144 0 0 524288 786432 4718592
GPU_POST_SAMPLE 75 1048576 2097152 262144 0 262144 0 262144 3407872 7340032
GPU_POST_SAMPLE 76 1048576 2097152 0 262144 0 0 524288 786432 4718592
GPU_POST_SAMPLE 77 1048576 2097152 262144 0 262144 0 262144 1048576 4980736
GPU_POST_SAMPLE 78 1310720 2359296 0 0 262144 0 524288 786432 5242880
GPU_POST_SAMPLE 79 1310720 2359296 262144 0 262144 0 1048576 1310720 6553600
GPU_POST_SAMPLE 80 1048576 2097152 0 262144 0 0 524288 786432 4718592
GPU_POST_SAMPLE 81 1048576 2097152 262144 0 0 0 1048576 4456448 8912896
GPU_POST_SAMPLE 82 1048576 2359296 0 262144 262144 0 262144 1048576 5242880
GPU_POST_SAMPLE 83 1310720 1835008 262144 0 3407872 262144 524288 786432 8388608
GPU_POST_SAMPLE 84 1310720 2097152 0 0 262144 0 524288 786432 4980736
GPU_POST_SAMPLE 85 1048576 1835008 0 262144 0 0 524288 786432 4456448
GPU_POST_SAMPLE 86 1310720 2883584 262144 262144 262144 0 786432 3670016 9437184
GPU_POST_SAMPLE 87 1310720 2883584 0 262144 0 0 786432 524288 5767168
GPU_POST_SAMPLE 88 1310720 2097152 0 262144 0 262144 524288 524288 4980736
GPU_POST_SAMPLE 89 1048576 1835008 262144 0 262144 0 262144 786432 4456448
GPU_POST_SAMPLE 90 1048576 1835008 262144 0 262144 0 262144 1048576 4718592
GPU_POST_SAMPLE 91 1048576 2621440 0 262144 0 0 524288 786432 5242880
GPU_POST_SAMPLE 92 1048576 1835008 0 262144 0 262144 524288 786432 4718592
GPU_POST_SAMPLE 93 1310720 2359296 262144 0 262144 0 524288 786432 5505024
GPU_POST_SAMPLE 94 1310720 2359296 3407872 0 0 0 786432 524288 8388608
GPU_POST_SAMPLE 95 1310720 2359296 0 262144 0 0 786432 524288 5242880
GPU_POST_SAMPLE 96 1310720 2097152 262144 0 262144 0 524288 786432 5242880
GPU_POST_SAMPLE 97 1310720 2883584 3407872 0 262144 0 786432 524288 9175040
GPU_POST_SAMPLE 98 1048576 1835008 262144 0 262144 0 262144 1048576 4718592
GPU_POST_SAMPLE 99 1310720 1835008 262144 0 0 0 524288 786432 4718592
GPU_POST_SAMPLE 100 1048576 5242880 0 262144 0 0 524288 786432 7864320
GPU_POST_SAMPLE 101 1048576 2097152 262144 0 0 0 524288 786432 4718592
GPU_POST_SAMPLE 102 1048576 1835008 0 262144 262144 0 524288 786432 4718592
GPU_POST_SAMPLE 103 1835008 2883584 0 262144 0 262144 262144 1048576 6553600
GPU_POST_SAMPLE 104 1572864 3145728 0 262144 0 0 524288 524288 6029312
GPU_POST_SAMPLE 105 1048576 1835008 262144 0 262144 0 524288 786432 4718592
GPU_POST_SAMPLE 106 1048576 1835008 262144 0 262144 0 524288 786432 4718592
GPU_POST_SAMPLE 107 1310720 6291456 262144 0 262144 0 524288 786432 9437184
GPU_POST_SAMPLE 108 1310720 1835008 0 262144 0 262144 262144 786432 4718592
GPU_POST_SAMPLE 109 1310720 2621440 0 0 262144 0 786432 786432 5767168
GPU_POST_SAMPLE 110 1835008 4456448 0 262144 0 262144 524288 786432 8126464
GPU_POST_SAMPLE 111 1310720 2097152 0 262144 0 262144 262144 786432 4980736
GPU_POST_SAMPLE 112 1048576 2097152 0 262144 0 262144 262144 1048576 4980736
GPU_POST_SAMPLE 113 1048576 2621440 2097152 262144 262144 0 524288 786432 7602176
GPU_POST_SAMPLE 114 1572864 2097152 262144 0 262144 0 262144 1048576 5505024
GPU_POST_SAMPLE 115 1310720 1835008 0 262144 0 0 524288 786432 4718592
GPU_POST_SAMPLE 116 1572864 2621440 2883584 262144 0 0 524288 786432 8650752
GPU_POST_SAMPLE 117 1048576 2097152 0 262144 0 0 524288 786432 4718592
GPU_POST_SAMPLE 118 1310720 2097152 0 0 262144 0 524288 786432 4980736
GPU_POST_SAMPLE 119 1048576 2097152 0 0 0 262144 524288 786432 4718592
{"seed":42,"vendor":"Microsoft Corporation","renderer":"D3D12 (Intel(R) Arc(TM) 140T GPU (16GB))","gl_version":"4.6 (Compatibility Profile) Mesa 26.2.2","gallium_path":"/root/.cache/football-mesa-build-20260913-a/install-wayland/lib/libgallium-26.2.2.so","width":1920,"height":1080,"quality":"pbr+bloom+fxaa+auto_exposure","swap_enabled":true,"swap_interval":0,"warmup_frames":30,"measured_frames":120,"in_play_frames":141,"p50_ms":19.233091,"p95_ms":23.613884,"p99_ms":25.855512,"submit_p50_ms":19.202383,"submit_p95_ms":23.572029,"finish_p50_ms":0.035768,"finish_p95_ms":0.049027,"samples_ms":[23.821479,23.378956,17.198091,17.268325,20.024277,19.233091,22.381644,18.494552,20.278450,19.290823,18.163015,17.025433,21.177954,19.790185,19.878068,22.192081,19.243232,18.583201,18.567593,17.987268,21.694580,17.698728,20.287317,19.693486,19.087891,17.434778,23.620390,18.331599,18.156636,19.950651,16.992066,19.267249,18.267821,19.777747,19.136917,21.075523,16.751975,17.950954,17.133439,22.492759,18.632392,18.608701,22.332837,19.763526,17.260444,18.367534,17.952741,25.855512,21.947279,19.020262,21.784543,17.155740,24.713232,18.736908,21.834856,19.277153,17.506261,18.890407,17.316552,20.265481,18.771986,19.893212,17.715562,19.984642,17.575233,18.147627,20.521896,16.951087,19.873008,17.572345,18.773843,16.466319,22.871079,18.773581,18.642294,20.457634,20.327379,18.069792,19.177925,19.721502,22.529332,22.609438,22.925047,22.716598,19.030668,20.094988,22.700149,19.056635,18.597217,19.547610,17.727506,21.325456,18.662025,17.861514,22.044418,18.473905,19.435150,24.330875,17.235092,21.530097,21.170734,17.065154,17.141289,20.883556,19.490621,20.315324,19.394323,26.088639,18.172062,20.134543,21.713843,17.916010,17.873779,23.613884,19.154568,18.587807,21.735039,19.477452,18.284703,16.770395],"submit_samples_ms":[23.780890,23.330784,17.162042,17.232329,19.990596,19.203087,22.344991,18.459553,20.245939,19.247923,18.130662,16.990739,21.143061,19.751836,19.843573,22.158702,19.202383,18.531725,18.534800,17.955093,21.649862,17.666816,20.252133,19.665720,19.026597,17.400260,23.587211,18.292483,18.116819,19.916654,16.958515,19.231481,18.211025,19.740037,19.102908,21.042664,16.716004,17.915522,17.082212,22.458806,18.588710,18.568771,22.297679,19.727432,17.221832,18.333269,17.919248,25.816548,21.912190,18.989665,21.737926,17.117642,24.680279,18.694453,21.800113,19.223392,17.470478,18.853413,17.281537,20.232721,18.739077,19.854181,17.682130,19.947845,17.541444,18.104577,20.487869,16.918187,19.839429,17.525195,18.738322,16.432083,22.835944,18.739044,18.606486,20.421772,20.291816,18.030085,19.144404,19.685842,22.482317,22.574512,22.880450,22.683323,18.997005,20.054392,22.666531,19.022068,18.547486,19.514681,17.692326,21.292572,18.612998,17.824076,22.008957,18.433806,19.390316,24.297617,17.188509,21.492147,21.133404,17.027091,17.100108,20.835319,19.455384,20.276858,19.358102,26.048110,18.125601,20.101324,21.670327,17.874760,17.838325,23.572029,19.117100,18.549180,21.701914,19.432067,18.244420,16.735031],"finish_samples_ms":[0.040589,0.048172,0.036049,0.035996,0.033681,0.030004,0.036653,0.034999,0.032511,0.042900,0.032353,0.034694,0.034893,0.038349,0.034495,0.033379,0.040849,0.051476,0.032793,0.032175,0.044718,0.031912,0.035184,0.027766,0.061294,0.034518,0.033179,0.039116,0.039817,0.033997,0.033551,0.035768,0.056796,0.037710,0.034009,0.032859,0.035971,0.035432,0.051227,0.033953,0.043682,0.039930,0.035158,0.036094,0.038612,0.034265,0.033493,0.038964,0.035089,0.030597,0.046617,0.038098,0.032953,0.042455,0.034743,0.053761,0.035783,0.036994,0.035015,0.032760,0.032909,0.039031,0.033432,0.036797,0.033789,0.043050,0.034027,0.032900,0.033579,0.047150,0.035521,0.034236,0.035135,0.034537,0.035808,0.035862,0.035563,0.039707,0.033521,0.035660,0.047015,0.034926,0.044597,0.033275,0.033663,0.040596,0.033618,0.034567,0.049731,0.032929,0.035180,0.032884,0.049027,0.037438,0.035461,0.040099,0.044834,0.033258,0.046583,0.037950,0.037330,0.038063,0.041181,0.048237,0.035237,0.038466,0.036221,0.040529,0.046461,0.033219,0.043516,0.041250,0.035454,0.041855,0.037468,0.038627,0.033125,0.045385,0.040283,0.035364]}
