MESA-EGL: warning: egl: failed to create dri2 screen
 dllPath = /usr/lib/wsl/drivers/iigd_dch.inf_amd64_3e6575b60ae27560, dllName = libigdgmm_w.so.12 
 IsWddmLinux = 1, dllWslName = /usr/lib/wsl/drivers/iigd_dch.inf_amd64_3e6575b60ae27560/libigdgmm_w.so.12  flags = 2
 dllPath = /usr/lib/wsl/drivers/iigd_dch.inf_amd64_3e6575b60ae27560, dllName = libigdgmm_w.so.12 
 IsWddmLinux = 1, dllWslName = /usr/lib/wsl/drivers/iigd_dch.inf_amd64_3e6575b60ae27560/libigdgmm_w.so.12  flags = 2
GPU_POST_SAMPLE 0 2097152 4456448 262144 524288 0 0 1048576 1572864 9961472
GPU_POST_SAMPLE 1 1835008 4456448 4194304 262144 262144 262144 1048576 1835008 14155776
GPU_POST_SAMPLE 2 2097152 4194304 3407872 262144 262144 0 1048576 1572864 12845056
GPU_POST_SAMPLE 3 2097152 5242880 3145728 524288 262144 0 1048576 1572864 13893632
GPU_POST_SAMPLE 4 2359296 4456448 262144 262144 262144 262144 1048576 1310720 10223616
GPU_POST_SAMPLE 5 2097152 3932160 524288 262144 0 0 1048576 1310720 9175040
GPU_POST_SAMPLE 6 1835008 4718592 524288 0 262144 0 1048576 1572864 9961472
GPU_POST_SAMPLE 7 2097152 4194304 2621440 524288 262144 0 1048576 1572864 12320768
GPU_POST_SAMPLE 8 2359296 5767168 0 262144 524288 3145728 1310720 1572864 14942208
GPU_POST_SAMPLE 9 1572864 3932160 262144 262144 0 262144 786432 1572864 8650752
GPU_POST_SAMPLE 10 1835008 4718592 262144 262144 0 0 1048576 1835008 9961472
GPU_POST_SAMPLE 11 2097152 4194304 0 262144 262144 0 786432 1572864 9175040
GPU_POST_SAMPLE 12 2359296 5242880 524288 0 262144 0 1048576 1835008 11272192
GPU_POST_SAMPLE 13 2621440 5767168 524288 262144 0 0 1310720 1572864 12058624
GPU_POST_SAMPLE 14 2359296 5242880 262144 262144 0 0 1048576 1835008 11010048
GPU_POST_SAMPLE 15 2359296 4980736 524288 262144 262144 0 1048576 1572864 11010048
GPU_POST_SAMPLE 16 2097152 4718592 262144 262144 262144 0 1048576 1572864 10223616
GPU_POST_SAMPLE 17 2097152 4718592 3145728 0 262144 262144 1310720 1572864 13369344
GPU_POST_SAMPLE 18 2097152 4456448 262144 262144 3670016 0 1310720 2097152 14155776
GPU_POST_SAMPLE 19 2097152 4718592 262144 262144 262144 0 1048576 1572864 10223616
GPU_POST_SAMPLE 20 2097152 4194304 262144 262144 262144 0 786432 1572864 9437184
GPU_POST_SAMPLE 21 2097152 5505024 262144 262144 262144 0 1048576 1835008 11272192
GPU_POST_SAMPLE 22 2097152 6815744 262144 262144 262144 0 1048576 4456448 15204352
GPU_POST_SAMPLE 23 2359296 4980736 262144 524288 262144 1048576 2883584 1835008 14155776
GPU_POST_SAMPLE 24 1835008 3932160 262144 262144 0 262144 1048576 1310720 8912896
GPU_POST_SAMPLE 25 2621440 5505024 262144 262144 262144 262144 1048576 1572864 11796480
GPU_POST_SAMPLE 26 2883584 7077888 262144 262144 262144 262144 1310720 3932160 16252928
GPU_POST_SAMPLE 27 2359296 5505024 262144 0 262144 262144 1048576 1835008 11534336
GPU_POST_SAMPLE 28 2359296 5767168 262144 262144 262144 0 1048576 1835008 11796480
GPU_POST_SAMPLE 29 1835008 4456448 3670016 262144 524288 0 1048576 1835008 13631488
GPU_POST_SAMPLE 30 2097152 4456448 262144 262144 0 262144 3145728 1835008 12320768
GPU_POST_SAMPLE 31 2097152 4456448 262144 262144 262144 0 1048576 5505024 13893632
GPU_POST_SAMPLE 32 2097152 4456448 262144 262144 524288 3932160 1048576 1835008 14417920
GPU_POST_SAMPLE 33 2359296 4456448 3670016 262144 262144 262144 786432 1572864 13631488
GPU_POST_SAMPLE 34 1835008 3932160 3670016 524288 262144 0 1310720 1572864 13107200
GPU_POST_SAMPLE 35 2359296 4456448 3145728 262144 0 262144 1048576 1835008 13369344
GPU_POST_SAMPLE 36 2097152 4718592 262144 262144 0 262144 786432 1835008 10223616
GPU_POST_SAMPLE 37 2359296 5242880 262144 0 262144 262144 1048576 5242880 14680064
GPU_POST_SAMPLE 38 2097152 4194304 0 262144 262144 0 1048576 1572864 9437184
GPU_POST_SAMPLE 39 2359296 4456448 262144 262144 262144 0 1048576 1572864 10223616
GPU_POST_SAMPLE 40 2097152 4456448 3407872 262144 262144 262144 1048576 1572864 13369344
GPU_POST_SAMPLE 41 2097152 4456448 3670016 262144 524288 0 1310720 2359296 14680064
GPU_POST_SAMPLE 42 2097152 4456448 262144 0 262144 262144 786432 1835008 9961472
GPU_POST_SAMPLE 43 2097152 4194304 4718592 524288 262144 0 1310720 2097152 15204352
GPU_POST_SAMPLE 44 2359296 4456448 3932160 262144 524288 0 1310720 2097152 14942208
GPU_POST_SAMPLE 45 2097152 4980736 3670016 262144 262144 262144 1310720 2359296 15204352
GPU_POST_SAMPLE 46 2359296 4456448 3407872 262144 524288 0 1310720 2359296 14680064
GPU_POST_SAMPLE 47 2097152 4980736 3145728 262144 262144 0 1310720 2097152 14155776
GPU_POST_SAMPLE 48 2359296 4456448 0 262144 262144 2621440 1310720 1310720 12582912
GPU_POST_SAMPLE 49 2097152 4194304 262144 262144 0 0 1048576 1310720 9175040
GPU_POST_SAMPLE 50 2359296 5242880 262144 262144 0 262144 1048576 1835008 11272192
GPU_POST_SAMPLE 51 2359296 5505024 524288 262144 262144 0 1310720 1572864 11796480
GPU_POST_SAMPLE 52 2359296 4718592 262144 524288 262144 0 1048576 1572864 10747904
GPU_POST_SAMPLE 53 2359296 4718592 262144 262144 262144 0 1048576 6029312 14942208
GPU_POST_SAMPLE 54 2621440 5242880 262144 262144 262144 1310720 3145728 1572864 14680064
GPU_POST_SAMPLE 55 1835008 4456448 0 262144 262144 0 786432 1572864 9175040
GPU_POST_SAMPLE 56 2097152 4456448 262144 262144 262144 0 1048576 4456448 12845056
GPU_POST_SAMPLE 57 1835008 3932160 0 262144 262144 262144 786432 1310720 8650752
GPU_POST_SAMPLE 58 1835008 4194304 262144 0 262144 0 786432 1572864 8912896
GPU_POST_SAMPLE 59 1835008 4194304 3145728 262144 262144 0 1310720 1835008 12845056
GPU_POST_SAMPLE 60 2097152 6029312 4194304 524288 0 262144 1310720 2097152 16515072
GPU_POST_SAMPLE 61 2097152 5767168 262144 524288 0 0 1048576 1835008 11534336
GPU_POST_SAMPLE 62 4194304 9437184 3145728 262144 262144 0 1310720 2097152 20709376
GPU_POST_SAMPLE 63 2097152 4456448 262144 0 3407872 0 1572864 2359296 14155776
GPU_POST_SAMPLE 64 2359296 4456448 262144 0 524288 0 1048576 4980736 13631488
GPU_POST_SAMPLE 65 2097152 4718592 0 524288 786432 3932160 1572864 1835008 15466496
GPU_POST_SAMPLE 66 2097152 4456448 3932160 524288 262144 0 1572864 2097152 14942208
GPU_POST_SAMPLE 67 3145728 6553600 3670016 262144 262144 0 1310720 2097152 17301504
GPU_POST_SAMPLE 68 2359296 4456448 262144 262144 6815744 262144 2097152 3670016 20185088
GPU_POST_SAMPLE 69 2097152 4718592 524288 262144 262144 0 1048576 1572864 10485760
GPU_POST_SAMPLE 70 2097152 10223616 262144 262144 262144 262144 1048576 2359296 16777216
GPU_POST_SAMPLE 71 3145728 6029312 262144 3932160 262144 0 1310720 2359296 17301504
GPU_POST_SAMPLE 72 2097152 9961472 524288 262144 262144 0 1048576 2359296 16515072
GPU_POST_SAMPLE 73 2359296 4456448 262144 262144 0 262144 786432 6029312 14417920
GPU_POST_SAMPLE 74 2359296 4194304 262144 0 262144 3932160 2097152 2883584 15990784
GPU_POST_SAMPLE 75 2097152 4456448 4718592 524288 262144 262144 1835008 3145728 17301504
GPU_POST_SAMPLE 76 2883584 7077888 262144 3932160 524288 0 2097152 2883584 19660800
GPU_POST_SAMPLE 77 2097152 4718592 0 262144 524288 0 1048576 1572864 10223616
GPU_POST_SAMPLE 78 2097152 4456448 2621440 262144 262144 262144 786432 1835008 12582912
GPU_POST_SAMPLE 79 2359296 4718592 3670016 262144 0 262144 1572864 2097152 14942208
GPU_POST_SAMPLE 80 2359296 4456448 3407872 524288 262144 262144 1310720 2359296 14942208
GPU_POST_SAMPLE 81 2097152 4456448 3932160 262144 524288 0 1572864 2097152 14942208
GPU_POST_SAMPLE 82 2883584 6029312 5505024 262144 262144 262144 1310720 2097152 18612224
GPU_POST_SAMPLE 83 2097152 8388608 262144 262144 0 262144 786432 1835008 13893632
GPU_POST_SAMPLE 84 4718592 9437184 3407872 524288 262144 262144 1048576 2097152 21757952
GPU_POST_SAMPLE 85 2359296 4194304 262144 4456448 524288 0 1310720 2097152 15204352
GPU_POST_SAMPLE 86 2359296 4456448 2621440 262144 262144 262144 1048576 1572864 12845056
GPU_POST_SAMPLE 87 2359296 4456448 2621440 262144 524288 0 1048576 1572864 12845056
GPU_POST_SAMPLE 88 2359296 4456448 262144 262144 262144 0 1048576 1835008 10485760
GPU_POST_SAMPLE 89 2359296 4456448 262144 262144 262144 0 1048576 4980736 13631488
GPU_POST_SAMPLE 90 2359296 4456448 262144 0 262144 262144 786432 6553600 14942208
GPU_POST_SAMPLE 91 2359296 4456448 262144 262144 2883584 262144 1048576 2097152 13631488
GPU_POST_SAMPLE 92 2359296 4194304 4194304 262144 262144 0 1572864 2097152 14942208
GPU_POST_SAMPLE 93 2883584 10747904 262144 524288 262144 0 1310720 2097152 18087936
GPU_POST_SAMPLE 94 2883584 6291456 524288 262144 1835008 0 3145728 1835008 16777216
GPU_POST_SAMPLE 95 2359296 4456448 3670016 262144 262144 262144 1572864 2359296 15204352
GPU_POST_SAMPLE 96 2097152 4718592 0 262144 524288 0 1048576 1572864 10223616
GPU_POST_SAMPLE 97 2359296 4718592 0 262144 262144 0 1048576 1835008 10485760
GPU_POST_SAMPLE 98 2883584 7340032 0 524288 262144 0 1310720 5505024 17825792
GPU_POST_SAMPLE 99 2359296 4718592 262144 262144 524288 0 1048576 1310720 10485760
GPU_POST_SAMPLE 100 2097152 4718592 262144 262144 262144 262144 1048576 1572864 10485760
GPU_POST_SAMPLE 101 2621440 5505024 524288 262144 262144 0 1048576 4194304 14417920
GPU_POST_SAMPLE 102 2883584 5767168 0 262144 524288 0 1048576 4456448 14942208
GPU_POST_SAMPLE 103 2621440 5767168 262144 524288 0 0 1310720 1835008 12320768
GPU_POST_SAMPLE 104 2621440 5767168 262144 262144 262144 262144 1048576 4456448 14942208
GPU_POST_SAMPLE 105 2883584 6029312 0 262144 524288 0 1048576 4980736 15728640
GPU_POST_SAMPLE 106 2883584 5767168 262144 262144 262144 0 1048576 2097152 12582912
GPU_POST_SAMPLE 107 2621440 5767168 262144 262144 262144 262144 1048576 1835008 12320768
GPU_POST_SAMPLE 108 2883584 5767168 0 262144 524288 0 1048576 1572864 12058624
GPU_POST_SAMPLE 109 2097152 3670016 262144 262144 262144 262144 786432 1572864 9175040
GPU_POST_SAMPLE 110 3932160 7340032 262144 262144 262144 262144 1310720 6291456 19922944
GPU_POST_SAMPLE 111 2883584 5505024 524288 0 262144 0 1310720 5242880 15728640
GPU_POST_SAMPLE 112 2097152 4194304 262144 0 262144 0 1048576 1310720 9175040
GPU_POST_SAMPLE 113 3145728 6815744 262144 524288 262144 0 1310720 6029312 18350080
GPU_POST_SAMPLE 114 2883584 5767168 262144 0 1310720 262144 1048576 3932160 15466496
GPU_POST_SAMPLE 115 4194304 6553600 3145728 262144 0 262144 1048576 1835008 17301504
GPU_POST_SAMPLE 116 2621440 5505024 524288 262144 262144 0 1310720 1572864 12058624
GPU_POST_SAMPLE 117 2621440 4980736 262144 524288 0 0 1310720 1835008 11534336
GPU_POST_SAMPLE 118 2621440 5242880 524288 0 262144 0 1048576 5505024 15204352
GPU_POST_SAMPLE 119 2621440 5242880 0 262144 262144 262144 1048576 1572864 11272192
{"seed":42,"vendor":"Microsoft Corporation","renderer":"D3D12 (Intel(R) Arc(TM) 140T GPU (16GB))","gl_version":"4.6 (Compatibility Profile) Mesa 26.2.2","gallium_path":"/root/.cache/football-mesa-build-20260913-a/install-wayland/lib/libgallium-26.2.2.so","width":1920,"height":1080,"quality":"pbr+bloom+fxaa+auto_exposure","swap_enabled":true,"swap_interval":0,"warmup_frames":30,"measured_frames":120,"in_play_frames":141,"p50_ms":30.757273,"p95_ms":38.703932,"p99_ms":40.811724,"submit_p50_ms":30.716023,"submit_p95_ms":38.653840,"finish_p50_ms":0.042440,"finish_p95_ms":0.064261,"samples_ms":[26.389815,30.529061,28.101017,30.210271,28.261162,25.670959,27.521567,26.758590,29.386356,24.669806,25.270153,27.028967,30.448991,30.926555,30.220154,28.637183,26.928988,28.861121,29.648219,29.065907,29.149820,29.293519,33.349076,32.141022,27.032965,29.029373,33.874825,28.697440,26.535524,30.493354,27.253490,31.350970,34.401385,33.547293,29.156597,27.411512,28.170875,32.009188,24.256645,26.702854,32.175083,33.695362,29.407890,31.776085,31.476725,30.459820,30.757273,29.266576,27.931936,27.046973,30.938598,30.386024,29.676732,35.611738,32.076477,29.517534,31.592252,25.918620,25.263207,29.760138,35.409308,35.506727,38.703932,29.593282,29.233217,37.136738,35.682459,39.468371,36.866217,28.666194,35.757906,40.811724,39.123257,37.381560,33.712708,33.829327,38.468615,33.845974,33.215495,32.481153,31.892398,34.035668,43.632754,33.606882,39.972763,34.965892,29.085591,28.833340,29.913648,31.888297,32.603961,31.329167,34.062887,36.650264,38.375726,36.073615,29.429806,33.162520,36.496354,32.416452,29.740235,32.577299,32.087085,30.599930,31.859643,30.653370,29.877798,29.377597,36.465571,26.615111,36.085108,31.823195,27.944248,34.041989,30.505932,40.490270,35.322151,33.984955,32.170727,26.447147],"submit_samples_ms":[26.325554,30.456323,28.056896,30.169870,28.222266,25.628091,27.475356,26.720625,29.349993,24.630707,25.220862,26.986931,30.411869,30.890400,30.184083,28.585487,26.888593,28.818681,29.607594,29.027746,29.108499,29.256642,33.307962,32.102193,26.988847,28.973509,33.817286,28.655447,26.478791,30.454308,27.211314,31.314309,34.356584,33.465921,29.109156,27.369693,28.134015,31.970489,24.212369,26.634796,32.129496,33.650999,29.365444,31.732219,31.413324,30.418655,30.716023,29.221895,27.894492,27.008763,30.900873,30.347016,29.633733,35.573169,32.035931,29.478148,31.555307,25.878041,25.217431,29.714962,35.366479,35.461080,38.653840,29.523842,29.190992,37.089526,35.639075,39.424516,36.826904,28.621272,35.716233,40.765221,39.077111,37.333616,33.665135,33.765999,38.430075,33.804151,33.171442,32.434657,31.844459,33.990146,43.587107,33.561076,39.932607,34.919665,29.026667,28.774602,29.874531,31.840172,32.538425,31.281978,34.017788,36.602017,38.330140,36.028345,29.382595,33.047473,36.457941,32.377943,29.701200,32.536788,32.045072,30.560281,31.822339,30.596609,29.841461,29.340861,36.426181,26.575387,36.048468,31.788141,27.907348,34.006178,30.470865,40.447608,35.279685,33.920716,32.131445,26.407340],"finish_samples_ms":[0.064261,0.072738,0.044121,0.040401,0.038896,0.042868,0.046211,0.037965,0.036363,0.039099,0.049291,0.042036,0.037122,0.036155,0.036071,0.051696,0.040395,0.042440,0.040625,0.038161,0.041321,0.036877,0.041114,0.038829,0.044118,0.055864,0.057539,0.041993,0.056733,0.039046,0.042176,0.036661,0.044801,0.081372,0.047441,0.041819,0.036860,0.038699,0.044276,0.068058,0.045587,0.044363,0.042446,0.043866,0.063401,0.041165,0.041250,0.044681,0.037444,0.038210,0.037725,0.039008,0.042999,0.038569,0.040546,0.039386,0.036945,0.040579,0.045776,0.045176,0.042829,0.045647,0.050092,0.069440,0.042225,0.047212,0.043384,0.043855,0.039313,0.044922,0.041673,0.046503,0.046146,0.047944,0.047573,0.063328,0.038540,0.041823,0.044053,0.046496,0.047939,0.045522,0.045647,0.045806,0.040156,0.046227,0.058924,0.058738,0.039117,0.048125,0.065536,0.047189,0.045099,0.048247,0.045586,0.045270,0.047211,0.115047,0.038413,0.038509,0.039035,0.040511,0.042013,0.039649,0.037304,0.056761,0.036337,0.036736,0.039390,0.039724,0.036640,0.035054,0.036900,0.035811,0.035067,0.042662,0.042466,0.064239,0.039282,0.039807]}
