MESA-EGL: warning: egl: failed to create dri2 screen
 dllPath = /usr/lib/wsl/drivers/iigd_dch.inf_amd64_3e6575b60ae27560, dllName = libigdgmm_w.so.12 
 IsWddmLinux = 1, dllWslName = /usr/lib/wsl/drivers/iigd_dch.inf_amd64_3e6575b60ae27560/libigdgmm_w.so.12  flags = 2
 dllPath = /usr/lib/wsl/drivers/iigd_dch.inf_amd64_3e6575b60ae27560, dllName = libigdgmm_w.so.12 
 IsWddmLinux = 1, dllWslName = /usr/lib/wsl/drivers/iigd_dch.inf_amd64_3e6575b60ae27560/libigdgmm_w.so.12  flags = 2
GPU_POST_SAMPLE 0 1048576 2621440 262144 0 262144 0 524288 786432 5505024
GPU_POST_SAMPLE 1 1048576 2097152 262144 0 262144 0 262144 786432 4718592
GPU_POST_SAMPLE 2 1048576 2097152 262144 0 262144 0 786432 2359296 6815744
GPU_POST_SAMPLE 3 1572864 2097152 0 262144 0 0 524288 786432 5242880
GPU_POST_SAMPLE 4 1048576 1835008 262144 0 262144 0 524288 786432 4718592
GPU_POST_SAMPLE 5 2359296 4980736 1835008 262144 0 0 524288 786432 10747904
GPU_POST_SAMPLE 6 1310720 1835008 262144 262144 0 262144 262144 786432 4980736
GPU_POST_SAMPLE 7 1048576 2097152 262144 0 262144 0 524288 524288 4718592
GPU_POST_SAMPLE 8 1048576 2359296 262144 262144 0 0 524288 786432 5242880
GPU_POST_SAMPLE 9 1048576 2097152 262144 0 0 262144 524288 786432 4980736
GPU_POST_SAMPLE 10 1048576 2097152 262144 0 262144 0 524288 786432 4980736
GPU_POST_SAMPLE 11 2097152 3407872 262144 262144 0 0 524288 786432 7340032
GPU_POST_SAMPLE 12 1048576 2359296 262144 0 262144 0 524288 786432 5242880
GPU_POST_SAMPLE 13 1048576 2097152 262144 262144 0 0 524288 524288 4718592
GPU_POST_SAMPLE 14 1310720 3670016 262144 0 0 0 786432 524288 6553600
GPU_POST_SAMPLE 15 1048576 2097152 0 262144 262144 0 262144 1048576 4980736
GPU_POST_SAMPLE 16 2097152 3407872 262144 262144 0 262144 524288 786432 7602176
GPU_POST_SAMPLE 17 1310720 5242880 0 262144 0 262144 262144 786432 8126464
GPU_POST_SAMPLE 18 1310720 2097152 0 0 262144 0 524288 786432 4980736
GPU_POST_SAMPLE 19 1310720 1835008 262144 262144 0 262144 262144 1048576 5242880
GPU_POST_SAMPLE 20 1310720 2359296 0 262144 262144 0 262144 1048576 5505024
GPU_POST_SAMPLE 21 1310720 2097152 0 262144 0 262144 262144 1048576 5242880
GPU_POST_SAMPLE 22 1572864 2621440 262144 262144 0 262144 524288 1048576 6553600
GPU_POST_SAMPLE 23 1310720 4194304 0 262144 0 0 524288 786432 7077888
GPU_POST_SAMPLE 24 1048576 2621440 262144 0 262144 0 524288 786432 5505024
GPU_POST_SAMPLE 25 1048576 2097152 262144 0 262144 0 524288 786432 4980736
GPU_POST_SAMPLE 26 1310720 2359296 0 262144 0 262144 262144 786432 5242880
GPU_POST_SAMPLE 27 1572864 4194304 262144 0 262144 0 786432 524288 7602176
GPU_POST_SAMPLE 28 1310720 2883584 262144 262144 0 0 524288 786432 6029312
GPU_POST_SAMPLE 29 1048576 2883584 262144 262144 0 0 524288 524288 5505024
GPU_POST_SAMPLE 30 1048576 2097152 0 262144 262144 0 262144 786432 4718592
GPU_POST_SAMPLE 31 1048576 2097152 262144 0 262144 0 524288 786432 4980736
GPU_POST_SAMPLE 32 1048576 2359296 0 0 262144 0 524288 786432 4980736
GPU_POST_SAMPLE 33 1310720 5242880 2359296 262144 0 0 786432 524288 10485760
GPU_POST_SAMPLE 34 1048576 2097152 0 262144 0 262144 262144 1048576 4980736
GPU_POST_SAMPLE 35 1048576 2097152 0 262144 0 262144 524288 786432 4980736
GPU_POST_SAMPLE 36 1048576 2359296 262144 0 0 0 786432 1310720 5767168
GPU_POST_SAMPLE 37 1310720 2883584 2359296 262144 262144 0 524288 1048576 8650752
GPU_POST_SAMPLE 38 1572864 3145728 262144 0 0 0 786432 524288 6291456
GPU_POST_SAMPLE 39 1572864 2359296 262144 0 262144 0 262144 786432 5505024
GPU_POST_SAMPLE 40 1048576 2097152 262144 262144 0 0 524288 786432 4980736
GPU_POST_SAMPLE 41 1048576 2359296 0 262144 262144 0 262144 1048576 5242880
GPU_POST_SAMPLE 42 1048576 1835008 262144 262144 0 0 524288 786432 4718592
GPU_POST_SAMPLE 43 1572864 2621440 0 0 262144 0 786432 524288 5767168
GPU_POST_SAMPLE 44 2097152 5767168 2621440 262144 262144 0 524288 786432 12320768
GPU_POST_SAMPLE 45 1048576 1835008 262144 262144 0 0 524288 786432 4718592
GPU_POST_SAMPLE 46 1310720 2097152 262144 0 0 262144 524288 786432 5242880
GPU_POST_SAMPLE 47 1310720 3407872 2359296 262144 262144 0 786432 1048576 9437184
GPU_POST_SAMPLE 48 1048576 1835008 262144 262144 0 0 524288 524288 4456448
GPU_POST_SAMPLE 49 1048576 2097152 0 262144 262144 0 262144 786432 4718592
GPU_POST_SAMPLE 50 1048576 2097152 262144 0 262144 0 262144 3145728 7077888
GPU_POST_SAMPLE 51 1048576 2097152 0 262144 0 262144 262144 1048576 4980736
GPU_POST_SAMPLE 52 1048576 2097152 0 262144 0 0 524288 786432 4718592
GPU_POST_SAMPLE 53 1048576 2097152 0 262144 262144 0 524288 786432 4980736
GPU_POST_SAMPLE 54 1048576 1835008 262144 262144 0 0 524288 786432 4718592
GPU_POST_SAMPLE 55 1048576 2097152 262144 0 262144 0 524288 786432 4980736
GPU_POST_SAMPLE 56 1835008 4194304 0 262144 0 262144 262144 786432 7602176
GPU_POST_SAMPLE 57 1310720 4194304 262144 0 0 0 786432 524288 7077888
GPU_POST_SAMPLE 58 1048576 2883584 0 262144 262144 0 524288 786432 5767168
GPU_POST_SAMPLE 59 1048576 2097152 0 262144 0 0 524288 786432 4718592
GPU_POST_SAMPLE 60 1310720 2097152 262144 0 262144 0 262144 1048576 5242880
GPU_POST_SAMPLE 61 1048576 2097152 0 262144 0 262144 262144 1048576 4980736
GPU_POST_SAMPLE 62 1048576 2359296 0 0 262144 0 524288 786432 4980736
GPU_POST_SAMPLE 63 1310720 2097152 262144 0 0 0 786432 524288 4980736
GPU_POST_SAMPLE 64 1048576 2359296 0 0 262144 0 786432 524288 4980736
GPU_POST_SAMPLE 65 1048576 2359296 0 0 262144 0 786432 524288 4980736
GPU_POST_SAMPLE 66 1572864 2097152 262144 0 262144 0 524288 786432 5505024
GPU_POST_SAMPLE 67 1310720 2097152 262144 0 0 0 786432 524288 4980736
GPU_POST_SAMPLE 68 1572864 3670016 0 262144 0 262144 262144 1048576 7077888
GPU_POST_SAMPLE 69 1048576 2097152 0 262144 262144 0 262144 1048576 4980736
GPU_POST_SAMPLE 70 1835008 2621440 262144 0 0 0 524288 786432 6029312
GPU_POST_SAMPLE 71 1572864 2621440 0 262144 0 0 524288 786432 5767168
GPU_POST_SAMPLE 72 1310720 1835008 262144 0 262144 0 524288 786432 4980736
GPU_POST_SAMPLE 73 1048576 2097152 262144 0 262144 0 262144 1048576 4980736
GPU_POST_SAMPLE 74 1048576 2097152 0 262144 262144 0 262144 1048576 4980736
GPU_POST_SAMPLE 75 1310720 2883584 0 262144 1835008 0 786432 786432 7864320
GPU_POST_SAMPLE 76 1310720 1835008 262144 262144 0 0 524288 524288 4718592
GPU_POST_SAMPLE 77 1572864 2097152 0 0 262144 0 786432 524288 5242880
GPU_POST_SAMPLE 78 1310720 2097152 262144 262144 0 0 524288 524288 4980736
GPU_POST_SAMPLE 79 1310720 2097152 262144 0 0 0 786432 524288 4980736
GPU_POST_SAMPLE 80 1310720 2097152 262144 262144 0 262144 262144 786432 5242880
GPU_POST_SAMPLE 81 1310720 2097152 0 262144 0 262144 262144 1048576 5242880
GPU_POST_SAMPLE 82 1310720 2883584 0 262144 0 0 786432 786432 6029312
GPU_POST_SAMPLE 83 1310720 1835008 262144 0 262144 0 262144 1048576 4980736
GPU_POST_SAMPLE 84 1048576 2097152 262144 0 262144 0 524288 786432 4980736
GPU_POST_SAMPLE 85 1310720 1835008 1572864 262144 0 262144 524288 786432 6553600
GPU_POST_SAMPLE 86 1048576 2097152 0 262144 0 262144 262144 786432 4718592
GPU_POST_SAMPLE 87 1310720 2359296 0 0 262144 0 524288 786432 5242880
GPU_POST_SAMPLE 88 1048576 2097152 262144 0 0 0 524288 786432 4718592
GPU_POST_SAMPLE 89 1048576 2883584 2097152 262144 262144 0 524288 786432 7864320
GPU_POST_SAMPLE 90 1310720 2097152 0 0 0 262144 524288 786432 4980736
GPU_POST_SAMPLE 91 1310720 1835008 262144 262144 0 0 786432 524288 4980736
GPU_POST_SAMPLE 92 2097152 3145728 2097152 0 262144 262144 786432 1048576 9699328
GPU_POST_SAMPLE 93 1310720 1835008 262144 0 0 0 786432 786432 4980736
GPU_POST_SAMPLE 94 1048576 2359296 0 0 262144 0 786432 524288 4980736
GPU_POST_SAMPLE 95 1048576 1835008 0 262144 0 262144 262144 786432 4456448
GPU_POST_SAMPLE 96 1310720 2097152 0 262144 0 0 786432 2883584 7340032
GPU_POST_SAMPLE 97 1048576 2097152 0 262144 0 0 524288 786432 4718592
GPU_POST_SAMPLE 98 1310720 2097152 0 262144 0 0 786432 524288 4980736
GPU_POST_SAMPLE 99 2097152 5505024 2621440 262144 262144 262144 1048576 1572864 13631488
GPU_POST_SAMPLE 100 1048576 2359296 0 0 262144 0 524288 786432 4980736
GPU_POST_SAMPLE 101 1310720 2097152 0 262144 0 0 786432 524288 4980736
GPU_POST_SAMPLE 102 1310720 1835008 1835008 262144 0 262144 262144 786432 6553600
GPU_POST_SAMPLE 103 1835008 2621440 0 262144 0 262144 262144 1048576 6291456
GPU_POST_SAMPLE 104 1310720 2359296 262144 0 0 0 786432 524288 5242880
GPU_POST_SAMPLE 105 1048576 2097152 262144 0 262144 0 524288 524288 4718592
GPU_POST_SAMPLE 106 1572864 1835008 262144 0 262144 0 524288 786432 5242880
GPU_POST_SAMPLE 107 1310720 2359296 262144 262144 0 0 524288 786432 5505024
GPU_POST_SAMPLE 108 1048576 2359296 0 0 262144 0 786432 524288 4980736
GPU_POST_SAMPLE 109 1310720 1835008 262144 262144 0 0 524288 786432 4980736
GPU_POST_SAMPLE 110 1048576 2097152 262144 0 262144 0 524288 786432 4980736
GPU_POST_SAMPLE 111 1310720 2359296 262144 0 262144 0 524288 786432 5505024
GPU_POST_SAMPLE 112 1048576 2097152 262144 0 262144 0 524288 524288 4718592
GPU_POST_SAMPLE 113 1310720 2621440 262144 0 262144 0 524288 786432 5767168
GPU_POST_SAMPLE 114 1310720 2097152 0 0 262144 0 524288 786432 4980736
GPU_POST_SAMPLE 115 1310720 1835008 262144 0 0 262144 524288 3670016 7864320
GPU_POST_SAMPLE 116 1048576 2359296 0 0 262144 0 786432 524288 4980736
GPU_POST_SAMPLE 117 1048576 2097152 0 262144 262144 0 524288 786432 4980736
GPU_POST_SAMPLE 118 1310720 2359296 262144 0 0 0 786432 2359296 7077888
GPU_POST_SAMPLE 119 1310720 2359296 262144 0 262144 0 524288 786432 5505024
{"seed":42,"vendor":"Microsoft Corporation","renderer":"D3D12 (Intel(R) Arc(TM) 140T GPU (16GB))","gl_version":"4.6 (Compatibility Profile) Mesa 26.2.2","gallium_path":"/root/.cache/football-mesa-build-20260913-a/install-wayland/lib/libgallium-26.2.2.so","width":1920,"height":1080,"quality":"pbr+bloom+fxaa+auto_exposure","swap_enabled":true,"swap_interval":0,"warmup_frames":30,"measured_frames":120,"in_play_frames":141,"p50_ms":19.446239,"p95_ms":23.402988,"p99_ms":24.953537,"submit_p50_ms":19.409211,"submit_p95_ms":23.366670,"finish_p50_ms":0.037649,"finish_p95_ms":0.049803,"samples_ms":[18.515854,17.746929,20.932315,19.513372,20.109051,24.953537,20.772141,20.608818,17.907606,21.608773,18.748097,23.168317,20.484879,18.861326,20.216273,19.804150,21.281851,21.812232,18.559724,22.243841,20.350841,18.292726,23.632520,19.684444,18.329608,19.995216,17.275147,22.494679,20.588657,20.603078,18.898234,18.389237,18.810261,22.458969,18.449239,16.551546,18.024607,21.197109,19.964335,18.430055,19.594185,17.750804,18.130758,20.863336,23.780963,19.753351,18.177420,23.402988,18.560909,19.068605,20.585443,19.446239,18.237492,21.284047,17.331936,22.398259,21.117526,19.605480,19.946728,22.415383,19.170001,20.085912,19.000611,16.757038,19.484629,19.298293,22.026895,18.759599,20.178261,18.627696,20.409615,19.440779,17.804093,20.380706,17.321438,19.745348,18.604577,18.717672,18.361365,20.875826,21.716855,19.374461,18.094298,23.653836,20.354603,19.412171,17.748145,23.156241,17.928725,20.400131,19.304445,17.498815,23.914996,18.139630,18.486595,16.925049,21.070371,18.906023,18.170237,27.039376,20.450874,18.843187,20.656811,17.840666,18.981882,16.868938,18.765055,17.123226,20.320464,18.298073,17.103016,20.015995,20.792232,18.972078,17.738994,22.138909,17.170575,19.504865,22.027828,17.715523],"submit_samples_ms":[18.470691,17.695562,20.898698,19.469493,20.067812,24.918158,20.729784,20.571551,17.868345,21.564381,18.703659,23.126378,20.444800,18.821356,20.178873,19.759510,21.245685,21.775833,18.501314,22.208148,20.312200,18.250962,23.593949,19.644830,18.289131,19.959128,17.232706,22.451596,20.551008,20.558619,18.856812,18.346924,18.775517,22.422112,18.391796,16.510653,17.989492,21.160001,19.917024,18.390418,19.558700,17.714767,18.097431,20.816005,23.744880,19.708879,18.142075,23.366670,18.511106,19.031567,20.547894,19.409211,18.194560,21.247276,17.294806,22.361055,21.081614,19.571901,19.909738,22.376336,19.134900,20.049116,18.957572,16.723219,19.446992,19.266741,21.990909,18.724670,20.143141,18.586049,20.373961,19.405608,17.772185,20.337317,17.282733,19.709577,18.576429,18.668575,18.285994,20.834805,21.672548,19.334536,18.058682,23.608305,20.315987,19.376096,17.705639,23.117207,17.891118,20.364272,19.256966,17.453857,23.880088,18.097242,18.444833,16.889710,21.030839,18.870718,18.128711,27.003063,20.407966,18.804986,20.622246,17.805984,18.930255,16.830951,18.728402,17.088358,20.283496,18.251323,17.066994,19.980898,20.761889,18.914003,17.694371,22.103577,17.133492,19.461524,21.992643,17.676597],"finish_samples_ms":[0.045163,0.051367,0.033617,0.043879,0.041239,0.035379,0.042357,0.037267,0.039261,0.044392,0.044438,0.041939,0.040079,0.039970,0.037400,0.044640,0.036166,0.036399,0.058410,0.035693,0.038641,0.041764,0.038571,0.039614,0.040477,0.036088,0.042441,0.043083,0.037649,0.044459,0.041422,0.042313,0.034744,0.036857,0.057443,0.040893,0.035115,0.037108,0.047311,0.039637,0.035485,0.036037,0.033327,0.047331,0.036083,0.044472,0.035345,0.036318,0.049803,0.037038,0.037549,0.037028,0.042932,0.036771,0.037130,0.037204,0.035912,0.033579,0.036990,0.039047,0.035101,0.036796,0.043039,0.033819,0.037637,0.031552,0.035986,0.034929,0.035120,0.041647,0.035654,0.035171,0.031908,0.043389,0.038705,0.035771,0.028148,0.049097,0.075371,0.041021,0.044307,0.039925,0.035616,0.045531,0.038616,0.036075,0.042506,0.039034,0.037607,0.035859,0.047479,0.044958,0.034908,0.042388,0.041762,0.035339,0.039532,0.035305,0.041526,0.036313,0.042908,0.038201,0.034565,0.034682,0.051627,0.037987,0.036653,0.034868,0.036968,0.046750,0.036022,0.035097,0.030343,0.058075,0.044623,0.035332,0.037083,0.043341,0.035185,0.038926]}
