MESA-EGL: warning: egl: failed to create dri2 screen
 dllPath = /usr/lib/wsl/drivers/iigd_dch.inf_amd64_3e6575b60ae27560, dllName = libigdgmm_w.so.12 
 IsWddmLinux = 1, dllWslName = /usr/lib/wsl/drivers/iigd_dch.inf_amd64_3e6575b60ae27560/libigdgmm_w.so.12  flags = 2
 dllPath = /usr/lib/wsl/drivers/iigd_dch.inf_amd64_3e6575b60ae27560, dllName = libigdgmm_w.so.12 
 IsWddmLinux = 1, dllWslName = /usr/lib/wsl/drivers/iigd_dch.inf_amd64_3e6575b60ae27560/libigdgmm_w.so.12  flags = 2
GPU_POST_SAMPLE 0 1310720 2621440 262144 0 262144 0 524288 1048576 6029312
GPU_POST_SAMPLE 1 1835008 2621440 262144 262144 0 262144 262144 1048576 6553600
GPU_POST_SAMPLE 2 1310720 2621440 0 262144 262144 0 524288 786432 5767168
GPU_POST_SAMPLE 3 1310720 2621440 0 262144 0 262144 524288 1048576 6029312
GPU_POST_SAMPLE 4 2097152 4456448 262144 262144 0 0 1048576 1048576 9175040
GPU_POST_SAMPLE 5 1572864 2359296 0 262144 262144 0 524288 1048576 6029312
GPU_POST_SAMPLE 6 1572864 2621440 0 262144 262144 0 524288 786432 6029312
GPU_POST_SAMPLE 7 2097152 4194304 3145728 262144 262144 0 786432 786432 11534336
GPU_POST_SAMPLE 8 1310720 2621440 0 262144 262144 0 524288 1048576 6029312
GPU_POST_SAMPLE 9 1310720 2883584 262144 0 262144 0 524288 3145728 8388608
GPU_POST_SAMPLE 10 1572864 2883584 262144 0 262144 0 524288 1048576 6553600
GPU_POST_SAMPLE 11 2097152 3407872 262144 0 2621440 0 786432 1310720 10485760
GPU_POST_SAMPLE 12 1310720 2621440 262144 262144 0 262144 262144 1048576 6029312
GPU_POST_SAMPLE 13 1310720 2621440 262144 262144 262144 0 786432 1572864 7077888
GPU_POST_SAMPLE 14 1310720 2621440 262144 262144 0 262144 262144 1048576 6029312
GPU_POST_SAMPLE 15 2097152 4456448 262144 262144 0 2883584 786432 1048576 11796480
GPU_POST_SAMPLE 16 1310720 2359296 262144 262144 262144 0 524288 786432 5767168
GPU_POST_SAMPLE 17 1310720 2359296 262144 262144 0 262144 262144 1048576 5767168
GPU_POST_SAMPLE 18 1310720 2883584 262144 262144 262144 0 786432 1048576 6815744
GPU_POST_SAMPLE 19 1572864 2621440 0 0 262144 0 786432 1048576 6291456
GPU_POST_SAMPLE 20 1835008 4456448 0 262144 2883584 262144 524288 1048576 11272192
GPU_POST_SAMPLE 21 1310720 2359296 262144 262144 0 262144 524288 1048576 6029312
GPU_POST_SAMPLE 22 1572864 2359296 262144 262144 0 262144 262144 1048576 6029312
GPU_POST_SAMPLE 23 1835008 3670016 0 0 262144 262144 524288 1310720 7864320
GPU_POST_SAMPLE 24 2097152 4194304 262144 262144 0 262144 786432 1310720 9175040
GPU_POST_SAMPLE 25 1835008 4194304 262144 262144 262144 0 786432 1572864 9175040
GPU_POST_SAMPLE 26 2097152 4194304 2359296 0 262144 262144 524288 1048576 10747904
GPU_POST_SAMPLE 27 1048576 2621440 262144 262144 0 262144 262144 1048576 5767168
GPU_POST_SAMPLE 28 1310720 2621440 0 262144 262144 0 524288 1048576 6029312
GPU_POST_SAMPLE 29 1572864 3407872 262144 262144 262144 0 524288 1310720 7602176
GPU_POST_SAMPLE 30 1572864 2621440 0 0 262144 0 786432 1048576 6291456
GPU_POST_SAMPLE 31 1835008 4194304 2883584 262144 262144 0 1048576 1310720 11796480
GPU_POST_SAMPLE 32 1835008 3145728 0 0 262144 0 786432 1048576 7077888
GPU_POST_SAMPLE 33 1835008 4194304 2097152 262144 262144 0 1048576 1310720 11010048
GPU_POST_SAMPLE 34 1310720 2359296 262144 262144 262144 0 524288 1048576 6029312
GPU_POST_SAMPLE 35 1835008 3932160 2621440 262144 262144 0 1048576 1310720 11272192
GPU_POST_SAMPLE 36 1310720 2621440 0 262144 262144 0 524288 1048576 6029312
GPU_POST_SAMPLE 37 2097152 7340032 0 262144 262144 0 786432 1572864 12320768
GPU_POST_SAMPLE 38 1310720 2621440 0 262144 262144 0 524288 1048576 6029312
GPU_POST_SAMPLE 39 2097152 4194304 262144 0 0 262144 786432 1310720 8912896
GPU_POST_SAMPLE 40 1310720 2621440 262144 0 262144 0 786432 786432 6029312
GPU_POST_SAMPLE 41 2097152 4194304 0 262144 262144 0 786432 1572864 9175040
GPU_POST_SAMPLE 42 1835008 4194304 0 3145728 262144 0 1048576 1310720 11796480
GPU_POST_SAMPLE 43 1572864 2621440 262144 0 262144 0 524288 1048576 6291456
GPU_POST_SAMPLE 44 2097152 3932160 2359296 262144 262144 0 1048576 1310720 11272192
GPU_POST_SAMPLE 45 2097152 3932160 262144 262144 0 0 1048576 1048576 8650752
GPU_POST_SAMPLE 46 2097152 3932160 3145728 0 262144 262144 786432 1048576 11534336
GPU_POST_SAMPLE 47 1572864 2621440 262144 0 0 262144 524288 1048576 6291456
GPU_POST_SAMPLE 48 1310720 3670016 2359296 0 262144 0 1048576 1310720 9961472
GPU_POST_SAMPLE 49 1835008 3932160 262144 262144 0 0 524288 1048576 7864320
GPU_POST_SAMPLE 50 2097152 3932160 2883584 262144 262144 262144 786432 1310720 11796480
GPU_POST_SAMPLE 51 2097152 4194304 0 262144 0 262144 786432 4456448 12058624
GPU_POST_SAMPLE 52 1572864 2359296 262144 0 262144 0 524288 1048576 6029312
GPU_POST_SAMPLE 53 2097152 4194304 262144 0 2359296 262144 1048576 1310720 11534336
GPU_POST_SAMPLE 54 1310720 3145728 0 262144 0 0 786432 1048576 6553600
GPU_POST_SAMPLE 55 2097152 3407872 2359296 262144 0 262144 786432 1572864 10747904
GPU_POST_SAMPLE 56 2097152 3932160 0 262144 0 262144 524288 1048576 8126464
GPU_POST_SAMPLE 57 2359296 3407872 0 2359296 0 262144 786432 1572864 10747904
GPU_POST_SAMPLE 58 2097152 3932160 262144 0 262144 0 786432 1310720 8650752
GPU_POST_SAMPLE 59 2359296 3932160 262144 262144 0 262144 786432 1310720 9175040
GPU_POST_SAMPLE 60 2097152 4194304 0 262144 262144 0 786432 1572864 9175040
GPU_POST_SAMPLE 61 2097152 4194304 0 0 262144 262144 786432 1310720 8912896
GPU_POST_SAMPLE 62 2359296 3932160 262144 262144 0 262144 786432 1310720 9175040
GPU_POST_SAMPLE 63 2097152 4194304 2359296 0 262144 262144 786432 1572864 11534336
GPU_POST_SAMPLE 64 2097152 3932160 262144 262144 0 0 1048576 1310720 8912896
GPU_POST_SAMPLE 65 2097152 6291456 262144 0 0 262144 786432 1310720 11010048
GPU_POST_SAMPLE 66 1310720 2621440 262144 0 262144 0 524288 1048576 6029312
GPU_POST_SAMPLE 67 2097152 3407872 3145728 262144 0 262144 1048576 1310720 11534336
GPU_POST_SAMPLE 68 1572864 2621440 262144 0 0 262144 786432 786432 6291456
GPU_POST_SAMPLE 69 2359296 3932160 2883584 262144 262144 0 786432 1310720 11796480
GPU_POST_SAMPLE 70 1572864 2621440 0 262144 262144 0 524288 786432 6029312
GPU_POST_SAMPLE 71 2097152 4194304 2359296 262144 262144 0 786432 1310720 11272192
GPU_POST_SAMPLE 72 1835008 2621440 0 262144 0 0 786432 1048576 6553600
GPU_POST_SAMPLE 73 2097152 4194304 2097152 262144 262144 0 786432 1572864 11272192
GPU_POST_SAMPLE 74 1572864 2621440 0 0 262144 0 786432 1048576 6291456
GPU_POST_SAMPLE 75 1572864 2621440 0 262144 262144 0 524288 5242880 10485760
GPU_POST_SAMPLE 76 1572864 2621440 262144 0 0 262144 524288 1048576 6291456
GPU_POST_SAMPLE 77 1572864 2621440 0 262144 0 262144 2883584 1048576 8650752
GPU_POST_SAMPLE 78 1835008 2883584 262144 0 262144 0 524288 1048576 6815744
GPU_POST_SAMPLE 79 1572864 2359296 0 262144 262144 0 524288 1310720 6291456
GPU_POST_SAMPLE 80 1310720 3407872 262144 262144 262144 262144 786432 1572864 8126464
GPU_POST_SAMPLE 81 2621440 5767168 0 262144 262144 262144 786432 1835008 11796480
GPU_POST_SAMPLE 82 2097152 3407872 262144 262144 262144 0 786432 1310720 8388608
GPU_POST_SAMPLE 83 2097152 3932160 262144 262144 262144 0 786432 4194304 11796480
GPU_POST_SAMPLE 84 2359296 3670016 262144 262144 0 262144 786432 1310720 8912896
GPU_POST_SAMPLE 85 2359296 4194304 2621440 0 262144 262144 786432 1572864 12058624
GPU_POST_SAMPLE 86 1835008 3932160 262144 0 262144 0 524288 1048576 7864320
GPU_POST_SAMPLE 87 2097152 3932160 262144 262144 262144 0 786432 1572864 9175040
GPU_POST_SAMPLE 88 1310720 2621440 262144 262144 0 0 786432 1572864 6815744
GPU_POST_SAMPLE 89 2097152 4194304 0 262144 262144 0 786432 1572864 9175040
GPU_POST_SAMPLE 90 2097152 3670016 2359296 262144 262144 262144 786432 1572864 11272192
GPU_POST_SAMPLE 91 2359296 4194304 262144 262144 0 0 524288 1048576 8650752
GPU_POST_SAMPLE 92 2097152 5767168 262144 0 0 262144 524288 1048576 9961472
GPU_POST_SAMPLE 93 1310720 2883584 0 262144 0 0 786432 1048576 6291456
GPU_POST_SAMPLE 94 1310720 3670016 2621440 262144 0 262144 524288 1048576 9699328
GPU_POST_SAMPLE 95 1572864 2883584 262144 262144 262144 0 524288 786432 6553600
GPU_POST_SAMPLE 96 1572864 2621440 0 262144 262144 0 786432 1572864 7077888
GPU_POST_SAMPLE 97 2359296 3932160 262144 0 262144 0 1048576 1310720 9175040
GPU_POST_SAMPLE 98 2359296 4194304 262144 262144 262144 0 786432 1572864 9699328
GPU_POST_SAMPLE 99 2359296 4456448 0 262144 262144 0 786432 1572864 9699328
GPU_POST_SAMPLE 100 2359296 4456448 262144 0 0 262144 786432 1572864 9699328
GPU_POST_SAMPLE 101 2359296 3932160 3145728 0 262144 0 1048576 1310720 12058624
GPU_POST_SAMPLE 102 2097152 4456448 0 262144 262144 0 786432 1572864 9437184
GPU_POST_SAMPLE 103 2621440 4456448 3145728 262144 262144 0 1048576 1572864 13369344
GPU_POST_SAMPLE 104 2097152 3932160 262144 262144 0 262144 786432 1310720 8912896
GPU_POST_SAMPLE 105 2097152 4456448 0 262144 262144 0 786432 1572864 9437184
GPU_POST_SAMPLE 106 2359296 3932160 2883584 0 262144 262144 786432 1572864 12058624
GPU_POST_SAMPLE 107 2359296 3670016 262144 262144 0 262144 786432 1310720 8912896
GPU_POST_SAMPLE 108 2097152 4456448 2359296 262144 0 262144 786432 1572864 11796480
GPU_POST_SAMPLE 109 2359296 4194304 262144 0 262144 0 786432 5242880 13107200
GPU_POST_SAMPLE 110 2359296 2883584 262144 262144 0 0 786432 786432 7340032
GPU_POST_SAMPLE 111 2097152 2883584 262144 0 262144 262144 3407872 1310720 10485760
GPU_POST_SAMPLE 112 1310720 2621440 262144 0 262144 0 524288 1048576 6029312
GPU_POST_SAMPLE 113 1572864 2621440 262144 0 0 262144 524288 1048576 6291456
GPU_POST_SAMPLE 114 1310720 2621440 262144 262144 262144 0 524288 786432 6029312
GPU_POST_SAMPLE 115 2097152 4194304 262144 262144 0 0 786432 1048576 8650752
GPU_POST_SAMPLE 116 1572864 2621440 0 262144 262144 0 786432 1572864 7077888
GPU_POST_SAMPLE 117 3145728 3932160 262144 262144 0 262144 262144 1048576 9175040
GPU_POST_SAMPLE 118 1310720 2883584 2359296 262144 262144 0 1048576 1310720 9437184
GPU_POST_SAMPLE 119 2359296 4194304 0 262144 262144 0 786432 1572864 9437184
{"seed":43,"vendor":"Microsoft Corporation","renderer":"D3D12 (Intel(R) Arc(TM) 140T GPU (16GB))","gl_version":"4.6 (Compatibility Profile) Mesa 26.2.2","gallium_path":"/root/.cache/football-mesa-build-20260913-a/install-wayland/lib/libgallium-26.2.2.so","width":1920,"height":1080,"quality":"pbr+bloom+fxaa+auto_exposure","swap_enabled":true,"swap_interval":0,"warmup_frames":30,"measured_frames":120,"in_play_frames":150,"p50_ms":23.368439,"p95_ms":26.714341,"p99_ms":28.563213,"submit_p50_ms":23.329746,"submit_p95_ms":26.645147,"finish_p50_ms":0.039514,"finish_p95_ms":0.056105,"samples_ms":[23.546322,26.762275,22.113613,21.961236,28.563213,22.947935,22.126276,26.165150,20.472061,23.002481,23.495310,24.157454,19.473609,24.003253,22.035208,25.810665,20.602725,20.118209,20.147499,21.241673,25.191324,20.670339,20.876142,22.393078,24.808429,23.313929,23.365548,19.652525,22.194368,21.608856,20.674286,25.766569,21.252852,26.209563,20.911938,25.602977,20.532996,26.154556,23.143836,24.187144,22.438622,23.921702,26.481042,20.157900,24.630461,22.785348,25.564829,20.019637,23.671066,22.362300,27.355807,26.615842,19.331575,26.230506,21.435432,24.639547,22.726071,23.518337,24.156082,22.723758,23.449240,22.790625,23.001759,24.883210,23.241259,26.399674,19.187870,26.588058,19.334146,25.684948,19.668176,24.367334,19.894684,25.701773,20.489043,25.862990,20.473254,21.937774,21.014434,19.780142,20.872911,28.898082,22.668791,26.579812,23.818630,25.772741,23.368439,26.257448,22.291352,23.849840,26.725388,23.844589,23.590028,20.140218,24.663455,19.484598,24.264441,24.024950,25.246845,25.087381,24.517109,25.135695,22.860736,26.714341,24.419258,23.640816,25.491543,23.221279,25.788901,27.746797,21.613215,24.854731,20.468589,20.655684,19.887714,21.051214,23.488174,23.861000,23.581873,22.299068],"submit_samples_ms":[23.506858,26.645147,22.079175,21.920446,28.519745,22.911430,22.079503,26.123927,20.403956,22.965825,23.453427,24.122362,19.423674,23.966704,21.991042,25.775550,20.561898,20.080501,20.109722,21.191455,25.155162,20.627855,20.835773,22.351642,24.772799,23.269832,23.329746,19.611112,22.156283,21.572579,20.632815,25.730013,21.181792,26.173267,20.872304,25.560303,20.497002,26.112170,23.106465,24.145728,22.401760,23.882188,26.442559,20.113570,24.595329,22.734976,25.493361,19.977767,23.631634,22.322006,27.312390,26.577522,19.265622,26.191895,21.392996,24.604881,22.682168,23.481983,24.115521,22.686756,23.407073,22.755993,22.962286,24.847275,23.200791,26.349795,19.150452,26.542784,19.295019,25.645905,19.628754,24.332748,19.849388,25.665228,20.443668,25.828098,20.424707,21.901891,20.964674,19.741352,20.834857,28.861088,22.624127,26.542439,23.778085,25.733117,23.329485,26.216547,22.255427,23.809391,26.684013,23.806162,23.553136,20.101767,24.627735,19.442447,24.227661,23.984857,25.207614,25.049736,24.471169,25.095992,22.804631,26.670669,24.381938,23.599389,25.452874,23.179743,25.750364,27.702972,21.543941,24.820278,20.427207,20.620339,19.849771,21.006172,23.451798,23.821419,23.544812,22.256781],"finish_samples_ms":[0.039464,0.117128,0.034438,0.040790,0.043468,0.036505,0.046773,0.041223,0.068105,0.036656,0.041883,0.035092,0.049935,0.036549,0.044166,0.035115,0.040827,0.037708,0.037777,0.050218,0.036162,0.042484,0.040369,0.041436,0.035630,0.044097,0.035802,0.041413,0.038085,0.036277,0.041471,0.036556,0.071060,0.036296,0.039634,0.042674,0.035994,0.042386,0.037371,0.041416,0.036862,0.039514,0.038483,0.044330,0.035132,0.050372,0.071468,0.041870,0.039432,0.040294,0.043417,0.038320,0.065953,0.038611,0.042436,0.034666,0.043903,0.036354,0.040561,0.037002,0.042167,0.034632,0.039473,0.035935,0.040468,0.049879,0.037418,0.045274,0.039127,0.039043,0.039422,0.034586,0.045296,0.036545,0.045375,0.034892,0.048547,0.035883,0.049760,0.038790,0.038054,0.036994,0.044664,0.037373,0.040545,0.039624,0.038954,0.040901,0.035925,0.040449,0.041375,0.038427,0.036892,0.038451,0.035720,0.042151,0.036780,0.040093,0.039231,0.037645,0.045940,0.039703,0.056105,0.043672,0.037320,0.041427,0.038669,0.041536,0.038537,0.043825,0.069274,0.034453,0.041382,0.035345,0.037943,0.045042,0.036376,0.039581,0.037061,0.042287]}
