MESA-EGL: warning: egl: failed to create dri2 screen
 dllPath = /usr/lib/wsl/drivers/iigd_dch.inf_amd64_3e6575b60ae27560, dllName = libigdgmm_w.so.12 
 IsWddmLinux = 1, dllWslName = /usr/lib/wsl/drivers/iigd_dch.inf_amd64_3e6575b60ae27560/libigdgmm_w.so.12  flags = 2
 dllPath = /usr/lib/wsl/drivers/iigd_dch.inf_amd64_3e6575b60ae27560, dllName = libigdgmm_w.so.12 
 IsWddmLinux = 1, dllWslName = /usr/lib/wsl/drivers/iigd_dch.inf_amd64_3e6575b60ae27560/libigdgmm_w.so.12  flags = 2
GPU_POST_SAMPLE 0 2359296 4718592 262144 262144 262144 0 1048576 1310720 10223616
GPU_POST_SAMPLE 1 2097152 4456448 3407872 0 262144 0 1048576 1572864 12845056
GPU_POST_SAMPLE 2 2097152 4718592 262144 262144 262144 0 1048576 1572864 10223616
GPU_POST_SAMPLE 3 2621440 5505024 262144 524288 262144 0 1048576 1572864 11796480
GPU_POST_SAMPLE 4 2359296 5767168 262144 262144 262144 0 1048576 1572864 11534336
GPU_POST_SAMPLE 5 2621440 5242880 262144 262144 262144 0 1048576 4456448 14155776
GPU_POST_SAMPLE 6 2097152 4456448 3145728 262144 262144 0 786432 1835008 12845056
GPU_POST_SAMPLE 7 2097152 4718592 262144 262144 0 0 1048576 4980736 13369344
GPU_POST_SAMPLE 8 2097152 3670016 262144 262144 262144 0 786432 1572864 8912896
GPU_POST_SAMPLE 9 2621440 6029312 262144 262144 0 262144 1048576 1835008 12320768
GPU_POST_SAMPLE 10 2097152 5767168 0 524288 262144 0 1048576 1572864 11272192
GPU_POST_SAMPLE 11 1835008 4980736 262144 0 262144 0 1048576 1835008 10223616
GPU_POST_SAMPLE 12 3145728 7077888 3670016 262144 262144 0 1310720 2097152 17825792
GPU_POST_SAMPLE 13 2097152 4456448 262144 262144 3670016 0 1310720 1310720 13369344
GPU_POST_SAMPLE 14 1835008 3670016 262144 262144 262144 0 786432 1572864 8650752
GPU_POST_SAMPLE 15 2097152 4980736 262144 0 262144 0 1048576 1835008 10485760
GPU_POST_SAMPLE 16 2359296 4980736 262144 262144 262144 0 1048576 1572864 10747904
GPU_POST_SAMPLE 17 2097152 4980736 262144 262144 262144 0 1048576 1572864 10485760
GPU_POST_SAMPLE 18 2621440 5505024 262144 0 3145728 262144 786432 1835008 14417920
GPU_POST_SAMPLE 19 1835008 3932160 262144 262144 0 0 1048576 1310720 8650752
GPU_POST_SAMPLE 20 2097152 4718592 0 262144 262144 262144 786432 1835008 10223616
GPU_POST_SAMPLE 21 2097152 4456448 0 262144 524288 0 1048576 1572864 9961472
GPU_POST_SAMPLE 22 2359296 5242880 262144 0 262144 0 1048576 4980736 14155776
GPU_POST_SAMPLE 23 2359296 5242880 0 262144 262144 262144 1048576 1835008 11272192
GPU_POST_SAMPLE 24 2359296 4980736 262144 262144 262144 0 1048576 1572864 10747904
GPU_POST_SAMPLE 25 2097152 4456448 262144 262144 262144 0 786432 1835008 9961472
GPU_POST_SAMPLE 26 2097152 4718592 262144 262144 262144 0 1048576 3932160 12582912
GPU_POST_SAMPLE 27 2097152 4194304 262144 262144 0 262144 786432 1572864 9437184
GPU_POST_SAMPLE 28 2097152 7340032 262144 262144 262144 0 1048576 1572864 12845056
GPU_POST_SAMPLE 29 2359296 4718592 3932160 262144 262144 262144 786432 1572864 14155776
GPU_POST_SAMPLE 30 2359296 5505024 0 524288 262144 0 1048576 1572864 11272192
GPU_POST_SAMPLE 31 2621440 5767168 262144 262144 262144 0 4718592 1572864 15466496
GPU_POST_SAMPLE 32 1835008 4456448 262144 262144 0 0 1310720 2097152 10223616
GPU_POST_SAMPLE 33 2359296 6029312 262144 0 262144 262144 786432 2097152 12058624
GPU_POST_SAMPLE 34 2097152 4194304 262144 262144 0 0 1048576 1310720 9175040
GPU_POST_SAMPLE 35 2359296 5505024 262144 262144 0 262144 1048576 1835008 11534336
GPU_POST_SAMPLE 36 2359296 4718592 0 262144 262144 262144 786432 1835008 10485760
GPU_POST_SAMPLE 37 2359296 4718592 3407872 262144 262144 0 1048576 1572864 13631488
GPU_POST_SAMPLE 38 2097152 4456448 3145728 524288 0 0 1310720 2097152 13631488
GPU_POST_SAMPLE 39 2097152 4456448 3407872 0 262144 262144 786432 1835008 13107200
GPU_POST_SAMPLE 40 2097152 4718592 262144 262144 262144 0 1048576 4456448 13107200
GPU_POST_SAMPLE 41 2359296 5242880 0 262144 524288 0 1048576 1572864 11010048
GPU_POST_SAMPLE 42 2359296 5242880 262144 262144 262144 0 1048576 1835008 11272192
GPU_POST_SAMPLE 43 2883584 5767168 0 524288 262144 0 1048576 1835008 12320768
GPU_POST_SAMPLE 44 1835008 4980736 262144 262144 262144 0 1048576 2097152 10747904
GPU_POST_SAMPLE 45 2097152 4456448 3145728 262144 0 262144 1048576 1572864 12845056
GPU_POST_SAMPLE 46 1835008 4456448 4456448 262144 262144 524288 2359296 2359296 16515072
GPU_POST_SAMPLE 47 2883584 6815744 0 524288 262144 262144 1310720 2097152 14155776
GPU_POST_SAMPLE 48 2097152 4718592 0 262144 262144 262144 786432 1835008 10223616
GPU_POST_SAMPLE 49 2359296 4456448 262144 262144 262144 0 1048576 1572864 10223616
GPU_POST_SAMPLE 50 2097152 4456448 3932160 262144 0 262144 1048576 1835008 13893632
GPU_POST_SAMPLE 51 2883584 6815744 2883584 262144 262144 0 1310720 1572864 15990784
GPU_POST_SAMPLE 52 2097152 4456448 3407872 262144 262144 262144 1048576 1310720 13107200
GPU_POST_SAMPLE 53 2097152 4718592 262144 0 262144 0 1048576 4456448 12845056
GPU_POST_SAMPLE 54 2097152 3670016 262144 262144 262144 262144 786432 1572864 9175040
GPU_POST_SAMPLE 55 2883584 6815744 262144 262144 262144 0 1310720 2359296 14155776
GPU_POST_SAMPLE 56 2097152 4456448 262144 262144 0 262144 1048576 4456448 12845056
GPU_POST_SAMPLE 57 2097152 4718592 262144 262144 262144 0 1048576 6029312 14680064
GPU_POST_SAMPLE 58 2883584 7077888 262144 4194304 262144 0 1048576 1835008 17563648
GPU_POST_SAMPLE 59 2097152 4718592 262144 262144 262144 262144 786432 5242880 13893632
GPU_POST_SAMPLE 60 2883584 6029312 262144 262144 3670016 262144 786432 1310720 15466496
GPU_POST_SAMPLE 61 2359296 4980736 0 262144 262144 262144 786432 5242880 14155776
GPU_POST_SAMPLE 62 2097152 5767168 524288 524288 262144 262144 1572864 4980736 15990784
GPU_POST_SAMPLE 63 2097152 7340032 3407872 524288 262144 0 1048576 1572864 16252928
GPU_POST_SAMPLE 64 2883584 10485760 262144 262144 262144 262144 1048576 1835008 17301504
GPU_POST_SAMPLE 65 2883584 7077888 262144 262144 262144 1048576 1572864 4456448 17825792
GPU_POST_SAMPLE 66 2359296 4456448 262144 3670016 524288 0 1310720 2359296 14942208
GPU_POST_SAMPLE 67 2359296 4194304 4194304 524288 262144 262144 1310720 2359296 15466496
GPU_POST_SAMPLE 68 3145728 10223616 0 524288 262144 0 1310720 2097152 17563648
GPU_POST_SAMPLE 69 2359296 4718592 524288 262144 262144 0 1048576 1572864 10747904
GPU_POST_SAMPLE 70 2359296 4718592 262144 0 262144 262144 786432 1835008 10485760
GPU_POST_SAMPLE 71 2883584 6815744 524288 1835008 262144 2097152 1572864 2097152 18087936
GPU_POST_SAMPLE 72 3145728 6553600 262144 262144 3670016 262144 1310720 2097152 17563648
GPU_POST_SAMPLE 73 2359296 4456448 3932160 0 262144 262144 786432 1835008 13893632
GPU_POST_SAMPLE 74 2359296 4456448 3407872 262144 262144 262144 1048576 1310720 13369344
GPU_POST_SAMPLE 75 2097152 4456448 4194304 262144 262144 262144 1048576 1572864 14155776
GPU_POST_SAMPLE 76 2359296 4456448 3670016 524288 262144 0 1048576 1572864 13893632
GPU_POST_SAMPLE 77 2097152 4456448 4456448 262144 262144 0 1310720 2359296 15204352
GPU_POST_SAMPLE 78 2359296 4718592 4456448 0 524288 0 1310720 2359296 15728640
GPU_POST_SAMPLE 79 2359296 4456448 3932160 524288 0 262144 1310720 2359296 15204352
GPU_POST_SAMPLE 80 2359296 4456448 262144 262144 262144 262144 786432 1572864 10223616
GPU_POST_SAMPLE 81 2883584 6815744 4194304 524288 262144 0 1310720 2359296 18350080
GPU_POST_SAMPLE 82 2359296 4980736 0 262144 262144 262144 786432 1835008 10747904
GPU_POST_SAMPLE 83 2359296 4456448 3932160 524288 262144 262144 1310720 2097152 15204352
GPU_POST_SAMPLE 84 2097152 4718592 4456448 262144 262144 262144 1048576 1572864 14680064
GPU_POST_SAMPLE 85 2359296 4194304 262144 262144 262144 0 1048576 1835008 10223616
GPU_POST_SAMPLE 86 2359296 4456448 262144 262144 262144 262144 4456448 1572864 13893632
GPU_POST_SAMPLE 87 2359296 4718592 262144 262144 0 262144 786432 1835008 10485760
GPU_POST_SAMPLE 88 2359296 4456448 262144 262144 0 0 1310720 6815744 15466496
GPU_POST_SAMPLE 89 2359296 4456448 5505024 262144 262144 0 1310720 2359296 16515072
GPU_POST_SAMPLE 90 2097152 4718592 262144 0 262144 262144 786432 5505024 13893632
GPU_POST_SAMPLE 91 3145728 6815744 3407872 262144 262144 262144 1310720 2097152 17563648
GPU_POST_SAMPLE 92 2359296 4456448 3407872 0 262144 262144 1048576 1835008 13631488
GPU_POST_SAMPLE 93 2097152 4456448 3670016 262144 262144 262144 1310720 2097152 14417920
GPU_POST_SAMPLE 94 2359296 4194304 3145728 262144 262144 262144 1048576 1572864 13107200
GPU_POST_SAMPLE 95 3145728 6815744 3145728 262144 262144 0 1048576 1835008 16515072
GPU_POST_SAMPLE 96 2359296 4456448 3670016 262144 262144 262144 1048576 1572864 13893632
GPU_POST_SAMPLE 97 3145728 6815744 524288 0 262144 262144 1048576 6553600 18612224
GPU_POST_SAMPLE 98 3145728 6291456 0 3932160 524288 0 1048576 1572864 16515072
GPU_POST_SAMPLE 99 2359296 4194304 3407872 262144 262144 0 1310720 2097152 13893632
GPU_POST_SAMPLE 100 2359296 4980736 3932160 262144 262144 0 1048576 1572864 14417920
GPU_POST_SAMPLE 101 2359296 4194304 4194304 262144 262144 0 1048576 1835008 14155776
GPU_POST_SAMPLE 102 3145728 6291456 4194304 262144 0 262144 1048576 1835008 17039360
GPU_POST_SAMPLE 103 2359296 4718592 0 262144 3670016 262144 1048576 1572864 13893632
GPU_POST_SAMPLE 104 2359296 4456448 262144 262144 262144 0 1048576 5505024 14155776
GPU_POST_SAMPLE 105 2359296 4980736 0 262144 262144 0 1048576 1835008 10747904
GPU_POST_SAMPLE 106 4980736 9175040 4194304 524288 262144 0 1048576 2359296 22544384
GPU_POST_SAMPLE 107 3145728 6815744 262144 262144 262144 0 1310720 2097152 14155776
GPU_POST_SAMPLE 108 3145728 6815744 262144 262144 0 1310720 1572864 5242880 18612224
GPU_POST_SAMPLE 109 2359296 4456448 262144 262144 0 2621440 1310720 1572864 12845056
GPU_POST_SAMPLE 110 2359296 4718592 262144 262144 0 262144 786432 1835008 10485760
GPU_POST_SAMPLE 111 2359296 4718592 262144 262144 0 262144 1048576 1572864 10485760
GPU_POST_SAMPLE 112 2359296 5505024 262144 262144 262144 0 1048576 1835008 11534336
GPU_POST_SAMPLE 113 2359296 4456448 524288 262144 262144 0 1048576 1572864 10485760
GPU_POST_SAMPLE 114 2097152 4718592 0 262144 262144 2621440 1310720 1572864 12845056
GPU_POST_SAMPLE 115 2097152 3670016 262144 262144 262144 0 786432 1572864 8912896
GPU_POST_SAMPLE 116 2359296 4456448 262144 0 262144 0 1048576 1572864 9961472
GPU_POST_SAMPLE 117 3145728 6553600 262144 262144 262144 262144 1310720 2097152 14155776
GPU_POST_SAMPLE 118 2359296 4980736 2359296 262144 262144 0 1048576 1572864 12845056
GPU_POST_SAMPLE 119 2621440 5505024 262144 262144 262144 262144 1048576 1572864 11796480
{"seed":42,"vendor":"Microsoft Corporation","renderer":"D3D12 (Intel(R) Arc(TM) 140T GPU (16GB))","gl_version":"4.6 (Compatibility Profile) Mesa 26.2.2","gallium_path":"/root/.cache/football-mesa-build-20260913-a/install-wayland/lib/libgallium-26.2.2.so","width":1920,"height":1080,"quality":"pbr+bloom+fxaa+auto_exposure","swap_enabled":true,"swap_interval":0,"warmup_frames":30,"measured_frames":120,"in_play_frames":141,"p50_ms":30.116274,"p95_ms":36.636401,"p99_ms":38.431806,"submit_p50_ms":30.072180,"submit_p95_ms":36.593364,"finish_p50_ms":0.043141,"finish_p95_ms":0.065586,"samples_ms":[27.970134,30.226700,27.053330,29.808836,32.610060,31.468095,34.608667,29.684427,26.752876,31.906284,27.027590,25.677771,32.071428,28.001125,27.891780,29.722959,26.449948,25.044984,30.353355,25.417155,26.779359,24.155268,29.299503,29.186671,26.922305,24.241517,29.382635,23.729011,28.664354,28.781229,29.552938,30.596275,30.116274,30.754706,29.455213,26.670741,28.061509,30.000328,30.568841,29.238355,27.396908,28.982677,29.620084,29.609611,28.157081,28.580232,36.092238,32.634840,29.216364,29.379798,30.212126,31.714904,28.340411,27.247548,25.770218,36.448688,31.464954,30.677205,32.134422,30.159269,31.742524,29.752619,35.011195,34.624191,37.560457,36.820105,34.915944,32.096697,37.641304,32.203448,31.117056,35.011060,33.644896,30.136655,30.387218,32.166786,29.839538,32.355028,31.644540,33.264198,27.881312,35.071384,27.164058,32.162804,32.242370,25.539418,31.725758,29.851318,33.369101,36.636401,36.683478,34.776555,31.646120,32.728200,29.309882,32.504229,31.774775,38.431806,36.463281,32.151705,30.295294,30.592255,33.436692,28.276038,29.974421,29.351904,39.199542,36.047551,36.309427,30.567334,28.614654,26.803846,27.539742,27.002526,26.848190,23.529161,27.697449,30.121871,27.546320,28.966172],"submit_samples_ms":[27.921238,30.184184,27.014999,29.769022,32.570935,31.427759,34.564717,29.646802,26.713174,31.867363,26.987022,25.629366,32.025415,27.961468,27.848928,29.685166,26.407961,24.882370,30.295123,25.375446,26.734498,24.116430,29.260506,29.134768,26.883140,24.202521,29.342112,23.687684,28.603871,28.738598,29.511079,30.535491,30.075502,30.714068,29.415495,26.630673,28.013942,29.957181,30.523124,29.191760,27.360224,28.945826,29.577754,29.549593,28.111075,28.534123,36.046241,32.588841,29.170849,29.336206,30.166454,31.671966,28.297180,27.207835,25.727740,36.406771,31.424946,30.639753,32.097493,30.120853,31.702694,29.708510,34.963294,34.575618,37.519641,36.755646,34.865200,32.050624,37.596140,32.162577,31.077110,34.941660,33.597743,30.090923,30.340291,32.120186,29.773952,32.262108,31.597849,33.219415,27.827899,35.025851,27.121185,32.118547,32.169861,25.498338,31.682617,29.810152,33.319474,36.593364,36.637406,34.731151,31.599654,32.682826,29.263235,32.444019,31.730228,38.389180,36.416573,32.083846,30.220155,30.550083,33.391040,28.227609,29.933036,29.313406,39.153973,36.007848,36.268203,30.529418,28.575489,26.764237,27.479346,26.957992,26.809472,23.488330,27.658362,30.072180,27.506836,28.926882],"finish_samples_ms":[0.048896,0.042516,0.038331,0.039814,0.039125,0.040336,0.043950,0.037625,0.039702,0.038921,0.040568,0.048405,0.046013,0.039657,0.042852,0.037793,0.041987,0.162614,0.058232,0.041709,0.044861,0.038838,0.038997,0.051903,0.039165,0.038996,0.040523,0.041327,0.060483,0.042631,0.041859,0.060784,0.040772,0.040638,0.039718,0.040068,0.047567,0.043147,0.045717,0.046595,0.036684,0.036851,0.042330,0.060018,0.046006,0.046109,0.045997,0.045999,0.045515,0.043592,0.045672,0.042938,0.043231,0.039713,0.042478,0.041917,0.040008,0.037452,0.036929,0.038416,0.039830,0.044109,0.047901,0.048573,0.040816,0.064459,0.050744,0.046073,0.045164,0.040871,0.039946,0.069400,0.047153,0.045732,0.046927,0.046600,0.065586,0.092920,0.046691,0.044783,0.053413,0.045533,0.042873,0.044257,0.072509,0.041080,0.043141,0.041166,0.049627,0.043037,0.046072,0.045404,0.046466,0.045374,0.046647,0.060210,0.044547,0.042626,0.046708,0.067859,0.075139,0.042172,0.045652,0.048429,0.041385,0.038498,0.045569,0.039703,0.041224,0.037916,0.039165,0.039609,0.060396,0.044534,0.038718,0.040831,0.039087,0.049691,0.039484,0.039290]}
