test_create_room (gfootball.frame_sync.lobby_test.TestChatManager.test_create_room) ... ok
test_direct_message (gfootball.frame_sync.lobby_test.TestChatManager.test_direct_message) ... ok
test_send_message (gfootball.frame_sync.lobby_test.TestChatManager.test_send_message) ... ok
test_create_room (gfootball.frame_sync.lobby_test.TestLobby.test_create_room) ... ok
test_join_room (gfootball.frame_sync.lobby_test.TestLobby.test_join_room) ... ok
test_leave_room (gfootball.frame_sync.lobby_test.TestLobby.test_leave_room) ... ok
test_match_queue (gfootball.frame_sync.lobby_test.TestLobby.test_match_queue) ... ok
test_register_player (gfootball.frame_sync.lobby_test.TestLobby.test_register_player) ... ok
test_unregister_player (gfootball.frame_sync.lobby_test.TestLobby.test_unregister_player) ... ok
test_elo_calculator (gfootball.frame_sync.lobby_test.TestMatchmaking.test_elo_calculator) ... ok
test_enqueue (gfootball.frame_sync.lobby_test.TestMatchmaking.test_enqueue) ... ok
test_find_match (gfootball.frame_sync.lobby_test.TestMatchmaking.test_find_match) ... ok
test_create_profile (gfootball.frame_sync.lobby_test.TestProfileManager.test_create_profile) ... ok
test_leaderboard (gfootball.frame_sync.lobby_test.TestProfileManager.test_leaderboard) ... ok
test_record_match (gfootball.frame_sync.lobby_test.TestProfileManager.test_record_match) ... ok
test_corrupt_payload_and_mismatching_session_rejected (gfootball.frame_sync.test_multiplayer.MatchBootstrapTest.test_corrupt_payload_and_mismatching_session_rejected) ... ok
test_end_is_ordered_uses_full_hash_and_forbids_later_authority (gfootball.frame_sync.test_multiplayer.MatchBootstrapTest.test_end_is_ordered_uses_full_hash_and_forbids_later_authority) ... ok
test_end_without_all_authority_and_duplicate_end_rejected (gfootball.frame_sync.test_multiplayer.MatchBootstrapTest.test_end_without_all_authority_and_duplicate_end_rejected) ... ok
test_first_match_cannot_start_at_nonzero_frame (gfootball.frame_sync.test_multiplayer.MatchBootstrapTest.test_first_match_cannot_start_at_nonzero_frame) ... ok
test_malformed_duplicate_nested_or_noninteger_metadata_rejected (gfootball.frame_sync.test_multiplayer.MatchBootstrapTest.test_malformed_duplicate_nested_or_noninteger_metadata_rejected) ... ok
test_maximum_native_snapshot_bootstraps_incrementally_before_ready (gfootball.frame_sync.test_multiplayer.MatchBootstrapTest.test_maximum_native_snapshot_bootstraps_incrementally_before_ready) ... ok
test_oversized_snapshot_header_is_rejected_without_retained_body (gfootball.frame_sync.test_multiplayer.MatchBootstrapTest.test_oversized_snapshot_header_is_rejected_without_retained_body) ... ok
test_resume_requires_explicit_version_and_valid_capability (gfootball.frame_sync.test_multiplayer.MatchBootstrapTest.test_resume_requires_explicit_version_and_valid_capability) ... ok
test_actual_host_join_end_ack_record_save_and_playback (gfootball.frame_sync.test_multiplayer.MultiplayerTest.test_actual_host_join_end_ack_record_save_and_playback) ... ok
test_authority_engine_failure_preserves_error_and_aborts_recording (gfootball.frame_sync.test_multiplayer.MultiplayerTest.test_authority_engine_failure_preserves_error_and_aborts_recording) ... ok
test_callback_cannot_close_engine_during_its_input_sample (gfootball.frame_sync.test_multiplayer.MultiplayerTest.test_callback_cannot_close_engine_during_its_input_sample) ... ok
test_finish_rolls_back_speculation_and_verifies_terminal_hash (gfootball.frame_sync.test_multiplayer.MultiplayerTest.test_finish_rolls_back_speculation_and_verifies_terminal_hash) ... ok
test_half_open_extra_socket_does_not_hold_ready_match (gfootball.frame_sync.test_multiplayer.MultiplayerTest.test_half_open_extra_socket_does_not_hold_ready_match) ... ok
test_host_waits_for_every_participant_without_predicting_lobby (gfootball.frame_sync.test_multiplayer.MultiplayerTest.test_host_waits_for_every_participant_without_predicting_lobby) ... ok
test_initial_identity_mismatch_closes_without_any_restore (gfootball.frame_sync.test_multiplayer.MultiplayerTest.test_initial_identity_mismatch_closes_without_any_restore) ... ok
test_initial_snapshot_budget_failure_closes_native_factory_result (gfootball.frame_sync.test_multiplayer.MultiplayerTest.test_initial_snapshot_budget_failure_closes_native_factory_result) ... ok
test_invalid_input_reentrant_tick_and_foreign_owner_rejected (gfootball.frame_sync.test_multiplayer.MultiplayerTest.test_invalid_input_reentrant_tick_and_foreign_owner_rejected) ... ok
test_legacy_clients_cannot_enter_match_v5 (gfootball.frame_sync.test_multiplayer.MultiplayerTest.test_legacy_clients_cannot_enter_match_v5) ... ok
test_lobby_cancel_ends_zero_frame_match_without_predicting (gfootball.frame_sync.test_multiplayer.MultiplayerTest.test_lobby_cancel_ends_zero_frame_match_without_predicting) ... ok
test_lobby_timeout_closes_all_owners_and_preserves_previous_recording (gfootball.frame_sync.test_multiplayer.MultiplayerTest.test_lobby_timeout_closes_all_owners_and_preserves_previous_recording) ... ok
test_malformed_wire_origin_is_rejected_before_client_engine_factory (gfootball.frame_sync.test_multiplayer.MultiplayerTest.test_malformed_wire_origin_is_rejected_before_client_engine_factory) ... ok
test_match_client_cannot_silently_enter_legacy_server (gfootball.frame_sync.test_multiplayer.MultiplayerTest.test_match_client_cannot_silently_enter_legacy_server) ... ok
test_public_server_loop_can_finish_while_waiting_in_empty_lobby (gfootball.frame_sync.test_multiplayer.MultiplayerTest.test_public_server_loop_can_finish_while_waiting_in_empty_lobby) ... ok
test_public_server_loop_waits_for_slots_and_finishes_after_acknowledgements (gfootball.frame_sync.test_multiplayer.MultiplayerTest.test_public_server_loop_waits_for_slots_and_finishes_after_acknowledgements) ... ok
test_ready_lobby_player_recovers_without_starting_or_losing_slot (gfootball.frame_sync.test_multiplayer.MultiplayerTest.test_ready_lobby_player_recovers_without_starting_or_losing_slot) ... ok
test_recording_export_failure_still_closes_host_and_replica (gfootball.frame_sync.test_multiplayer.MultiplayerTest.test_recording_export_failure_still_closes_host_and_replica) ... ok
test_resume_identity_mismatch_never_deserializes_and_closes_player (gfootball.frame_sync.test_multiplayer.MultiplayerTest.test_resume_identity_mismatch_never_deserializes_and_closes_player) ... ok
test_running_match_recovers_original_session_and_handback (gfootball.frame_sync.test_multiplayer.MultiplayerTest.test_running_match_recovers_original_session_and_handback) ... ok
test_terminal_hash_mismatch_closes_player_after_reconciliation (gfootball.frame_sync.test_multiplayer.MultiplayerTest.test_terminal_hash_mismatch_closes_player_after_reconciliation) ... ok
test_input_failure_survives_secondary_local_cleanup_error (gfootball.frame_sync.test_match_lifecycle.MatchCompletionIntegrationTest.test_input_failure_survives_secondary_local_cleanup_error) ... ok
test_local_natural_end_record_checkpoint_and_completed_restore (gfootball.frame_sync.test_match_lifecycle.MatchCompletionIntegrationTest.test_local_natural_end_record_checkpoint_and_completed_restore) ... ok
test_natural_udp_end_survives_lost_end_ack_and_transport_receipt (gfootball.frame_sync.test_match_lifecycle.MatchCompletionIntegrationTest.test_natural_udp_end_survives_lost_end_ack_and_transport_receipt) ... ok
test_public_tcp_server_loop_closes_after_natural_end (gfootball.frame_sync.test_match_lifecycle.MatchCompletionIntegrationTest.test_public_tcp_server_loop_closes_after_natural_end) ... ok
test_public_udp_server_loop_drains_and_closes_after_natural_end (gfootball.frame_sync.test_match_lifecycle.MatchCompletionIntegrationTest.test_public_udp_server_loop_drains_and_closes_after_natural_end) ... ok
test_saved_running_match_preserves_remaining_duration (gfootball.frame_sync.test_match_lifecycle.MatchCompletionIntegrationTest.test_saved_running_match_preserves_remaining_duration) ... ok
test_tcp_natural_end_delivers_final_authority_ack_and_files (gfootball.frame_sync.test_match_lifecycle.MatchCompletionIntegrationTest.test_tcp_natural_end_delivers_final_authority_ack_and_files) ... ok
test_terminal_callback_failure_keeps_previous_replay_and_closes_owners (gfootball.frame_sync.test_match_lifecycle.MatchCompletionIntegrationTest.test_terminal_callback_failure_keeps_previous_replay_and_closes_owners) ... ok
test_udp_natural_end_delivers_final_authority_ack_and_files (gfootball.frame_sync.test_match_lifecycle.MatchCompletionIntegrationTest.test_udp_natural_end_delivers_final_authority_ack_and_files) ... ok
test_completion_capability_is_explicit_and_validated (gfootball.frame_sync.test_match_lifecycle.MatchLifecycleTest.test_completion_capability_is_explicit_and_validated) ... ok
test_configuration_changes_and_foreign_thread_fail_explicitly (gfootball.frame_sync.test_match_lifecycle.MatchLifecycleTest.test_configuration_changes_and_foreign_thread_fail_explicitly) ... ok
test_corrected_earlier_terminal_discards_later_predictions (gfootball.frame_sync.test_match_lifecycle.MatchLifecycleTest.test_corrected_earlier_terminal_discards_later_predictions) ... ok
test_different_rules_cannot_restore_even_a_valid_snapshot (gfootball.frame_sync.test_match_lifecycle.MatchLifecycleTest.test_different_rules_cannot_restore_even_a_valid_snapshot) ... ok
test_disabled_rules_do_not_finish_on_score_mode_or_possession (gfootball.frame_sync.test_match_lifecycle.MatchLifecycleTest.test_disabled_rules_do_not_finish_on_score_mode_or_possession) ... ok
test_duration_uses_engine_play_clock_and_stops_before_an_extra_step (gfootball.frame_sync.test_match_lifecycle.MatchLifecycleTest.test_duration_uses_engine_play_clock_and_stops_before_an_extra_step) ... ok
test_explicit_finish_and_supported_match_step_contract (gfootball.frame_sync.test_match_lifecycle.MatchLifecycleTest.test_explicit_finish_and_supported_match_step_contract) ... ok
test_failed_restore_and_failed_recovery_close_resource (gfootball.frame_sync.test_match_lifecycle.MatchLifecycleTest.test_failed_restore_and_failed_recovery_close_resource) ... ok
test_header_and_body_corruption_rejected_before_engine_restore (gfootball.frame_sync.test_match_lifecycle.MatchLifecycleTest.test_header_and_body_corruption_rejected_before_engine_restore) ... ok
test_loose_ball_retains_previous_possession_across_snapshot (gfootball.frame_sync.test_match_lifecycle.MatchLifecycleTest.test_loose_ball_retains_previous_possession_across_snapshot) ... ok
test_native_prematch_clock_and_first_set_piece_are_valid_origins (gfootball.frame_sync.test_match_lifecycle.MatchLifecycleTest.test_native_prematch_clock_and_first_set_piece_are_valid_origins) ... ok
test_native_terminal_signal_is_preserved_without_double_finish (gfootball.frame_sync.test_match_lifecycle.MatchLifecycleTest.test_native_terminal_signal_is_preserved_without_double_finish) ... ok
test_out_of_play_requires_a_transition_from_normal (gfootball.frame_sync.test_match_lifecycle.MatchLifecycleTest.test_out_of_play_requires_a_transition_from_normal) ... ok
test_prediction_of_false_terminal_can_be_corrected_and_continue (gfootball.frame_sync.test_match_lifecycle.MatchLifecycleTest.test_prediction_of_false_terminal_can_be_corrected_and_continue) ... ok
test_rechecksummed_native_terminal_mismatch_rolls_back_atomically (gfootball.frame_sync.test_match_lifecycle.MatchLifecycleTest.test_rechecksummed_native_terminal_mismatch_rolls_back_atomically) ... ok
test_score_rule_finishes_the_scoring_frame (gfootball.frame_sync.test_match_lifecycle.MatchLifecycleTest.test_score_rule_finishes_the_scoring_frame) ... ok
test_snapshot_limit_includes_lifecycle_header (gfootball.frame_sync.test_match_lifecycle.MatchLifecycleTest.test_snapshot_limit_includes_lifecycle_header) ... ok
test_terminal_snapshot_restores_terminal_and_running_states (gfootball.frame_sync.test_match_lifecycle.MatchLifecycleTest.test_terminal_snapshot_restores_terminal_and_running_states) ... ok

----------------------------------------------------------------------
Ran 71 tests in 4.901s

OK
