 dllPath = /usr/lib/wsl/drivers/iigd_dch.inf_amd64_3e6575b60ae27560, dllName = libigdgmm_w.so.12 
 IsWddmLinux = 1, dllWslName = /usr/lib/wsl/drivers/iigd_dch.inf_amd64_3e6575b60ae27560/libigdgmm_w.so.12  flags = 2
 dllPath = /usr/lib/wsl/drivers/iigd_dch.inf_amd64_3e6575b60ae27560, dllName = libigdgmm_w.so.12 
 IsWddmLinux = 1, dllWslName = /usr/lib/wsl/drivers/iigd_dch.inf_amd64_3e6575b60ae27560/libigdgmm_w.so.12  flags = 2
{"seed":43,"vendor":"Microsoft Corporation","renderer":"D3D12 (Intel(R) Arc(TM) 140T GPU (16GB))","gl_version":"4.6 (Compatibility Profile) Mesa 26.2.2","gallium_path":"/root/.cache/football-mesa-build-20260913-a/install-wayland/lib/libgallium-26.2.2.so","width":1920,"height":1080,"quality":"pbr+bloom+fxaa+auto_exposure","swap_enabled":true,"swap_interval":0,"warmup_frames":30,"measured_frames":120,"in_play_frames":150,"p50_ms":22.628278,"p95_ms":28.130462,"p99_ms":31.461503,"submit_p50_ms":22.586598,"submit_p95_ms":28.091469,"finish_p50_ms":0.038416,"finish_p95_ms":0.055190,"samples_ms":[20.998878,24.296869,22.430500,23.363302,25.858611,26.038316,20.475523,23.389010,19.812171,22.505474,18.640229,26.494535,21.330918,21.135673,19.978934,20.854328,17.847929,18.209868,27.956961,19.349917,27.163948,18.659053,20.964531,18.441589,21.362742,18.324680,23.856227,18.398521,20.075404,22.201257,19.632202,21.753940,19.203045,22.230724,18.489683,21.031457,18.841601,21.472806,18.567583,18.703819,24.716122,22.628278,27.045616,27.021716,21.120302,27.087414,22.132117,25.411382,21.782114,24.768922,23.495003,25.062093,27.786113,22.391888,27.347188,27.032386,25.488759,25.674275,26.931747,24.495843,22.300203,27.289813,21.755938,26.694854,21.326111,24.275225,21.567005,25.627970,24.244162,21.580296,23.272269,23.934937,27.333818,23.110743,27.522072,24.561607,29.649867,25.572938,21.955134,30.562884,19.779059,20.022099,21.183286,27.317685,21.652590,20.338949,20.070855,25.185531,20.443702,20.979710,19.715620,22.263181,20.678995,18.455531,21.874515,18.008907,25.900451,20.184418,20.785333,24.245333,22.524345,24.538756,28.130462,27.554548,22.239908,28.252374,24.191541,25.687383,25.943363,28.673151,23.891060,25.770811,26.421479,25.252490,26.438215,33.501227,26.301615,31.461503,27.947639,23.188379],"submit_samples_ms":[20.962994,24.257851,22.393898,23.325173,25.821073,25.989994,20.434058,23.354125,19.776885,22.468070,18.605940,26.456530,21.292955,21.096768,19.909838,20.819083,17.813573,18.161572,27.921590,19.308626,27.127352,18.617625,20.929625,18.406368,21.321406,18.288783,23.817893,18.356965,20.038908,22.160921,19.594056,21.718939,19.162307,22.193976,18.452523,20.973505,18.803925,21.436144,18.534509,18.662009,24.677810,22.586598,26.985595,26.984698,21.056801,27.051565,22.085054,25.371024,21.741919,24.726381,23.455995,25.016350,27.732117,22.354406,27.301652,26.988770,25.452563,25.631407,26.889995,24.457812,22.251433,27.254319,21.686300,26.652343,21.291064,24.230456,21.530490,25.584609,24.206766,21.537594,23.236023,23.889550,27.298955,23.072231,27.482335,24.525236,29.609309,25.536709,21.920437,30.525973,19.737501,19.984701,21.147905,27.283574,21.614970,20.274793,20.036769,25.147596,20.406571,20.940651,19.674494,22.229434,20.636194,18.418576,21.839437,17.970900,25.866063,20.148688,20.745584,24.206917,22.484653,24.490235,28.091469,27.514276,22.194894,28.197362,24.147962,25.637751,25.902395,28.636025,23.844846,25.731492,26.369096,25.210207,26.383025,33.456517,26.266093,31.426803,27.911459,23.138141],"finish_samples_ms":[0.035884,0.039018,0.036602,0.038129,0.037538,0.048322,0.041465,0.034885,0.035286,0.037404,0.034289,0.038005,0.037963,0.038905,0.069096,0.035245,0.034356,0.048296,0.035371,0.041291,0.036596,0.041428,0.034906,0.035221,0.041336,0.035897,0.038334,0.041556,0.036496,0.040336,0.038146,0.035001,0.040738,0.036748,0.037160,0.057952,0.037676,0.036662,0.033074,0.041810,0.038312,0.041680,0.060021,0.037018,0.063501,0.035849,0.047063,0.040358,0.040195,0.042541,0.039008,0.045743,0.053996,0.037482,0.045536,0.043616,0.036196,0.042868,0.041752,0.038031,0.048770,0.035494,0.069638,0.042511,0.035047,0.044769,0.036515,0.043361,0.037396,0.042702,0.036246,0.045387,0.034863,0.038512,0.039737,0.036371,0.040558,0.036229,0.034697,0.036911,0.041558,0.037398,0.035381,0.034111,0.037620,0.064156,0.034086,0.037935,0.037131,0.039059,0.041126,0.033747,0.042801,0.036955,0.035078,0.038007,0.034388,0.035730,0.039749,0.038416,0.039692,0.048521,0.038993,0.040272,0.045014,0.055012,0.043579,0.049632,0.040968,0.037126,0.046214,0.039319,0.052383,0.042283,0.055190,0.044710,0.035522,0.034700,0.036180,0.050238]}
MESA-EGL: warning: egl: failed to create dri2 screen
GPU_TIMER_SAMPLE 0 1966080 4063232 3014656 9043968
GPU_TIMER_SAMPLE 1 2621440 4456448 2097152 9175040
GPU_TIMER_SAMPLE 2 1310720 3014656 3014656 7340032
GPU_TIMER_SAMPLE 3 2228224 5111808 3407872 10747904
GPU_TIMER_SAMPLE 4 2752512 5242880 3670016 11665408
GPU_TIMER_SAMPLE 5 2490368 5767168 3407872 11665408
GPU_TIMER_SAMPLE 6 1835008 3932160 3145728 8912896
GPU_TIMER_SAMPLE 7 2359296 4194304 2228224 8781824
GPU_TIMER_SAMPLE 8 1310720 3407872 2883584 7602176
GPU_TIMER_SAMPLE 9 2752512 3407872 2097152 8257536
GPU_TIMER_SAMPLE 10 1441792 2490368 2883584 6815744
GPU_TIMER_SAMPLE 11 1966080 7602176 2228224 11796480
GPU_TIMER_SAMPLE 12 1441792 2490368 3276800 7208960
GPU_TIMER_SAMPLE 13 1310720 4456448 2228224 7995392
GPU_TIMER_SAMPLE 14 1441792 2490368 2228224 6160384
GPU_TIMER_SAMPLE 15 1310720 2621440 2621440 6553600
GPU_TIMER_SAMPLE 16 1310720 2621440 2097152 6029312
GPU_TIMER_SAMPLE 17 1310720 2883584 2359296 6553600
GPU_TIMER_SAMPLE 18 2621440 4456448 3538944 10616832
GPU_TIMER_SAMPLE 19 1441792 2883584 2228224 6553600
GPU_TIMER_SAMPLE 20 2621440 5111808 5898240 13631488
GPU_TIMER_SAMPLE 21 1441792 2490368 2228224 6160384
GPU_TIMER_SAMPLE 22 1441792 2490368 2097152 6029312
GPU_TIMER_SAMPLE 23 1441792 2490368 2228224 6160384
GPU_TIMER_SAMPLE 24 2359296 2752512 2228224 7340032
GPU_TIMER_SAMPLE 25 1441792 2883584 2228224 6553600
GPU_TIMER_SAMPLE 26 1310720 3801088 4849664 9961472
GPU_TIMER_SAMPLE 27 1572864 2883584 2228224 6684672
GPU_TIMER_SAMPLE 28 1441792 2490368 2228224 6160384
GPU_TIMER_SAMPLE 29 1441792 3932160 4849664 10223616
GPU_TIMER_SAMPLE 30 1441792 2621440 2228224 6291456
GPU_TIMER_SAMPLE 31 1441792 2490368 2621440 6553600
GPU_TIMER_SAMPLE 32 1310720 2883584 2228224 6422528
GPU_TIMER_SAMPLE 33 2490368 3670016 2228224 8388608
GPU_TIMER_SAMPLE 34 1572864 2359296 2228224 6160384
GPU_TIMER_SAMPLE 35 1310720 2490368 2228224 6029312
GPU_TIMER_SAMPLE 36 1310720 2883584 2228224 6422528
GPU_TIMER_SAMPLE 37 1441792 2621440 2097152 6160384
GPU_TIMER_SAMPLE 38 1441792 2883584 2228224 6553600
GPU_TIMER_SAMPLE 39 1572864 2883584 2359296 6815744
GPU_TIMER_SAMPLE 40 1966080 3932160 2883584 8781824
GPU_TIMER_SAMPLE 41 2097152 4194304 2883584 9175040
GPU_TIMER_SAMPLE 42 2097152 4063232 7471104 13631488
GPU_TIMER_SAMPLE 43 2490368 5373952 3538944 11403264
GPU_TIMER_SAMPLE 44 1966080 3932160 2883584 8781824
GPU_TIMER_SAMPLE 45 2097152 3932160 5767168 11796480
GPU_TIMER_SAMPLE 46 2097152 4194304 3014656 9306112
GPU_TIMER_SAMPLE 47 1966080 3932160 5505024 11403264
GPU_TIMER_SAMPLE 48 1966080 3932160 2883584 8781824
GPU_TIMER_SAMPLE 49 1966080 3801088 6422528 12189696
GPU_TIMER_SAMPLE 50 1966080 3801088 2883584 8650752
GPU_TIMER_SAMPLE 51 1835008 3932160 2883584 8650752
GPU_TIMER_SAMPLE 52 1966080 4063232 5767168 11796480
GPU_TIMER_SAMPLE 53 1966080 3801088 3014656 8781824
GPU_TIMER_SAMPLE 54 2228224 4194304 7602176 14024704
GPU_TIMER_SAMPLE 55 2359296 4456448 6422528 13238272
GPU_TIMER_SAMPLE 56 2228224 4587520 3276800 10092544
GPU_TIMER_SAMPLE 57 2752512 5636096 3538944 11927552
GPU_TIMER_SAMPLE 58 2097152 4063232 8126464 14286848
GPU_TIMER_SAMPLE 59 2097152 3670016 3014656 8781824
GPU_TIMER_SAMPLE 60 2097152 4063232 3014656 9175040
GPU_TIMER_SAMPLE 61 2883584 5505024 6422528 14811136
GPU_TIMER_SAMPLE 62 2097152 4194304 2883584 9175040
GPU_TIMER_SAMPLE 63 2097152 3670016 6815744 12582912
GPU_TIMER_SAMPLE 64 2097152 4063232 3014656 9175040
GPU_TIMER_SAMPLE 65 2097152 3932160 5767168 11796480
GPU_TIMER_SAMPLE 66 1966080 3801088 3014656 8781824
GPU_TIMER_SAMPLE 67 1966080 3932160 6160384 12058624
GPU_TIMER_SAMPLE 68 2097152 4063232 2883584 9043968
GPU_TIMER_SAMPLE 69 1966080 3932160 2883584 8781824
GPU_TIMER_SAMPLE 70 2097152 4194304 2752512 9043968
GPU_TIMER_SAMPLE 71 2097152 3932160 3014656 9043968
GPU_TIMER_SAMPLE 72 2752512 5242880 5767168 13762560
GPU_TIMER_SAMPLE 73 1966080 4194304 3014656 9175040
GPU_TIMER_SAMPLE 74 2752512 5505024 6422528 14680064
GPU_TIMER_SAMPLE 75 2097152 3801088 2883584 8781824
GPU_TIMER_SAMPLE 76 2490368 5505024 3407872 11403264
GPU_TIMER_SAMPLE 77 2490368 5767168 3538944 11796480
GPU_TIMER_SAMPLE 78 2228224 4063232 3014656 9306112
GPU_TIMER_SAMPLE 79 3538944 6815744 4456448 14811136
GPU_TIMER_SAMPLE 80 1572864 2752512 2228224 6553600
GPU_TIMER_SAMPLE 81 1572864 2490368 2097152 6160384
GPU_TIMER_SAMPLE 82 2097152 4063232 3145728 9306112
GPU_TIMER_SAMPLE 83 2359296 5505024 3538944 11403264
GPU_TIMER_SAMPLE 84 2097152 4063232 2621440 8781824
GPU_TIMER_SAMPLE 85 1966080 3801088 2228224 7995392
GPU_TIMER_SAMPLE 86 1441792 2621440 2359296 6422528
GPU_TIMER_SAMPLE 87 2752512 3014656 2097152 7864320
GPU_TIMER_SAMPLE 88 1441792 2621440 2228224 6291456
GPU_TIMER_SAMPLE 89 1572864 4718592 2097152 8388608
GPU_TIMER_SAMPLE 90 1441792 2490368 2228224 6160384
GPU_TIMER_SAMPLE 91 1572864 2490368 2752512 6815744
GPU_TIMER_SAMPLE 92 1572864 2883584 2228224 6684672
GPU_TIMER_SAMPLE 93 1441792 2490368 2228224 6160384
GPU_TIMER_SAMPLE 94 1572864 2883584 3014656 7471104
GPU_TIMER_SAMPLE 95 1441792 2490368 2228224 6160384
GPU_TIMER_SAMPLE 96 2490368 5111808 2359296 9961472
GPU_TIMER_SAMPLE 97 1572864 3538944 2228224 7340032
GPU_TIMER_SAMPLE 98 1572864 2883584 2228224 6684672
GPU_TIMER_SAMPLE 99 1703936 4849664 3801088 10354688
GPU_TIMER_SAMPLE 100 2228224 3932160 2883584 9043968
GPU_TIMER_SAMPLE 101 2883584 5242880 3670016 11796480
GPU_TIMER_SAMPLE 102 2621440 5111808 3538944 11272192
GPU_TIMER_SAMPLE 103 2621440 5242880 3538944 11403264
GPU_TIMER_SAMPLE 104 2228224 3932160 2883584 9043968
GPU_TIMER_SAMPLE 105 2228224 4194304 4849664 11272192
GPU_TIMER_SAMPLE 106 2228224 3670016 3014656 8912896
GPU_TIMER_SAMPLE 107 2097152 3801088 2883584 8781824
GPU_TIMER_SAMPLE 108 2097152 4063232 2883584 9043968
GPU_TIMER_SAMPLE 109 2621440 4980736 3407872 11010048
GPU_TIMER_SAMPLE 110 2490368 4325376 3276800 10092544
GPU_TIMER_SAMPLE 111 2228224 3801088 3014656 9043968
GPU_TIMER_SAMPLE 112 2359296 4849664 3407872 10616832
GPU_TIMER_SAMPLE 113 2490368 4456448 3407872 10354688
GPU_TIMER_SAMPLE 114 2228224 4194304 6553600 12976128
GPU_TIMER_SAMPLE 115 4063232 6815744 7208960 18087936
GPU_TIMER_SAMPLE 116 2228224 3932160 2883584 9043968
GPU_TIMER_SAMPLE 117 3014656 5505024 3407872 11927552
GPU_TIMER_SAMPLE 118 2752512 5636096 3538944 11927552
GPU_TIMER_SAMPLE 119 2490368 4325376 3014656 9830400
