 dllPath = /usr/lib/wsl/drivers/iigd_dch.inf_amd64_3e6575b60ae27560, dllName = libigdgmm_w.so.12 
 IsWddmLinux = 1, dllWslName = /usr/lib/wsl/drivers/iigd_dch.inf_amd64_3e6575b60ae27560/libigdgmm_w.so.12  flags = 2
 dllPath = /usr/lib/wsl/drivers/iigd_dch.inf_amd64_3e6575b60ae27560, dllName = libigdgmm_w.so.12 
 IsWddmLinux = 1, dllWslName = /usr/lib/wsl/drivers/iigd_dch.inf_amd64_3e6575b60ae27560/libigdgmm_w.so.12  flags = 2
{"seed":43,"vendor":"Microsoft Corporation","renderer":"D3D12 (Intel(R) Arc(TM) 140T GPU (16GB))","gl_version":"4.6 (Compatibility Profile) Mesa 26.2.2","gallium_path":"/root/.cache/football-mesa-build-20260913-a/install-wayland/lib/libgallium-26.2.2.so","width":1920,"height":1080,"quality":"pbr+bloom+fxaa+auto_exposure","swap_enabled":true,"swap_interval":0,"warmup_frames":30,"measured_frames":120,"in_play_frames":150,"p50_ms":22.249783,"p95_ms":28.305501,"p99_ms":31.657309,"submit_p50_ms":22.180198,"submit_p95_ms":28.268969,"finish_p50_ms":0.039257,"finish_p95_ms":0.063211,"samples_ms":[18.199964,18.511052,18.247569,16.899029,23.929275,19.412943,28.470069,24.444494,26.218339,21.575514,26.757627,23.720320,28.189327,28.474541,39.309437,26.100311,29.259893,25.481793,24.805096,27.239283,24.980546,22.659426,26.442968,23.587830,24.743683,26.050364,21.407830,25.232689,23.386851,23.366678,23.712591,22.926668,24.553974,22.043608,20.984839,26.555995,26.289752,24.453722,25.144124,27.742960,22.249783,28.242413,26.538429,22.732950,28.305501,25.089906,21.232798,21.319983,23.621595,24.004732,20.800868,24.766436,23.327615,21.668680,18.556130,21.221801,31.657309,28.177856,21.414842,27.678353,21.173601,23.920393,24.569419,19.843830,23.475235,25.773435,26.966512,17.526308,21.014124,19.203150,17.730445,20.268299,18.548288,17.200525,21.464913,21.651229,17.820460,20.108021,20.545082,18.338670,18.774093,22.292270,17.695104,18.821026,22.892576,18.481260,17.487993,20.846585,17.435786,20.458690,17.969149,18.536200,22.220589,17.763594,21.071884,29.685681,17.963702,22.872933,18.979255,21.268737,23.584893,24.225762,19.144144,18.756307,22.764635,20.639770,25.325663,24.541261,22.143604,19.712298,18.285731,24.579830,18.987673,19.384645,22.520202,17.955577,17.946110,25.597641,18.097885,20.155382],"submit_samples_ms":[18.164787,18.474133,18.206846,16.830594,23.889806,19.364360,28.424932,24.403132,26.151474,21.536147,26.719768,23.672526,28.149536,28.426484,39.265398,26.058557,29.218387,25.418582,24.761852,27.201463,24.942453,22.621220,26.405863,23.540267,24.702804,26.010960,21.363301,25.193731,23.323252,23.329354,23.652709,22.890847,24.514353,22.007856,20.945541,26.521269,26.253987,24.409925,25.106982,27.705942,22.180198,28.204441,26.502031,22.696607,28.268969,25.053235,21.189340,21.281820,23.583540,23.965475,20.763133,24.726439,23.290889,21.627698,18.516972,21.181296,31.619503,28.142294,21.372959,27.641625,21.134443,23.884015,24.530922,19.807268,23.431858,25.736046,26.929367,17.490677,20.962353,19.168054,17.694372,20.223471,18.504185,17.160414,21.428730,21.611062,17.779754,20.072940,20.498974,18.298675,18.736226,22.253110,17.651818,18.783209,22.856265,18.436740,17.441785,20.811607,17.400539,20.413681,17.928213,18.498898,22.157062,17.722487,21.034012,29.649230,17.922447,22.833328,18.940528,21.231178,23.545449,24.187717,19.083364,18.718789,22.729067,20.595114,25.288694,24.504777,22.107054,19.672507,18.249107,24.540144,18.947380,19.348911,22.455579,17.892392,17.906380,25.555360,18.055371,20.116581],"finish_samples_ms":[0.035177,0.036919,0.040723,0.068435,0.039469,0.048583,0.045137,0.041362,0.066865,0.039367,0.037859,0.047794,0.039791,0.048057,0.044039,0.041754,0.041506,0.063211,0.043244,0.037820,0.038093,0.038206,0.037105,0.047563,0.040879,0.039404,0.044529,0.038958,0.063599,0.037324,0.059882,0.035821,0.039621,0.035752,0.039298,0.034726,0.035765,0.043797,0.037142,0.037018,0.069585,0.037972,0.036398,0.036343,0.036532,0.036671,0.043458,0.038163,0.038055,0.039257,0.037735,0.039997,0.036726,0.040982,0.039158,0.040505,0.037806,0.035562,0.041883,0.036728,0.039158,0.036378,0.038497,0.036562,0.043377,0.037389,0.037145,0.035631,0.051771,0.035096,0.036073,0.044828,0.044103,0.040111,0.036183,0.040167,0.040706,0.035081,0.046108,0.039995,0.037867,0.039160,0.043286,0.037817,0.036311,0.044520,0.046208,0.034978,0.035247,0.045009,0.040936,0.037302,0.063527,0.041107,0.037872,0.036451,0.041255,0.039605,0.038727,0.037559,0.039444,0.038045,0.060780,0.037518,0.035568,0.044656,0.036969,0.036484,0.036550,0.039791,0.036624,0.039686,0.040293,0.035734,0.064623,0.063185,0.039730,0.042281,0.042514,0.038801]}
MESA-EGL: warning: egl: failed to create dri2 screen
GPU_TIMER_SAMPLE 0 1441792 1966080 2228224 5636096
GPU_TIMER_SAMPLE 1 1441792 2359296 2228224 6029312
GPU_TIMER_SAMPLE 2 1310720 2097152 2097152 5505024
GPU_TIMER_SAMPLE 3 1179648 2228224 2097152 5505024
GPU_TIMER_SAMPLE 4 1310720 3014656 6160384 10485760
GPU_TIMER_SAMPLE 5 1310720 2097152 2228224 5636096
GPU_TIMER_SAMPLE 6 2359296 4587520 6815744 13762560
GPU_TIMER_SAMPLE 7 2490368 4587520 3407872 10485760
GPU_TIMER_SAMPLE 8 2359296 4456448 3670016 10485760
GPU_TIMER_SAMPLE 9 1966080 3407872 3014656 8388608
GPU_TIMER_SAMPLE 10 2621440 4718592 3276800 10616832
GPU_TIMER_SAMPLE 11 1835008 3276800 3014656 8126464
GPU_TIMER_SAMPLE 12 2359296 4587520 3407872 10354688
GPU_TIMER_SAMPLE 13 2359296 4718592 3407872 10485760
GPU_TIMER_SAMPLE 14 4325376 10223616 7077888 21626880
GPU_TIMER_SAMPLE 15 2097152 3538944 3407872 9043968
GPU_TIMER_SAMPLE 16 2359296 4194304 3538944 10092544
GPU_TIMER_SAMPLE 17 2359296 4194304 3538944 10092544
GPU_TIMER_SAMPLE 18 2359296 4587520 3670016 10616832
GPU_TIMER_SAMPLE 19 2097152 3145728 3014656 8257536
GPU_TIMER_SAMPLE 20 2621440 4718592 3538944 10878976
GPU_TIMER_SAMPLE 21 2097152 3932160 3276800 9306112
GPU_TIMER_SAMPLE 22 2359296 4587520 3538944 10485760
GPU_TIMER_SAMPLE 23 2359296 3801088 3276800 9437184
GPU_TIMER_SAMPLE 24 2097152 3407872 6815744 12320768
GPU_TIMER_SAMPLE 25 2752512 4718592 3670016 11141120
GPU_TIMER_SAMPLE 26 1966080 3538944 2883584 8388608
GPU_TIMER_SAMPLE 27 2490368 4980736 3407872 10878976
GPU_TIMER_SAMPLE 28 2621440 4587520 3538944 10747904
GPU_TIMER_SAMPLE 29 2097152 3407872 2883584 8388608
GPU_TIMER_SAMPLE 30 2621440 4849664 3538944 11010048
GPU_TIMER_SAMPLE 31 1835008 3276800 3014656 8126464
GPU_TIMER_SAMPLE 32 2752512 4587520 3538944 10878976
GPU_TIMER_SAMPLE 33 1835008 3276800 3014656 8126464
GPU_TIMER_SAMPLE 34 1966080 3407872 3014656 8388608
GPU_TIMER_SAMPLE 35 2883584 4718592 3670016 11272192
GPU_TIMER_SAMPLE 36 2752512 4849664 3538944 11141120
GPU_TIMER_SAMPLE 37 2097152 3145728 3145728 8388608
GPU_TIMER_SAMPLE 38 1966080 3276800 3014656 8257536
GPU_TIMER_SAMPLE 39 2621440 4718592 3538944 10878976
GPU_TIMER_SAMPLE 40 1966080 3407872 3014656 8388608
GPU_TIMER_SAMPLE 41 2752512 4718592 3538944 11010048
GPU_TIMER_SAMPLE 42 2883584 4849664 3407872 11141120
GPU_TIMER_SAMPLE 43 2359296 3407872 3014656 8781824
GPU_TIMER_SAMPLE 44 2883584 4718592 3538944 11141120
GPU_TIMER_SAMPLE 45 2883584 4718592 3538944 11141120
GPU_TIMER_SAMPLE 46 2097152 3801088 3145728 9043968
GPU_TIMER_SAMPLE 47 1835008 3407872 3014656 8257536
GPU_TIMER_SAMPLE 48 2097152 3276800 3014656 8388608
GPU_TIMER_SAMPLE 49 2490368 3538944 2228224 8257536
GPU_TIMER_SAMPLE 50 2097152 3145728 3014656 8257536
GPU_TIMER_SAMPLE 51 2490368 4587520 2097152 9175040
GPU_TIMER_SAMPLE 52 1572864 3014656 3801088 8388608
GPU_TIMER_SAMPLE 53 2621440 4587520 2228224 9437184
GPU_TIMER_SAMPLE 54 1572864 1966080 2228224 5767168
GPU_TIMER_SAMPLE 55 1572864 3276800 4456448 9306112
GPU_TIMER_SAMPLE 56 2490368 4849664 3670016 11010048
GPU_TIMER_SAMPLE 57 2883584 4849664 3538944 11272192
GPU_TIMER_SAMPLE 58 1966080 3538944 3145728 8650752
GPU_TIMER_SAMPLE 59 2097152 3407872 2883584 8388608
GPU_TIMER_SAMPLE 60 2752512 4063232 2228224 9043968
GPU_TIMER_SAMPLE 61 2097152 3407872 3014656 8519680
GPU_TIMER_SAMPLE 62 2883584 4980736 3538944 11403264
GPU_TIMER_SAMPLE 63 2228224 3276800 3145728 8650752
GPU_TIMER_SAMPLE 64 2097152 3538944 2883584 8519680
GPU_TIMER_SAMPLE 65 1966080 3276800 3014656 8257536
GPU_TIMER_SAMPLE 66 2883584 4718592 3670016 11272192
GPU_TIMER_SAMPLE 67 1572864 1966080 2097152 5636096
GPU_TIMER_SAMPLE 68 1572864 2228224 2359296 6160384
GPU_TIMER_SAMPLE 69 1441792 2097152 2228224 5767168
GPU_TIMER_SAMPLE 70 1572864 2097152 2097152 5767168
GPU_TIMER_SAMPLE 71 1572864 3801088 2097152 7471104
GPU_TIMER_SAMPLE 72 1572864 2359296 2228224 6160384
GPU_TIMER_SAMPLE 73 1572864 2359296 2228224 6160384
GPU_TIMER_SAMPLE 74 1703936 2097152 3014656 6815744
GPU_TIMER_SAMPLE 75 2752512 2359296 2228224 7340032
GPU_TIMER_SAMPLE 76 1441792 2097152 2228224 5767168
GPU_TIMER_SAMPLE 77 1441792 2097152 2228224 5767168
GPU_TIMER_SAMPLE 78 2359296 2359296 2097152 6815744
GPU_TIMER_SAMPLE 79 1441792 2228224 2097152 5767168
GPU_TIMER_SAMPLE 80 1441792 2097152 2228224 5767168
GPU_TIMER_SAMPLE 81 1441792 3145728 5111808 9699328
GPU_TIMER_SAMPLE 82 1572864 2359296 2228224 6160384
GPU_TIMER_SAMPLE 83 1441792 2359296 2228224 6029312
GPU_TIMER_SAMPLE 84 1703936 1966080 6029312 9699328
GPU_TIMER_SAMPLE 85 1441792 2490368 2097152 6029312
GPU_TIMER_SAMPLE 86 1572864 2490368 2228224 6291456
GPU_TIMER_SAMPLE 87 1441792 2228224 2228224 5898240
GPU_TIMER_SAMPLE 88 1441792 2097152 2228224 5767168
GPU_TIMER_SAMPLE 89 1572864 2359296 2228224 6160384
GPU_TIMER_SAMPLE 90 1835008 2228224 2228224 6291456
GPU_TIMER_SAMPLE 91 1441792 2228224 2490368 6160384
GPU_TIMER_SAMPLE 92 1441792 3276800 5505024 10223616
GPU_TIMER_SAMPLE 93 1572864 2359296 2097152 6029312
GPU_TIMER_SAMPLE 94 1835008 2097152 2752512 6684672
GPU_TIMER_SAMPLE 95 2883584 4456448 3407872 10747904
GPU_TIMER_SAMPLE 96 1572864 1966080 2228224 5767168
GPU_TIMER_SAMPLE 97 1703936 3145728 2228224 7077888
GPU_TIMER_SAMPLE 98 1572864 1966080 2490368 6029312
GPU_TIMER_SAMPLE 99 1441792 2228224 2883584 6553600
GPU_TIMER_SAMPLE 100 2621440 4849664 3407872 10878976
GPU_TIMER_SAMPLE 101 2228224 3670016 5505024 11403264
GPU_TIMER_SAMPLE 102 1572864 2359296 2228224 6160384
GPU_TIMER_SAMPLE 103 1572864 1966080 2228224 5767168
GPU_TIMER_SAMPLE 104 1572864 3014656 5636096 10223616
GPU_TIMER_SAMPLE 105 3145728 3276800 2097152 8519680
GPU_TIMER_SAMPLE 106 2228224 3407872 5242880 10878976
GPU_TIMER_SAMPLE 107 3014656 4849664 3538944 11403264
GPU_TIMER_SAMPLE 108 2097152 3407872 3145728 8650752
GPU_TIMER_SAMPLE 109 2883584 3407872 2228224 8519680
GPU_TIMER_SAMPLE 110 2097152 1966080 2621440 6684672
GPU_TIMER_SAMPLE 111 2228224 3407872 7471104 13107200
GPU_TIMER_SAMPLE 112 1572864 2097152 2097152 5767168
GPU_TIMER_SAMPLE 113 1441792 2097152 2883584 6422528
GPU_TIMER_SAMPLE 114 1441792 3276800 5373952 10092544
GPU_TIMER_SAMPLE 115 1572864 2359296 2228224 6160384
GPU_TIMER_SAMPLE 116 1572864 2097152 2228224 5898240
GPU_TIMER_SAMPLE 117 2228224 3145728 7864320 13238272
GPU_TIMER_SAMPLE 118 1441792 2228224 2097152 5767168
GPU_TIMER_SAMPLE 119 1572864 2097152 2097152 5767168
