 dllPath = /usr/lib/wsl/drivers/iigd_dch.inf_amd64_3e6575b60ae27560, dllName = libigdgmm_w.so.12 
 IsWddmLinux = 1, dllWslName = /usr/lib/wsl/drivers/iigd_dch.inf_amd64_3e6575b60ae27560/libigdgmm_w.so.12  flags = 2
 dllPath = /usr/lib/wsl/drivers/iigd_dch.inf_amd64_3e6575b60ae27560, dllName = libigdgmm_w.so.12 
 IsWddmLinux = 1, dllWslName = /usr/lib/wsl/drivers/iigd_dch.inf_amd64_3e6575b60ae27560/libigdgmm_w.so.12  flags = 2
{"seed":42,"vendor":"Microsoft Corporation","renderer":"D3D12 (Intel(R) Arc(TM) 140T GPU (16GB))","gl_version":"4.6 (Compatibility Profile) Mesa 26.2.2","gallium_path":"/root/.cache/football-mesa-build-20260913-a/install-wayland/lib/libgallium-26.2.2.so","width":1920,"height":1080,"quality":"pbr+bloom+fxaa+auto_exposure","swap_enabled":true,"swap_interval":0,"warmup_frames":30,"measured_frames":120,"in_play_frames":141,"p50_ms":24.391922,"p95_ms":29.563531,"p99_ms":32.404035,"submit_p50_ms":24.349324,"submit_p95_ms":29.523609,"finish_p50_ms":0.039587,"finish_p95_ms":0.049030,"samples_ms":[32.515960,26.618032,30.114843,25.459418,26.675933,27.134511,29.563531,25.474433,25.079402,28.804244,25.376469,21.287192,29.331386,21.953979,25.932440,26.825393,20.908814,32.404035,26.561219,23.542002,26.930423,25.784680,20.883174,29.138838,23.629538,24.526989,25.698980,21.039438,27.389876,21.649565,27.197961,22.210239,22.194269,27.778590,28.068965,30.952699,26.389280,24.076672,28.596814,26.423035,25.432823,24.385427,24.747471,24.806316,24.457498,25.872155,25.372664,27.808043,25.809836,22.944171,27.580181,27.686127,20.681502,20.356288,21.955573,21.748555,23.710316,29.373894,20.345747,26.162343,28.687407,23.749481,22.634270,29.726294,21.060104,27.260724,25.020864,27.127957,27.414542,23.872475,26.572621,20.711485,27.397549,24.060099,22.077872,26.518832,30.833686,28.599708,24.391922,26.182787,27.488600,24.917618,25.214112,26.253063,18.043180,20.073594,19.313468,17.929847,23.513179,18.694681,21.313200,18.776935,19.532222,20.320127,19.059303,28.528272,22.057466,26.321430,19.868980,19.224034,18.623156,18.241219,20.641266,17.934702,20.196551,24.765232,20.833908,22.351335,18.095292,18.279560,20.070403,16.993771,18.094032,17.223130,22.280972,21.625275,18.877794,17.063195,21.407063,21.627236],"submit_samples_ms":[32.473364,26.576496,30.075333,25.416444,26.633963,27.095957,29.523609,25.428098,25.042167,28.736752,25.318828,21.248617,29.296088,21.909781,25.896110,26.783100,20.871300,32.365210,26.517052,23.494031,26.896836,25.747270,20.846782,29.099889,23.580819,24.488281,25.659433,21.001127,27.351109,21.610099,27.158964,22.164096,22.157286,27.739895,28.017615,30.903669,26.348117,24.023346,28.553651,26.381001,25.391861,24.339961,24.707933,24.764062,24.417877,25.831057,25.325369,27.753167,25.769543,22.902763,27.538267,27.648427,20.638520,20.319307,21.914877,21.701185,23.674169,29.336381,20.304966,26.124673,28.651175,23.707362,22.598308,29.687184,21.022215,27.224028,24.981235,27.087938,27.378801,23.834601,26.526701,20.674488,27.352556,24.022973,22.036785,26.480050,30.796852,28.562675,24.349324,26.146269,27.453759,24.876703,25.080388,26.214502,18.007646,20.027627,19.273734,17.893109,23.471776,18.653990,21.276924,18.740729,19.489233,20.283587,19.016037,28.488503,22.012812,26.284576,19.827313,19.183007,18.587734,18.204136,20.593880,17.887289,20.160404,24.725645,20.796556,22.313642,18.051834,18.241419,20.032469,16.957298,18.048769,17.178657,22.244240,21.585033,18.840005,17.026267,21.370836,21.582509],"finish_samples_ms":[0.042596,0.041536,0.039510,0.042974,0.041970,0.038554,0.039922,0.046335,0.037235,0.067492,0.057641,0.038575,0.035298,0.044198,0.036330,0.042293,0.037514,0.038825,0.044167,0.047971,0.033587,0.037410,0.036392,0.038949,0.048719,0.038708,0.039547,0.038311,0.038767,0.039466,0.038997,0.046143,0.036983,0.038695,0.051350,0.049030,0.041163,0.053326,0.043163,0.042034,0.040962,0.045466,0.039538,0.042254,0.039621,0.041098,0.047295,0.054876,0.040293,0.041408,0.041914,0.037700,0.042982,0.036981,0.040696,0.047370,0.036147,0.037513,0.040781,0.037670,0.036232,0.042119,0.035962,0.039110,0.037889,0.036696,0.039629,0.040019,0.035741,0.037874,0.045920,0.036997,0.044993,0.037126,0.041087,0.038782,0.036834,0.037033,0.042598,0.036518,0.034841,0.040915,0.133724,0.038561,0.035534,0.045967,0.039734,0.036738,0.041403,0.040691,0.036276,0.036206,0.042989,0.036540,0.043266,0.039769,0.044654,0.036854,0.041667,0.041027,0.035422,0.037083,0.047386,0.047413,0.036147,0.039587,0.037352,0.037693,0.043458,0.038141,0.037934,0.036473,0.045263,0.044473,0.036732,0.040242,0.037789,0.036928,0.036227,0.044727]}
MESA-EGL: warning: egl: failed to create dri2 screen
GPU_TIMER_SAMPLE 0 2883584 6422528 5898240 15204352
GPU_TIMER_SAMPLE 1 2097152 4456448 3276800 9830400
GPU_TIMER_SAMPLE 2 2752512 6029312 4456448 13238272
GPU_TIMER_SAMPLE 3 2097152 4456448 3538944 10092544
GPU_TIMER_SAMPLE 4 1966080 4063232 7208960 13238272
GPU_TIMER_SAMPLE 5 1966080 3932160 3014656 8912896
GPU_TIMER_SAMPLE 6 2490368 5636096 3801088 11927552
GPU_TIMER_SAMPLE 7 1966080 4063232 2883584 8912896
GPU_TIMER_SAMPLE 8 1966080 3932160 3145728 9043968
GPU_TIMER_SAMPLE 9 2621440 5242880 3670016 11534336
GPU_TIMER_SAMPLE 10 2621440 5373952 3670016 11665408
GPU_TIMER_SAMPLE 11 1966080 3932160 3145728 9043968
GPU_TIMER_SAMPLE 12 2359296 5373952 3276800 11010048
GPU_TIMER_SAMPLE 13 1966080 4194304 2883584 9043968
GPU_TIMER_SAMPLE 14 2359296 5505024 3407872 11272192
GPU_TIMER_SAMPLE 15 2752512 5636096 3670016 12058624
GPU_TIMER_SAMPLE 16 1966080 3801088 3014656 8781824
GPU_TIMER_SAMPLE 17 3276800 6684672 5111808 15073280
GPU_TIMER_SAMPLE 18 2490368 5505024 3407872 11403264
GPU_TIMER_SAMPLE 19 1835008 4063232 2883584 8781824
GPU_TIMER_SAMPLE 20 2490368 5242880 3538944 11272192
GPU_TIMER_SAMPLE 21 2490368 5767168 3538944 11796480
GPU_TIMER_SAMPLE 22 1835008 3932160 3014656 8781824
GPU_TIMER_SAMPLE 23 2490368 5636096 3276800 11403264
GPU_TIMER_SAMPLE 24 1835008 4063232 3014656 8912896
GPU_TIMER_SAMPLE 25 1835008 4063232 2883584 8781824
GPU_TIMER_SAMPLE 26 2621440 5898240 3538944 12058624
GPU_TIMER_SAMPLE 27 1835008 3801088 3145728 8781824
GPU_TIMER_SAMPLE 28 2359296 5505024 3407872 11272192
GPU_TIMER_SAMPLE 29 1835008 4063232 2883584 8781824
GPU_TIMER_SAMPLE 30 2359296 5242880 3538944 11141120
GPU_TIMER_SAMPLE 31 1966080 3932160 2883584 8781824
GPU_TIMER_SAMPLE 32 1835008 4194304 2883584 8912896
GPU_TIMER_SAMPLE 33 3538944 7340032 4325376 15204352
GPU_TIMER_SAMPLE 34 2228224 5242880 3538944 11010048
GPU_TIMER_SAMPLE 35 2621440 5242880 6553600 14417920
GPU_TIMER_SAMPLE 36 1835008 4456448 3407872 9699328
GPU_TIMER_SAMPLE 37 1966080 4587520 3145728 9699328
GPU_TIMER_SAMPLE 38 2752512 8650752 3670016 15073280
GPU_TIMER_SAMPLE 39 1966080 3801088 6160384 11927552
GPU_TIMER_SAMPLE 40 1835008 3932160 3014656 8781824
GPU_TIMER_SAMPLE 41 2097152 5111808 3801088 11010048
GPU_TIMER_SAMPLE 42 1966080 4063232 3014656 9043968
GPU_TIMER_SAMPLE 43 2490368 5505024 3670016 11665408
GPU_TIMER_SAMPLE 44 2228224 5636096 3670016 11534336
GPU_TIMER_SAMPLE 45 2490368 5373952 3538944 11403264
GPU_TIMER_SAMPLE 46 2097152 4325376 3276800 9699328
GPU_TIMER_SAMPLE 47 2490368 5111808 6291456 13893632
GPU_TIMER_SAMPLE 48 2228224 5111808 3538944 10878976
GPU_TIMER_SAMPLE 49 2359296 5505024 3670016 11534336
GPU_TIMER_SAMPLE 50 2359296 5373952 7208960 14942208
GPU_TIMER_SAMPLE 51 2621440 5373952 3801088 11796480
GPU_TIMER_SAMPLE 52 1966080 3932160 3014656 8912896
GPU_TIMER_SAMPLE 53 1703936 3670016 2621440 7995392
GPU_TIMER_SAMPLE 54 1835008 4063232 3014656 8912896
GPU_TIMER_SAMPLE 55 1966080 3932160 3014656 8912896
GPU_TIMER_SAMPLE 56 2359296 5898240 3670016 11927552
GPU_TIMER_SAMPLE 57 3145728 7077888 5373952 15597568
GPU_TIMER_SAMPLE 58 1703936 4063232 2883584 8650752
GPU_TIMER_SAMPLE 59 2490368 5373952 5636096 13500416
GPU_TIMER_SAMPLE 60 2621440 5505024 3670016 11796480
GPU_TIMER_SAMPLE 61 2228224 5111808 3407872 10747904
GPU_TIMER_SAMPLE 62 1835008 4063232 3014656 8912896
GPU_TIMER_SAMPLE 63 2359296 5767168 3407872 11534336
GPU_TIMER_SAMPLE 64 1835008 4194304 2883584 8912896
GPU_TIMER_SAMPLE 65 2359296 5636096 3407872 11403264
GPU_TIMER_SAMPLE 66 2359296 5767168 3538944 11665408
GPU_TIMER_SAMPLE 67 2359296 5242880 6029312 13631488
GPU_TIMER_SAMPLE 68 2359296 5505024 3538944 11403264
GPU_TIMER_SAMPLE 69 2359296 4980736 3407872 10747904
GPU_TIMER_SAMPLE 70 1966080 3801088 6946816 12713984
GPU_TIMER_SAMPLE 71 1966080 4194304 2883584 9043968
GPU_TIMER_SAMPLE 72 1703936 4063232 6684672 12451840
GPU_TIMER_SAMPLE 73 2097152 3932160 2883584 8912896
GPU_TIMER_SAMPLE 74 1966080 3932160 2883584 8781824
GPU_TIMER_SAMPLE 75 1966080 3932160 2883584 8781824
GPU_TIMER_SAMPLE 76 2752512 5767168 3538944 12058624
GPU_TIMER_SAMPLE 77 2752512 5373952 3538944 11665408
GPU_TIMER_SAMPLE 78 2621440 5767168 3407872 11796480
GPU_TIMER_SAMPLE 79 2621440 5111808 6422528 14155776
GPU_TIMER_SAMPLE 80 2752512 5636096 3407872 11796480
GPU_TIMER_SAMPLE 81 2752512 5636096 3407872 11796480
GPU_TIMER_SAMPLE 82 2228224 3670016 6553600 12451840
GPU_TIMER_SAMPLE 83 2359296 4194304 2228224 8781824
GPU_TIMER_SAMPLE 84 1572864 2359296 2228224 6160384
GPU_TIMER_SAMPLE 85 1441792 2752512 2228224 6422528
GPU_TIMER_SAMPLE 86 1310720 2883584 2228224 6422528
GPU_TIMER_SAMPLE 87 1441792 2621440 2097152 6160384
GPU_TIMER_SAMPLE 88 1572864 2359296 6291456 10223616
GPU_TIMER_SAMPLE 89 1441792 2752512 2228224 6422528
GPU_TIMER_SAMPLE 90 1572864 2883584 2228224 6684672
GPU_TIMER_SAMPLE 91 1441792 2621440 2097152 6160384
GPU_TIMER_SAMPLE 92 1572864 3145728 2359296 7077888
GPU_TIMER_SAMPLE 93 1441792 2490368 2097152 6029312
GPU_TIMER_SAMPLE 94 1310720 2621440 2097152 6029312
GPU_TIMER_SAMPLE 95 2621440 5373952 3276800 11272192
GPU_TIMER_SAMPLE 96 2097152 3932160 2883584 8912896
GPU_TIMER_SAMPLE 97 2490368 5242880 3670016 11403264
GPU_TIMER_SAMPLE 98 1441792 2752512 2359296 6553600
GPU_TIMER_SAMPLE 99 1441792 2752512 2228224 6422528
GPU_TIMER_SAMPLE 100 1441792 2883584 2228224 6553600
GPU_TIMER_SAMPLE 101 1441792 2490368 2097152 6029312
GPU_TIMER_SAMPLE 102 1441792 2752512 2228224 6422528
GPU_TIMER_SAMPLE 103 1441792 2621440 2097152 6160384
GPU_TIMER_SAMPLE 104 1572864 2359296 2883584 6815744
GPU_TIMER_SAMPLE 105 1835008 4063232 2883584 8781824
GPU_TIMER_SAMPLE 106 1572864 2490368 2621440 6684672
GPU_TIMER_SAMPLE 107 1310720 4849664 2228224 8388608
GPU_TIMER_SAMPLE 108 1572864 2752512 2097152 6422528
GPU_TIMER_SAMPLE 109 1572864 2752512 2228224 6553600
GPU_TIMER_SAMPLE 110 1572864 2883584 4456448 8912896
GPU_TIMER_SAMPLE 111 1441792 2752512 2359296 6553600
GPU_TIMER_SAMPLE 112 1441792 2752512 2228224 6422528
GPU_TIMER_SAMPLE 113 1572864 2490368 2228224 6291456
GPU_TIMER_SAMPLE 114 1966080 4325376 3014656 9306112
GPU_TIMER_SAMPLE 115 1966080 3932160 2490368 8388608
GPU_TIMER_SAMPLE 116 1441792 2883584 2228224 6553600
GPU_TIMER_SAMPLE 117 1441792 2490368 2228224 6160384
GPU_TIMER_SAMPLE 118 1441792 2883584 2228224 6553600
GPU_TIMER_SAMPLE 119 1572864 2752512 2228224 6553600
