 dllPath = /usr/lib/wsl/drivers/iigd_dch.inf_amd64_3e6575b60ae27560, dllName = libigdgmm_w.so.12 
 IsWddmLinux = 1, dllWslName = /usr/lib/wsl/drivers/iigd_dch.inf_amd64_3e6575b60ae27560/libigdgmm_w.so.12  flags = 2
 dllPath = /usr/lib/wsl/drivers/iigd_dch.inf_amd64_3e6575b60ae27560, dllName = libigdgmm_w.so.12 
 IsWddmLinux = 1, dllWslName = /usr/lib/wsl/drivers/iigd_dch.inf_amd64_3e6575b60ae27560/libigdgmm_w.so.12  flags = 2
{"seed":43,"vendor":"Microsoft Corporation","renderer":"D3D12 (Intel(R) Arc(TM) 140T GPU (16GB))","gl_version":"4.6 (Compatibility Profile) Mesa 26.2.2","gallium_path":"/root/.cache/football-mesa-build-20260913-a/install-wayland/lib/libgallium-26.2.2.so","width":1920,"height":1080,"quality":"pbr+bloom+fxaa+auto_exposure","swap_enabled":true,"swap_interval":0,"warmup_frames":30,"measured_frames":120,"in_play_frames":150,"p50_ms":24.825333,"p95_ms":31.211268,"p99_ms":35.450204,"submit_p50_ms":24.787581,"submit_p95_ms":31.174303,"finish_p50_ms":0.040423,"finish_p95_ms":0.062183,"samples_ms":[18.835978,21.799022,23.115985,20.310939,22.856820,19.079271,17.923981,19.101894,25.126106,17.978598,19.427408,23.582438,19.478654,26.963347,25.451614,25.029493,21.074852,26.483840,27.408334,26.277112,27.742345,25.331695,22.038265,30.043833,25.466602,22.749942,27.853078,21.818930,25.207905,28.266184,22.367546,28.442097,19.254670,25.342378,20.155037,19.995508,19.226333,24.036679,28.237287,24.825333,24.521631,21.124947,29.220699,22.433648,28.764421,27.813176,23.617582,18.128308,19.937444,20.948336,18.627176,23.197340,18.741284,19.491515,23.736943,24.959811,22.301371,28.501594,20.926443,27.306427,19.280397,20.911436,21.456726,23.733856,32.881406,34.138471,31.211268,30.821784,35.450204,26.465142,29.182338,24.112641,27.788880,29.701330,29.880893,26.663052,24.259901,28.622484,23.111774,26.507718,22.687664,33.923072,28.424423,23.755162,28.545993,21.842309,24.556516,23.644588,27.832064,22.696248,26.649310,22.834856,28.394909,30.262844,24.203985,24.040911,28.762171,22.980147,40.523940,24.563152,24.809061,31.104219,27.019321,33.792588,24.610305,22.824360,27.456070,28.647155,26.884779,25.874741,29.388153,29.495387,25.846154,25.052883,25.648571,27.698989,27.041747,23.852973,23.984497,26.218064],"submit_samples_ms":[18.796583,21.761462,23.079241,20.248756,22.819421,19.036847,17.876516,19.064079,25.045733,17.940339,19.389490,23.542160,19.387803,26.920847,25.415628,24.990541,21.039266,26.447014,27.352622,26.217224,27.704983,25.288723,22.001980,30.007694,25.425184,22.710924,27.763329,21.770988,25.167477,28.229889,22.319646,28.404175,19.213044,25.304741,20.105915,19.957966,19.189471,23.989922,28.180594,24.787581,24.480298,21.088210,29.182419,22.389127,28.722280,27.775852,23.575438,18.092698,19.900225,20.909863,18.587179,23.160309,18.700749,19.452376,23.699947,24.922023,22.259941,28.466805,20.882446,27.270937,19.237300,20.873572,21.407661,23.688943,32.846365,34.100297,31.174303,30.781361,35.402613,26.428284,29.141469,24.070667,27.749943,29.664889,29.843112,26.621042,24.215499,28.584495,23.073077,26.466359,22.649701,33.885780,28.381579,23.713678,28.499771,21.805155,24.512465,23.607519,27.795598,22.660515,26.611434,22.787555,28.357153,30.228291,24.157956,23.989664,28.727066,22.927368,40.471129,24.520722,24.766260,31.056113,26.954653,33.730274,24.569841,22.776613,27.410587,28.605997,26.827930,25.827124,29.345191,29.426520,25.806672,25.012235,25.602102,27.661504,27.000445,23.805614,23.944990,26.178300],"finish_samples_ms":[0.039395,0.037560,0.036744,0.062183,0.037399,0.042424,0.047465,0.037815,0.080373,0.038259,0.037918,0.040278,0.090851,0.042500,0.035986,0.038952,0.035586,0.036826,0.055712,0.059888,0.037362,0.042972,0.036285,0.036139,0.041418,0.039018,0.089749,0.047942,0.040428,0.036295,0.047900,0.037922,0.041626,0.037637,0.049122,0.037542,0.036862,0.046757,0.056693,0.037752,0.041333,0.036737,0.038280,0.044521,0.042141,0.037324,0.042144,0.035610,0.037219,0.038473,0.039997,0.037031,0.040535,0.039139,0.036996,0.037788,0.041430,0.034789,0.043997,0.035490,0.043097,0.037864,0.049065,0.044913,0.035041,0.038174,0.036965,0.040423,0.047591,0.036858,0.040869,0.041974,0.038937,0.036441,0.037781,0.042010,0.044402,0.037989,0.038697,0.041359,0.037963,0.037292,0.042844,0.041484,0.046222,0.037154,0.044051,0.037069,0.036466,0.035733,0.037876,0.047301,0.037756,0.034553,0.046029,0.051247,0.035105,0.052779,0.052811,0.042430,0.042801,0.048106,0.064668,0.062314,0.040464,0.047747,0.045483,0.041158,0.056849,0.047617,0.042962,0.068867,0.039482,0.040648,0.046469,0.037485,0.041302,0.047359,0.039507,0.039764]}
MESA-EGL: warning: egl: failed to create dri2 screen
GPU_TIMER_SAMPLE 0 1441792 2621440 2097152 6160384
GPU_TIMER_SAMPLE 1 2359296 2883584 2228224 7471104
GPU_TIMER_SAMPLE 2 1310720 3801088 3145728 8257536
GPU_TIMER_SAMPLE 3 2490368 4194304 2359296 9043968
GPU_TIMER_SAMPLE 4 1310720 3014656 3145728 7471104
GPU_TIMER_SAMPLE 5 1835008 2359296 2228224 6422528
GPU_TIMER_SAMPLE 6 1441792 2883584 2228224 6553600
GPU_TIMER_SAMPLE 7 1310720 2621440 2228224 6160384
GPU_TIMER_SAMPLE 8 1835008 4456448 5373952 11665408
GPU_TIMER_SAMPLE 9 1310720 2490368 2228224 6029312
GPU_TIMER_SAMPLE 10 1441792 2490368 2359296 6291456
GPU_TIMER_SAMPLE 11 1966080 6553600 2097152 10616832
GPU_TIMER_SAMPLE 12 1441792 2490368 2228224 6160384
GPU_TIMER_SAMPLE 13 1966080 4063232 6815744 12845056
GPU_TIMER_SAMPLE 14 1966080 3932160 3145728 9043968
GPU_TIMER_SAMPLE 15 2621440 5767168 3538944 11927552
GPU_TIMER_SAMPLE 16 1966080 4063232 3014656 9043968
GPU_TIMER_SAMPLE 17 2621440 5505024 3276800 11403264
GPU_TIMER_SAMPLE 18 2359296 5505024 3276800 11141120
GPU_TIMER_SAMPLE 19 1835008 4063232 6291456 12189696
GPU_TIMER_SAMPLE 20 2359296 5111808 3538944 11010048
GPU_TIMER_SAMPLE 21 2752512 5636096 3538944 11927552
GPU_TIMER_SAMPLE 22 1835008 4063232 3014656 8912896
GPU_TIMER_SAMPLE 23 2621440 5636096 3276800 11534336
GPU_TIMER_SAMPLE 24 2752512 5505024 3407872 11665408
GPU_TIMER_SAMPLE 25 2097152 4456448 3014656 9568256
GPU_TIMER_SAMPLE 26 2621440 5505024 3407872 11534336
GPU_TIMER_SAMPLE 27 2228224 3801088 2883584 8912896
GPU_TIMER_SAMPLE 28 2097152 3932160 2752512 8781824
GPU_TIMER_SAMPLE 29 2752512 5636096 3538944 11927552
GPU_TIMER_SAMPLE 30 1835008 4063232 3014656 8912896
GPU_TIMER_SAMPLE 31 3670016 6946816 4849664 15466496
GPU_TIMER_SAMPLE 32 1310720 2883584 2228224 6422528
GPU_TIMER_SAMPLE 33 2097152 2883584 2752512 7733248
GPU_TIMER_SAMPLE 34 1441792 2883584 2228224 6553600
GPU_TIMER_SAMPLE 35 1966080 2883584 2228224 7077888
GPU_TIMER_SAMPLE 36 1441792 2621440 2228224 6291456
GPU_TIMER_SAMPLE 37 2621440 3801088 2228224 8650752
GPU_TIMER_SAMPLE 38 1966080 4063232 3145728 9175040
GPU_TIMER_SAMPLE 39 2097152 4325376 3014656 9437184
GPU_TIMER_SAMPLE 40 2490368 5505024 3407872 11403264
GPU_TIMER_SAMPLE 41 2097152 3932160 3014656 9043968
GPU_TIMER_SAMPLE 42 2490368 5505024 3407872 11403264
GPU_TIMER_SAMPLE 43 1966080 4194304 2883584 9043968
GPU_TIMER_SAMPLE 44 2752512 5636096 6160384 14548992
GPU_TIMER_SAMPLE 45 2883584 5767168 3407872 12058624
GPU_TIMER_SAMPLE 46 2752512 5242880 2228224 10223616
GPU_TIMER_SAMPLE 47 1441792 2621440 2228224 6291456
GPU_TIMER_SAMPLE 48 1441792 3145728 2490368 7077888
GPU_TIMER_SAMPLE 49 1441792 2883584 2228224 6553600
GPU_TIMER_SAMPLE 50 1572864 2490368 2228224 6291456
GPU_TIMER_SAMPLE 51 1441792 2883584 5505024 9830400
GPU_TIMER_SAMPLE 52 1441792 2883584 2228224 6553600
GPU_TIMER_SAMPLE 53 1572864 2883584 2228224 6684672
GPU_TIMER_SAMPLE 54 1310720 3407872 6160384 10878976
GPU_TIMER_SAMPLE 55 2883584 4456448 2228224 9568256
GPU_TIMER_SAMPLE 56 1572864 4063232 3145728 8781824
GPU_TIMER_SAMPLE 57 3932160 5898240 4718592 14548992
GPU_TIMER_SAMPLE 58 2097152 4325376 3145728 9568256
GPU_TIMER_SAMPLE 59 2490368 5242880 6422528 14155776
GPU_TIMER_SAMPLE 60 1572864 2752512 2359296 6684672
GPU_TIMER_SAMPLE 61 2097152 2490368 2359296 6946816
GPU_TIMER_SAMPLE 62 1966080 4194304 3014656 9175040
GPU_TIMER_SAMPLE 63 2752512 2752512 2883584 8388608
GPU_TIMER_SAMPLE 64 1966080 4456448 3014656 9437184
GPU_TIMER_SAMPLE 65 4063232 7471104 4063232 15597568
GPU_TIMER_SAMPLE 66 2752512 5636096 3670016 12058624
GPU_TIMER_SAMPLE 67 2621440 5636096 3538944 11796480
GPU_TIMER_SAMPLE 68 2621440 5111808 3538944 11272192
GPU_TIMER_SAMPLE 69 2097152 4194304 3145728 9437184
GPU_TIMER_SAMPLE 70 2621440 5505024 3670016 11796480
GPU_TIMER_SAMPLE 71 2228224 4194304 2883584 9306112
GPU_TIMER_SAMPLE 72 2490368 5505024 6291456 14286848
GPU_TIMER_SAMPLE 73 2883584 5767168 3276800 11927552
GPU_TIMER_SAMPLE 74 3145728 5505024 3538944 12189696
GPU_TIMER_SAMPLE 75 2490368 5373952 3538944 11403264
GPU_TIMER_SAMPLE 76 2097152 4194304 3014656 9306112
GPU_TIMER_SAMPLE 77 2883584 5242880 3538944 11665408
GPU_TIMER_SAMPLE 78 2097152 3801088 2883584 8781824
GPU_TIMER_SAMPLE 79 2097152 4063232 7077888 13238272
GPU_TIMER_SAMPLE 80 2228224 4325376 2883584 9437184
GPU_TIMER_SAMPLE 81 3670016 6684672 5636096 15990784
GPU_TIMER_SAMPLE 82 2883584 5636096 3670016 12189696
GPU_TIMER_SAMPLE 83 2097152 4063232 3014656 9175040
GPU_TIMER_SAMPLE 84 2621440 5373952 7077888 15073280
GPU_TIMER_SAMPLE 85 2097152 3801088 3014656 8912896
GPU_TIMER_SAMPLE 86 2097152 4063232 6422528 12582912
GPU_TIMER_SAMPLE 87 2228224 4063232 2883584 9175040
GPU_TIMER_SAMPLE 88 2228224 8650752 3407872 14286848
GPU_TIMER_SAMPLE 89 2097152 4063232 3014656 9175040
GPU_TIMER_SAMPLE 90 2621440 5373952 3407872 11403264
GPU_TIMER_SAMPLE 91 2228224 4194304 3014656 9437184
GPU_TIMER_SAMPLE 92 2883584 5373952 6684672 14942208
GPU_TIMER_SAMPLE 93 2752512 5767168 5111808 13631488
GPU_TIMER_SAMPLE 94 2883584 5636096 3538944 12058624
GPU_TIMER_SAMPLE 95 2097152 4194304 2883584 9175040
GPU_TIMER_SAMPLE 96 3014656 5373952 7471104 15859712
GPU_TIMER_SAMPLE 97 3014656 5505024 2228224 10747904
GPU_TIMER_SAMPLE 98 2228224 4456448 9699328 16384000
GPU_TIMER_SAMPLE 99 2097152 3932160 2883584 8912896
GPU_TIMER_SAMPLE 100 2228224 4194304 2883584 9306112
GPU_TIMER_SAMPLE 101 2228224 3932160 7208960 13369344
GPU_TIMER_SAMPLE 102 2228224 4194304 3145728 9568256
GPU_TIMER_SAMPLE 103 2359296 11534336 6160384 20054016
GPU_TIMER_SAMPLE 104 2359296 4325376 3276800 9961472
GPU_TIMER_SAMPLE 105 2359296 4587520 3276800 10223616
GPU_TIMER_SAMPLE 106 2097152 4063232 3276800 9437184
GPU_TIMER_SAMPLE 107 2621440 5373952 3538944 11534336
GPU_TIMER_SAMPLE 108 2621440 5242880 3670016 11534336
GPU_TIMER_SAMPLE 109 2621440 5636096 3801088 12058624
GPU_TIMER_SAMPLE 110 2228224 4587520 7340032 14155776
GPU_TIMER_SAMPLE 111 2490368 4063232 7602176 14155776
GPU_TIMER_SAMPLE 112 2621440 4587520 3276800 10485760
GPU_TIMER_SAMPLE 113 3014656 5242880 3670016 11927552
GPU_TIMER_SAMPLE 114 2359296 4456448 3407872 10223616
GPU_TIMER_SAMPLE 115 2621440 5111808 3670016 11403264
GPU_TIMER_SAMPLE 116 2883584 5505024 3538944 11927552
GPU_TIMER_SAMPLE 117 2228224 4718592 3276800 10223616
GPU_TIMER_SAMPLE 118 2228224 3801088 3014656 9043968
GPU_TIMER_SAMPLE 119 2883584 5505024 3670016 12058624
