 dllPath = /usr/lib/wsl/drivers/iigd_dch.inf_amd64_3e6575b60ae27560, dllName = libigdgmm_w.so.12 
 IsWddmLinux = 1, dllWslName = /usr/lib/wsl/drivers/iigd_dch.inf_amd64_3e6575b60ae27560/libigdgmm_w.so.12  flags = 2
 dllPath = /usr/lib/wsl/drivers/iigd_dch.inf_amd64_3e6575b60ae27560, dllName = libigdgmm_w.so.12 
 IsWddmLinux = 1, dllWslName = /usr/lib/wsl/drivers/iigd_dch.inf_amd64_3e6575b60ae27560/libigdgmm_w.so.12  flags = 2
{"seed":43,"vendor":"Microsoft Corporation","renderer":"D3D12 (Intel(R) Arc(TM) 140T GPU (16GB))","gl_version":"4.6 (Compatibility Profile) Mesa 26.2.2","gallium_path":"/root/.cache/football-mesa-build-20260913-a/install-wayland/lib/libgallium-26.2.2.so","width":1920,"height":1080,"quality":"pbr+bloom+fxaa+auto_exposure","swap_enabled":true,"swap_interval":0,"warmup_frames":30,"measured_frames":120,"in_play_frames":150,"p50_ms":22.546724,"p95_ms":30.566470,"p99_ms":34.934789,"submit_p50_ms":22.511091,"submit_p95_ms":30.524246,"finish_p50_ms":0.036513,"finish_p95_ms":0.056562,"samples_ms":[17.255322,21.434259,21.364119,19.931521,21.551786,20.313332,18.820658,21.984524,17.854889,18.760148,18.250918,20.178923,18.919044,18.353858,18.401486,18.638123,21.186977,19.012100,21.450817,17.790339,18.143614,21.699050,18.483499,20.363315,18.864927,18.321602,21.844112,20.138584,23.121128,17.237234,19.091740,21.945086,20.193345,24.792924,19.458540,18.545899,19.454651,22.087179,19.290560,23.212532,26.149292,20.081301,23.889200,19.952720,31.178900,23.618398,26.385352,24.200050,23.819097,26.815656,22.683930,25.045027,26.971106,26.519487,21.388763,21.630300,23.623772,21.279782,26.786945,22.982121,23.987256,21.873309,25.645558,26.852432,24.813404,20.940639,24.615523,21.107242,19.972046,24.020973,27.847934,19.910297,27.696770,21.171955,21.333595,22.546724,28.687074,24.213335,24.099514,24.093533,19.871953,28.980802,21.272249,26.378638,24.147754,20.367088,31.080803,34.934789,31.284974,27.169137,36.560209,30.566470,28.064037,31.666075,27.037384,24.943168,25.101486,23.106549,26.677238,25.559613,23.455622,24.813601,27.127870,24.770833,21.205457,27.750973,19.501650,29.531848,23.027150,24.310902,21.148361,26.267171,20.984358,28.196295,20.293018,23.724822,20.257748,23.896127,22.340603,24.557041],"submit_samples_ms":[17.215659,21.399596,21.326950,19.894269,21.516328,20.273709,18.782087,21.948825,17.818589,18.714477,18.215292,20.145149,18.886122,18.315684,18.368030,18.589372,21.141307,18.972533,21.417519,17.754195,18.100315,21.664269,18.447705,20.324544,18.828646,18.285180,21.803585,20.089403,23.088129,17.200622,19.055847,21.911478,20.155563,24.759399,19.301934,18.504102,19.420630,22.047240,19.256572,23.177129,26.114677,20.047207,23.853584,19.917807,31.145078,23.582130,26.350827,24.162612,23.771271,26.781660,22.644035,25.011267,26.935096,26.471443,21.354489,21.590981,23.590074,21.236752,26.752697,22.945737,23.949053,21.820139,25.583917,26.817027,24.776286,20.903240,24.582920,21.073257,19.902391,23.985089,27.812119,19.874665,27.662122,21.135202,21.298200,22.511091,28.650722,24.175852,24.065392,24.057436,19.834614,28.944867,21.227747,26.342927,24.089108,20.310526,31.021273,34.890415,31.241352,27.129171,36.519105,30.524246,28.026139,31.629562,26.999077,24.876467,25.066716,23.068936,26.633535,25.523711,23.417038,24.774825,27.092981,24.732256,21.171340,27.715333,19.464451,29.495071,22.986696,24.276219,21.110123,26.232487,20.945208,28.155486,20.256769,23.684896,20.220918,23.861515,22.301040,24.523744],"finish_samples_ms":[0.039663,0.034663,0.037169,0.037252,0.035458,0.039623,0.038571,0.035699,0.036300,0.045671,0.035626,0.033774,0.032922,0.038174,0.033456,0.048751,0.045670,0.039567,0.033298,0.036144,0.043299,0.034781,0.035794,0.038771,0.036281,0.036422,0.040527,0.049181,0.032999,0.036612,0.035893,0.033608,0.037782,0.033525,0.156606,0.041797,0.034021,0.039939,0.033988,0.035403,0.034615,0.034094,0.035616,0.034913,0.033822,0.036268,0.034525,0.037438,0.047826,0.033996,0.039895,0.033760,0.036010,0.048044,0.034274,0.039319,0.033698,0.043030,0.034248,0.036384,0.038203,0.053170,0.061641,0.035405,0.037118,0.037399,0.032603,0.033985,0.069655,0.035884,0.035815,0.035632,0.034648,0.036753,0.035395,0.035633,0.036352,0.037483,0.034122,0.036097,0.037339,0.035935,0.044502,0.035711,0.058646,0.056562,0.059530,0.044374,0.043622,0.039966,0.041104,0.042224,0.037898,0.036513,0.038307,0.066701,0.034770,0.037613,0.043703,0.035902,0.038584,0.038776,0.034889,0.038577,0.034117,0.035640,0.037199,0.036777,0.040454,0.034683,0.038238,0.034684,0.039150,0.040809,0.036249,0.039926,0.036830,0.034612,0.039563,0.033297]}
MESA-EGL: warning: egl: failed to create dri2 screen
GPU_TIMER_SAMPLE 0 1441792 1966080 2097152 5505024
GPU_TIMER_SAMPLE 1 1310720 2228224 2228224 5767168
GPU_TIMER_SAMPLE 2 3145728 2359296 2097152 7602176
GPU_TIMER_SAMPLE 3 1441792 1966080 2228224 5636096
GPU_TIMER_SAMPLE 4 1441792 1966080 2228224 5636096
GPU_TIMER_SAMPLE 5 1441792 2359296 2228224 6029312
GPU_TIMER_SAMPLE 6 1310720 2490368 2097152 5898240
GPU_TIMER_SAMPLE 7 1441792 1966080 2228224 5636096
GPU_TIMER_SAMPLE 8 1441792 2359296 2228224 6029312
GPU_TIMER_SAMPLE 9 1441792 2490368 2228224 6160384
GPU_TIMER_SAMPLE 10 1310720 2228224 2097152 5636096
GPU_TIMER_SAMPLE 11 1310720 2228224 2097152 5636096
GPU_TIMER_SAMPLE 12 1441792 2097152 2097152 5636096
GPU_TIMER_SAMPLE 13 1310720 2097152 2228224 5636096
GPU_TIMER_SAMPLE 14 1310720 2097152 2097152 5505024
GPU_TIMER_SAMPLE 15 1310720 2883584 3145728 7340032
GPU_TIMER_SAMPLE 16 3276800 2359296 2097152 7733248
GPU_TIMER_SAMPLE 17 1441792 2359296 2359296 6160384
GPU_TIMER_SAMPLE 18 1310720 2228224 2883584 6422528
GPU_TIMER_SAMPLE 19 1441792 2359296 2228224 6029312
GPU_TIMER_SAMPLE 20 1441792 2359296 2228224 6029312
GPU_TIMER_SAMPLE 21 1310720 2359296 2228224 5898240
GPU_TIMER_SAMPLE 22 1441792 2097152 2228224 5767168
GPU_TIMER_SAMPLE 23 1703936 2359296 2097152 6160384
GPU_TIMER_SAMPLE 24 1310720 2359296 2228224 5898240
GPU_TIMER_SAMPLE 25 1441792 1966080 2359296 5767168
GPU_TIMER_SAMPLE 26 1441792 2359296 2228224 6029312
GPU_TIMER_SAMPLE 27 1310720 2097152 2097152 5505024
GPU_TIMER_SAMPLE 28 1441792 1966080 4718592 8126464
GPU_TIMER_SAMPLE 29 1441792 1966080 2228224 5636096
GPU_TIMER_SAMPLE 30 1441792 2359296 2228224 6029312
GPU_TIMER_SAMPLE 31 1310720 2490368 2621440 6422528
GPU_TIMER_SAMPLE 32 1310720 2359296 2228224 5898240
GPU_TIMER_SAMPLE 33 1310720 2097152 2883584 6291456
GPU_TIMER_SAMPLE 34 1441792 2228224 2228224 5898240
GPU_TIMER_SAMPLE 35 1441792 2359296 2228224 6029312
GPU_TIMER_SAMPLE 36 1310720 2097152 2228224 5636096
GPU_TIMER_SAMPLE 37 1572864 2752512 2228224 6553600
GPU_TIMER_SAMPLE 38 1441792 2359296 2228224 6029312
GPU_TIMER_SAMPLE 39 1835008 3538944 4849664 10223616
GPU_TIMER_SAMPLE 40 2621440 4718592 3670016 11010048
GPU_TIMER_SAMPLE 41 2097152 3407872 2883584 8388608
GPU_TIMER_SAMPLE 42 2359296 4194304 3407872 9961472
GPU_TIMER_SAMPLE 43 1966080 3407872 2883584 8257536
GPU_TIMER_SAMPLE 44 3145728 5373952 4194304 12713984
GPU_TIMER_SAMPLE 45 2490368 4456448 3407872 10354688
GPU_TIMER_SAMPLE 46 2621440 4587520 6422528 13631488
GPU_TIMER_SAMPLE 47 2621440 4456448 3670016 10747904
GPU_TIMER_SAMPLE 48 1966080 3145728 2883584 7995392
GPU_TIMER_SAMPLE 49 2359296 4325376 3538944 10223616
GPU_TIMER_SAMPLE 50 2490368 4456448 3407872 10354688
GPU_TIMER_SAMPLE 51 2097152 3145728 6422528 11665408
GPU_TIMER_SAMPLE 52 2490368 4587520 3407872 10485760
GPU_TIMER_SAMPLE 53 2490368 4849664 3670016 11010048
GPU_TIMER_SAMPLE 54 2228224 3538944 3014656 8781824
GPU_TIMER_SAMPLE 55 1966080 3145728 2883584 7995392
GPU_TIMER_SAMPLE 56 2097152 3276800 2883584 8257536
GPU_TIMER_SAMPLE 57 1966080 3276800 2883584 8126464
GPU_TIMER_SAMPLE 58 2883584 4587520 6291456 13762560
GPU_TIMER_SAMPLE 59 2621440 4456448 3407872 10485760
GPU_TIMER_SAMPLE 60 2097152 3276800 5242880 10616832
GPU_TIMER_SAMPLE 61 2228224 3538944 2883584 8650752
GPU_TIMER_SAMPLE 62 1835008 3276800 6422528 11534336
GPU_TIMER_SAMPLE 63 2883584 5111808 3538944 11534336
GPU_TIMER_SAMPLE 64 2883584 4718592 3670016 11272192
GPU_TIMER_SAMPLE 65 2228224 3407872 3014656 8650752
GPU_TIMER_SAMPLE 66 2359296 4456448 3276800 10092544
GPU_TIMER_SAMPLE 67 2097152 3276800 2883584 8257536
GPU_TIMER_SAMPLE 68 1966080 3014656 2883584 7864320
GPU_TIMER_SAMPLE 69 2228224 3538944 3145728 8912896
GPU_TIMER_SAMPLE 70 2752512 4718592 3670016 11141120
GPU_TIMER_SAMPLE 71 2097152 3276800 3014656 8388608
GPU_TIMER_SAMPLE 72 2621440 4587520 3276800 10485760
GPU_TIMER_SAMPLE 73 2097152 3145728 2883584 8126464
GPU_TIMER_SAMPLE 74 2097152 3407872 2883584 8388608
GPU_TIMER_SAMPLE 75 2359296 3276800 2883584 8519680
GPU_TIMER_SAMPLE 76 3276800 5373952 4194304 12845056
GPU_TIMER_SAMPLE 77 2490368 4325376 3276800 10092544
GPU_TIMER_SAMPLE 78 2228224 3145728 6029312 11403264
GPU_TIMER_SAMPLE 79 2621440 4587520 3538944 10747904
GPU_TIMER_SAMPLE 80 2097152 3145728 2883584 8126464
GPU_TIMER_SAMPLE 81 2359296 4063232 3407872 9830400
GPU_TIMER_SAMPLE 82 1966080 3145728 2883584 7995392
GPU_TIMER_SAMPLE 83 2359296 4063232 3407872 9830400
GPU_TIMER_SAMPLE 84 2883584 4587520 3670016 11141120
GPU_TIMER_SAMPLE 85 2097152 3276800 2883584 8257536
GPU_TIMER_SAMPLE 86 2752512 4587520 3670016 11010048
GPU_TIMER_SAMPLE 87 4194304 6946816 3538944 14680064
GPU_TIMER_SAMPLE 88 3670016 3932160 3014656 10616832
GPU_TIMER_SAMPLE 89 2097152 3407872 3014656 8519680
GPU_TIMER_SAMPLE 90 4063232 6422528 5636096 16121856
GPU_TIMER_SAMPLE 91 3276800 8781824 5505024 17563648
GPU_TIMER_SAMPLE 92 2490368 3538944 3538944 9568256
GPU_TIMER_SAMPLE 93 3407872 4980736 4325376 12713984
GPU_TIMER_SAMPLE 94 2490368 3670016 3670016 9830400
GPU_TIMER_SAMPLE 95 2359296 4063232 3407872 9830400
GPU_TIMER_SAMPLE 96 2359296 3932160 6029312 12320768
GPU_TIMER_SAMPLE 97 2228224 3407872 3014656 8650752
GPU_TIMER_SAMPLE 98 2359296 3932160 6291456 12582912
GPU_TIMER_SAMPLE 99 2359296 3801088 3276800 9437184
GPU_TIMER_SAMPLE 100 2359296 3801088 3407872 9568256
GPU_TIMER_SAMPLE 101 2490368 3670016 5767168 11927552
GPU_TIMER_SAMPLE 102 2883584 4194304 3538944 10616832
GPU_TIMER_SAMPLE 103 2490368 4587520 3670016 10747904
GPU_TIMER_SAMPLE 104 2097152 3145728 3014656 8257536
GPU_TIMER_SAMPLE 105 2621440 4456448 3538944 10616832
GPU_TIMER_SAMPLE 106 2097152 3276800 2883584 8257536
GPU_TIMER_SAMPLE 107 2752512 4587520 3407872 10747904
GPU_TIMER_SAMPLE 108 2752512 4325376 3538944 10616832
GPU_TIMER_SAMPLE 109 2228224 3276800 2883584 8388608
GPU_TIMER_SAMPLE 110 2097152 3145728 3014656 8257536
GPU_TIMER_SAMPLE 111 2883584 4325376 5636096 12845056
GPU_TIMER_SAMPLE 112 2228224 3276800 3014656 8519680
GPU_TIMER_SAMPLE 113 3014656 4194304 7995392 15204352
GPU_TIMER_SAMPLE 114 2228224 3407872 2883584 8519680
GPU_TIMER_SAMPLE 115 2097152 3538944 5505024 11141120
GPU_TIMER_SAMPLE 116 1966080 3145728 2883584 7995392
GPU_TIMER_SAMPLE 117 2228224 3538944 5111808 10878976
GPU_TIMER_SAMPLE 118 2752512 4194304 3670016 10616832
GPU_TIMER_SAMPLE 119 2228224 3538944 5767168 11534336
