 dllPath = /usr/lib/wsl/drivers/iigd_dch.inf_amd64_3e6575b60ae27560, dllName = libigdgmm_w.so.12 
 IsWddmLinux = 1, dllWslName = /usr/lib/wsl/drivers/iigd_dch.inf_amd64_3e6575b60ae27560/libigdgmm_w.so.12  flags = 2
 dllPath = /usr/lib/wsl/drivers/iigd_dch.inf_amd64_3e6575b60ae27560, dllName = libigdgmm_w.so.12 
 IsWddmLinux = 1, dllWslName = /usr/lib/wsl/drivers/iigd_dch.inf_amd64_3e6575b60ae27560/libigdgmm_w.so.12  flags = 2
{"seed":42,"vendor":"Microsoft Corporation","renderer":"D3D12 (Intel(R) Arc(TM) 140T GPU (16GB))","gl_version":"4.6 (Compatibility Profile) Mesa 26.2.2","gallium_path":"/root/.cache/football-mesa-build-20260913-a/install-wayland/lib/libgallium-26.2.2.so","width":1920,"height":1080,"quality":"pbr+bloom+fxaa+auto_exposure","swap_enabled":true,"swap_interval":0,"warmup_frames":30,"measured_frames":120,"in_play_frames":141,"p50_ms":20.340408,"p95_ms":26.397051,"p99_ms":27.461368,"submit_p50_ms":20.299168,"submit_p95_ms":26.357781,"finish_p50_ms":0.036723,"finish_p95_ms":0.056488,"samples_ms":[18.980369,26.397051,17.684033,17.808744,23.941892,19.214613,24.509035,24.443248,21.654440,25.987504,19.825198,22.630394,18.143980,21.051136,24.662471,19.637443,22.724958,19.905819,24.560567,18.518008,18.624183,22.805500,17.829941,25.922071,20.874525,20.431094,24.060682,18.902363,17.853453,26.419958,19.097073,21.198133,18.382046,18.218475,23.908010,19.328887,25.209633,18.620006,20.659074,20.162994,26.445126,21.705681,23.210678,24.568129,26.413712,20.699536,26.360619,21.940212,24.794657,21.320615,18.774742,19.446892,23.568671,18.405908,17.924526,22.968623,18.615749,20.198731,22.818018,18.895520,17.363113,24.606112,17.948695,17.824783,23.270772,20.377628,24.395901,17.816113,19.798157,21.397980,17.443724,18.492684,18.955412,19.075867,22.358313,24.495329,19.370936,18.072545,18.358043,19.175569,22.884637,18.718112,19.399348,21.331109,18.756671,22.228962,19.486733,18.940404,23.693257,18.299843,18.596341,21.375305,20.234608,19.839853,20.655004,22.475556,20.217676,22.969831,19.279734,19.300685,20.340408,19.594814,17.737474,20.750351,19.260588,19.384500,27.385192,17.780459,17.890687,20.695691,19.606426,27.461368,22.383331,21.655476,23.460097,22.117284,24.754925,19.333029,29.752862,23.065081],"submit_samples_ms":[18.924224,26.357781,17.641538,17.773495,23.887014,19.173874,24.475640,24.362055,21.621551,25.954422,19.788664,22.590755,18.109577,21.018264,24.627261,19.602721,22.677759,19.869258,24.525513,18.479995,18.587648,22.771700,17.786164,25.885797,20.831519,20.392391,23.992383,18.865640,17.817365,26.382516,19.060380,21.164106,18.341776,18.177563,23.873833,19.279708,25.173812,18.585337,20.597287,20.123755,26.399727,21.669428,23.168210,24.528165,26.372971,20.656867,26.325140,21.882171,24.760960,21.279075,18.739495,19.410327,23.528848,18.370801,17.889650,22.932139,18.578154,20.162074,22.774140,18.855521,17.328283,24.570770,17.906827,17.784983,23.234146,20.299168,24.358323,17.688897,19.762040,21.360969,17.407178,18.436196,18.919206,19.042675,22.312664,24.461839,19.334572,18.033662,18.323816,19.139650,22.846169,18.679807,19.365571,21.294526,18.714665,22.193476,19.451317,18.901436,23.658900,18.264227,18.547852,21.339740,20.197934,19.783502,20.618982,22.430891,20.181086,22.933777,19.239740,19.263806,20.304375,19.558513,17.698568,20.717216,19.226487,19.341698,27.349278,17.743775,17.853131,20.657361,19.570020,27.418365,22.338499,21.613655,23.418733,22.080721,24.713629,19.292471,29.707851,23.027669],"finish_samples_ms":[0.056145,0.039270,0.042495,0.035249,0.054878,0.040739,0.033395,0.081193,0.032889,0.033082,0.036534,0.039639,0.034403,0.032872,0.035210,0.034722,0.047199,0.036561,0.035054,0.038013,0.036535,0.033800,0.043777,0.036274,0.043006,0.038703,0.068299,0.036723,0.036088,0.037442,0.036693,0.034027,0.040270,0.040912,0.034177,0.049179,0.035821,0.034669,0.061787,0.039239,0.045399,0.036253,0.042468,0.039964,0.040741,0.042669,0.035479,0.058041,0.033697,0.041540,0.035247,0.036565,0.039823,0.035107,0.034876,0.036484,0.037595,0.036657,0.043878,0.039999,0.034830,0.035342,0.041868,0.039800,0.036626,0.078460,0.037578,0.127216,0.036117,0.037011,0.036546,0.056488,0.036206,0.033192,0.045649,0.033490,0.036364,0.038883,0.034227,0.035919,0.038468,0.038305,0.033777,0.036583,0.042006,0.035486,0.035416,0.038968,0.034357,0.035616,0.048489,0.035565,0.036674,0.056351,0.036022,0.044665,0.036590,0.036054,0.039994,0.036879,0.036033,0.036301,0.038906,0.033135,0.034101,0.042802,0.035914,0.036684,0.037556,0.038330,0.036406,0.043003,0.044832,0.041821,0.041364,0.036563,0.041296,0.040558,0.045011,0.037412]}
MESA-EGL: warning: egl: failed to create dri2 screen
GPU_TIMER_SAMPLE 0 1441792 2359296 2359296 6160384
GPU_TIMER_SAMPLE 1 1441792 4194304 5505024 11141120
GPU_TIMER_SAMPLE 2 1310720 2490368 2097152 5898240
GPU_TIMER_SAMPLE 3 1441792 2359296 2228224 6029312
GPU_TIMER_SAMPLE 4 1441792 3145728 7208960 11796480
GPU_TIMER_SAMPLE 5 1441792 2490368 2097152 6029312
GPU_TIMER_SAMPLE 6 1835008 3276800 2883584 7995392
GPU_TIMER_SAMPLE 7 2490368 5767168 3538944 11796480
GPU_TIMER_SAMPLE 8 1835008 4194304 2752512 8781824
GPU_TIMER_SAMPLE 9 2228224 4849664 2359296 9437184
GPU_TIMER_SAMPLE 10 1441792 3407872 3276800 8126464
GPU_TIMER_SAMPLE 11 2359296 3014656 2228224 7602176
GPU_TIMER_SAMPLE 12 1441792 2490368 2097152 6029312
GPU_TIMER_SAMPLE 13 1310720 2621440 2883584 6815744
GPU_TIMER_SAMPLE 14 1310720 6029312 3538944 10878976
GPU_TIMER_SAMPLE 15 1441792 2883584 3145728 7471104
GPU_TIMER_SAMPLE 16 1572864 5373952 2228224 9175040
GPU_TIMER_SAMPLE 17 1310720 2883584 2228224 6422528
GPU_TIMER_SAMPLE 18 1441792 3014656 6815744 11272192
GPU_TIMER_SAMPLE 19 1310720 2621440 2097152 6029312
GPU_TIMER_SAMPLE 20 1310720 2621440 2228224 6160384
GPU_TIMER_SAMPLE 21 1441792 2883584 3014656 7340032
GPU_TIMER_SAMPLE 22 1310720 2621440 2228224 6160384
GPU_TIMER_SAMPLE 23 2359296 5111808 3538944 11010048
GPU_TIMER_SAMPLE 24 1966080 4063232 3014656 9043968
GPU_TIMER_SAMPLE 25 2621440 3145728 2228224 7995392
GPU_TIMER_SAMPLE 26 1835008 3932160 3014656 8781824
GPU_TIMER_SAMPLE 27 1310720 2752512 2228224 6291456
GPU_TIMER_SAMPLE 28 1441792 2883584 2228224 6553600
GPU_TIMER_SAMPLE 29 1966080 3801088 6029312 11796480
GPU_TIMER_SAMPLE 30 1310720 2490368 2228224 6029312
GPU_TIMER_SAMPLE 31 1310720 2490368 2883584 6684672
GPU_TIMER_SAMPLE 32 1572864 2752512 2228224 6553600
GPU_TIMER_SAMPLE 33 1441792 2752512 2228224 6422528
GPU_TIMER_SAMPLE 34 1441792 2490368 2883584 6815744
GPU_TIMER_SAMPLE 35 1441792 2883584 2097152 6422528
GPU_TIMER_SAMPLE 36 2621440 3670016 3145728 9437184
GPU_TIMER_SAMPLE 37 1703936 2490368 2097152 6291456
GPU_TIMER_SAMPLE 38 1441792 2621440 2228224 6291456
GPU_TIMER_SAMPLE 39 1310720 2621440 2097152 6029312
GPU_TIMER_SAMPLE 40 2228224 5767168 3538944 11534336
GPU_TIMER_SAMPLE 41 1966080 3801088 3014656 8781824
GPU_TIMER_SAMPLE 42 1835008 3932160 3014656 8781824
GPU_TIMER_SAMPLE 43 1835008 3932160 5767168 11534336
GPU_TIMER_SAMPLE 44 2359296 5242880 3276800 10878976
GPU_TIMER_SAMPLE 45 1441792 3801088 2752512 7995392
GPU_TIMER_SAMPLE 46 2359296 5505024 3145728 11010048
GPU_TIMER_SAMPLE 47 1703936 3801088 3014656 8519680
GPU_TIMER_SAMPLE 48 1835008 3932160 2883584 8650752
GPU_TIMER_SAMPLE 49 2359296 4063232 2097152 8519680
GPU_TIMER_SAMPLE 50 1703936 2490368 2228224 6422528
GPU_TIMER_SAMPLE 51 1310720 2752512 2490368 6553600
GPU_TIMER_SAMPLE 52 1310720 4063232 4587520 9961472
GPU_TIMER_SAMPLE 53 1310720 2490368 2228224 6029312
GPU_TIMER_SAMPLE 54 1310720 2490368 2228224 6029312
GPU_TIMER_SAMPLE 55 1441792 2359296 5373952 9175040
GPU_TIMER_SAMPLE 56 1441792 2359296 2228224 6029312
GPU_TIMER_SAMPLE 57 1179648 2621440 2228224 6029312
GPU_TIMER_SAMPLE 58 1572864 5767168 2228224 9568256
GPU_TIMER_SAMPLE 59 1310720 2621440 2097152 6029312
GPU_TIMER_SAMPLE 60 1310720 2490368 2228224 6029312
GPU_TIMER_SAMPLE 61 1441792 3538944 6553600 11534336
GPU_TIMER_SAMPLE 62 1441792 2359296 2228224 6029312
GPU_TIMER_SAMPLE 63 1310720 2490368 2097152 5898240
GPU_TIMER_SAMPLE 64 1310720 3538944 5111808 9961472
GPU_TIMER_SAMPLE 65 1310720 2883584 2228224 6422528
GPU_TIMER_SAMPLE 66 2359296 3014656 3538944 8912896
GPU_TIMER_SAMPLE 67 1441792 2883584 2228224 6553600
GPU_TIMER_SAMPLE 68 1310720 2883584 2228224 6422528
GPU_TIMER_SAMPLE 69 1310720 2490368 2752512 6553600
GPU_TIMER_SAMPLE 70 1310720 2621440 2097152 6029312
GPU_TIMER_SAMPLE 71 1310720 2752512 2359296 6422528
GPU_TIMER_SAMPLE 72 1179648 2621440 2097152 5898240
GPU_TIMER_SAMPLE 73 1310720 2752512 3145728 7208960
GPU_TIMER_SAMPLE 74 1835008 5636096 2228224 9699328
GPU_TIMER_SAMPLE 75 2359296 4325376 3538944 10223616
GPU_TIMER_SAMPLE 76 1441792 2359296 2228224 6029312
GPU_TIMER_SAMPLE 77 1441792 2752512 2228224 6422528
GPU_TIMER_SAMPLE 78 1310720 2490368 2228224 6029312
GPU_TIMER_SAMPLE 79 1310720 2490368 2883584 6684672
GPU_TIMER_SAMPLE 80 4063232 2752512 2097152 8912896
GPU_TIMER_SAMPLE 81 1441792 2490368 2097152 6029312
GPU_TIMER_SAMPLE 82 1310720 2621440 2097152 6029312
GPU_TIMER_SAMPLE 83 1441792 5242880 2228224 8912896
GPU_TIMER_SAMPLE 84 1441792 2490368 2228224 6160384
GPU_TIMER_SAMPLE 85 1310720 2621440 2752512 6684672
GPU_TIMER_SAMPLE 86 1703936 2490368 2359296 6553600
GPU_TIMER_SAMPLE 87 1441792 2752512 2228224 6422528
GPU_TIMER_SAMPLE 88 1441792 3014656 2752512 7208960
GPU_TIMER_SAMPLE 89 1310720 2752512 2359296 6422528
GPU_TIMER_SAMPLE 90 1310720 2883584 2228224 6422528
GPU_TIMER_SAMPLE 91 1441792 2883584 2490368 6815744
GPU_TIMER_SAMPLE 92 1703936 3801088 2097152 7602176
GPU_TIMER_SAMPLE 93 2490368 2883584 2228224 7602176
GPU_TIMER_SAMPLE 94 1441792 2490368 2490368 6422528
GPU_TIMER_SAMPLE 95 1703936 5898240 2228224 9830400
GPU_TIMER_SAMPLE 96 1441792 2883584 2228224 6553600
GPU_TIMER_SAMPLE 97 1441792 2490368 2752512 6684672
GPU_TIMER_SAMPLE 98 1441792 2883584 2228224 6553600
GPU_TIMER_SAMPLE 99 1441792 2883584 2228224 6553600
GPU_TIMER_SAMPLE 100 1310720 2621440 3145728 7077888
GPU_TIMER_SAMPLE 101 1310720 2490368 2228224 6029312
GPU_TIMER_SAMPLE 102 1572864 2752512 2228224 6553600
GPU_TIMER_SAMPLE 103 1441792 2490368 2097152 6029312
GPU_TIMER_SAMPLE 104 1441792 3014656 2883584 7340032
GPU_TIMER_SAMPLE 105 1966080 2883584 2097152 6946816
GPU_TIMER_SAMPLE 106 2752512 3276800 2228224 8257536
GPU_TIMER_SAMPLE 107 1310720 2883584 2228224 6422528
GPU_TIMER_SAMPLE 108 1572864 2752512 2228224 6553600
GPU_TIMER_SAMPLE 109 1572864 2752512 2228224 6553600
GPU_TIMER_SAMPLE 110 1441792 2490368 2228224 6160384
GPU_TIMER_SAMPLE 111 2359296 4980736 3407872 10747904
GPU_TIMER_SAMPLE 112 1966080 3670016 2883584 8519680
GPU_TIMER_SAMPLE 113 1703936 3276800 2621440 7602176
GPU_TIMER_SAMPLE 114 1966080 3932160 2883584 8781824
GPU_TIMER_SAMPLE 115 1703936 3276800 2490368 7471104
GPU_TIMER_SAMPLE 116 1835008 3801088 2883584 8519680
GPU_TIMER_SAMPLE 117 1703936 3407872 2490368 7602176
GPU_TIMER_SAMPLE 118 2359296 5111808 6946816 14417920
GPU_TIMER_SAMPLE 119 2097152 3801088 2883584 8781824
