 dllPath = /usr/lib/wsl/drivers/iigd_dch.inf_amd64_3e6575b60ae27560, dllName = libigdgmm_w.so.12 
 IsWddmLinux = 1, dllWslName = /usr/lib/wsl/drivers/iigd_dch.inf_amd64_3e6575b60ae27560/libigdgmm_w.so.12  flags = 2
 dllPath = /usr/lib/wsl/drivers/iigd_dch.inf_amd64_3e6575b60ae27560, dllName = libigdgmm_w.so.12 
 IsWddmLinux = 1, dllWslName = /usr/lib/wsl/drivers/iigd_dch.inf_amd64_3e6575b60ae27560/libigdgmm_w.so.12  flags = 2
{"seed":42,"vendor":"Microsoft Corporation","renderer":"D3D12 (Intel(R) Arc(TM) 140T GPU (16GB))","gl_version":"4.6 (Compatibility Profile) Mesa 26.2.2","gallium_path":"/root/.cache/football-mesa-build-20260913-a/install-wayland/lib/libgallium-26.2.2.so","width":1920,"height":1080,"quality":"pbr+bloom+fxaa+auto_exposure","swap_enabled":true,"swap_interval":0,"warmup_frames":30,"measured_frames":120,"in_play_frames":141,"p50_ms":22.988876,"p95_ms":27.904875,"p99_ms":31.827240,"submit_p50_ms":22.950198,"submit_p95_ms":27.864622,"finish_p50_ms":0.038088,"finish_p95_ms":0.061687,"samples_ms":[20.450582,31.827240,24.552643,21.132175,25.388418,20.655738,23.269494,25.308506,28.025469,23.081261,21.813793,23.391759,26.205296,24.043043,23.997528,26.768734,26.222323,25.421843,26.981288,23.734853,27.601717,26.113976,31.522888,26.028238,22.034436,27.037443,23.515479,27.849600,27.869429,24.651107,23.615541,24.812699,20.907853,27.474135,24.498948,26.012647,23.623464,25.878436,20.345177,27.293991,26.488205,34.467415,24.380844,26.711650,28.536612,22.614851,25.041706,25.408547,23.616739,25.316987,27.547952,25.537221,20.585995,23.679834,24.066535,22.765337,21.139869,23.760103,20.436973,25.429441,26.573109,20.877807,25.077443,25.809239,21.005518,26.537181,19.191932,17.819268,18.954824,18.659861,21.429278,18.703778,20.149935,22.988876,18.576275,17.708850,22.418008,19.702057,18.908910,21.250805,18.267706,19.702883,20.212027,19.081192,18.225815,17.800126,17.247937,21.769442,19.252184,18.053239,20.408903,20.740913,18.680934,17.907793,22.889838,19.436969,18.217394,22.670585,19.464865,18.626963,24.037824,28.138901,22.564100,25.520861,23.749760,27.904875,21.101505,25.181508,21.345834,23.936471,18.695492,21.343677,16.971157,18.725267,25.147579,18.422025,18.837245,20.004824,18.176249,22.296888],"submit_samples_ms":[20.414396,31.791423,24.515592,21.095057,25.350561,20.618729,23.226529,25.272980,27.988786,23.038095,21.776744,23.346820,26.169035,24.004668,23.958170,26.729615,26.175720,25.371341,26.940173,23.673166,27.561285,26.075938,31.485824,25.968321,21.996348,26.999436,23.472877,27.809981,27.813937,24.608897,23.577707,24.775752,20.872481,27.435643,24.454583,25.976902,23.584067,25.819806,20.306639,27.253775,26.454353,34.420486,24.340472,26.645507,28.495068,22.576940,25.000603,25.369810,23.578598,25.275256,27.512252,25.499179,20.545706,23.644665,24.030870,22.728405,21.105066,23.723318,20.400316,25.390240,26.533202,20.840108,25.039410,25.772388,20.967299,26.396349,19.154477,17.774382,18.920326,18.624132,21.391578,18.662416,20.112015,22.950198,18.536480,17.672087,22.380856,19.664445,18.871656,21.211898,18.214989,19.606795,20.177499,19.038992,18.178894,17.762740,17.212394,21.731816,19.214268,18.012913,20.374186,20.703260,18.618613,17.872109,22.849639,19.397272,18.181169,22.605640,19.396977,18.591638,23.996144,28.101319,22.521719,25.485242,23.712823,27.864622,21.062449,25.140375,21.309838,23.895293,18.653837,21.307010,16.935320,18.684027,25.110984,18.387710,18.794882,19.968967,18.140532,22.257269],"finish_samples_ms":[0.036186,0.035817,0.037051,0.037118,0.037857,0.037009,0.042965,0.035526,0.036683,0.043166,0.037049,0.044939,0.036261,0.038375,0.039358,0.039119,0.046603,0.050502,0.041115,0.061687,0.040432,0.038038,0.037064,0.059917,0.038088,0.038007,0.042602,0.039619,0.055492,0.042210,0.037834,0.036947,0.035372,0.038492,0.044365,0.035745,0.039397,0.058630,0.038538,0.040216,0.033852,0.046929,0.040372,0.066143,0.041544,0.037911,0.041103,0.038737,0.038141,0.041731,0.035700,0.038042,0.040289,0.035169,0.035665,0.036932,0.034803,0.036785,0.036657,0.039201,0.039907,0.037699,0.038033,0.036851,0.038219,0.140832,0.037455,0.044886,0.034498,0.035729,0.037700,0.041362,0.037920,0.038678,0.039795,0.036763,0.037152,0.037612,0.037254,0.038907,0.052717,0.096088,0.034528,0.042200,0.046921,0.037386,0.035543,0.037626,0.037916,0.040326,0.034717,0.037653,0.062321,0.035684,0.040199,0.039697,0.036225,0.064945,0.067888,0.035325,0.041680,0.037582,0.042381,0.035619,0.036937,0.040253,0.039056,0.041133,0.035996,0.041178,0.041655,0.036667,0.035837,0.041240,0.036595,0.034315,0.042363,0.035857,0.035717,0.039619]}
MESA-EGL: warning: egl: failed to create dri2 screen
GPU_TIMER_SAMPLE 0 1835008 3407872 2883584 8126464
GPU_TIMER_SAMPLE 1 3407872 5898240 5505024 14811136
GPU_TIMER_SAMPLE 2 2097152 4456448 3407872 9961472
GPU_TIMER_SAMPLE 3 1835008 3145728 3014656 7995392
GPU_TIMER_SAMPLE 4 2359296 4980736 3538944 10878976
GPU_TIMER_SAMPLE 5 1835008 3407872 3014656 8257536
GPU_TIMER_SAMPLE 6 1703936 3407872 3014656 8126464
GPU_TIMER_SAMPLE 7 2621440 4718592 5505024 12845056
GPU_TIMER_SAMPLE 8 2228224 4325376 3407872 9961472
GPU_TIMER_SAMPLE 9 1966080 3407872 3014656 8388608
GPU_TIMER_SAMPLE 10 1835008 3670016 2883584 8388608
GPU_TIMER_SAMPLE 11 1703936 3670016 3014656 8388608
GPU_TIMER_SAMPLE 12 2621440 4718592 3538944 10878976
GPU_TIMER_SAMPLE 13 2621440 4849664 3538944 11010048
GPU_TIMER_SAMPLE 14 1835008 3407872 3014656 8257536
GPU_TIMER_SAMPLE 15 2621440 4849664 3538944 11010048
GPU_TIMER_SAMPLE 16 2359296 4325376 3276800 9961472
GPU_TIMER_SAMPLE 17 1966080 3538944 3145728 8650752
GPU_TIMER_SAMPLE 18 2097152 3801088 3276800 9175040
GPU_TIMER_SAMPLE 19 1966080 3538944 3145728 8650752
GPU_TIMER_SAMPLE 20 1835008 3276800 7340032 12451840
GPU_TIMER_SAMPLE 21 2228224 4194304 3670016 10092544
GPU_TIMER_SAMPLE 22 2359296 8257536 3670016 14286848
GPU_TIMER_SAMPLE 23 2228224 4325376 3407872 9961472
GPU_TIMER_SAMPLE 24 2097152 3670016 3407872 9175040
GPU_TIMER_SAMPLE 25 2359296 4456448 3670016 10485760
GPU_TIMER_SAMPLE 26 2097152 3801088 3407872 9306112
GPU_TIMER_SAMPLE 27 2228224 3670016 3407872 9306112
GPU_TIMER_SAMPLE 28 1835008 3014656 3014656 7864320
GPU_TIMER_SAMPLE 29 2621440 4718592 3670016 11010048
GPU_TIMER_SAMPLE 30 1966080 3145728 3145728 8257536
GPU_TIMER_SAMPLE 31 2359296 4587520 3538944 10485760
GPU_TIMER_SAMPLE 32 2097152 3276800 3014656 8388608
GPU_TIMER_SAMPLE 33 2228224 4587520 3407872 10223616
GPU_TIMER_SAMPLE 34 2359296 4587520 3407872 10354688
GPU_TIMER_SAMPLE 35 2621440 4718592 3670016 11010048
GPU_TIMER_SAMPLE 36 2621440 4718592 3538944 10878976
GPU_TIMER_SAMPLE 37 1835008 3407872 7208960 12451840
GPU_TIMER_SAMPLE 38 1835008 3670016 3014656 8519680
GPU_TIMER_SAMPLE 39 2359296 4718592 6422528 13500416
GPU_TIMER_SAMPLE 40 2621440 4849664 3538944 11010048
GPU_TIMER_SAMPLE 41 2228224 4587520 3407872 10223616
GPU_TIMER_SAMPLE 42 2228224 4456448 3407872 10092544
GPU_TIMER_SAMPLE 43 2490368 4718592 3538944 10747904
GPU_TIMER_SAMPLE 44 2228224 4325376 6553600 13107200
GPU_TIMER_SAMPLE 45 2097152 3276800 2883584 8257536
GPU_TIMER_SAMPLE 46 1835008 3276800 2883584 7995392
GPU_TIMER_SAMPLE 47 1835008 3276800 2883584 7995392
GPU_TIMER_SAMPLE 48 2359296 4587520 3407872 10354688
GPU_TIMER_SAMPLE 49 1835008 3538944 6029312 11403264
GPU_TIMER_SAMPLE 50 2359296 4849664 3538944 10747904
GPU_TIMER_SAMPLE 51 2621440 4849664 3538944 11010048
GPU_TIMER_SAMPLE 52 1835008 3538944 3014656 8388608
GPU_TIMER_SAMPLE 53 2228224 4718592 3407872 10354688
GPU_TIMER_SAMPLE 54 2228224 4718592 3407872 10354688
GPU_TIMER_SAMPLE 55 2359296 4718592 3407872 10485760
GPU_TIMER_SAMPLE 56 1835008 3407872 3014656 8257536
GPU_TIMER_SAMPLE 57 2359296 4718592 3538944 10616832
GPU_TIMER_SAMPLE 58 1835008 3407872 3145728 8388608
GPU_TIMER_SAMPLE 59 1835008 7208960 3538944 12582912
GPU_TIMER_SAMPLE 60 2621440 4587520 6422528 13631488
GPU_TIMER_SAMPLE 61 1835008 3407872 3014656 8257536
GPU_TIMER_SAMPLE 62 1966080 3276800 6291456 11534336
GPU_TIMER_SAMPLE 63 2752512 4587520 3407872 10747904
GPU_TIMER_SAMPLE 64 1966080 3276800 3014656 8257536
GPU_TIMER_SAMPLE 65 2490368 4456448 3538944 10485760
GPU_TIMER_SAMPLE 66 1310720 2097152 2228224 5636096
GPU_TIMER_SAMPLE 67 1310720 2359296 2097152 5767168
GPU_TIMER_SAMPLE 68 1441792 2228224 2228224 5898240
GPU_TIMER_SAMPLE 69 1310720 2097152 2490368 5898240
GPU_TIMER_SAMPLE 70 1310720 4325376 2228224 7864320
GPU_TIMER_SAMPLE 71 1441792 2228224 2228224 5898240
GPU_TIMER_SAMPLE 72 1572864 2359296 2228224 6160384
GPU_TIMER_SAMPLE 73 1310720 2097152 5898240 9306112
GPU_TIMER_SAMPLE 74 1441792 2359296 2228224 6029312
GPU_TIMER_SAMPLE 75 1310720 2228224 2097152 5636096
GPU_TIMER_SAMPLE 76 1310720 2097152 4980736 8388608
GPU_TIMER_SAMPLE 77 1441792 2359296 2228224 6029312
GPU_TIMER_SAMPLE 78 1441792 1966080 2228224 5636096
GPU_TIMER_SAMPLE 79 1441792 2097152 2097152 5636096
GPU_TIMER_SAMPLE 80 1441792 1966080 2228224 5636096
GPU_TIMER_SAMPLE 81 1441792 2359296 2228224 6029312
GPU_TIMER_SAMPLE 82 1441792 2097152 2097152 5636096
GPU_TIMER_SAMPLE 83 1703936 2228224 2097152 6029312
GPU_TIMER_SAMPLE 84 1441792 2359296 2228224 6029312
GPU_TIMER_SAMPLE 85 1310720 2228224 2097152 5636096
GPU_TIMER_SAMPLE 86 1441792 2097152 2097152 5636096
GPU_TIMER_SAMPLE 87 1572864 2359296 4587520 8519680
GPU_TIMER_SAMPLE 88 2097152 2359296 2228224 6684672
GPU_TIMER_SAMPLE 89 1441792 2097152 2097152 5636096
GPU_TIMER_SAMPLE 90 1441792 2097152 2097152 5636096
GPU_TIMER_SAMPLE 91 3276800 2621440 2097152 7995392
GPU_TIMER_SAMPLE 92 1310720 2097152 2228224 5636096
GPU_TIMER_SAMPLE 93 1310720 2228224 2097152 5636096
GPU_TIMER_SAMPLE 94 1441792 2490368 2228224 6160384
GPU_TIMER_SAMPLE 95 1441792 2359296 2228224 6029312
GPU_TIMER_SAMPLE 96 1441792 2097152 2228224 5767168
GPU_TIMER_SAMPLE 97 1441792 2752512 4849664 9043968
GPU_TIMER_SAMPLE 98 1441792 1966080 2228224 5636096
GPU_TIMER_SAMPLE 99 1572864 2359296 2228224 6160384
GPU_TIMER_SAMPLE 100 1310720 3145728 6422528 10878976
GPU_TIMER_SAMPLE 101 2621440 4587520 3407872 10616832
GPU_TIMER_SAMPLE 102 2621440 4587520 3538944 10747904
GPU_TIMER_SAMPLE 103 1966080 3145728 3014656 8126464
GPU_TIMER_SAMPLE 104 2359296 4456448 3407872 10223616
GPU_TIMER_SAMPLE 105 2097152 3276800 9961472 15335424
GPU_TIMER_SAMPLE 106 2097152 3538944 2883584 8519680
GPU_TIMER_SAMPLE 107 1966080 3538944 6684672 12189696
GPU_TIMER_SAMPLE 108 1966080 3670016 3014656 8650752
GPU_TIMER_SAMPLE 109 1966080 7471104 2228224 11665408
GPU_TIMER_SAMPLE 110 1441792 2359296 2228224 6029312
GPU_TIMER_SAMPLE 111 1310720 2490368 2228224 6029312
GPU_TIMER_SAMPLE 112 1441792 2097152 2097152 5636096
GPU_TIMER_SAMPLE 113 1441792 2359296 2228224 6029312
GPU_TIMER_SAMPLE 114 1572864 3538944 3538944 8650752
GPU_TIMER_SAMPLE 115 1966080 2097152 2228224 6291456
GPU_TIMER_SAMPLE 116 1572864 2359296 2228224 6160384
GPU_TIMER_SAMPLE 117 1572864 2359296 3145728 7077888
GPU_TIMER_SAMPLE 118 1572864 2359296 2359296 6291456
GPU_TIMER_SAMPLE 119 1572864 2359296 4718592 8650752
