 dllPath = /usr/lib/wsl/drivers/iigd_dch.inf_amd64_3e6575b60ae27560, dllName = libigdgmm_w.so.12 
 IsWddmLinux = 1, dllWslName = /usr/lib/wsl/drivers/iigd_dch.inf_amd64_3e6575b60ae27560/libigdgmm_w.so.12  flags = 2
 dllPath = /usr/lib/wsl/drivers/iigd_dch.inf_amd64_3e6575b60ae27560, dllName = libigdgmm_w.so.12 
 IsWddmLinux = 1, dllWslName = /usr/lib/wsl/drivers/iigd_dch.inf_amd64_3e6575b60ae27560/libigdgmm_w.so.12  flags = 2
{"seed":42,"vendor":"Microsoft Corporation","renderer":"D3D12 (Intel(R) Arc(TM) 140T GPU (16GB))","gl_version":"4.6 (Compatibility Profile) Mesa 26.2.2","gallium_path":"/root/.cache/football-mesa-build-20260913-a/install-wayland/lib/libgallium-26.2.2.so","width":1920,"height":1080,"quality":"pbr+bloom+fxaa+auto_exposure","swap_enabled":true,"swap_interval":0,"warmup_frames":30,"measured_frames":120,"in_play_frames":141,"p50_ms":24.562805,"p95_ms":32.008970,"p99_ms":33.332081,"submit_p50_ms":24.527256,"submit_p95_ms":31.961071,"finish_p50_ms":0.038923,"finish_p95_ms":0.062843,"samples_ms":[24.802456,25.463214,20.749916,27.309426,23.371630,25.591538,24.335187,19.901298,26.272198,21.824391,29.978604,23.866969,24.938066,21.397897,24.387530,27.856791,21.351594,27.304186,25.424089,21.217917,30.879948,24.373815,24.562805,21.490973,27.470412,24.401630,25.435883,20.108681,23.815433,23.939745,27.426849,25.215191,24.891127,24.937483,20.836175,29.221051,21.760607,22.960183,22.461269,30.402947,22.951347,27.607323,27.935584,30.018038,24.705023,24.258733,25.337987,33.105906,33.332081,32.128980,30.490195,28.622076,34.836769,26.163778,33.302272,22.717410,27.223926,26.932453,27.480354,29.931460,22.597856,27.122842,23.993089,27.859710,22.706405,25.538703,24.646666,33.265561,32.008970,26.789562,29.913429,21.008319,24.361771,25.500941,22.962343,30.827052,28.523217,23.686414,26.333370,29.107639,22.572009,26.504584,21.197456,27.376538,26.097619,27.095450,22.812442,27.198739,23.929589,28.360596,22.775454,25.187811,23.411948,25.667844,20.679603,29.061002,23.768101,22.959324,22.408037,24.683270,20.948232,22.348889,19.984844,26.452842,21.533749,20.173195,16.776136,18.856367,24.009785,17.501741,20.814450,19.530973,17.521153,16.735486,17.138941,22.650489,18.706462,18.691787,19.226107,17.351110],"submit_samples_ms":[24.767265,25.426791,20.713535,27.274090,23.330517,25.556637,24.299588,19.865929,26.234905,21.789436,29.942359,23.825703,24.904326,21.355631,24.351228,27.796885,21.314001,27.270550,25.385166,21.170919,30.844217,24.314015,24.527256,21.452397,27.431082,24.365156,25.391882,20.071227,23.752590,23.905674,27.392386,25.172019,24.857150,24.896320,20.798043,29.185862,21.718924,22.920867,22.422918,30.361043,22.890889,27.565060,27.895167,29.976240,24.666534,24.212589,25.074058,33.058135,33.289938,32.088330,30.449935,28.582089,34.792945,26.125360,33.265480,22.677232,27.183379,26.891038,27.441850,29.877787,22.554231,27.084043,23.955109,27.796537,22.670244,25.499936,24.601468,33.219016,31.961071,26.749529,29.873409,20.960018,24.321612,25.432887,22.906987,30.790568,28.485259,23.623154,26.296022,29.070070,22.528848,26.465460,21.157599,27.335433,26.060635,27.057807,22.768762,27.159475,23.891051,28.288407,22.740360,25.149558,23.318364,25.630706,20.643952,29.026091,23.725581,22.925293,22.366819,24.638923,20.902935,22.311782,19.949379,26.417131,21.496998,20.135593,16.728641,18.819996,23.966290,17.466454,20.779276,19.489700,17.479020,16.693425,17.101580,22.617252,18.648910,18.655359,19.192512,17.316232],"finish_samples_ms":[0.035191,0.036423,0.036381,0.035336,0.041113,0.034901,0.035599,0.035369,0.037293,0.034955,0.036245,0.041266,0.033740,0.042266,0.036302,0.059906,0.037593,0.033636,0.038923,0.046998,0.035731,0.059800,0.035549,0.038576,0.039330,0.036474,0.044001,0.037454,0.062843,0.034071,0.034463,0.043172,0.033977,0.041163,0.038132,0.035189,0.041683,0.039316,0.038351,0.041904,0.060458,0.042263,0.040417,0.041798,0.038489,0.046144,0.263929,0.047771,0.042143,0.040650,0.040260,0.039987,0.043824,0.038418,0.036792,0.040178,0.040547,0.041415,0.038504,0.053673,0.043625,0.038799,0.037980,0.063173,0.036161,0.038767,0.045198,0.046545,0.047899,0.040033,0.040020,0.048301,0.040159,0.068054,0.055356,0.036484,0.037958,0.063260,0.037348,0.037569,0.043161,0.039124,0.039857,0.041105,0.036984,0.037643,0.043680,0.039264,0.038538,0.072189,0.035094,0.038253,0.093584,0.037138,0.035651,0.034911,0.042520,0.034031,0.041218,0.044347,0.045297,0.037107,0.035465,0.035711,0.036751,0.037602,0.047495,0.036371,0.043495,0.035287,0.035174,0.041273,0.042133,0.042061,0.037361,0.033237,0.057552,0.036428,0.033595,0.034878]}
MESA-EGL: warning: egl: failed to create dri2 screen
GPU_TIMER_SAMPLE 0 1966080 3276800 5505024 10747904
GPU_TIMER_SAMPLE 1 1835008 3407872 2883584 8126464
GPU_TIMER_SAMPLE 2 1835008 3276800 3014656 8126464
GPU_TIMER_SAMPLE 3 2359296 4849664 3407872 10616832
GPU_TIMER_SAMPLE 4 2490368 4849664 3538944 10878976
GPU_TIMER_SAMPLE 5 1835008 3538944 2883584 8257536
GPU_TIMER_SAMPLE 6 2228224 5111808 3407872 10747904
GPU_TIMER_SAMPLE 7 1835008 3276800 3145728 8257536
GPU_TIMER_SAMPLE 8 2359296 4849664 3538944 10747904
GPU_TIMER_SAMPLE 9 1835008 3538944 3014656 8388608
GPU_TIMER_SAMPLE 10 3276800 5898240 4063232 13238272
GPU_TIMER_SAMPLE 11 2621440 4718592 3538944 10878976
GPU_TIMER_SAMPLE 12 2097152 3276800 3014656 8388608
GPU_TIMER_SAMPLE 13 1966080 3407872 3014656 8388608
GPU_TIMER_SAMPLE 14 1966080 3276800 3014656 8257536
GPU_TIMER_SAMPLE 15 2228224 4718592 3670016 10616832
GPU_TIMER_SAMPLE 16 1703936 3407872 3014656 8126464
GPU_TIMER_SAMPLE 17 2621440 4718592 3538944 10878976
GPU_TIMER_SAMPLE 18 2621440 4849664 3670016 11141120
GPU_TIMER_SAMPLE 19 1703936 3407872 2883584 7995392
GPU_TIMER_SAMPLE 20 2490368 4587520 3407872 10485760
GPU_TIMER_SAMPLE 21 2228224 4456448 3407872 10092544
GPU_TIMER_SAMPLE 22 1966080 3145728 3014656 8126464
GPU_TIMER_SAMPLE 23 1835008 3538944 3014656 8388608
GPU_TIMER_SAMPLE 24 1966080 3276800 8257536 13500416
GPU_TIMER_SAMPLE 25 1835008 3276800 3014656 8126464
GPU_TIMER_SAMPLE 26 2228224 4456448 3407872 10092544
GPU_TIMER_SAMPLE 27 1966080 3276800 2883584 8126464
GPU_TIMER_SAMPLE 28 1966080 3407872 2883584 8257536
GPU_TIMER_SAMPLE 29 1835008 3407872 2883584 8126464
GPU_TIMER_SAMPLE 30 2359296 4849664 3538944 10747904
GPU_TIMER_SAMPLE 31 1835008 3538944 3014656 8388608
GPU_TIMER_SAMPLE 32 1835008 3407872 3014656 8257536
GPU_TIMER_SAMPLE 33 2621440 4849664 3407872 10878976
GPU_TIMER_SAMPLE 34 1835008 3145728 3145728 8126464
GPU_TIMER_SAMPLE 35 2228224 4587520 3538944 10354688
GPU_TIMER_SAMPLE 36 1835008 3276800 3014656 8126464
GPU_TIMER_SAMPLE 37 2228224 4456448 3407872 10092544
GPU_TIMER_SAMPLE 38 1835008 3538944 3407872 8781824
GPU_TIMER_SAMPLE 39 2359296 4194304 3538944 10092544
GPU_TIMER_SAMPLE 40 1835008 3407872 3014656 8257536
GPU_TIMER_SAMPLE 41 1966080 3538944 6553600 12058624
GPU_TIMER_SAMPLE 42 2097152 4063232 3407872 9568256
GPU_TIMER_SAMPLE 43 2359296 4194304 3538944 10092544
GPU_TIMER_SAMPLE 44 1835008 3407872 3014656 8257536
GPU_TIMER_SAMPLE 45 1966080 3932160 3276800 9175040
GPU_TIMER_SAMPLE 46 1835008 3145728 3014656 7995392
GPU_TIMER_SAMPLE 47 1835008 3407872 6422528 11665408
GPU_TIMER_SAMPLE 48 3014656 5505024 10223616 18743296
GPU_TIMER_SAMPLE 49 2228224 4194304 5767168 12189696
GPU_TIMER_SAMPLE 50 2228224 3670016 7864320 13762560
GPU_TIMER_SAMPLE 51 2097152 3801088 3407872 9306112
GPU_TIMER_SAMPLE 52 2883584 6684672 7733248 17301504
GPU_TIMER_SAMPLE 53 2097152 3932160 3538944 9568256
GPU_TIMER_SAMPLE 54 3014656 5505024 5898240 14417920
GPU_TIMER_SAMPLE 55 1835008 3276800 3145728 8257536
GPU_TIMER_SAMPLE 56 2097152 3801088 7340032 13238272
GPU_TIMER_SAMPLE 57 1966080 4063232 3407872 9437184
GPU_TIMER_SAMPLE 58 2490368 4587520 3801088 10878976
GPU_TIMER_SAMPLE 59 2490368 4587520 3538944 10616832
GPU_TIMER_SAMPLE 60 2097152 3801088 3407872 9306112
GPU_TIMER_SAMPLE 61 2490368 4718592 3670016 10878976
GPU_TIMER_SAMPLE 62 2228224 4063232 3538944 9830400
GPU_TIMER_SAMPLE 63 2097152 3670016 6553600 12320768
GPU_TIMER_SAMPLE 64 2097152 3407872 3014656 8519680
GPU_TIMER_SAMPLE 65 2097152 4194304 3407872 9699328
GPU_TIMER_SAMPLE 66 1835008 3407872 2883584 8126464
GPU_TIMER_SAMPLE 67 2621440 5111808 3801088 11534336
GPU_TIMER_SAMPLE 68 2359296 4456448 3670016 10485760
GPU_TIMER_SAMPLE 69 1966080 3538944 3276800 8781824
GPU_TIMER_SAMPLE 70 2490368 4325376 3407872 10223616
GPU_TIMER_SAMPLE 71 1835008 3276800 3014656 8126464
GPU_TIMER_SAMPLE 72 1966080 3538944 3014656 8519680
GPU_TIMER_SAMPLE 73 2490368 4980736 3670016 11141120
GPU_TIMER_SAMPLE 74 2097152 3670016 3538944 9306112
GPU_TIMER_SAMPLE 75 3670016 6160384 4980736 14811136
GPU_TIMER_SAMPLE 76 2490368 4325376 3538944 10354688
GPU_TIMER_SAMPLE 77 2359296 3932160 3407872 9699328
GPU_TIMER_SAMPLE 78 2097152 3276800 6029312 11403264
GPU_TIMER_SAMPLE 79 2359296 4325376 3670016 10354688
GPU_TIMER_SAMPLE 80 1966080 3276800 3014656 8257536
GPU_TIMER_SAMPLE 81 1966080 3407872 6422528 11796480
GPU_TIMER_SAMPLE 82 2097152 3407872 3145728 8650752
GPU_TIMER_SAMPLE 83 2228224 3670016 6422528 12320768
GPU_TIMER_SAMPLE 84 2228224 3801088 3145728 9175040
GPU_TIMER_SAMPLE 85 2752512 4718592 3670016 11141120
GPU_TIMER_SAMPLE 86 2228224 4063232 3538944 9830400
GPU_TIMER_SAMPLE 87 2621440 4849664 3801088 11272192
GPU_TIMER_SAMPLE 88 2752512 4849664 3801088 11403264
GPU_TIMER_SAMPLE 89 2621440 4718592 6946816 14286848
GPU_TIMER_SAMPLE 90 2097152 3670016 3014656 8781824
GPU_TIMER_SAMPLE 91 2752512 6291456 3407872 12451840
GPU_TIMER_SAMPLE 92 2097152 3276800 3014656 8388608
GPU_TIMER_SAMPLE 93 2621440 4718592 3538944 10878976
GPU_TIMER_SAMPLE 94 1966080 3670016 3014656 8650752
GPU_TIMER_SAMPLE 95 2621440 4718592 3670016 11010048
GPU_TIMER_SAMPLE 96 2883584 4980736 3538944 11403264
GPU_TIMER_SAMPLE 97 1966080 3538944 3014656 8519680
GPU_TIMER_SAMPLE 98 2097152 3538944 2883584 8519680
GPU_TIMER_SAMPLE 99 1966080 3538944 2883584 8388608
GPU_TIMER_SAMPLE 100 2097152 3538944 3014656 8650752
GPU_TIMER_SAMPLE 101 1966080 3538944 2883584 8388608
GPU_TIMER_SAMPLE 102 1966080 3407872 3145728 8519680
GPU_TIMER_SAMPLE 103 2621440 4587520 3407872 10616832
GPU_TIMER_SAMPLE 104 1966080 3538944 2752512 8257536
GPU_TIMER_SAMPLE 105 2359296 3145728 2228224 7733248
GPU_TIMER_SAMPLE 106 1441792 2097152 2097152 5636096
GPU_TIMER_SAMPLE 107 1441792 2097152 2359296 5898240
GPU_TIMER_SAMPLE 108 1966080 3276800 2621440 7864320
GPU_TIMER_SAMPLE 109 1441792 2359296 2228224 6029312
GPU_TIMER_SAMPLE 110 1441792 1966080 2228224 5636096
GPU_TIMER_SAMPLE 111 1441792 2752512 2359296 6553600
GPU_TIMER_SAMPLE 112 1310720 2097152 2228224 5636096
GPU_TIMER_SAMPLE 113 1572864 1966080 2228224 5767168
GPU_TIMER_SAMPLE 114 1310720 2097152 2228224 5636096
GPU_TIMER_SAMPLE 115 1441792 2228224 4587520 8257536
GPU_TIMER_SAMPLE 116 1441792 2359296 2228224 6029312
GPU_TIMER_SAMPLE 117 1441792 2359296 2228224 6029312
GPU_TIMER_SAMPLE 118 1572864 2097152 2097152 5767168
GPU_TIMER_SAMPLE 119 1441792 2228224 2097152 5767168
