MESA-EGL: warning: egl: failed to create dri2 screen
 dllPath = /usr/lib/wsl/drivers/iigd_dch.inf_amd64_3e6575b60ae27560, dllName = libigdgmm_w.so.12 
 IsWddmLinux = 1, dllWslName = /usr/lib/wsl/drivers/iigd_dch.inf_amd64_3e6575b60ae27560/libigdgmm_w.so.12  flags = 2
 dllPath = /usr/lib/wsl/drivers/iigd_dch.inf_amd64_3e6575b60ae27560, dllName = libigdgmm_w.so.12 
 IsWddmLinux = 1, dllWslName = /usr/lib/wsl/drivers/iigd_dch.inf_amd64_3e6575b60ae27560/libigdgmm_w.so.12  flags = 2
GPU_POST_SAMPLE 0 1376256 2572288 2162688 229376 163840 81920 688128 1015808 8290304
GPU_POST_SAMPLE 1 1769472 4915200 2146304 245760 147456 98304 688128 999424 11010048
GPU_POST_SAMPLE 2 1376256 3604480 229376 212992 212992 65536 933888 1540096 8175616
GPU_POST_SAMPLE 3 4440064 3047424 163840 163840 163840 65536 655360 1032192 9732096
GPU_POST_SAMPLE 4 1392640 2555904 163840 163840 163840 65536 638976 999424 6144000
GPU_POST_SAMPLE 5 2506752 5931008 163840 163840 163840 65536 655360 1015808 10665984
GPU_POST_SAMPLE 6 1376256 2572288 163840 163840 163840 65536 638976 1015808 6160384
GPU_POST_SAMPLE 7 1441792 2883584 1769472 229376 163840 98304 655360 1015808 8257536
GPU_POST_SAMPLE 8 1392640 2572288 180224 163840 147456 65536 638976 2981888 8142848
GPU_POST_SAMPLE 9 1425408 2899968 180224 147456 163840 2146304 868352 1032192 8863744
GPU_POST_SAMPLE 10 1359872 2588672 180224 163840 147456 65536 655360 1015808 6176768
GPU_POST_SAMPLE 11 1425408 2932736 1900544 245760 163840 81920 688128 1015808 8454144
GPU_POST_SAMPLE 12 1425408 2932736 180224 163840 147456 65536 671744 1064960 6651904
GPU_POST_SAMPLE 13 1441792 2916352 180224 163840 147456 81920 671744 1064960 6668288
GPU_POST_SAMPLE 14 2506752 3358720 196608 229376 229376 65536 1032192 1802240 9420800
GPU_POST_SAMPLE 15 1425408 2883584 196608 147456 147456 2326528 868352 1032192 9027584
GPU_POST_SAMPLE 16 1359872 2605056 180224 163840 163840 65536 655360 1015808 6209536
GPU_POST_SAMPLE 17 1343488 2555904 163840 163840 163840 65536 638976 1015808 6111232
GPU_POST_SAMPLE 18 1359872 2588672 180224 147456 163840 65536 638976 1015808 6160384
GPU_POST_SAMPLE 19 1703936 2490368 180224 163840 147456 65536 638976 1015808 6406144
GPU_POST_SAMPLE 20 1359872 2555904 180224 163840 163840 65536 655360 999424 6144000
GPU_POST_SAMPLE 21 1359872 3047424 180224 163840 147456 65536 638976 1015808 6619136
GPU_POST_SAMPLE 22 1376256 2539520 180224 163840 147456 65536 638976 1015808 6127616
GPU_POST_SAMPLE 23 3997696 3063808 196608 147456 147456 65536 638976 1015808 9273344
GPU_POST_SAMPLE 24 1376256 2736128 229376 212992 196608 65536 901120 1196032 6914048
GPU_POST_SAMPLE 25 1458176 2883584 180224 163840 163840 1884160 851968 1032192 8617984
GPU_POST_SAMPLE 26 1949696 5128192 294912 262144 229376 81920 1146880 1802240 10895360
GPU_POST_SAMPLE 27 3735552 4521984 180224 163840 147456 65536 835584 4915200 14565376
GPU_POST_SAMPLE 28 1490944 2883584 163840 163840 147456 65536 671744 1032192 6619136
GPU_POST_SAMPLE 29 1835008 3538944 2179072 262144 196608 114688 950272 1015808 10092544
GPU_POST_SAMPLE 30 1441792 2899968 163840 163840 163840 65536 671744 1032192 6602752
GPU_POST_SAMPLE 31 1703936 2523136 180224 163840 2015232 131072 688128 1015808 8421376
GPU_POST_SAMPLE 32 1474560 4227072 2260992 229376 163840 81920 704512 1015808 10158080
GPU_POST_SAMPLE 33 1392640 3473408 229376 196608 196608 65536 933888 1490944 7979008
GPU_POST_SAMPLE 34 2048000 4210688 1802240 245760 147456 98304 704512 1032192 10289152
GPU_POST_SAMPLE 35 1392640 2605056 196608 147456 163840 65536 638976 1032192 6242304
GPU_POST_SAMPLE 36 2031616 4374528 212992 212992 1851392 114688 950272 1245184 10993664
GPU_POST_SAMPLE 37 1409024 2572288 196608 163840 147456 65536 671744 1540096 6766592
GPU_POST_SAMPLE 38 2048000 4227072 212992 229376 196608 65536 901120 1490944 9371648
GPU_POST_SAMPLE 39 1966080 8617984 180224 163840 147456 65536 655360 1032192 12828672
GPU_POST_SAMPLE 40 1507328 2916352 212992 147456 147456 81920 671744 1032192 6717440
GPU_POST_SAMPLE 41 2670592 5783552 262144 245760 212992 81920 950272 1032192 11239424
GPU_POST_SAMPLE 42 1441792 3325952 229376 229376 196608 81920 917504 1507328 7929856
GPU_POST_SAMPLE 43 2818048 4243456 2195456 245760 147456 114688 704512 999424 11468800
GPU_POST_SAMPLE 44 1458176 2949120 180224 163840 147456 65536 638976 1015808 6619136
GPU_POST_SAMPLE 45 2801664 3981312 2015232 245760 147456 98304 688128 1261568 11239424
GPU_POST_SAMPLE 46 2048000 4014080 245760 212992 212992 81920 950272 1523712 9289728
GPU_POST_SAMPLE 47 2031616 4014080 4046848 311296 245760 98304 1179648 1769472 13697024
GPU_POST_SAMPLE 48 2719744 5914624 294912 262144 245760 2899968 1245184 1736704 15319040
GPU_POST_SAMPLE 49 2801664 6062080 262144 245760 6963200 131072 901120 1409024 18776064
GPU_POST_SAMPLE 50 1966080 3915776 212992 212992 212992 65536 868352 1458176 8912896
GPU_POST_SAMPLE 51 2048000 4292608 245760 212992 196608 81920 5193728 1572864 13844480
GPU_POST_SAMPLE 52 1998848 3964928 229376 212992 212992 65536 884736 1458176 9027584
GPU_POST_SAMPLE 53 2490368 7716864 245760 245760 245760 65536 1097728 1703936 13811712
GPU_POST_SAMPLE 54 2588672 5734400 2359296 262144 196608 98304 851968 1392640 13484032
GPU_POST_SAMPLE 55 2785280 5849088 3014656 294912 245760 114688 999424 1671168 14974976
GPU_POST_SAMPLE 56 1998848 4210688 229376 212992 212992 65536 901120 1474560 9306112
GPU_POST_SAMPLE 57 2048000 3997696 2932736 278528 196608 98304 933888 1458176 11943936
GPU_POST_SAMPLE 58 2588672 5439488 262144 245760 229376 81920 3801088 1736704 14385152
GPU_POST_SAMPLE 59 2080768 4243456 2539520 311296 245760 98304 1097728 1654784 12271616
GPU_POST_SAMPLE 60 2064384 4128768 245760 212992 212992 65536 901120 1474560 9306112
GPU_POST_SAMPLE 61 2015232 3932160 245760 196608 2883584 131072 917504 1458176 11780096
GPU_POST_SAMPLE 62 2015232 4308992 229376 212992 196608 65536 901120 1490944 9420800
GPU_POST_SAMPLE 63 2080768 4161536 245760 212992 196608 65536 884736 1490944 9338880
GPU_POST_SAMPLE 64 2752512 5390336 3538944 294912 245760 114688 1130496 1753088 15220736
GPU_POST_SAMPLE 65 2834432 5521408 2916352 278528 196608 98304 917504 1425408 14188544
GPU_POST_SAMPLE 66 2064384 3997696 229376 212992 212992 65536 884736 1490944 9158656
GPU_POST_SAMPLE 67 2048000 3981312 2506752 294912 196608 98304 917504 1474560 11517952
GPU_POST_SAMPLE 68 3571712 7028736 3784704 294912 229376 114688 1015808 1638400 17678336
GPU_POST_SAMPLE 69 2588672 5423104 245760 2195456 262144 98304 1097728 1736704 13647872
GPU_POST_SAMPLE 70 2621440 5373952 278528 229376 245760 65536 3031040 1376256 13221888
GPU_POST_SAMPLE 71 2785280 9568256 8093696 868352 802816 196608 3260416 5554176 31129600
GPU_POST_SAMPLE 72 3506176 6848512 262144 229376 212992 81920 999424 1638400 13778944
GPU_POST_SAMPLE 73 2408448 9568256 458752 229376 229376 81920 933888 1589248 15499264
GPU_POST_SAMPLE 74 2392064 4440064 278528 245760 229376 81920 983040 4882432 13533184
GPU_POST_SAMPLE 75 3129344 6619136 5177344 344064 262144 131072 1294336 2064384 19021824
GPU_POST_SAMPLE 76 7143424 14991360 425984 425984 376832 98304 1720320 4685824 29868032
GPU_POST_SAMPLE 77 6881280 10715136 7553024 884736 786432 196608 3227648 5439488 35684352
GPU_POST_SAMPLE 78 7897088 20529152 2834432 425984 344064 114688 1622016 2736128 36503552
GPU_POST_SAMPLE 79 7847936 21266432 753664 671744 2621440 180224 2572288 1785856 37699584
GPU_POST_SAMPLE 80 2457600 4947968 2785280 294912 245760 114688 1081344 1703936 13631488
GPU_POST_SAMPLE 81 2293760 4374528 262144 229376 229376 81920 983040 4046848 12500992
GPU_POST_SAMPLE 82 2326528 4407296 262144 245760 229376 81920 999424 1687552 10240000
GPU_POST_SAMPLE 83 2441216 4554752 3080192 278528 229376 131072 1032192 1687552 13434880
GPU_POST_SAMPLE 84 2523136 4571136 3096576 311296 229376 114688 1081344 1671168 13598720
GPU_POST_SAMPLE 85 3391488 6651904 2654208 344064 294912 114688 1343488 2146304 16941056
GPU_POST_SAMPLE 86 3522560 6864896 327680 262144 278528 81920 1343488 5095424 17776640
GPU_POST_SAMPLE 87 3358720 6701056 3538944 294912 229376 114688 1048576 1703936 16990208
GPU_POST_SAMPLE 88 2523136 4964352 3227648 294912 229376 114688 1081344 1687552 14123008
GPU_POST_SAMPLE 89 2932736 5242880 3424256 278528 196608 98304 917504 1441792 14532608
GPU_POST_SAMPLE 90 2834432 5505024 262144 229376 229376 81920 1032192 4816896 14991360
GPU_POST_SAMPLE 91 2834432 5685248 3162112 278528 196608 98304 917504 1441792 14614528
GPU_POST_SAMPLE 92 2277376 3883008 3391488 278528 196608 114688 950272 1425408 12517376
GPU_POST_SAMPLE 93 2752512 5373952 3440640 262144 196608 114688 917504 1441792 14499840
GPU_POST_SAMPLE 94 3014656 5439488 278528 229376 4505600 131072 1114112 1736704 16449536
GPU_POST_SAMPLE 95 2244608 4063232 229376 229376 212992 81920 868352 1425408 9355264
GPU_POST_SAMPLE 96 2424832 4800512 2752512 278528 212992 114688 966656 1540096 13090816
GPU_POST_SAMPLE 97 2801664 8372224 327680 278528 278528 98304 1146880 1785856 15089664
GPU_POST_SAMPLE 98 2195456 3981312 229376 2834432 262144 114688 901120 1409024 11927552
GPU_POST_SAMPLE 99 2441216 4571136 3719168 262144 212992 114688 950272 1425408 13697024
GPU_POST_SAMPLE 100 2310144 4472832 2588672 278528 212992 114688 983040 1540096 12500992
GPU_POST_SAMPLE 101 3489792 6946816 311296 3735552 344064 98304 1359872 2080768 18366464
GPU_POST_SAMPLE 102 2457600 4734976 245760 229376 229376 3178496 1130496 1572864 13778944
GPU_POST_SAMPLE 103 2326528 4915200 245760 245760 229376 81920 950272 4784128 13778944
GPU_POST_SAMPLE 104 2441216 4636672 2932736 278528 212992 114688 983040 1523712 13123584
GPU_POST_SAMPLE 105 2473984 4734976 2932736 278528 212992 114688 983040 1490944 13221888
GPU_POST_SAMPLE 106 2293760 4505600 278528 245760 229376 81920 1064960 1703936 10403840
GPU_POST_SAMPLE 107 2260992 4538368 278528 229376 245760 81920 1048576 1753088 10436608
GPU_POST_SAMPLE 108 2392064 4521984 262144 212992 2490368 131072 1064960 1703936 12779520
GPU_POST_SAMPLE 109 3506176 6782976 2916352 327680 278528 98304 1245184 1949696 17104896
GPU_POST_SAMPLE 110 3014656 5783552 3080192 278528 212992 98304 933888 1458176 14860288
GPU_POST_SAMPLE 111 2686976 5160960 278528 245760 262144 65536 1048576 1736704 11485184
GPU_POST_SAMPLE 112 2310144 4210688 2277376 278528 229376 114688 1032192 1605632 12058624
GPU_POST_SAMPLE 113 2473984 4898816 3096576 262144 212992 114688 933888 1507328 13500416
GPU_POST_SAMPLE 114 2572288 6127616 294912 262144 262144 65536 1130496 5259264 15974400
GPU_POST_SAMPLE 115 2310144 4800512 278528 245760 229376 81920 1015808 1703936 10665984
GPU_POST_SAMPLE 116 2326528 4718592 278528 245760 245760 81920 1048576 1687552 10633216
GPU_POST_SAMPLE 117 2228224 3948544 3883008 294912 229376 98304 1032192 1605632 13320192
GPU_POST_SAMPLE 118 2260992 4063232 245760 212992 196608 81920 901120 1507328 9469952
GPU_POST_SAMPLE 119 3080192 5685248 3162112 278528 180224 114688 901120 1392640 14794752
{"seed":43,"vendor":"Microsoft Corporation","renderer":"D3D12 (Intel(R) Arc(TM) 140T GPU (16GB))","gl_version":"4.6 (Compatibility Profile) Mesa 26.2.2","gallium_path":"/root/.cache/football-mesa-build-20260913-a/install-wayland/lib/libgallium-26.2.2.so","width":1920,"height":1080,"quality":"pbr+bloom+fxaa+auto_exposure","swap_enabled":true,"swap_interval":0,"warmup_frames":30,"measured_frames":120,"in_play_frames":150,"p50_ms":27.314356,"p95_ms":40.499964,"p99_ms":57.355672,"submit_p50_ms":27.275681,"submit_p95_ms":40.447696,"finish_p50_ms":0.039140,"finish_p95_ms":0.074557,"samples_ms":[22.881987,25.746590,23.999074,23.434752,19.792536,25.588910,19.759438,23.054334,20.750899,24.506806,23.841097,23.570049,19.552228,21.214990,25.801898,24.276329,22.020637,23.757737,22.702071,21.873000,21.275267,23.777515,22.374139,24.534744,25.431625,23.484238,26.583661,28.669939,19.980301,25.949741,20.618825,23.698741,25.095842,21.704869,24.722940,18.904388,24.929727,21.295327,26.052453,28.876543,22.148382,28.162844,20.899394,27.055510,19.933149,27.780472,27.099247,27.224129,29.042960,32.408967,24.562473,28.293359,23.159327,28.764807,29.036614,30.398629,26.821253,27.525261,27.213620,27.314356,26.689804,25.627051,24.153277,25.869715,29.638350,28.944929,23.183021,25.570350,31.664271,30.560808,28.495957,53.916068,40.833651,40.129719,33.070493,40.499964,51.490040,56.972585,58.804366,57.355672,29.459346,26.735362,27.041700,31.946341,31.363132,33.446356,33.415172,34.181251,29.719975,29.974393,29.367183,31.582872,31.466441,31.047620,31.758015,27.658091,29.048054,34.789688,33.568822,33.196238,27.734048,33.046654,27.674089,29.289853,28.944947,28.595657,28.979113,27.359492,26.952277,31.770437,30.432184,28.914530,27.976967,28.439576,30.610571,31.297373,26.552308,29.673465,26.299533,30.751623],"submit_samples_ms":[22.844709,25.710663,23.961455,23.397516,19.754573,25.538557,19.723261,23.015441,20.714237,24.463274,23.805687,23.531593,19.515272,21.131142,25.766214,24.233870,21.985332,23.723573,22.665038,21.837721,21.236773,23.737610,22.333745,24.497650,25.394192,23.441742,26.546698,28.634340,19.939958,25.914782,20.575140,23.664365,25.059120,21.669122,24.686675,18.865609,24.890692,21.259186,26.010698,28.835870,22.111863,28.125453,20.862166,27.018895,19.896549,27.737900,26.983190,27.186274,29.006771,32.372817,24.524306,28.255033,23.124383,28.729371,28.999122,30.362480,26.783052,27.489019,27.177691,27.275681,26.646955,25.590905,24.113928,25.828965,29.596807,28.910152,23.140066,25.528096,31.621397,30.523046,28.453599,53.869426,40.786341,40.051895,33.020800,40.447696,51.441291,56.925667,58.729678,57.308971,29.407348,26.651296,26.975346,31.902104,31.322089,33.401345,33.336116,34.136485,29.678860,29.934244,29.326007,31.543732,31.427647,31.008566,31.720025,27.621581,29.002722,34.743683,33.525284,33.132412,27.693544,32.985661,27.633741,29.248355,28.907870,28.554402,28.928444,27.284935,26.911309,31.714471,30.394089,28.875750,27.937657,28.398674,30.569301,31.255418,26.512668,29.634281,26.263823,30.712613],"finish_samples_ms":[0.037278,0.035927,0.037619,0.037236,0.037963,0.050353,0.036177,0.038893,0.036662,0.043532,0.035410,0.038456,0.036956,0.083848,0.035684,0.042459,0.035305,0.034164,0.037033,0.035279,0.038494,0.039905,0.040394,0.037094,0.037433,0.042496,0.036963,0.035599,0.040343,0.034959,0.043685,0.034376,0.036722,0.035747,0.036265,0.038779,0.039035,0.036141,0.041755,0.040673,0.036519,0.037391,0.037228,0.036615,0.036600,0.042572,0.116057,0.037855,0.036189,0.036150,0.038167,0.038326,0.034944,0.035436,0.037492,0.036149,0.038201,0.036242,0.035929,0.038675,0.042849,0.036146,0.039349,0.040750,0.041543,0.034777,0.042955,0.042254,0.042874,0.037762,0.042358,0.046642,0.047310,0.077824,0.049693,0.052268,0.048749,0.046918,0.074688,0.046701,0.051998,0.084066,0.066354,0.044237,0.041043,0.045011,0.079056,0.044766,0.041115,0.040149,0.041176,0.039140,0.038794,0.039054,0.037990,0.036510,0.045332,0.046005,0.043538,0.063826,0.040504,0.060993,0.040348,0.041498,0.037077,0.041255,0.050669,0.074557,0.040968,0.055966,0.038095,0.038780,0.039310,0.040902,0.041270,0.041955,0.039640,0.039184,0.035710,0.039010]}
