MESA-EGL: warning: egl: failed to create dri2 screen
 dllPath = /usr/lib/wsl/drivers/iigd_dch.inf_amd64_3e6575b60ae27560, dllName = libigdgmm_w.so.12 
 IsWddmLinux = 1, dllWslName = /usr/lib/wsl/drivers/iigd_dch.inf_amd64_3e6575b60ae27560/libigdgmm_w.so.12  flags = 2
 dllPath = /usr/lib/wsl/drivers/iigd_dch.inf_amd64_3e6575b60ae27560, dllName = libigdgmm_w.so.12 
 IsWddmLinux = 1, dllWslName = /usr/lib/wsl/drivers/iigd_dch.inf_amd64_3e6575b60ae27560/libigdgmm_w.so.12  flags = 2
GPU_POST_SAMPLE 0 1261568 1884160 65536 81920 81920 81920 262144 475136 4194304
GPU_POST_SAMPLE 1 1245184 1933312 81920 81920 81920 65536 311296 524288 4325376
GPU_POST_SAMPLE 2 1163264 2965504 98304 81920 98304 81920 344064 606208 5439488
GPU_POST_SAMPLE 3 1212416 1916928 65536 81920 81920 65536 294912 507904 4227072
GPU_POST_SAMPLE 4 1228800 1736704 81920 65536 81920 81920 294912 507904 4079616
GPU_POST_SAMPLE 5 1425408 2260992 81920 98304 98304 65536 360448 589824 4980736
GPU_POST_SAMPLE 6 966656 1458176 65536 65536 65536 81920 212992 409600 3325952
GPU_POST_SAMPLE 7 1196032 1916928 81920 81920 81920 81920 294912 491520 4227072
GPU_POST_SAMPLE 8 1081344 1687552 81920 81920 81920 65536 278528 475136 3833856
GPU_POST_SAMPLE 9 1212416 1851392 65536 98304 81920 81920 262144 475136 4128768
GPU_POST_SAMPLE 10 1015808 1605632 65536 81920 81920 81920 245760 458752 3637248
GPU_POST_SAMPLE 11 950272 1392640 49152 81920 65536 65536 245760 393216 3244032
GPU_POST_SAMPLE 12 1048576 1605632 81920 65536 81920 81920 245760 458752 3670016
GPU_POST_SAMPLE 13 1048576 1589248 65536 65536 81920 81920 262144 442368 3637248
GPU_POST_SAMPLE 14 1048576 1622016 65536 81920 65536 81920 262144 458752 3686400
GPU_POST_SAMPLE 15 1048576 1589248 81920 65536 81920 81920 245760 475136 3670016
GPU_POST_SAMPLE 16 1015808 1605632 65536 81920 81920 65536 245760 458752 3620864
GPU_POST_SAMPLE 17 1654784 2555904 81920 131072 81920 81920 425984 704512 5718016
GPU_POST_SAMPLE 18 1048576 1622016 65536 81920 81920 81920 262144 458752 3702784
GPU_POST_SAMPLE 19 1130496 1802240 81920 65536 81920 81920 278528 507904 4030464
GPU_POST_SAMPLE 20 1228800 1851392 65536 81920 81920 65536 294912 507904 4177920
GPU_POST_SAMPLE 21 966656 1441792 65536 81920 65536 65536 245760 409600 3342336
GPU_POST_SAMPLE 22 1310720 2015232 65536 81920 81920 65536 311296 507904 4440064
GPU_POST_SAMPLE 23 1261568 1966080 65536 81920 81920 65536 294912 507904 4325376
GPU_POST_SAMPLE 24 1228800 1851392 81920 65536 81920 65536 294912 491520 4161536
GPU_POST_SAMPLE 25 1228800 1933312 65536 81920 81920 81920 294912 507904 4276224
GPU_POST_SAMPLE 26 1245184 1933312 81920 81920 81920 65536 294912 507904 4292608
GPU_POST_SAMPLE 27 1212416 1851392 65536 81920 65536 81920 278528 475136 4112384
GPU_POST_SAMPLE 28 966656 1425408 49152 81920 65536 65536 229376 425984 3309568
GPU_POST_SAMPLE 29 1245184 1802240 81920 65536 81920 65536 278528 475136 4096000
GPU_POST_SAMPLE 30 1245184 1785856 65536 81920 81920 65536 294912 475136 4096000
GPU_POST_SAMPLE 31 1212416 1818624 65536 81920 65536 81920 278528 507904 4112384
GPU_POST_SAMPLE 32 933888 1359872 65536 65536 65536 65536 229376 376832 3162112
GPU_POST_SAMPLE 33 917504 1376256 65536 65536 65536 65536 229376 393216 3178496
GPU_POST_SAMPLE 34 950272 1376256 65536 65536 65536 65536 229376 409600 3227648
GPU_POST_SAMPLE 35 933888 1343488 65536 65536 81920 65536 245760 425984 3227648
GPU_POST_SAMPLE 36 917504 1376256 65536 65536 65536 65536 245760 393216 3194880
GPU_POST_SAMPLE 37 983040 1376256 81920 65536 65536 65536 229376 393216 3260416
GPU_POST_SAMPLE 38 950272 1327104 49152 81920 65536 81920 212992 409600 3178496
GPU_POST_SAMPLE 39 1163264 1900544 81920 81920 81920 65536 294912 507904 4177920
GPU_POST_SAMPLE 40 983040 1409024 65536 81920 65536 65536 229376 409600 3309568
GPU_POST_SAMPLE 41 950272 1392640 65536 65536 65536 65536 229376 393216 3227648
GPU_POST_SAMPLE 42 1015808 1425408 65536 81920 65536 65536 229376 409600 3358720
GPU_POST_SAMPLE 43 1146880 1687552 65536 81920 65536 65536 262144 475136 3850240
GPU_POST_SAMPLE 44 1327104 1884160 65536 81920 65536 81920 311296 524288 4341760
GPU_POST_SAMPLE 45 1277952 1818624 81920 81920 81920 65536 311296 491520 4210688
GPU_POST_SAMPLE 46 1327104 1949696 65536 98304 81920 65536 311296 507904 4407296
GPU_POST_SAMPLE 47 1703936 2457600 98304 98304 98304 81920 409600 753664 5701632
GPU_POST_SAMPLE 48 1130496 1605632 81920 65536 81920 65536 278528 442368 3751936
GPU_POST_SAMPLE 49 1277952 1835008 65536 98304 65536 81920 294912 507904 4227072
GPU_POST_SAMPLE 50 1015808 1294336 81920 65536 65536 65536 229376 393216 3211264
GPU_POST_SAMPLE 51 1228800 1703936 81920 65536 81920 81920 262144 507904 4014080
GPU_POST_SAMPLE 52 1015808 1441792 65536 65536 81920 65536 229376 409600 3375104
GPU_POST_SAMPLE 53 1310720 1900544 65536 98304 65536 81920 294912 507904 4325376
GPU_POST_SAMPLE 54 1228800 1867776 81920 81920 81920 65536 311296 507904 4227072
GPU_POST_SAMPLE 55 1163264 1638400 65536 65536 81920 65536 262144 458752 3801088
GPU_POST_SAMPLE 56 1671168 2424832 98304 98304 114688 65536 393216 704512 5570560
GPU_POST_SAMPLE 57 1359872 3162112 294912 344064 344064 360448 737280 540672 7143424
GPU_POST_SAMPLE 58 1015808 1441792 65536 65536 65536 81920 229376 409600 3375104
GPU_POST_SAMPLE 59 1261568 1982464 81920 81920 81920 65536 327680 507904 4390912
GPU_POST_SAMPLE 60 950272 1490944 65536 65536 65536 81920 229376 425984 3375104
GPU_POST_SAMPLE 61 950272 1327104 81920 65536 65536 65536 229376 442368 3227648
GPU_POST_SAMPLE 62 999424 1425408 65536 65536 81920 65536 229376 393216 3325952
GPU_POST_SAMPLE 63 1343488 1867776 65536 81920 81920 65536 327680 540672 4374528
GPU_POST_SAMPLE 64 1015808 1392640 65536 65536 65536 81920 245760 425984 3358720
GPU_POST_SAMPLE 65 1015808 1409024 65536 81920 65536 65536 229376 425984 3358720
GPU_POST_SAMPLE 66 1179648 1638400 81920 65536 81920 65536 278528 458752 3850240
GPU_POST_SAMPLE 67 1294336 1966080 65536 98304 65536 65536 327680 524288 4407296
GPU_POST_SAMPLE 68 1376256 1916928 81920 81920 81920 81920 311296 507904 4440064
GPU_POST_SAMPLE 69 1032192 1490944 49152 65536 81920 65536 229376 409600 3424256
GPU_POST_SAMPLE 70 1359872 2064384 81920 65536 98304 65536 311296 524288 4571136
GPU_POST_SAMPLE 71 1327104 1835008 65536 81920 81920 81920 294912 507904 4276224
GPU_POST_SAMPLE 72 1359872 1998848 65536 81920 81920 65536 311296 524288 4489216
GPU_POST_SAMPLE 73 1343488 1867776 81920 81920 65536 81920 311296 540672 4374528
GPU_POST_SAMPLE 74 950272 1343488 65536 65536 65536 81920 229376 425984 3227648
GPU_POST_SAMPLE 75 966656 1425408 49152 81920 65536 65536 229376 425984 3309568
GPU_POST_SAMPLE 76 1015808 1458176 65536 65536 65536 81920 245760 409600 3407872
GPU_POST_SAMPLE 77 983040 1343488 65536 65536 65536 65536 212992 409600 3211264
GPU_POST_SAMPLE 78 1015808 1441792 65536 65536 65536 65536 229376 393216 3342336
GPU_POST_SAMPLE 79 1146880 1720320 65536 81920 81920 65536 294912 524288 3981312
GPU_POST_SAMPLE 80 1015808 1458176 65536 65536 65536 81920 229376 425984 3407872
GPU_POST_SAMPLE 81 999424 1441792 49152 81920 65536 65536 229376 409600 3342336
GPU_POST_SAMPLE 82 983040 1441792 65536 65536 65536 81920 245760 393216 3342336
GPU_POST_SAMPLE 83 1179648 1687552 65536 81920 65536 81920 262144 458752 3883008
GPU_POST_SAMPLE 84 1310720 1933312 65536 81920 81920 65536 294912 507904 4341760
GPU_POST_SAMPLE 85 1277952 1900544 65536 81920 81920 81920 278528 507904 4276224
GPU_POST_SAMPLE 86 1294336 1835008 65536 65536 81920 65536 294912 507904 4210688
GPU_POST_SAMPLE 87 1310720 1802240 81920 81920 65536 81920 278528 507904 4210688
GPU_POST_SAMPLE 88 1294336 1884160 65536 81920 81920 65536 311296 491520 4276224
GPU_POST_SAMPLE 89 1310720 1933312 81920 81920 81920 65536 311296 507904 4374528
GPU_POST_SAMPLE 90 1327104 1802240 65536 81920 81920 81920 278528 507904 4227072
GPU_POST_SAMPLE 91 1179648 1753088 65536 65536 81920 65536 262144 475136 3948544
GPU_POST_SAMPLE 92 1277952 1785856 81920 81920 81920 65536 294912 491520 4161536
GPU_POST_SAMPLE 93 1327104 1900544 65536 81920 81920 65536 311296 491520 4325376
GPU_POST_SAMPLE 94 1720320 2375680 98304 98304 98304 65536 409600 720896 5586944
GPU_POST_SAMPLE 95 1294336 1785856 65536 81920 65536 65536 294912 507904 4161536
GPU_POST_SAMPLE 96 1277952 1884160 65536 81920 81920 65536 294912 507904 4259840
GPU_POST_SAMPLE 97 1228800 1900544 65536 81920 81920 81920 294912 524288 4259840
GPU_POST_SAMPLE 98 1310720 1916928 65536 81920 81920 65536 294912 491520 4308992
GPU_POST_SAMPLE 99 1179648 1785856 65536 81920 81920 65536 278528 475136 4014080
GPU_POST_SAMPLE 100 1228800 1785856 65536 81920 65536 81920 294912 507904 4112384
GPU_POST_SAMPLE 101 1310720 1851392 65536 81920 81920 65536 294912 491520 4243456
GPU_POST_SAMPLE 102 1327104 1818624 65536 65536 81920 65536 294912 507904 4227072
GPU_POST_SAMPLE 103 1310720 1835008 81920 81920 81920 65536 294912 507904 4259840
GPU_POST_SAMPLE 104 1343488 1835008 81920 81920 81920 65536 294912 507904 4292608
GPU_POST_SAMPLE 105 1327104 1867776 65536 81920 81920 65536 294912 507904 4292608
GPU_POST_SAMPLE 106 1294336 1884160 65536 81920 81920 81920 294912 507904 4292608
GPU_POST_SAMPLE 107 1146880 1736704 81920 81920 65536 81920 262144 491520 3948544
GPU_POST_SAMPLE 108 966656 1392640 65536 65536 65536 65536 245760 393216 3260416
GPU_POST_SAMPLE 109 1015808 1425408 65536 65536 81920 65536 245760 425984 3391488
GPU_POST_SAMPLE 110 933888 1310720 65536 65536 65536 81920 212992 409600 3145728
GPU_POST_SAMPLE 111 950272 1343488 65536 65536 81920 65536 229376 409600 3211264
GPU_POST_SAMPLE 112 1048576 1490944 65536 81920 81920 81920 245760 458752 3555328
GPU_POST_SAMPLE 113 1015808 1556480 81920 65536 81920 81920 245760 458752 3588096
GPU_POST_SAMPLE 114 933888 1409024 65536 81920 65536 81920 245760 442368 3325952
GPU_POST_SAMPLE 115 983040 1376256 49152 81920 65536 65536 229376 425984 3276800
GPU_POST_SAMPLE 116 950272 1359872 65536 81920 65536 65536 212992 393216 3194880
GPU_POST_SAMPLE 117 1310720 1802240 65536 65536 81920 65536 294912 491520 4177920
GPU_POST_SAMPLE 118 983040 1458176 65536 65536 81920 65536 229376 393216 3342336
GPU_POST_SAMPLE 119 933888 1294336 65536 65536 65536 81920 229376 393216 3129344
{"seed":43,"vendor":"Microsoft Corporation","renderer":"D3D12 (Intel(R) Arc(TM) 140T GPU (16GB))","gl_version":"4.6 (Compatibility Profile) Mesa 26.2.2","gallium_path":"/root/.cache/football-mesa-build-20260913-a/install-wayland/lib/libgallium-26.2.2.so","width":960,"height":540,"quality":"pbr+bloom+fxaa+auto_exposure","swap_enabled":true,"swap_interval":0,"warmup_frames":30,"measured_frames":120,"in_play_frames":150,"p50_ms":14.666266,"p95_ms":17.723772,"p99_ms":19.841543,"submit_p50_ms":14.639563,"submit_p95_ms":17.688325,"finish_p50_ms":0.029805,"finish_p95_ms":0.040583,"samples_ms":[16.952731,17.723772,17.584681,16.815118,17.910487,16.225123,16.035597,15.335316,14.673878,20.709849,15.086304,13.531937,14.716485,15.443192,13.979736,14.787715,15.554385,16.802918,12.822980,18.286213,14.665995,12.728651,14.684942,16.700171,13.747379,15.055663,14.656819,14.913084,13.140191,14.252008,15.066401,15.239004,11.973030,12.288935,15.084800,14.543576,13.520794,15.309900,12.797910,15.216244,14.453296,16.434667,13.676711,19.654850,15.446927,13.893603,14.180808,15.104292,15.040239,15.662137,13.619645,15.034278,13.583625,14.665269,14.408073,15.785955,15.186407,19.841543,14.303045,14.344470,14.304320,13.536877,14.325543,15.032824,13.741934,13.309033,13.696878,15.960130,15.156605,14.862795,14.666266,13.300112,13.815924,17.956153,14.362179,14.225370,14.985992,16.417397,13.872133,13.346579,13.071724,14.273069,12.754247,12.949335,14.716722,13.435051,14.890425,15.285382,14.581990,14.421052,14.764483,13.538448,14.801865,15.495816,15.938138,15.335380,13.459926,14.784843,13.900656,14.008141,15.818747,14.295999,14.319119,14.305943,14.987918,15.509037,14.351858,13.534553,12.803777,14.641746,12.391665,15.621958,14.712425,14.191422,14.971810,14.995415,13.174792,16.637914,12.615572,14.224516],"submit_samples_ms":[16.917107,17.688325,17.550900,16.779944,17.877300,16.191018,16.006316,15.299108,14.640670,20.673944,15.051496,13.497163,14.681131,15.407501,13.945381,14.750907,15.526556,16.776117,12.798873,18.255248,14.639563,12.702010,14.656140,16.670366,13.722167,15.030155,14.637335,14.892784,13.119857,14.229266,15.043632,15.217592,11.953954,12.258498,15.052879,14.508654,13.490122,15.279062,12.769587,15.183390,14.422238,16.402105,13.648770,19.619498,15.418545,13.873819,14.159873,15.069864,15.014537,15.634978,13.586242,14.988532,13.557139,14.610167,14.379204,15.757758,15.158072,19.802475,14.265569,14.306657,14.269064,13.500535,14.287504,14.997234,13.696872,13.289724,13.674635,15.927929,15.121981,14.829779,14.628063,13.273341,13.792497,17.916444,14.323786,14.184787,14.948653,16.360590,13.834591,13.311013,13.032337,14.242351,12.734020,12.928356,14.689629,13.409090,14.862712,15.260245,14.562036,14.399475,14.742468,13.517796,14.777217,15.473128,15.891554,15.312065,13.438764,14.763263,13.879707,13.984049,15.796700,14.274644,14.296035,14.280855,14.965092,15.485449,14.329035,13.508966,12.772604,14.609747,12.362188,15.570168,14.678403,14.162324,14.938001,14.964850,13.141832,16.605018,12.589506,14.193185],"finish_samples_ms":[0.035624,0.035447,0.033781,0.035174,0.033187,0.034105,0.029281,0.036208,0.033208,0.035905,0.034808,0.034774,0.035354,0.035691,0.034355,0.036808,0.027829,0.026801,0.024107,0.030965,0.026432,0.026641,0.028802,0.029805,0.025212,0.025508,0.019484,0.020300,0.020334,0.022742,0.022769,0.021412,0.019076,0.030437,0.031921,0.034922,0.030672,0.030838,0.028323,0.032854,0.031058,0.032562,0.027941,0.035352,0.028382,0.019784,0.020935,0.034428,0.025702,0.027159,0.033403,0.045746,0.026486,0.055102,0.028869,0.028197,0.028335,0.039068,0.037476,0.037813,0.035256,0.036342,0.038039,0.035590,0.045062,0.019309,0.022243,0.032201,0.034624,0.033016,0.038203,0.026771,0.023427,0.039709,0.038393,0.040583,0.037339,0.056807,0.037542,0.035566,0.039387,0.030718,0.020227,0.020979,0.027093,0.025961,0.027713,0.025137,0.019954,0.021577,0.022015,0.020652,0.024648,0.022688,0.046584,0.023315,0.021162,0.021580,0.020949,0.024092,0.022047,0.021355,0.023084,0.025088,0.022826,0.023588,0.022823,0.025587,0.031173,0.031999,0.029477,0.051790,0.034022,0.029098,0.033809,0.030565,0.032960,0.032896,0.026066,0.031331]}
