MESA-EGL: warning: egl: failed to create dri2 screen
 dllPath = /usr/lib/wsl/drivers/iigd_dch.inf_amd64_3e6575b60ae27560, dllName = libigdgmm_w.so.12 
 IsWddmLinux = 1, dllWslName = /usr/lib/wsl/drivers/iigd_dch.inf_amd64_3e6575b60ae27560/libigdgmm_w.so.12  flags = 2
 dllPath = /usr/lib/wsl/drivers/iigd_dch.inf_amd64_3e6575b60ae27560, dllName = libigdgmm_w.so.12 
 IsWddmLinux = 1, dllWslName = /usr/lib/wsl/drivers/iigd_dch.inf_amd64_3e6575b60ae27560/libigdgmm_w.so.12  flags = 2
GPU_POST_SAMPLE 0 1556480 4096000 98304 131072 114688 65536 475136 802816 7340032
GPU_POST_SAMPLE 1 1523712 2834432 131072 131072 114688 49152 540672 802816 6127616
GPU_POST_SAMPLE 2 1409024 2686976 98304 114688 131072 65536 475136 770048 5750784
GPU_POST_SAMPLE 3 1130496 2080768 98304 98304 98304 1015808 507904 638976 5668864
GPU_POST_SAMPLE 4 1146880 2064384 3162112 163840 131072 81920 507904 770048 8028160
GPU_POST_SAMPLE 5 1589248 2850816 98304 131072 131072 65536 524288 819200 6209536
GPU_POST_SAMPLE 6 1179648 2113536 114688 98304 98304 65536 393216 688128 4751360
GPU_POST_SAMPLE 7 1605632 2932736 114688 147456 114688 65536 540672 851968 6373376
GPU_POST_SAMPLE 8 1622016 2883584 114688 114688 131072 65536 475136 2211840 7618560
GPU_POST_SAMPLE 9 1179648 2097152 114688 114688 98304 65536 393216 688128 4751360
GPU_POST_SAMPLE 10 1146880 1998848 114688 98304 98304 65536 409600 704512 4636672
GPU_POST_SAMPLE 11 1671168 3047424 131072 131072 114688 65536 540672 884736 6586368
GPU_POST_SAMPLE 12 1687552 2916352 2015232 163840 131072 81920 524288 819200 8339456
GPU_POST_SAMPLE 13 1622016 2932736 131072 114688 114688 65536 524288 835584 6340608
GPU_POST_SAMPLE 14 1163264 2015232 999424 147456 114688 98304 425984 688128 5652480
GPU_POST_SAMPLE 15 1114112 3833856 98304 114688 81920 65536 409600 688128 6406144
GPU_POST_SAMPLE 16 1114112 1982464 98304 98304 98304 65536 376832 655360 4489216
GPU_POST_SAMPLE 17 1949696 3850240 1916928 163840 114688 98304 524288 589824 9207808
GPU_POST_SAMPLE 18 2965504 2113536 81920 81920 81920 49152 278528 475136 6127616
GPU_POST_SAMPLE 19 868352 1310720 81920 81920 65536 65536 262144 475136 3211264
GPU_POST_SAMPLE 20 868352 1441792 81920 81920 81920 49152 278528 475136 3358720
GPU_POST_SAMPLE 21 1605632 1753088 81920 81920 81920 49152 278528 475136 4407296
GPU_POST_SAMPLE 22 835584 1310720 81920 81920 81920 65536 262144 475136 3194880
GPU_POST_SAMPLE 23 868352 1474560 81920 81920 65536 81920 278528 491520 3424256
GPU_POST_SAMPLE 24 884736 1441792 81920 98304 65536 65536 278528 475136 3391488
GPU_POST_SAMPLE 25 901120 1441792 81920 81920 81920 65536 278528 491520 3424256
GPU_POST_SAMPLE 26 1163264 1441792 81920 81920 81920 65536 278528 491520 3686400
GPU_POST_SAMPLE 27 1376256 1441792 81920 81920 81920 65536 278528 491520 3899392
GPU_POST_SAMPLE 28 884736 1441792 81920 81920 81920 65536 294912 475136 3407872
GPU_POST_SAMPLE 29 1605632 1458176 81920 81920 81920 65536 278528 458752 4112384
GPU_POST_SAMPLE 30 901120 1441792 81920 81920 81920 65536 278528 491520 3424256
GPU_POST_SAMPLE 31 884736 1441792 98304 81920 65536 65536 294912 475136 3407872
GPU_POST_SAMPLE 32 868352 1458176 81920 81920 81920 49152 294912 475136 3391488
GPU_POST_SAMPLE 33 1622016 3014656 114688 131072 114688 65536 557056 524288 6144000
GPU_POST_SAMPLE 34 1638400 2916352 131072 114688 114688 65536 491520 819200 6291456
GPU_POST_SAMPLE 35 1556480 2867200 131072 114688 131072 65536 491520 786432 6144000
GPU_POST_SAMPLE 36 1638400 2768896 2195456 180224 98304 114688 507904 819200 8323072
GPU_POST_SAMPLE 37 1212416 2162688 114688 98304 114688 65536 409600 557056 4734976
GPU_POST_SAMPLE 38 1753088 2949120 1540096 147456 81920 81920 344064 458752 7356416
GPU_POST_SAMPLE 39 901120 1458176 81920 81920 65536 81920 278528 491520 3440640
GPU_POST_SAMPLE 40 1196032 1425408 81920 81920 81920 65536 278528 458752 3670016
GPU_POST_SAMPLE 41 901120 1458176 81920 65536 81920 65536 278528 491520 3424256
GPU_POST_SAMPLE 42 1572864 1474560 81920 81920 81920 65536 262144 475136 4096000
GPU_POST_SAMPLE 43 917504 1441792 81920 81920 81920 65536 278528 491520 3440640
GPU_POST_SAMPLE 44 2523136 1409024 81920 81920 81920 65536 278528 475136 4997120
GPU_POST_SAMPLE 45 933888 1458176 81920 81920 81920 65536 278528 475136 3457024
GPU_POST_SAMPLE 46 901120 1425408 81920 81920 81920 65536 278528 475136 3391488
GPU_POST_SAMPLE 47 884736 1441792 81920 81920 81920 49152 278528 475136 3375104
GPU_POST_SAMPLE 48 901120 2408448 81920 81920 65536 65536 294912 475136 4374528
GPU_POST_SAMPLE 49 884736 1425408 901120 131072 81920 98304 327680 475136 4325376
GPU_POST_SAMPLE 50 950272 1441792 1146880 147456 65536 98304 344064 475136 4669440
GPU_POST_SAMPLE 51 851968 1294336 1294336 147456 65536 98304 344064 491520 4587520
GPU_POST_SAMPLE 52 950272 1441792 1212416 131072 65536 98304 327680 491520 4718592
GPU_POST_SAMPLE 53 1589248 3833856 114688 131072 114688 65536 491520 835584 7176192
GPU_POST_SAMPLE 54 1622016 2818048 114688 147456 98304 65536 475136 786432 6127616
GPU_POST_SAMPLE 55 1212416 2080768 114688 98304 114688 65536 2588672 917504 7192576
GPU_POST_SAMPLE 56 1196032 4407296 131072 131072 131072 65536 524288 884736 7471104
GPU_POST_SAMPLE 57 1179648 2228224 114688 81920 114688 65536 393216 704512 4882432
GPU_POST_SAMPLE 58 1196032 2129920 98304 131072 98304 65536 409600 704512 4833280
GPU_POST_SAMPLE 59 1589248 2867200 1835008 163840 114688 98304 524288 835584 8028160
GPU_POST_SAMPLE 60 1245184 2129920 114688 98304 98304 65536 393216 671744 4816896
GPU_POST_SAMPLE 61 1179648 2064384 81920 1081344 131072 98304 425984 671744 5734400
GPU_POST_SAMPLE 62 1228800 2015232 1638400 147456 98304 98304 442368 704512 6373376
GPU_POST_SAMPLE 63 1212416 2064384 81920 114688 98304 65536 409600 671744 4718592
GPU_POST_SAMPLE 64 2260992 3833856 163840 163840 163840 65536 720896 1130496 8503296
GPU_POST_SAMPLE 65 1654784 2850816 131072 131072 114688 65536 540672 851968 6340608
GPU_POST_SAMPLE 66 1212416 2179072 98304 114688 98304 65536 376832 655360 4800512
GPU_POST_SAMPLE 67 1179648 2048000 98304 98304 98304 65536 376832 2785280 6750208
GPU_POST_SAMPLE 68 1179648 4964352 131072 131072 114688 65536 557056 851968 7995392
GPU_POST_SAMPLE 69 1720320 3031040 1900544 163840 114688 98304 344064 458752 7831552
GPU_POST_SAMPLE 70 917504 1441792 81920 81920 81920 49152 294912 491520 3440640
GPU_POST_SAMPLE 71 1507328 3112960 98304 65536 81920 65536 278528 475136 5685248
GPU_POST_SAMPLE 72 901120 1458176 81920 81920 81920 65536 278528 491520 3440640
GPU_POST_SAMPLE 73 983040 1589248 81920 98304 81920 65536 294912 540672 3735552
GPU_POST_SAMPLE 74 917504 1458176 81920 81920 81920 65536 278528 475136 3440640
GPU_POST_SAMPLE 75 933888 1392640 81920 81920 81920 65536 262144 475136 3375104
GPU_POST_SAMPLE 76 1245184 1359872 81920 81920 65536 81920 245760 475136 3637248
GPU_POST_SAMPLE 77 901120 1327104 81920 81920 81920 65536 262144 458752 3260416
GPU_POST_SAMPLE 78 884736 1294336 98304 81920 81920 49152 262144 475136 3227648
GPU_POST_SAMPLE 79 884736 1343488 81920 81920 81920 49152 262144 475136 3260416
GPU_POST_SAMPLE 80 1589248 2867200 131072 131072 114688 81920 475136 786432 6176768
GPU_POST_SAMPLE 81 1245184 2031616 98304 98304 98304 2949120 671744 819200 8011776
GPU_POST_SAMPLE 82 1196032 3948544 114688 98304 98304 81920 393216 688128 6619136
GPU_POST_SAMPLE 83 1228800 2031616 98304 114688 98304 65536 409600 671744 4718592
GPU_POST_SAMPLE 84 1703936 2883584 3948544 196608 131072 98304 344064 458752 9764864
GPU_POST_SAMPLE 85 1671168 2506752 81920 81920 81920 65536 278528 458752 5226496
GPU_POST_SAMPLE 86 1277952 2015232 1261568 147456 98304 98304 458752 688128 6045696
GPU_POST_SAMPLE 87 1212416 2080768 1572864 147456 98304 98304 425984 704512 6340608
GPU_POST_SAMPLE 88 1228800 2048000 81920 81920 81920 65536 245760 475136 4308992
GPU_POST_SAMPLE 89 933888 1458176 81920 81920 81920 49152 294912 491520 3473408
GPU_POST_SAMPLE 90 933888 1458176 1163264 131072 81920 81920 344064 475136 4669440
GPU_POST_SAMPLE 91 917504 1441792 98304 81920 65536 65536 278528 491520 3440640
GPU_POST_SAMPLE 92 917504 1343488 98304 81920 65536 65536 262144 475136 3309568
GPU_POST_SAMPLE 93 884736 1359872 81920 81920 81920 65536 262144 475136 3293184
GPU_POST_SAMPLE 94 1523712 2719744 114688 114688 131072 65536 458752 2670592 7798784
GPU_POST_SAMPLE 95 2064384 5586944 131072 114688 114688 65536 491520 753664 9322496
GPU_POST_SAMPLE 96 1638400 2654208 147456 114688 131072 65536 491520 901120 6144000
GPU_POST_SAMPLE 97 1196032 2048000 98304 98304 98304 65536 393216 655360 4653056
GPU_POST_SAMPLE 98 1179648 2031616 98304 114688 98304 65536 360448 704512 4653056
GPU_POST_SAMPLE 99 1196032 2048000 114688 98304 114688 81920 393216 688128 4734976
GPU_POST_SAMPLE 100 1196032 1933312 98304 114688 81920 81920 393216 688128 4587520
GPU_POST_SAMPLE 101 1687552 2686976 1425408 163840 131072 98304 540672 851968 7585792
GPU_POST_SAMPLE 102 1196032 2195456 114688 98304 114688 65536 393216 688128 4866048
GPU_POST_SAMPLE 103 3063808 2080768 114688 98304 114688 65536 393216 655360 6586368
GPU_POST_SAMPLE 104 1490944 3653632 114688 131072 98304 81920 458752 770048 6799360
GPU_POST_SAMPLE 105 1687552 2949120 131072 131072 114688 81920 524288 868352 6488064
GPU_POST_SAMPLE 106 1228800 1998848 114688 81920 114688 65536 376832 655360 4636672
GPU_POST_SAMPLE 107 1196032 2113536 114688 98304 114688 65536 393216 2506752 6602752
GPU_POST_SAMPLE 108 1163264 2015232 98304 98304 98304 65536 393216 655360 4587520
GPU_POST_SAMPLE 109 1671168 2899968 131072 114688 131072 65536 458752 802816 6275072
GPU_POST_SAMPLE 110 1196032 2031616 1310720 147456 98304 114688 442368 671744 6012928
GPU_POST_SAMPLE 111 1228800 2162688 114688 98304 114688 65536 393216 688128 4866048
GPU_POST_SAMPLE 112 1638400 2834432 131072 114688 131072 65536 540672 868352 6324224
GPU_POST_SAMPLE 113 1212416 1982464 1540096 163840 131072 98304 573440 901120 6602752
GPU_POST_SAMPLE 114 1654784 2899968 114688 147456 114688 65536 507904 868352 6373376
GPU_POST_SAMPLE 115 1638400 2703360 1146880 180224 114688 98304 524288 835584 7241728
GPU_POST_SAMPLE 116 2736128 2932736 131072 131072 131072 65536 524288 868352 7520256
GPU_POST_SAMPLE 117 1163264 2048000 114688 98304 98304 65536 393216 704512 4685824
GPU_POST_SAMPLE 118 1703936 3899392 131072 114688 114688 81920 491520 851968 7389184
GPU_POST_SAMPLE 119 1654784 2719744 114688 114688 114688 65536 524288 868352 6176768
{"seed":43,"vendor":"Microsoft Corporation","renderer":"D3D12 (Intel(R) Arc(TM) 140T GPU (16GB))","gl_version":"4.6 (Compatibility Profile) Mesa 26.2.2","gallium_path":"/root/.cache/football-mesa-build-20260913-a/install-wayland/lib/libgallium-26.2.2.so","width":1280,"height":720,"quality":"pbr+bloom+fxaa+auto_exposure","swap_enabled":true,"swap_interval":0,"warmup_frames":30,"measured_frames":120,"in_play_frames":150,"p50_ms":16.532220,"p95_ms":20.984940,"p99_ms":22.500107,"submit_p50_ms":16.497778,"submit_p95_ms":20.948858,"finish_p50_ms":0.034442,"finish_p95_ms":0.040968,"samples_ms":[17.849312,16.410990,15.773932,16.440594,18.579270,19.357125,16.240782,16.750993,19.559389,14.840319,16.385423,18.171017,20.872733,18.165873,17.114079,16.532220,15.569187,20.819270,15.650804,14.410675,14.381908,16.148950,13.537280,14.126615,13.624739,13.447518,14.795647,15.025259,12.630605,15.383222,13.214598,14.873086,12.408477,19.297887,16.118671,18.334061,20.286007,17.244279,18.982139,14.336612,15.670659,14.302600,15.335401,13.874112,13.709692,15.002666,16.152831,12.557460,13.755793,13.635291,15.523895,15.145290,14.892038,17.952989,17.294445,17.675431,17.890610,15.120710,17.282170,19.823459,17.130792,16.890492,17.136559,17.964103,19.199603,17.353233,15.702013,18.125732,19.313215,19.976049,14.764167,15.850127,15.199798,13.853424,14.643364,17.157596,13.904041,14.340646,14.476248,14.677135,16.774841,19.080736,16.536260,16.715380,22.713225,15.838546,17.309439,16.064859,16.441399,18.061715,15.701293,12.850007,13.453201,14.273743,19.652828,19.555004,18.350470,14.679096,16.007971,15.791879,16.551297,20.143385,18.060767,21.867014,20.984940,19.431830,17.507823,21.274476,16.005573,18.469514,18.535829,19.194914,22.200671,20.272862,22.500107,21.351223,18.776137,18.312240,19.504415,17.512936],"submit_samples_ms":[17.817568,16.374710,15.740015,16.404258,18.518320,19.329526,16.208330,16.713683,19.524952,14.806683,16.348533,18.137148,20.834511,18.127752,17.079577,16.497778,15.537883,20.783723,15.619260,14.384758,14.348409,16.119015,13.498278,14.090696,13.595784,13.419339,14.766598,14.991932,12.599989,15.349510,13.184715,14.843678,12.379164,19.261319,16.081109,18.296288,20.251472,17.209982,18.947518,14.297493,15.635772,14.266247,15.287082,13.835768,13.682219,14.966165,16.116840,12.533625,13.728861,13.610351,15.496051,15.118574,14.867095,17.913617,17.258796,17.641763,17.859673,15.086137,17.248753,19.788812,17.091644,16.855913,17.103013,17.934619,19.169013,17.310626,15.670176,18.092345,19.279313,19.940853,14.737527,15.820520,15.164804,13.824572,14.609012,17.125006,13.864209,14.303859,14.433225,14.617134,16.739871,19.045330,16.501737,16.683429,22.676839,15.785298,17.275579,16.028755,16.408507,18.029077,15.671103,12.817586,13.421144,14.238483,19.619662,19.519818,18.315696,14.644632,15.972027,15.750911,16.518265,20.107402,18.023487,21.831567,20.948858,19.396338,17.468808,21.241632,15.970426,18.433221,18.501582,19.157956,22.166010,20.238447,22.467681,21.315759,18.744078,18.277899,19.468409,17.479572],"finish_samples_ms":[0.031744,0.036280,0.033917,0.036336,0.060950,0.027599,0.032452,0.037310,0.034437,0.033636,0.036890,0.033869,0.038222,0.038121,0.034502,0.034442,0.031304,0.035547,0.031544,0.025917,0.033499,0.029935,0.039002,0.035919,0.028955,0.028179,0.029049,0.033327,0.030616,0.033712,0.029883,0.029408,0.029313,0.036568,0.037562,0.037773,0.034535,0.034297,0.034621,0.039119,0.034887,0.036353,0.048319,0.038344,0.027473,0.036501,0.035991,0.023835,0.026932,0.024940,0.027844,0.026716,0.024943,0.039372,0.035649,0.033668,0.030937,0.034573,0.033417,0.034647,0.039148,0.034579,0.033546,0.029484,0.030590,0.042607,0.031837,0.033387,0.033902,0.035196,0.026640,0.029607,0.034994,0.028852,0.034352,0.032590,0.039832,0.036787,0.043023,0.060001,0.034970,0.035406,0.034523,0.031951,0.036386,0.053248,0.033860,0.036104,0.032892,0.032638,0.030190,0.032421,0.032057,0.035260,0.033166,0.035186,0.034774,0.034464,0.035944,0.040968,0.033032,0.035983,0.037280,0.035447,0.036082,0.035492,0.039015,0.032844,0.035147,0.036293,0.034247,0.036958,0.034661,0.034415,0.032426,0.035464,0.032059,0.034341,0.036006,0.033364]}
