MESA-EGL: warning: egl: failed to create dri2 screen
 dllPath = /usr/lib/wsl/drivers/iigd_dch.inf_amd64_3e6575b60ae27560, dllName = libigdgmm_w.so.12 
 IsWddmLinux = 1, dllWslName = /usr/lib/wsl/drivers/iigd_dch.inf_amd64_3e6575b60ae27560/libigdgmm_w.so.12  flags = 2
 dllPath = /usr/lib/wsl/drivers/iigd_dch.inf_amd64_3e6575b60ae27560, dllName = libigdgmm_w.so.12 
 IsWddmLinux = 1, dllWslName = /usr/lib/wsl/drivers/iigd_dch.inf_amd64_3e6575b60ae27560/libigdgmm_w.so.12  flags = 2
GPU_POST_SAMPLE 0 1638400 3457024 147456 163840 147456 81920 638976 1015808 7290880
GPU_POST_SAMPLE 1 1671168 3473408 2260992 196608 163840 98304 688128 1064960 9617408
GPU_POST_SAMPLE 2 1228800 2392064 2949120 180224 131072 114688 589824 999424 8585216
GPU_POST_SAMPLE 3 1228800 2342912 114688 114688 131072 81920 475136 786432 5275648
GPU_POST_SAMPLE 4 1212416 2342912 2670592 196608 147456 98304 704512 1130496 8503296
GPU_POST_SAMPLE 5 1556480 3178496 147456 131072 147456 65536 622592 1032192 6881280
GPU_POST_SAMPLE 6 1802240 4915200 147456 147456 131072 81920 622592 1064960 8912896
GPU_POST_SAMPLE 7 1245184 2326528 2932736 212992 147456 98304 704512 1114112 8781824
GPU_POST_SAMPLE 8 1703936 3506176 147456 163840 147456 81920 655360 1081344 7487488
GPU_POST_SAMPLE 9 1212416 2211840 1703936 196608 163840 98304 704512 1081344 7372800
GPU_POST_SAMPLE 10 1671168 3506176 147456 163840 147456 81920 655360 1097728 7471104
GPU_POST_SAMPLE 11 1720320 3407872 1818624 196608 131072 98304 671744 999424 9043968
GPU_POST_SAMPLE 12 1245184 2260992 98304 131072 114688 65536 458752 770048 5144576
GPU_POST_SAMPLE 13 1753088 4718592 131072 147456 147456 81920 622592 1015808 8617984
GPU_POST_SAMPLE 14 1179648 2310144 98304 131072 114688 81920 409600 737280 5062656
GPU_POST_SAMPLE 15 1671168 3260416 2146304 196608 131072 114688 573440 983040 9076736
GPU_POST_SAMPLE 16 2326528 6389760 180224 196608 196608 81920 901120 1228800 11501568
GPU_POST_SAMPLE 17 1245184 2260992 131072 114688 114688 81920 475136 802816 5226496
GPU_POST_SAMPLE 18 1687552 3276800 131072 147456 131072 81920 557056 950272 6963200
GPU_POST_SAMPLE 19 1245184 2441216 114688 147456 114688 65536 475136 819200 5423104
GPU_POST_SAMPLE 20 1736704 3309568 1638400 196608 147456 114688 655360 1032192 8830976
GPU_POST_SAMPLE 21 1261568 4734976 147456 147456 131072 81920 622592 983040 8110080
GPU_POST_SAMPLE 22 1687552 3555328 147456 163840 147456 65536 671744 1130496 7569408
GPU_POST_SAMPLE 23 1228800 2179072 1540096 163840 114688 114688 524288 802816 6668288
GPU_POST_SAMPLE 24 1736704 3424256 147456 163840 147456 81920 638976 1048576 7389184
GPU_POST_SAMPLE 25 1245184 2408448 1638400 212992 147456 131072 688128 999424 7471104
GPU_POST_SAMPLE 26 1703936 5062656 163840 163840 147456 65536 638976 983040 8929280
GPU_POST_SAMPLE 27 1228800 2244608 114688 114688 131072 65536 442368 770048 5111808
GPU_POST_SAMPLE 28 1687552 3440640 147456 163840 147456 81920 671744 1114112 7454720
GPU_POST_SAMPLE 29 1720320 2949120 1703936 196608 163840 114688 671744 1081344 8601600
GPU_POST_SAMPLE 30 1769472 3473408 147456 163840 131072 81920 638976 1114112 7520256
GPU_POST_SAMPLE 31 1228800 2359296 1851392 163840 114688 98304 507904 770048 7094272
GPU_POST_SAMPLE 32 1212416 2359296 114688 131072 131072 65536 458752 802816 5275648
GPU_POST_SAMPLE 33 1998848 5586944 180224 180224 180224 81920 802816 1359872 10371072
GPU_POST_SAMPLE 34 1638400 3309568 147456 163840 147456 81920 671744 3751936 9912320
GPU_POST_SAMPLE 35 1458176 2916352 147456 131072 147456 81920 573440 901120 6356992
GPU_POST_SAMPLE 36 1163264 2195456 98304 131072 98304 81920 425984 737280 4931584
GPU_POST_SAMPLE 37 1146880 2080768 98304 131072 114688 65536 458752 753664 4849664
GPU_POST_SAMPLE 38 1196032 4554752 114688 131072 114688 81920 475136 802816 7471104
GPU_POST_SAMPLE 39 1228800 2359296 1687552 196608 147456 98304 688128 1081344 7487488
GPU_POST_SAMPLE 40 1671168 3309568 147456 131072 147456 81920 606208 1064960 7159808
GPU_POST_SAMPLE 41 1589248 3260416 1671168 196608 131072 98304 622592 950272 8519680
GPU_POST_SAMPLE 42 1654784 3407872 147456 180224 147456 65536 671744 1097728 7372800
GPU_POST_SAMPLE 43 1228800 2359296 98304 131072 114688 81920 458752 753664 5226496
GPU_POST_SAMPLE 44 1589248 3260416 147456 147456 147456 65536 655360 983040 6995968
GPU_POST_SAMPLE 45 1212416 2392064 114688 114688 131072 81920 458752 802816 5308416
GPU_POST_SAMPLE 46 1245184 2408448 131072 131072 114688 81920 475136 2965504 7553024
GPU_POST_SAMPLE 47 1622016 3244032 163840 163840 147456 81920 655360 1130496 7208960
GPU_POST_SAMPLE 48 1245184 2375680 131072 114688 114688 81920 475136 802816 5341184
GPU_POST_SAMPLE 49 1540096 2998272 1785856 196608 147456 114688 671744 1114112 8568832
GPU_POST_SAMPLE 50 1703936 3440640 147456 163840 147456 81920 638976 1097728 7421952
GPU_POST_SAMPLE 51 1261568 2359296 98304 131072 114688 81920 442368 2588672 7077888
GPU_POST_SAMPLE 52 1687552 3342336 147456 163840 147456 65536 655360 1081344 7290880
GPU_POST_SAMPLE 53 1196032 2277376 278528 311296 278528 98304 1196032 1900544 7536640
GPU_POST_SAMPLE 54 1654784 3440640 147456 163840 147456 81920 655360 1081344 7372800
GPU_POST_SAMPLE 55 1753088 3571712 147456 147456 131072 81920 589824 999424 7421952
GPU_POST_SAMPLE 56 1720320 3555328 163840 147456 147456 81920 704512 1130496 7651328
GPU_POST_SAMPLE 57 1671168 3440640 163840 147456 147456 81920 688128 1130496 7471104
GPU_POST_SAMPLE 58 1523712 3031040 1753088 180224 131072 98304 540672 835584 8093696
GPU_POST_SAMPLE 59 1228800 2359296 114688 114688 114688 65536 458752 802816 5259264
GPU_POST_SAMPLE 60 1900544 3768320 1523712 180224 114688 114688 524288 835584 8962048
GPU_POST_SAMPLE 61 1458176 2899968 114688 131072 131072 81920 557056 933888 6307840
GPU_POST_SAMPLE 62 1179648 2228224 114688 114688 114688 65536 442368 753664 5013504
GPU_POST_SAMPLE 63 1490944 4308992 114688 114688 131072 65536 507904 884736 7618560
GPU_POST_SAMPLE 64 1130496 2048000 98304 114688 98304 81920 425984 720896 4718592
GPU_POST_SAMPLE 65 1458176 2916352 131072 131072 131072 65536 524288 884736 6242304
GPU_POST_SAMPLE 66 1228800 2179072 98304 131072 98304 65536 442368 737280 4980736
GPU_POST_SAMPLE 67 1097728 2048000 98304 114688 81920 81920 409600 671744 4603904
GPU_POST_SAMPLE 68 1556480 6717440 98304 131072 114688 65536 458752 802816 9945088
GPU_POST_SAMPLE 69 1277952 2441216 114688 131072 114688 81920 491520 753664 5406720
GPU_POST_SAMPLE 70 1228800 2424832 114688 114688 131072 65536 491520 802816 5373952
GPU_POST_SAMPLE 71 3407872 2916352 131072 131072 131072 65536 540672 868352 8192000
GPU_POST_SAMPLE 72 1097728 1966080 98304 114688 114688 65536 393216 671744 4521984
GPU_POST_SAMPLE 73 1228800 2244608 114688 114688 114688 65536 442368 3571712 7897088
GPU_POST_SAMPLE 74 1130496 2359296 98304 131072 114688 65536 458752 786432 5144576
GPU_POST_SAMPLE 75 1458176 2686976 114688 131072 114688 81920 491520 802816 5881856
GPU_POST_SAMPLE 76 1196032 2326528 98304 131072 98304 65536 442368 737280 5095424
GPU_POST_SAMPLE 77 1146880 1982464 1081344 163840 114688 81920 442368 671744 5685248
GPU_POST_SAMPLE 78 1163264 2113536 98304 131072 98304 65536 425984 786432 4882432
GPU_POST_SAMPLE 79 1245184 2359296 1490944 163840 147456 81920 524288 819200 6832128
GPU_POST_SAMPLE 80 1753088 3309568 131072 147456 131072 81920 573440 950272 7077888
GPU_POST_SAMPLE 81 1228800 2195456 98304 114688 131072 65536 442368 753664 5029888
GPU_POST_SAMPLE 82 1294336 2424832 1753088 196608 163840 98304 671744 1032192 7634944
GPU_POST_SAMPLE 83 1261568 2408448 1687552 212992 147456 114688 704512 1048576 7585792
GPU_POST_SAMPLE 84 1277952 2375680 131072 131072 114688 81920 458752 819200 5390336
GPU_POST_SAMPLE 85 2654208 5013504 1802240 180224 147456 114688 655360 868352 11436032
GPU_POST_SAMPLE 86 1228800 2195456 1146880 180224 114688 98304 491520 770048 6225920
GPU_POST_SAMPLE 87 1228800 2326528 114688 114688 131072 65536 442368 770048 5193728
GPU_POST_SAMPLE 88 1474560 2785280 131072 131072 114688 81920 507904 868352 6094848
GPU_POST_SAMPLE 89 1490944 2768896 131072 131072 114688 81920 524288 884736 6127616
GPU_POST_SAMPLE 90 1490944 2719744 2441216 147456 131072 81920 491520 753664 8257536
GPU_POST_SAMPLE 91 1196032 2277376 1540096 147456 114688 98304 491520 720896 6586368
GPU_POST_SAMPLE 92 1458176 2752512 114688 147456 131072 65536 507904 884736 6062080
GPU_POST_SAMPLE 93 1228800 2162688 1933312 163840 114688 98304 475136 786432 6963200
GPU_POST_SAMPLE 94 1507328 2850816 114688 114688 147456 65536 507904 851968 6160384
GPU_POST_SAMPLE 95 1540096 2801664 131072 131072 114688 81920 507904 868352 6176768
GPU_POST_SAMPLE 96 1523712 2932736 131072 131072 114688 81920 540672 901120 6356992
GPU_POST_SAMPLE 97 1228800 2359296 98304 114688 131072 65536 442368 786432 5226496
GPU_POST_SAMPLE 98 1130496 2031616 98304 114688 98304 65536 393216 671744 4603904
GPU_POST_SAMPLE 99 1310720 2703360 1982464 163840 131072 98304 557056 868352 7815168
GPU_POST_SAMPLE 100 1540096 2850816 131072 131072 114688 65536 524288 851968 6209536
GPU_POST_SAMPLE 101 1507328 2932736 131072 131072 114688 65536 540672 884736 6307840
GPU_POST_SAMPLE 102 1048576 3194880 98304 98304 114688 65536 393216 688128 5701632
GPU_POST_SAMPLE 103 1081344 1949696 81920 114688 98304 65536 393216 655360 4440064
GPU_POST_SAMPLE 104 1064960 2048000 98304 114688 98304 65536 409600 671744 4571136
GPU_POST_SAMPLE 105 1605632 2998272 1884160 180224 114688 98304 557056 819200 8257536
GPU_POST_SAMPLE 106 1507328 2834432 131072 131072 114688 65536 524288 868352 6176768
GPU_POST_SAMPLE 107 1130496 2179072 81920 114688 98304 81920 393216 655360 4734976
GPU_POST_SAMPLE 108 1081344 2064384 1966080 147456 114688 81920 458752 671744 6586368
GPU_POST_SAMPLE 109 1064960 1900544 98304 81920 114688 65536 376832 655360 4358144
GPU_POST_SAMPLE 110 1146880 2097152 98304 98304 114688 65536 409600 688128 4718592
GPU_POST_SAMPLE 111 1097728 2048000 98304 114688 81920 65536 409600 655360 4571136
GPU_POST_SAMPLE 112 1867776 3391488 1507328 180224 131072 98304 540672 835584 8552448
GPU_POST_SAMPLE 113 1146880 2048000 98304 98304 114688 65536 393216 688128 4653056
GPU_POST_SAMPLE 114 1605632 2818048 114688 114688 131072 65536 491520 786432 6127616
GPU_POST_SAMPLE 115 1146880 2080768 98304 98304 98304 81920 2211840 851968 6668288
GPU_POST_SAMPLE 116 1687552 2916352 114688 131072 131072 65536 540672 851968 6438912
GPU_POST_SAMPLE 117 1589248 2867200 114688 114688 131072 65536 524288 786432 6193152
GPU_POST_SAMPLE 118 1605632 2785280 114688 114688 131072 65536 507904 835584 6160384
GPU_POST_SAMPLE 119 1376256 2588672 114688 114688 114688 65536 458752 770048 5603328
{"seed":42,"vendor":"Microsoft Corporation","renderer":"D3D12 (Intel(R) Arc(TM) 140T GPU (16GB))","gl_version":"4.6 (Compatibility Profile) Mesa 26.2.2","gallium_path":"/root/.cache/football-mesa-build-20260913-a/install-wayland/lib/libgallium-26.2.2.so","width":1280,"height":720,"quality":"pbr+bloom+fxaa+auto_exposure","swap_enabled":true,"swap_interval":0,"warmup_frames":30,"measured_frames":120,"in_play_frames":141,"p50_ms":20.280038,"p95_ms":25.581933,"p99_ms":28.404817,"submit_p50_ms":20.241036,"submit_p95_ms":25.540560,"finish_p50_ms":0.038303,"finish_p95_ms":0.047662,"samples_ms":[22.473601,27.458613,22.047180,20.525484,25.581933,27.194042,28.404817,20.280038,23.379681,22.289672,22.325740,21.879593,18.983824,23.062654,23.734337,25.189375,29.386127,22.230243,22.582154,18.732123,24.493868,22.645859,21.424079,20.830557,23.286434,23.410931,24.779846,21.543472,22.475431,22.964034,21.742229,20.937183,19.485608,24.385275,25.123192,19.885064,23.375683,20.957850,21.949768,21.541979,21.355418,22.283081,19.901201,19.459377,26.043752,18.819412,20.980250,21.061657,19.339767,22.635671,22.558546,19.753748,20.059723,19.704921,20.323270,22.845077,20.887043,19.435393,19.387270,19.753861,20.010442,20.384374,19.762621,21.818318,15.690666,17.586470,15.107269,18.376410,28.037411,18.774268,22.987213,22.289306,21.691203,19.646875,17.574316,20.951795,19.132057,17.428078,19.250793,19.287526,19.341947,16.413790,25.468455,21.398651,17.215837,23.940270,17.678488,19.307003,18.812120,19.889605,20.728890,20.317103,18.627805,20.314787,18.572502,18.257918,20.696694,15.587634,17.302363,20.270509,17.636562,19.493294,16.355755,14.871318,15.642367,20.810050,19.037951,16.424175,17.772172,17.154692,15.484816,15.908958,20.124321,17.148648,16.551119,17.768016,16.845876,19.626887,18.864341,15.717101],"submit_samples_ms":[22.434091,27.418986,22.008751,20.484899,25.540560,27.152293,28.367037,20.241036,23.343200,22.251080,22.286127,21.841175,18.920382,23.014992,23.693402,25.148559,29.344922,22.190172,22.541617,18.694494,24.450845,22.609303,21.388602,20.792573,23.243176,23.371694,24.741912,21.502291,22.433490,22.923419,21.701154,20.897173,19.445571,24.344566,25.085218,19.844465,23.335311,20.918425,21.912100,21.500359,21.318431,22.244954,19.864360,19.421111,26.002846,18.777324,20.936996,21.022434,19.300993,22.593492,22.522995,19.715584,20.022638,19.664479,20.289680,22.807881,20.852060,19.394756,19.349648,19.720479,19.974604,20.346793,19.724308,21.777140,15.652511,17.552247,15.071654,18.333574,27.993738,18.734697,22.949938,22.251003,21.654722,19.575142,17.536346,20.908977,19.091366,17.389772,19.214184,19.244896,19.302575,16.375860,25.394129,21.362872,17.185059,23.899245,17.611937,19.273143,18.779464,19.852693,20.692241,20.255343,18.590364,20.277910,18.541052,18.223052,20.658047,15.552100,17.267344,20.235151,17.599163,19.449579,16.323583,14.836407,15.606718,20.773715,19.001977,16.388163,17.737036,17.120482,15.455359,15.880730,20.088155,17.109424,16.512641,17.727657,16.796307,19.597973,18.826973,15.679409],"finish_samples_ms":[0.039510,0.039627,0.038429,0.040585,0.041373,0.041749,0.037780,0.039002,0.036481,0.038592,0.039613,0.038418,0.063442,0.047662,0.040935,0.040816,0.041205,0.040071,0.040537,0.037629,0.043023,0.036556,0.035477,0.037984,0.043258,0.039237,0.037934,0.041181,0.041941,0.040615,0.041075,0.040010,0.040037,0.040709,0.037974,0.040599,0.040372,0.039425,0.037668,0.041620,0.036987,0.038127,0.036841,0.038266,0.040906,0.042088,0.043254,0.039223,0.038774,0.042179,0.035551,0.038164,0.037085,0.040442,0.033590,0.037196,0.034983,0.040637,0.037622,0.033382,0.035838,0.037581,0.038313,0.041178,0.038155,0.034223,0.035615,0.042836,0.043673,0.039571,0.037275,0.038303,0.036481,0.071733,0.037970,0.042818,0.040691,0.038306,0.036609,0.042630,0.039372,0.037930,0.074326,0.035779,0.030778,0.041025,0.066551,0.033860,0.032656,0.036912,0.036649,0.061760,0.037441,0.036877,0.031450,0.034866,0.038647,0.035534,0.035019,0.035358,0.037399,0.043715,0.032172,0.034911,0.035649,0.036335,0.035974,0.036012,0.035136,0.034210,0.029457,0.028228,0.036166,0.039224,0.038478,0.040359,0.049569,0.028914,0.037368,0.037692]}
