MESA-EGL: warning: egl: failed to create dri2 screen
 dllPath = /usr/lib/wsl/drivers/iigd_dch.inf_amd64_3e6575b60ae27560, dllName = libigdgmm_w.so.12 
 IsWddmLinux = 1, dllWslName = /usr/lib/wsl/drivers/iigd_dch.inf_amd64_3e6575b60ae27560/libigdgmm_w.so.12  flags = 2
 dllPath = /usr/lib/wsl/drivers/iigd_dch.inf_amd64_3e6575b60ae27560, dllName = libigdgmm_w.so.12 
 IsWddmLinux = 1, dllWslName = /usr/lib/wsl/drivers/iigd_dch.inf_amd64_3e6575b60ae27560/libigdgmm_w.so.12  flags = 2
GPU_POST_SAMPLE 0 983040 1572864 65536 65536 81920 81920 245760 458752 3555328
GPU_POST_SAMPLE 1 983040 1589248 933888 131072 81920 114688 278528 475136 4587520
GPU_POST_SAMPLE 2 1277952 2129920 1048576 131072 98304 114688 376832 589824 5767168
GPU_POST_SAMPLE 3 983040 1556480 65536 98304 65536 98304 245760 458752 3571712
GPU_POST_SAMPLE 4 999424 1572864 65536 98304 65536 98304 245760 475136 3620864
GPU_POST_SAMPLE 5 1310720 2195456 81920 98304 98304 81920 360448 638976 4866048
GPU_POST_SAMPLE 6 1015808 1572864 65536 81920 81920 65536 262144 2408448 5554176
GPU_POST_SAMPLE 7 1343488 2097152 2064384 131072 98304 131072 393216 638976 6897664
GPU_POST_SAMPLE 8 983040 1556480 81920 65536 81920 98304 262144 442368 3571712
GPU_POST_SAMPLE 9 999424 1507328 81920 65536 81920 81920 262144 442368 3522560
GPU_POST_SAMPLE 10 1015808 1556480 65536 81920 81920 81920 245760 425984 3555328
GPU_POST_SAMPLE 11 999424 1523712 2293760 114688 81920 114688 294912 475136 5898240
GPU_POST_SAMPLE 12 966656 1523712 65536 81920 81920 81920 229376 442368 3473408
GPU_POST_SAMPLE 13 1032192 1589248 81920 81920 81920 81920 245760 458752 3653632
GPU_POST_SAMPLE 14 1015808 1572864 65536 81920 81920 98304 245760 475136 3637248
GPU_POST_SAMPLE 15 1015808 1622016 65536 81920 81920 65536 278528 458752 3670016
GPU_POST_SAMPLE 16 1376256 2277376 98304 98304 114688 81920 376832 573440 4997120
GPU_POST_SAMPLE 17 1015808 1622016 65536 81920 81920 81920 245760 442368 3637248
GPU_POST_SAMPLE 18 999424 1605632 65536 81920 81920 98304 245760 475136 3653632
GPU_POST_SAMPLE 19 1015808 1605632 81920 65536 81920 81920 278528 475136 3686400
GPU_POST_SAMPLE 20 999424 1572864 81920 81920 81920 81920 262144 458752 3620864
GPU_POST_SAMPLE 21 983040 1556480 65536 81920 65536 98304 262144 475136 3588096
GPU_POST_SAMPLE 22 1343488 2097152 2359296 131072 65536 131072 294912 475136 6897664
GPU_POST_SAMPLE 23 999424 1572864 65536 81920 81920 81920 262144 458752 3604480
GPU_POST_SAMPLE 24 966656 1572864 81920 65536 81920 81920 262144 442368 3555328
GPU_POST_SAMPLE 25 1212416 1982464 1163264 114688 81920 98304 278528 409600 5341184
GPU_POST_SAMPLE 26 983040 1589248 65536 81920 65536 81920 262144 442368 3571712
GPU_POST_SAMPLE 27 999424 1556480 65536 65536 81920 81920 262144 442368 3555328
GPU_POST_SAMPLE 28 966656 1540096 65536 81920 81920 65536 262144 442368 3506176
GPU_POST_SAMPLE 29 966656 1556480 81920 81920 65536 81920 245760 475136 3555328
GPU_POST_SAMPLE 30 966656 1556480 81920 65536 81920 81920 245760 458752 3538944
GPU_POST_SAMPLE 31 983040 1540096 65536 81920 65536 65536 262144 458752 3522560
GPU_POST_SAMPLE 32 983040 1589248 65536 81920 65536 81920 262144 442368 3571712
GPU_POST_SAMPLE 33 966656 1540096 65536 81920 81920 65536 245760 458752 3506176
GPU_POST_SAMPLE 34 999424 1556480 81920 65536 65536 81920 262144 442368 3555328
GPU_POST_SAMPLE 35 983040 1540096 65536 81920 81920 65536 262144 442368 3522560
GPU_POST_SAMPLE 36 983040 1507328 65536 81920 81920 81920 245760 442368 3489792
GPU_POST_SAMPLE 37 983040 1490944 49152 81920 81920 65536 245760 442368 3440640
GPU_POST_SAMPLE 38 983040 1540096 65536 65536 81920 81920 245760 425984 3489792
GPU_POST_SAMPLE 39 950272 1523712 65536 81920 81920 65536 245760 442368 3457024
GPU_POST_SAMPLE 40 966656 1556480 65536 65536 81920 81920 245760 442368 3506176
GPU_POST_SAMPLE 41 966656 1572864 65536 81920 65536 81920 262144 442368 3538944
GPU_POST_SAMPLE 42 917504 1441792 65536 65536 81920 65536 229376 409600 3276800
GPU_POST_SAMPLE 43 950272 1523712 65536 65536 81920 65536 245760 442368 3440640
GPU_POST_SAMPLE 44 983040 1540096 65536 81920 65536 81920 262144 442368 3522560
GPU_POST_SAMPLE 45 1179648 1933312 81920 81920 81920 81920 278528 507904 4227072
GPU_POST_SAMPLE 46 999424 1540096 65536 81920 65536 81920 262144 425984 3522560
GPU_POST_SAMPLE 47 917504 1556480 65536 81920 65536 81920 262144 442368 3473408
GPU_POST_SAMPLE 48 1146880 3817472 81920 81920 81920 81920 294912 507904 6094848
GPU_POST_SAMPLE 49 950272 1523712 65536 81920 65536 81920 245760 458752 3473408
GPU_POST_SAMPLE 50 917504 1523712 65536 81920 65536 81920 262144 442368 3440640
GPU_POST_SAMPLE 51 966656 1490944 65536 81920 65536 81920 245760 458752 3457024
GPU_POST_SAMPLE 52 933888 1441792 65536 65536 81920 65536 262144 425984 3342336
GPU_POST_SAMPLE 53 966656 1507328 65536 81920 65536 81920 1671168 491520 4931584
GPU_POST_SAMPLE 54 2080768 3620864 1474560 196608 147456 131072 557056 868352 9076736
GPU_POST_SAMPLE 55 999424 1589248 65536 81920 65536 81920 262144 442368 3588096
GPU_POST_SAMPLE 56 1294336 2162688 98304 81920 98304 98304 376832 622592 4833280
GPU_POST_SAMPLE 57 999424 2768896 65536 98304 65536 81920 262144 458752 4800512
GPU_POST_SAMPLE 58 917504 1589248 65536 81920 65536 98304 245760 442368 3506176
GPU_POST_SAMPLE 59 1015808 1556480 65536 81920 65536 98304 245760 425984 3555328
GPU_POST_SAMPLE 60 1359872 1916928 98304 81920 81920 98304 311296 573440 4521984
GPU_POST_SAMPLE 61 983040 1474560 65536 81920 81920 65536 278528 458752 3489792
GPU_POST_SAMPLE 62 1294336 4227072 262144 311296 294912 278528 835584 1589248 9093120
GPU_POST_SAMPLE 63 2228224 4866048 131072 147456 131072 98304 524288 950272 9076736
GPU_POST_SAMPLE 64 8896512 2654208 131072 147456 114688 98304 212992 442368 12697600
GPU_POST_SAMPLE 65 2539520 4063232 2785280 212992 131072 163840 638976 983040 11517952
GPU_POST_SAMPLE 66 966656 1556480 65536 81920 81920 81920 262144 458752 3555328
GPU_POST_SAMPLE 67 999424 1589248 65536 81920 81920 81920 262144 458752 3620864
GPU_POST_SAMPLE 68 1294336 2097152 98304 81920 98304 81920 360448 638976 4751360
GPU_POST_SAMPLE 69 1015808 1540096 65536 81920 81920 81920 245760 458752 3571712
GPU_POST_SAMPLE 70 999424 1540096 81920 81920 81920 81920 245760 458752 3571712
GPU_POST_SAMPLE 71 999424 1572864 81920 65536 81920 81920 262144 442368 3588096
GPU_POST_SAMPLE 72 2539520 3899392 2539520 212992 163840 163840 671744 933888 11124736
GPU_POST_SAMPLE 73 5865472 4915200 262144 278528 245760 196608 770048 1572864 14106624
GPU_POST_SAMPLE 74 2293760 3817472 131072 163840 180224 98304 606208 1032192 8323072
GPU_POST_SAMPLE 75 2260992 3637248 2785280 360448 294912 278528 868352 1589248 12075008
GPU_POST_SAMPLE 76 2539520 3964928 2588672 131072 81920 114688 262144 442368 10125312
GPU_POST_SAMPLE 77 1032192 1638400 81920 81920 81920 98304 262144 475136 3751936
GPU_POST_SAMPLE 78 999424 1638400 933888 114688 81920 131072 278528 458752 4636672
GPU_POST_SAMPLE 79 999424 4161536 65536 81920 81920 98304 245760 475136 6209536
GPU_POST_SAMPLE 80 999424 1572864 81920 81920 81920 81920 262144 458752 3620864
GPU_POST_SAMPLE 81 1359872 2228224 1327104 114688 81920 114688 294912 475136 5996544
GPU_POST_SAMPLE 82 966656 1523712 81920 65536 81920 81920 262144 442368 3506176
GPU_POST_SAMPLE 83 1015808 1490944 1785856 114688 81920 114688 294912 475136 5373952
GPU_POST_SAMPLE 84 1015808 1556480 65536 81920 81920 81920 262144 458752 3604480
GPU_POST_SAMPLE 85 1261568 2129920 98304 98304 98304 98304 360448 573440 4718592
GPU_POST_SAMPLE 86 1294336 2129920 98304 98304 98304 81920 344064 655360 4800512
GPU_POST_SAMPLE 87 1015808 1523712 81920 81920 65536 98304 229376 2277376 5373952
GPU_POST_SAMPLE 88 999424 1572864 65536 81920 81920 81920 262144 458752 3604480
GPU_POST_SAMPLE 89 1327104 2195456 1425408 131072 98304 114688 376832 638976 6307840
GPU_POST_SAMPLE 90 1392640 2195456 81920 114688 81920 98304 376832 671744 5013504
GPU_POST_SAMPLE 91 1376256 2211840 98304 114688 81920 81920 376832 622592 4964352
GPU_POST_SAMPLE 92 1015808 1556480 81920 81920 81920 81920 262144 458752 3620864
GPU_POST_SAMPLE 93 1015808 1572864 65536 81920 81920 81920 262144 458752 3620864
GPU_POST_SAMPLE 94 1327104 2162688 81920 98304 98304 81920 360448 1835008 6045696
GPU_POST_SAMPLE 95 1359872 2179072 1359872 147456 98304 114688 393216 638976 6291456
GPU_POST_SAMPLE 96 1015808 1589248 65536 98304 65536 98304 245760 475136 3653632
GPU_POST_SAMPLE 97 999424 1622016 81920 81920 81920 81920 245760 458752 3653632
GPU_POST_SAMPLE 98 983040 1458176 1802240 131072 65536 131072 294912 458752 5324800
GPU_POST_SAMPLE 99 999424 1556480 65536 81920 81920 81920 262144 458752 3588096
GPU_POST_SAMPLE 100 1015808 1638400 950272 114688 81920 114688 294912 458752 4669440
GPU_POST_SAMPLE 101 2768896 1540096 65536 81920 81920 81920 262144 458752 5341184
GPU_POST_SAMPLE 102 999424 1572864 81920 81920 65536 98304 245760 475136 3620864
GPU_POST_SAMPLE 103 999424 1572864 81920 81920 81920 81920 262144 475136 3637248
GPU_POST_SAMPLE 104 999424 1589248 65536 2998272 114688 114688 278528 475136 6635520
GPU_POST_SAMPLE 105 1376256 2195456 98304 98304 98304 98304 360448 638976 4964352
GPU_POST_SAMPLE 106 1310720 2211840 81920 114688 98304 81920 360448 638976 4898816
GPU_POST_SAMPLE 107 1294336 2064384 81920 98304 98304 81920 311296 557056 4587520
GPU_POST_SAMPLE 108 1015808 1605632 81920 81920 81920 65536 278528 458752 3670016
GPU_POST_SAMPLE 109 1015808 1572864 65536 81920 65536 98304 262144 458752 3620864
GPU_POST_SAMPLE 110 1015808 1605632 65536 98304 81920 966656 376832 458752 4669440
GPU_POST_SAMPLE 111 1032192 1490944 2048000 131072 81920 114688 294912 458752 5652480
GPU_POST_SAMPLE 112 1032192 1605632 65536 98304 65536 81920 278528 458752 3686400
GPU_POST_SAMPLE 113 1228800 2211840 98304 98304 81920 98304 344064 606208 4767744
GPU_POST_SAMPLE 114 1048576 1589248 81920 81920 65536 81920 278528 458752 3686400
GPU_POST_SAMPLE 115 966656 1605632 65536 81920 65536 81920 278528 458752 3604480
GPU_POST_SAMPLE 116 1015808 1523712 65536 65536 81920 81920 245760 458752 3538944
GPU_POST_SAMPLE 117 1196032 1867776 81920 81920 81920 81920 278528 507904 4177920
GPU_POST_SAMPLE 118 1425408 2162688 81920 98304 98304 65536 376832 622592 4931584
GPU_POST_SAMPLE 119 1015808 1572864 65536 81920 65536 81920 245760 442368 3571712
{"seed":42,"vendor":"Microsoft Corporation","renderer":"D3D12 (Intel(R) Arc(TM) 140T GPU (16GB))","gl_version":"4.6 (Compatibility Profile) Mesa 26.2.2","gallium_path":"/root/.cache/football-mesa-build-20260913-a/install-wayland/lib/libgallium-26.2.2.so","width":960,"height":540,"quality":"pbr+bloom+fxaa+auto_exposure","swap_enabled":true,"swap_interval":0,"warmup_frames":30,"measured_frames":120,"in_play_frames":141,"p50_ms":17.016816,"p95_ms":24.113599,"p99_ms":28.668761,"submit_p50_ms":16.983216,"submit_p95_ms":24.058222,"finish_p50_ms":0.035085,"finish_p95_ms":0.042976,"samples_ms":[17.016816,17.487621,17.300307,15.559861,15.138514,15.332123,18.626893,17.899385,18.308353,18.213796,17.729988,19.755330,19.430732,17.512539,15.368502,16.629471,15.982358,14.670322,14.472573,14.633370,13.887345,16.091570,18.493861,17.334574,15.201742,16.565413,17.658306,13.899631,14.743476,14.113941,15.680716,13.869498,14.665949,14.205441,14.764053,14.719398,13.591206,15.170440,14.573057,13.851054,14.345190,13.960713,14.202168,14.707169,12.990726,15.383533,13.780259,16.786831,16.809611,14.698037,14.601702,16.806335,14.977231,18.752998,24.113599,18.922893,20.484379,19.144060,18.702679,21.543991,19.878690,18.381717,22.862203,23.660940,25.886667,27.818310,18.985763,15.243955,17.802248,18.807286,17.938057,17.673635,25.950891,32.114154,26.704563,28.668761,23.949152,16.640411,18.264929,18.106535,15.737802,19.023818,18.576668,19.633677,15.640589,19.232283,18.774379,18.529633,20.110109,18.968994,17.623716,17.070962,15.288421,16.346301,17.836565,18.170446,14.700672,17.583699,18.174868,16.401192,18.400199,17.169007,16.430529,15.989817,18.885326,17.696198,17.881072,17.470943,14.518530,17.404491,15.601540,16.804896,14.584146,15.681336,14.345437,14.500400,14.953828,14.827980,17.211655,16.119744],"submit_samples_ms":[16.983216,17.458545,17.272990,15.525026,15.097630,15.289701,18.591158,17.863419,18.272081,18.180151,17.689320,19.717788,19.397867,17.482814,15.338622,16.587987,15.947719,14.635945,14.442731,14.602134,13.851613,16.054565,18.458251,17.301424,15.172547,16.531384,17.623073,13.865683,14.708292,14.086722,15.641754,13.842721,14.634133,14.180384,14.724660,14.690431,13.571356,15.136165,14.545965,13.818770,14.319427,13.933193,14.173865,14.681151,12.967473,15.354212,13.724190,16.756206,16.766860,14.662000,14.568434,16.768995,14.939080,18.711882,24.058222,18.876453,20.449410,19.102712,18.660552,21.504317,19.839240,18.340208,22.825479,23.561661,25.840740,27.781846,18.945813,15.212168,17.765873,18.770820,17.900069,17.632248,25.911088,32.073086,26.665671,28.629240,23.912419,16.590262,18.230464,18.072207,15.703713,18.996141,18.536003,19.597097,15.606746,19.196428,18.734742,18.491183,20.073491,18.936970,17.588985,17.040816,15.253784,16.312403,17.802246,18.132124,14.659155,17.546651,18.138666,16.371368,18.371401,17.134646,16.391667,15.958308,18.850241,17.663711,17.855840,17.431853,14.482666,17.361515,15.569201,16.768314,14.548435,15.647154,14.313755,14.463292,14.923775,14.793535,17.176822,16.090012],"finish_samples_ms":[0.033600,0.029076,0.027317,0.034835,0.040884,0.042422,0.035735,0.035966,0.036272,0.033645,0.040668,0.037542,0.032865,0.029725,0.029880,0.041484,0.034639,0.034377,0.029842,0.031236,0.035732,0.037005,0.035610,0.033150,0.029195,0.034029,0.035233,0.033948,0.035184,0.027219,0.038962,0.026777,0.031816,0.025057,0.039393,0.028967,0.019850,0.034275,0.027092,0.032284,0.025763,0.027520,0.028303,0.026018,0.023253,0.029321,0.056069,0.030625,0.042751,0.036037,0.033268,0.037340,0.038151,0.041116,0.055377,0.046440,0.034969,0.041348,0.042127,0.039674,0.039450,0.041509,0.036724,0.099279,0.045927,0.036464,0.039950,0.031787,0.036375,0.036466,0.037988,0.041387,0.039803,0.041068,0.038892,0.039521,0.036733,0.050149,0.034465,0.034328,0.034089,0.027677,0.040665,0.036580,0.033843,0.035855,0.039637,0.038450,0.036618,0.032024,0.034731,0.030146,0.034637,0.033898,0.034319,0.038322,0.041517,0.037048,0.036202,0.029824,0.028798,0.034361,0.038862,0.031509,0.035085,0.032487,0.025232,0.039090,0.035864,0.042976,0.032339,0.036582,0.035711,0.034182,0.031682,0.037108,0.030053,0.034445,0.034833,0.029732]}
