MESA-EGL: warning: egl: failed to create dri2 screen
 dllPath = /usr/lib/wsl/drivers/iigd_dch.inf_amd64_3e6575b60ae27560, dllName = libigdgmm_w.so.12 
 IsWddmLinux = 1, dllWslName = /usr/lib/wsl/drivers/iigd_dch.inf_amd64_3e6575b60ae27560/libigdgmm_w.so.12  flags = 2
 dllPath = /usr/lib/wsl/drivers/iigd_dch.inf_amd64_3e6575b60ae27560, dllName = libigdgmm_w.so.12 
 IsWddmLinux = 1, dllWslName = /usr/lib/wsl/drivers/iigd_dch.inf_amd64_3e6575b60ae27560/libigdgmm_w.so.12  flags = 2
GPU_POST_SAMPLE 0 1097728 2211840 98304 114688 98304 65536 425984 704512 4816896
GPU_POST_SAMPLE 1 1572864 2801664 1146880 163840 114688 98304 491520 786432 7176192
GPU_POST_SAMPLE 2 1343488 2572288 98304 131072 98304 65536 491520 786432 5586944
GPU_POST_SAMPLE 3 1163264 2113536 81920 114688 98304 65536 360448 1884160 5881856
GPU_POST_SAMPLE 4 1130496 3031040 98304 98304 114688 65536 393216 688128 5619712
GPU_POST_SAMPLE 5 1097728 2113536 98304 114688 98304 65536 393216 688128 4669440
GPU_POST_SAMPLE 6 1458176 2801664 114688 131072 131072 1376256 622592 802816 7438336
GPU_POST_SAMPLE 7 1376256 2686976 98304 131072 114688 65536 442368 802816 5718016
GPU_POST_SAMPLE 8 1146880 2097152 81920 98304 98304 81920 360448 2097152 6062080
GPU_POST_SAMPLE 9 1097728 2048000 3096576 163840 98304 98304 409600 638976 7651328
GPU_POST_SAMPLE 10 1589248 2801664 131072 114688 114688 65536 507904 786432 6111232
GPU_POST_SAMPLE 11 1638400 2850816 131072 114688 114688 81920 491520 835584 6258688
GPU_POST_SAMPLE 12 1179648 2146304 81920 114688 98304 65536 393216 671744 4751360
GPU_POST_SAMPLE 13 1572864 2752512 131072 114688 98304 81920 458752 1851392 7061504
GPU_POST_SAMPLE 14 1081344 1966080 98304 114688 81920 65536 409600 671744 4489216
GPU_POST_SAMPLE 15 1097728 2146304 98304 98304 98304 65536 409600 671744 4685824
GPU_POST_SAMPLE 16 1605632 2867200 1392640 163840 114688 98304 540672 819200 7602176
GPU_POST_SAMPLE 17 1556480 2850816 114688 131072 114688 65536 507904 786432 6127616
GPU_POST_SAMPLE 18 1081344 1933312 98304 98304 98304 65536 376832 638976 4390912
GPU_POST_SAMPLE 19 1146880 2146304 2457600 147456 114688 98304 491520 835584 7438336
GPU_POST_SAMPLE 20 1163264 2097152 98304 98304 114688 65536 393216 688128 4718592
GPU_POST_SAMPLE 21 1163264 2129920 98304 114688 98304 65536 393216 671744 4734976
GPU_POST_SAMPLE 22 1589248 2703360 131072 114688 114688 65536 524288 835584 6078464
GPU_POST_SAMPLE 23 1572864 2719744 1490944 147456 81920 98304 409600 655360 7176192
GPU_POST_SAMPLE 24 1097728 1982464 81920 114688 81920 81920 360448 589824 4390912
GPU_POST_SAMPLE 25 1556480 2818048 81920 81920 81920 49152 278528 475136 5423104
GPU_POST_SAMPLE 26 1556480 2686976 98304 114688 131072 65536 458752 786432 5898240
GPU_POST_SAMPLE 27 835584 2080768 114688 98304 114688 65536 409600 720896 4440064
GPU_POST_SAMPLE 28 1130496 1982464 98304 114688 81920 65536 376832 688128 4538368
GPU_POST_SAMPLE 29 1130496 2097152 98304 98304 114688 65536 393216 688128 4685824
GPU_POST_SAMPLE 30 1114112 2113536 98304 114688 98304 65536 393216 671744 4669440
GPU_POST_SAMPLE 31 1556480 2867200 1998848 163840 131072 81920 524288 786432 8110080
GPU_POST_SAMPLE 32 1605632 2834432 131072 131072 114688 65536 524288 737280 6144000
GPU_POST_SAMPLE 33 1179648 1949696 98304 114688 81920 65536 393216 2408448 6291456
GPU_POST_SAMPLE 34 1130496 4489216 114688 131072 131072 65536 491520 819200 7372800
GPU_POST_SAMPLE 35 1179648 2162688 131072 114688 114688 81920 393216 688128 4866048
GPU_POST_SAMPLE 36 1589248 2768896 1359872 163840 98304 98304 442368 671744 7192576
GPU_POST_SAMPLE 37 1622016 2834432 114688 131072 114688 65536 524288 819200 6225920
GPU_POST_SAMPLE 38 1146880 2015232 114688 98304 114688 65536 393216 688128 4636672
GPU_POST_SAMPLE 39 1179648 2031616 1507328 163840 98304 98304 442368 688128 6209536
GPU_POST_SAMPLE 40 3047424 2179072 114688 114688 114688 65536 442368 688128 6766592
GPU_POST_SAMPLE 41 1441792 2899968 114688 131072 114688 65536 491520 786432 6045696
GPU_POST_SAMPLE 42 1114112 1916928 98304 98304 98304 65536 360448 622592 4374528
GPU_POST_SAMPLE 43 1196032 2129920 81920 114688 98304 65536 393216 671744 4751360
GPU_POST_SAMPLE 44 1114112 1982464 114688 98304 98304 65536 376832 671744 4521984
GPU_POST_SAMPLE 45 1196032 1998848 2588672 147456 98304 114688 425984 671744 7241728
GPU_POST_SAMPLE 46 1163264 2064384 114688 98304 98304 65536 393216 671744 4669440
GPU_POST_SAMPLE 47 1589248 2916352 131072 114688 114688 65536 540672 2539520 8011776
GPU_POST_SAMPLE 48 1392640 4292608 114688 131072 131072 65536 507904 868352 7503872
GPU_POST_SAMPLE 49 1212416 2113536 114688 81920 114688 65536 393216 704512 4800512
GPU_POST_SAMPLE 50 1146880 1966080 114688 81920 114688 65536 360448 655360 4505600
GPU_POST_SAMPLE 51 1196032 1966080 1589248 147456 98304 98304 425984 655360 6176768
GPU_POST_SAMPLE 52 1179648 2031616 81920 114688 98304 81920 376832 688128 4653056
GPU_POST_SAMPLE 53 1146880 2031616 98304 114688 98304 81920 376832 688128 4636672
GPU_POST_SAMPLE 54 1622016 5750784 163840 147456 147456 65536 720896 1130496 9748480
GPU_POST_SAMPLE 55 1523712 2637824 98304 131072 1146880 98304 540672 835584 7012352
GPU_POST_SAMPLE 56 1179648 1966080 1425408 147456 98304 98304 425984 688128 6029312
GPU_POST_SAMPLE 57 1196032 1966080 114688 114688 98304 81920 425984 737280 4734976
GPU_POST_SAMPLE 58 1589248 2883584 114688 131072 131072 65536 507904 851968 6275072
GPU_POST_SAMPLE 59 1638400 2785280 114688 131072 114688 81920 475136 819200 6160384
GPU_POST_SAMPLE 60 1654784 2818048 114688 131072 114688 81920 475136 802816 6193152
GPU_POST_SAMPLE 61 1212416 2179072 98304 98304 114688 65536 393216 655360 4816896
GPU_POST_SAMPLE 62 1179648 1998848 1851392 147456 98304 98304 442368 671744 6488064
GPU_POST_SAMPLE 63 1163264 2015232 98304 98304 114688 65536 393216 704512 4653056
GPU_POST_SAMPLE 64 1163264 2129920 98304 114688 81920 81920 393216 688128 4751360
GPU_POST_SAMPLE 65 1163264 2146304 1802240 147456 98304 98304 442368 688128 6586368
GPU_POST_SAMPLE 66 1490944 2703360 131072 98304 131072 65536 442368 770048 5832704
GPU_POST_SAMPLE 67 1228800 2162688 98304 98304 98304 81920 376832 2097152 6242304
GPU_POST_SAMPLE 68 1179648 2146304 1638400 163840 114688 98304 540672 851968 6733824
GPU_POST_SAMPLE 69 1146880 2064384 114688 98304 98304 81920 376832 704512 4685824
GPU_POST_SAMPLE 70 1228800 2080768 98304 98304 114688 65536 376832 720896 4784128
GPU_POST_SAMPLE 71 1179648 2113536 98304 114688 98304 81920 393216 704512 4784128
GPU_POST_SAMPLE 72 1261568 2129920 98304 114688 98304 65536 409600 704512 4882432
GPU_POST_SAMPLE 73 2244608 3686400 147456 147456 147456 65536 688128 1114112 8241152
GPU_POST_SAMPLE 74 1458176 2523136 114688 131072 98304 65536 458752 770048 5619712
GPU_POST_SAMPLE 75 1589248 2834432 114688 114688 114688 65536 475136 802816 6111232
GPU_POST_SAMPLE 76 1179648 3948544 262144 245760 262144 98304 1097728 933888 8028160
GPU_POST_SAMPLE 77 1179648 1982464 114688 98304 98304 81920 376832 688128 4620288
GPU_POST_SAMPLE 78 1589248 2916352 1441792 163840 98304 98304 425984 688128 7421952
GPU_POST_SAMPLE 79 2211840 1490944 81920 81920 65536 81920 262144 475136 4751360
GPU_POST_SAMPLE 80 1228800 2064384 114688 98304 114688 65536 393216 655360 4734976
GPU_POST_SAMPLE 81 1179648 1966080 114688 81920 114688 65536 262144 475136 4259840
GPU_POST_SAMPLE 82 1228800 2080768 114688 81920 114688 1523712 557056 688128 6389760
GPU_POST_SAMPLE 83 901120 3522560 114688 81920 114688 65536 393216 704512 5898240
GPU_POST_SAMPLE 84 1179648 2048000 114688 98304 98304 65536 393216 671744 4669440
GPU_POST_SAMPLE 85 901120 1458176 81920 98304 65536 65536 278528 491520 3440640
GPU_POST_SAMPLE 86 901120 1343488 81920 81920 81920 65536 262144 475136 3293184
GPU_POST_SAMPLE 87 933888 1441792 81920 81920 81920 65536 278528 491520 3457024
GPU_POST_SAMPLE 88 901120 1327104 98304 81920 81920 65536 245760 475136 3276800
GPU_POST_SAMPLE 89 1540096 2768896 1785856 147456 98304 114688 442368 704512 7602176
GPU_POST_SAMPLE 90 1736704 2555904 131072 114688 114688 65536 491520 819200 6029312
GPU_POST_SAMPLE 91 1540096 2654208 1327104 131072 114688 81920 425984 638976 6914048
GPU_POST_SAMPLE 92 1228800 2162688 114688 114688 114688 65536 425984 704512 4931584
GPU_POST_SAMPLE 93 1736704 2916352 131072 114688 131072 65536 540672 868352 6504448
GPU_POST_SAMPLE 94 1294336 2211840 98304 114688 98304 65536 393216 671744 4947968
GPU_POST_SAMPLE 95 1228800 5390336 131072 131072 131072 65536 507904 851968 8437760
GPU_POST_SAMPLE 96 1736704 2834432 1310720 147456 114688 98304 442368 688128 7372800
GPU_POST_SAMPLE 97 1277952 2211840 131072 98304 114688 65536 393216 704512 4997120
GPU_POST_SAMPLE 98 1277952 2031616 98304 98304 114688 65536 376832 671744 4734976
GPU_POST_SAMPLE 99 1245184 2048000 98304 114688 81920 65536 393216 655360 4702208
GPU_POST_SAMPLE 100 1212416 2015232 98304 114688 81920 65536 393216 671744 4653056
GPU_POST_SAMPLE 101 1359872 2441216 1933312 147456 114688 98304 458752 704512 7258112
GPU_POST_SAMPLE 102 1425408 2637824 131072 114688 114688 65536 491520 802816 5783552
GPU_POST_SAMPLE 103 1343488 2310144 4112384 147456 98304 114688 425984 655360 9207808
GPU_POST_SAMPLE 104 1228800 2359296 114688 114688 131072 65536 425984 802816 5242880
GPU_POST_SAMPLE 105 1474560 2523136 131072 131072 114688 81920 458752 819200 5734400
GPU_POST_SAMPLE 106 1327104 4472832 147456 131072 131072 65536 507904 901120 7684096
GPU_POST_SAMPLE 107 1687552 2899968 131072 131072 114688 81920 507904 884736 6438912
GPU_POST_SAMPLE 108 1556480 2801664 147456 131072 131072 81920 524288 835584 6209536
GPU_POST_SAMPLE 109 1245184 2195456 2113536 147456 114688 98304 442368 704512 7061504
GPU_POST_SAMPLE 110 2228224 2146304 81920 114688 98304 81920 376832 671744 5799936
GPU_POST_SAMPLE 111 1458176 2555904 131072 98304 131072 65536 458752 786432 5685248
GPU_POST_SAMPLE 112 1261568 2146304 98304 114688 98304 65536 393216 688128 4866048
GPU_POST_SAMPLE 113 1277952 2228224 98304 114688 98304 65536 409600 688128 4980736
GPU_POST_SAMPLE 114 1212416 3145728 114688 98304 98304 81920 393216 671744 5816320
GPU_POST_SAMPLE 115 1261568 2129920 98304 114688 98304 65536 393216 688128 4849664
GPU_POST_SAMPLE 116 1736704 2916352 1327104 147456 98304 98304 442368 671744 7438336
GPU_POST_SAMPLE 117 1212416 2129920 98304 114688 98304 65536 376832 688128 4784128
GPU_POST_SAMPLE 118 1261568 2015232 114688 98304 114688 65536 376832 704512 4751360
GPU_POST_SAMPLE 119 1163264 1966080 98304 98304 98304 81920 360448 655360 4521984
{"seed":43,"vendor":"Microsoft Corporation","renderer":"D3D12 (Intel(R) Arc(TM) 140T GPU (16GB))","gl_version":"4.6 (Compatibility Profile) Mesa 26.2.2","gallium_path":"/root/.cache/football-mesa-build-20260913-a/install-wayland/lib/libgallium-26.2.2.so","width":1280,"height":720,"quality":"pbr+bloom+fxaa+auto_exposure","swap_enabled":true,"swap_interval":0,"warmup_frames":30,"measured_frames":120,"in_play_frames":150,"p50_ms":17.587889,"p95_ms":20.707179,"p99_ms":21.922942,"submit_p50_ms":17.553811,"submit_p95_ms":20.666665,"finish_p50_ms":0.034751,"finish_p95_ms":0.042961,"samples_ms":[17.551801,20.503808,17.955228,16.185477,17.130023,17.048113,19.841709,18.429784,18.362625,19.580213,19.101632,16.360796,15.193988,19.585397,17.683901,16.870245,19.593870,17.791070,16.762416,17.795122,16.415795,16.012979,16.729099,17.925016,16.683168,15.255433,18.771264,15.566920,15.242304,15.789988,16.382275,20.746963,17.395312,17.951832,19.987764,14.853774,19.421699,18.131155,15.294014,16.863266,18.591923,18.117414,16.807589,16.418479,15.961682,19.350847,14.850808,20.984426,17.474178,14.932217,16.522492,17.897516,17.704713,16.675669,23.025077,17.455566,17.690228,17.131816,17.267158,17.635276,18.585726,15.578935,17.490909,15.949463,18.146387,18.094503,19.658898,15.689028,17.806889,18.066824,14.296689,14.461851,14.958738,19.563323,17.242459,19.098775,19.426127,14.889947,19.037421,16.669528,17.110592,15.470184,17.587889,16.557660,16.938363,16.028709,14.061862,13.642942,14.258467,19.627036,19.485605,18.809676,20.525879,18.857338,16.842975,21.922942,20.707179,16.879760,17.123458,16.390187,18.317929,19.710523,18.686927,20.955855,18.930879,21.136461,20.546512,20.200964,18.588442,18.655469,16.021046,19.284589,18.658778,18.871384,17.451264,17.961830,18.779178,16.881976,14.894545,14.739453],"submit_samples_ms":[17.519118,20.323520,17.916796,16.130841,17.096209,17.014118,19.807032,18.392561,18.330261,19.545348,19.073151,16.325779,15.156534,19.553079,17.649150,16.835616,19.560264,17.755519,16.729842,17.760467,16.362186,15.982196,16.698590,17.890711,16.647971,15.221343,18.738530,15.531496,15.208860,15.755361,16.348703,20.708926,17.358647,17.907949,19.953339,14.818920,19.386520,18.099850,15.254522,16.829750,18.548962,18.080912,16.769728,16.380734,15.925973,19.318183,14.817515,20.949553,17.438120,14.894592,16.484046,17.862352,17.671205,16.641003,22.993614,17.419273,17.655214,17.098640,17.237917,17.602235,18.550048,15.543679,17.456246,15.914082,18.112910,18.059009,19.624509,15.653411,17.772618,18.034176,14.269394,14.432005,14.928675,19.531111,17.206155,19.063301,19.392623,14.857330,19.002495,16.629800,17.077250,15.435485,17.553811,16.524245,16.905945,15.999406,14.022754,13.611593,14.225359,19.586201,19.445851,18.775331,20.489373,18.819267,16.805572,21.888396,20.666665,16.840126,17.085689,16.351141,18.282772,19.673394,18.627092,20.918594,18.895320,21.096175,20.511935,20.166560,18.552519,18.621640,15.989157,19.250415,18.620796,18.837228,17.416698,17.928663,18.744237,16.818583,14.856721,14.702951],"finish_samples_ms":[0.032683,0.180288,0.038432,0.054636,0.033814,0.033995,0.034677,0.037223,0.032364,0.034865,0.028481,0.035017,0.037454,0.032318,0.034751,0.034629,0.033606,0.035551,0.032574,0.034655,0.053609,0.030783,0.030509,0.034305,0.035197,0.034090,0.032734,0.035424,0.033444,0.034627,0.033572,0.038037,0.036665,0.043883,0.034425,0.034854,0.035179,0.031305,0.039492,0.033516,0.042961,0.036502,0.037861,0.037745,0.035709,0.032664,0.033293,0.034873,0.036058,0.037625,0.038446,0.035164,0.033508,0.034666,0.031463,0.036293,0.035014,0.033176,0.029241,0.033041,0.035678,0.035256,0.034663,0.035381,0.033477,0.035494,0.034389,0.035617,0.034271,0.032648,0.027295,0.029846,0.030063,0.032212,0.036304,0.035474,0.033504,0.032617,0.034926,0.039728,0.033342,0.034699,0.034078,0.033415,0.032418,0.029303,0.039108,0.031349,0.033108,0.040835,0.039754,0.034345,0.036506,0.038071,0.037403,0.034546,0.040514,0.039634,0.037769,0.039046,0.035157,0.037129,0.059835,0.037261,0.035559,0.040286,0.034577,0.034404,0.035923,0.033829,0.031889,0.034174,0.037982,0.034156,0.034566,0.033167,0.034941,0.063393,0.037824,0.036502]}
