MESA-EGL: warning: egl: failed to create dri2 screen
 dllPath = /usr/lib/wsl/drivers/iigd_dch.inf_amd64_3e6575b60ae27560, dllName = libigdgmm_w.so.12 
 IsWddmLinux = 1, dllWslName = /usr/lib/wsl/drivers/iigd_dch.inf_amd64_3e6575b60ae27560/libigdgmm_w.so.12  flags = 2
 dllPath = /usr/lib/wsl/drivers/iigd_dch.inf_amd64_3e6575b60ae27560, dllName = libigdgmm_w.so.12 
 IsWddmLinux = 1, dllWslName = /usr/lib/wsl/drivers/iigd_dch.inf_amd64_3e6575b60ae27560/libigdgmm_w.so.12  flags = 2
GPU_POST_SAMPLE 0 2670592 8388608 262144 262144 245760 81920 1032192 1736704 14680064
GPU_POST_SAMPLE 1 1982464 4161536 2637824 327680 245760 131072 1146880 1835008 12468224
GPU_POST_SAMPLE 2 2031616 4521984 262144 2686976 311296 114688 1179648 1736704 12845056
GPU_POST_SAMPLE 3 2146304 4997120 262144 212992 2736128 147456 1196032 1884160 13582336
GPU_POST_SAMPLE 4 2326528 6144000 278528 262144 245760 98304 1130496 4587520 15073280
GPU_POST_SAMPLE 5 1982464 4898816 262144 245760 229376 81920 1064960 1654784 10420224
GPU_POST_SAMPLE 6 2523136 5488640 262144 3080192 294912 131072 1048576 1720320 14548992
GPU_POST_SAMPLE 7 1982464 4177920 245760 212992 212992 98304 901120 1425408 9256960
GPU_POST_SAMPLE 8 2654208 5783552 2588672 311296 212992 131072 1015808 1654784 14352384
GPU_POST_SAMPLE 9 2555904 7798784 278528 229376 262144 81920 999424 1703936 13910016
GPU_POST_SAMPLE 10 2375680 5685248 2621440 311296 245760 114688 1130496 1736704 14221312
GPU_POST_SAMPLE 11 2031616 4325376 2801664 344064 245760 131072 1196032 1818624 12894208
GPU_POST_SAMPLE 12 2113536 4620288 245760 229376 229376 3932160 1327104 1753088 14450688
GPU_POST_SAMPLE 13 2048000 4882432 262144 245760 229376 81920 1048576 1736704 10534912
GPU_POST_SAMPLE 14 2048000 4882432 262144 229376 245760 81920 1048576 1687552 10485760
GPU_POST_SAMPLE 15 1949696 4243456 3276800 311296 229376 131072 999424 1703936 12845056
GPU_POST_SAMPLE 16 2588672 5603328 3653632 311296 229376 131072 1130496 1884160 15532032
GPU_POST_SAMPLE 17 2097152 4587520 4227072 360448 278528 131072 1277952 1867776 14827520
GPU_POST_SAMPLE 18 2162688 4472832 4046848 327680 245760 131072 1179648 1851392 14417920
GPU_POST_SAMPLE 19 2146304 4472832 245760 229376 2654208 147456 1064960 1703936 12664832
GPU_POST_SAMPLE 20 2293760 5111808 245760 262144 245760 65536 1064960 5423104 14712832
GPU_POST_SAMPLE 21 1884160 3948544 229376 212992 212992 81920 933888 1474560 8978432
GPU_POST_SAMPLE 22 2637824 5816320 2506752 294912 245760 114688 1032192 1753088 14401536
GPU_POST_SAMPLE 23 3555328 7389184 2555904 294912 229376 114688 1032192 1687552 16859136
GPU_POST_SAMPLE 24 2375680 5718016 2555904 311296 229376 131072 1212416 1949696 14483456
GPU_POST_SAMPLE 25 1949696 4096000 262144 229376 229376 98304 966656 4997120 12828672
GPU_POST_SAMPLE 26 1867776 3883008 229376 212992 196608 81920 917504 1458176 8847360
GPU_POST_SAMPLE 27 2277376 5193728 2637824 327680 245760 114688 1179648 1835008 13811712
GPU_POST_SAMPLE 28 2146304 4800512 262144 229376 229376 65536 999424 4096000 12828672
GPU_POST_SAMPLE 29 2179072 4734976 278528 229376 229376 81920 999424 1622016 10354688
GPU_POST_SAMPLE 30 2129920 4636672 229376 245760 212992 98304 966656 5865472 14385152
GPU_POST_SAMPLE 31 1900544 3948544 229376 212992 212992 81920 917504 1458176 8962048
GPU_POST_SAMPLE 32 2588672 5586944 2342912 327680 262144 131072 1212416 2048000 14499840
GPU_POST_SAMPLE 33 2064384 4407296 2670592 294912 262144 114688 1212416 1769472 12795904
GPU_POST_SAMPLE 34 2473984 8617984 327680 294912 294912 98304 1359872 2162688 15630336
GPU_POST_SAMPLE 35 2064384 4227072 229376 212992 212992 81920 901120 1409024 9338880
GPU_POST_SAMPLE 36 2654208 5799936 4194304 311296 229376 131072 1114112 1703936 16138240
GPU_POST_SAMPLE 37 2621440 5783552 278528 262144 278528 81920 1048576 4587520 14942208
GPU_POST_SAMPLE 38 2310144 5226496 2637824 294912 245760 114688 1097728 1835008 13762560
GPU_POST_SAMPLE 39 2031616 4489216 2736128 327680 262144 131072 1179648 1753088 12910592
GPU_POST_SAMPLE 40 2097152 4685824 262144 212992 229376 98304 983040 5390336 13959168
GPU_POST_SAMPLE 41 1933312 4308992 245760 212992 229376 81920 933888 1540096 9486336
GPU_POST_SAMPLE 42 2310144 5341184 262144 245760 245760 98304 1048576 5734400 15286272
GPU_POST_SAMPLE 43 2113536 4800512 262144 229376 229376 98304 983040 1638400 10354688
GPU_POST_SAMPLE 44 2310144 5144576 245760 262144 212992 98304 1048576 1785856 11108352
GPU_POST_SAMPLE 45 2293760 5259264 278528 262144 245760 81920 1064960 5505024 14991360
GPU_POST_SAMPLE 46 2310144 5242880 262144 245760 245760 81920 1064960 1753088 11206656
GPU_POST_SAMPLE 47 2506752 5947392 2490368 294912 229376 131072 1081344 1687552 14368768
GPU_POST_SAMPLE 48 2015232 4800512 245760 245760 245760 81920 1032192 1753088 10420224
GPU_POST_SAMPLE 49 2048000 4456448 3063808 344064 262144 114688 1228800 1933312 13451264
GPU_POST_SAMPLE 50 2146304 4833280 262144 229376 229376 81920 983040 1671168 10436608
GPU_POST_SAMPLE 51 2359296 5259264 278528 262144 245760 81920 1097728 1785856 11370496
GPU_POST_SAMPLE 52 2375680 5439488 2834432 327680 245760 131072 1196032 1851392 14401536
GPU_POST_SAMPLE 53 2293760 6062080 2605056 311296 245760 131072 1064960 1769472 14483456
GPU_POST_SAMPLE 54 3211264 7421952 2523136 344064 294912 114688 1409024 2031616 17350656
GPU_POST_SAMPLE 55 2588672 5718016 262144 245760 245760 98304 1048576 5046272 15253504
GPU_POST_SAMPLE 56 1982464 4112384 245760 212992 212992 98304 868352 1441792 9175040
GPU_POST_SAMPLE 57 2359296 5881856 262144 262144 229376 81920 1048576 1720320 11845632
GPU_POST_SAMPLE 58 2408448 7553024 262144 245760 229376 81920 1064960 1720320 13565952
GPU_POST_SAMPLE 59 2310144 9879552 278528 229376 245760 81920 1064960 1720320 15810560
GPU_POST_SAMPLE 60 2113536 4603904 262144 212992 229376 81920 983040 5652480 14139392
GPU_POST_SAMPLE 61 2048000 4489216 262144 245760 3047424 147456 1196032 1933312 13369344
GPU_POST_SAMPLE 62 1966080 3932160 229376 196608 196608 81920 917504 4915200 12435456
GPU_POST_SAMPLE 63 2605056 5488640 245760 245760 245760 81920 1048576 4816896 14778368
GPU_POST_SAMPLE 64 2244608 4849664 278528 229376 245760 81920 1032192 4489216 13451264
GPU_POST_SAMPLE 65 2277376 7684096 245760 245760 212992 81920 1081344 1753088 13582336
GPU_POST_SAMPLE 66 2293760 4997120 278528 262144 245760 81920 1064960 1720320 10944512
GPU_POST_SAMPLE 67 2375680 5128192 2310144 294912 245760 114688 1081344 1720320 13271040
GPU_POST_SAMPLE 68 1916928 3883008 2867200 344064 262144 131072 1228800 2048000 12681216
GPU_POST_SAMPLE 69 2359296 8208384 294912 262144 245760 98304 1179648 1835008 14483456
GPU_POST_SAMPLE 70 2588672 5275648 262144 245760 212992 2801664 1179648 1654784 14221312
GPU_POST_SAMPLE 71 2326528 4964352 262144 262144 229376 98304 1048576 4800512 13991936
GPU_POST_SAMPLE 72 2506752 5341184 245760 245760 245760 3162112 1146880 1638400 14532608
GPU_POST_SAMPLE 73 2506752 5455872 278528 2801664 278528 131072 1032192 1703936 14188544
GPU_POST_SAMPLE 74 2326528 4800512 262144 245760 245760 65536 1064960 5275648 14286848
GPU_POST_SAMPLE 75 2179072 4898816 245760 245760 212992 98304 983040 4751360 13615104
GPU_POST_SAMPLE 76 2080768 4440064 262144 245760 245760 2146304 1179648 1687552 12288000
GPU_POST_SAMPLE 77 2392064 5128192 262144 3014656 294912 131072 1114112 1736704 14073856
GPU_POST_SAMPLE 78 2080768 4112384 245760 229376 212992 81920 933888 1474560 9371648
GPU_POST_SAMPLE 79 2686976 7307264 245760 245760 229376 81920 983040 1622016 13402112
GPU_POST_SAMPLE 80 2621440 7438336 262144 245760 229376 81920 1081344 1736704 13697024
GPU_POST_SAMPLE 81 2637824 5586944 294912 245760 245760 81920 1146880 4603904 14843904
GPU_POST_SAMPLE 82 1982464 3866624 2719744 311296 229376 131072 1064960 1720320 12025856
GPU_POST_SAMPLE 83 2113536 4325376 262144 212992 229376 81920 983040 4177920 12386304
GPU_POST_SAMPLE 84 1998848 3915776 229376 212992 212992 81920 901120 1409024 8962048
GPU_POST_SAMPLE 85 2703360 7258112 262144 245760 229376 81920 1032192 1736704 13549568
GPU_POST_SAMPLE 86 2490368 5373952 278528 245760 245760 81920 1081344 4947968 14745600
GPU_POST_SAMPLE 87 2719744 5537792 262144 262144 4210688 147456 1081344 1720320 15941632
GPU_POST_SAMPLE 88 1982464 3833856 229376 212992 196608 81920 901120 1458176 8896512
GPU_POST_SAMPLE 89 2228224 4374528 245760 245760 212992 2867200 1294336 1785856 13254656
GPU_POST_SAMPLE 90 2162688 4276224 245760 229376 212992 81920 950272 1605632 9764864
GPU_POST_SAMPLE 91 2228224 4816896 2998272 327680 245760 131072 1179648 1835008 13762560
GPU_POST_SAMPLE 92 2097152 4096000 262144 212992 212992 98304 917504 1507328 9404416
GPU_POST_SAMPLE 93 2457600 5177344 2342912 327680 212992 147456 1064960 1671168 13402112
GPU_POST_SAMPLE 94 2146304 4096000 3080192 344064 278528 131072 1245184 1703936 13025280
GPU_POST_SAMPLE 95 2588672 7946240 262144 245760 229376 81920 1196032 1933312 14483456
GPU_POST_SAMPLE 96 2129920 3735552 229376 212992 212992 81920 901120 1409024 8912896
GPU_POST_SAMPLE 97 2375680 5062656 2359296 294912 245760 114688 1146880 1753088 13352960
GPU_POST_SAMPLE 98 2801664 5423104 278528 245760 262144 65536 1081344 1736704 11894784
GPU_POST_SAMPLE 99 2146304 4374528 245760 245760 229376 81920 983040 1605632 9912320
GPU_POST_SAMPLE 100 2293760 4849664 3260416 360448 278528 131072 1343488 2146304 14663680
GPU_POST_SAMPLE 101 2424832 5177344 4407296 311296 245760 131072 1048576 1720320 15466496
GPU_POST_SAMPLE 102 3244032 7143424 3866624 344064 278528 114688 2162688 2228224 19382272
GPU_POST_SAMPLE 103 3227648 6815744 3309568 344064 262144 114688 1196032 1900544 17170432
GPU_POST_SAMPLE 104 2310144 4767744 262144 245760 229376 98304 1032192 5668864 14614528
GPU_POST_SAMPLE 105 3178496 8241152 5390336 344064 278528 131072 1277952 2048000 20889600
GPU_POST_SAMPLE 106 2179072 4407296 262144 245760 245760 2179072 1196032 1671168 12386304
GPU_POST_SAMPLE 107 2342912 4669440 262144 262144 245760 81920 1048576 4308992 13221888
GPU_POST_SAMPLE 108 2195456 4259840 262144 245760 245760 81920 983040 1654784 9928704
GPU_POST_SAMPLE 109 2179072 7012352 262144 245760 229376 81920 999424 1671168 12681216
GPU_POST_SAMPLE 110 2326528 9682944 327680 294912 294912 81920 1359872 2195456 16564224
GPU_POST_SAMPLE 111 3096576 9093120 294912 294912 278528 81920 1245184 2064384 16449536
GPU_POST_SAMPLE 112 2310144 4734976 262144 262144 4521984 147456 1310720 2162688 15712256
GPU_POST_SAMPLE 113 2326528 4800512 4259840 344064 278528 131072 1327104 2129920 15597568
GPU_POST_SAMPLE 114 2342912 4685824 3997696 344064 294912 131072 1310720 2080768 15187968
GPU_POST_SAMPLE 115 3293184 6356992 3522560 344064 278528 147456 1294336 2080768 17317888
GPU_POST_SAMPLE 116 3211264 6766592 2850816 327680 278528 131072 1982464 2129920 17678336
GPU_POST_SAMPLE 117 4915200 9551872 311296 311296 294912 81920 1359872 2162688 18989056
GPU_POST_SAMPLE 118 2375680 4898816 278528 262144 229376 98304 1048576 4308992 13500416
GPU_POST_SAMPLE 119 3227648 6799360 4112384 360448 278528 114688 1327104 2129920 18350080
{"seed":42,"vendor":"Microsoft Corporation","renderer":"D3D12 (Intel(R) Arc(TM) 140T GPU (16GB))","gl_version":"4.6 (Compatibility Profile) Mesa 26.2.2","gallium_path":"/root/.cache/football-mesa-build-20260913-a/install-wayland/lib/libgallium-26.2.2.so","width":1920,"height":1080,"quality":"pbr+bloom+fxaa+auto_exposure","swap_enabled":true,"swap_interval":0,"warmup_frames":30,"measured_frames":120,"in_play_frames":141,"p50_ms":30.424816,"p95_ms":35.469537,"p99_ms":39.595405,"submit_p50_ms":30.388263,"submit_p95_ms":35.430771,"finish_p50_ms":0.038493,"finish_p95_ms":0.059812,"samples_ms":[32.545561,28.899758,29.248745,30.434917,30.447972,25.227667,30.585719,27.226143,30.237318,31.752801,29.987512,28.927168,30.818377,29.765867,27.174418,29.702858,34.656909,32.286447,29.976036,28.054267,30.875078,27.017902,30.073795,32.885004,32.185313,32.318192,29.311331,28.575576,28.790883,27.839773,28.694551,24.941190,32.628585,28.772669,36.577129,28.927091,32.054098,31.091958,28.518961,28.655924,30.763874,25.308852,29.224964,29.003678,31.824452,30.775836,27.955992,29.284009,28.133926,27.388298,27.926768,28.986943,30.424816,30.350816,35.297441,32.438191,29.913693,30.861426,29.960648,34.317847,32.364501,32.495029,28.814474,30.520313,30.211864,32.360082,29.577135,29.955440,31.975348,34.228982,32.078110,29.663826,32.153150,31.004229,29.818564,33.481321,31.675621,31.279846,28.547705,29.940351,33.348115,31.239923,26.966309,27.100023,22.937652,29.723532,33.639432,31.649204,24.464957,29.713851,27.068899,28.315123,27.613647,29.690415,30.725530,33.493224,27.129113,28.887344,30.935286,27.013536,31.040707,34.278564,39.595405,33.652582,30.792287,39.752764,30.576527,29.702981,28.667832,31.282532,37.928346,35.469537,34.036307,31.296656,31.778162,33.463908,36.337420,36.842115,30.924811,33.962622],"submit_samples_ms":[32.508282,28.862327,29.210140,30.395390,30.404497,25.134936,30.546748,27.190102,30.200777,31.713325,29.950196,28.888742,30.781235,29.727300,27.130688,29.662503,34.590969,32.243802,29.933695,28.018631,30.839673,26.982306,30.036284,32.848116,32.146820,32.281310,29.274018,28.537877,28.749891,27.771435,28.654336,24.902725,32.590622,28.732892,36.538745,28.889747,32.018141,31.055149,28.460965,28.618128,30.725863,25.267991,29.188280,28.965124,31.788667,30.737071,27.917413,29.245971,28.091503,27.323735,27.890456,28.948193,30.388263,30.314353,35.257685,32.400889,29.875367,30.822971,29.921019,34.275567,32.304689,32.453284,28.778642,30.482212,30.173712,32.323529,29.539535,29.915778,31.937135,34.192236,32.041779,29.627509,32.116673,30.968084,29.779762,33.443842,31.636824,31.240549,28.510029,29.903716,33.310126,31.202340,26.925845,27.060183,22.897771,29.685866,33.595962,31.612513,24.424789,29.655238,27.024123,28.276947,27.574972,29.619463,30.688574,33.455820,27.089728,28.848921,30.897534,26.955765,30.994090,34.220281,39.551587,33.612850,30.754454,39.707594,30.534879,29.664227,28.620440,31.237681,37.857236,35.430771,33.988093,31.251605,31.732416,33.421382,36.301200,36.800882,30.886668,33.927363],"finish_samples_ms":[0.037279,0.037431,0.038605,0.039527,0.043475,0.092731,0.038971,0.036041,0.036541,0.039476,0.037316,0.038426,0.037142,0.038567,0.043730,0.040355,0.065940,0.042645,0.042341,0.035636,0.035405,0.035596,0.037511,0.036888,0.038493,0.036882,0.037313,0.037699,0.040992,0.068338,0.040215,0.038465,0.037963,0.039777,0.038384,0.037344,0.035957,0.036809,0.057996,0.037796,0.038011,0.040861,0.036684,0.038554,0.035785,0.038765,0.038579,0.038038,0.042423,0.064563,0.036312,0.038750,0.036553,0.036463,0.039756,0.037302,0.038326,0.038455,0.039629,0.042280,0.059812,0.041745,0.035832,0.038101,0.038152,0.036553,0.037600,0.039662,0.038213,0.036746,0.036331,0.036317,0.036477,0.036145,0.038802,0.037479,0.038797,0.039297,0.037676,0.036635,0.037989,0.037583,0.040464,0.039840,0.039881,0.037666,0.043470,0.036691,0.040168,0.058613,0.044776,0.038176,0.038675,0.070952,0.036956,0.037404,0.039385,0.038423,0.037752,0.057771,0.046617,0.058283,0.043818,0.039732,0.037833,0.045170,0.041648,0.038754,0.047392,0.044851,0.071110,0.038766,0.048214,0.045051,0.045746,0.042526,0.036220,0.041233,0.038143,0.035259]}
