MESA-EGL: warning: egl: failed to create dri2 screen
 dllPath = /usr/lib/wsl/drivers/iigd_dch.inf_amd64_3e6575b60ae27560, dllName = libigdgmm_w.so.12 
 IsWddmLinux = 1, dllWslName = /usr/lib/wsl/drivers/iigd_dch.inf_amd64_3e6575b60ae27560/libigdgmm_w.so.12  flags = 2
 dllPath = /usr/lib/wsl/drivers/iigd_dch.inf_amd64_3e6575b60ae27560, dllName = libigdgmm_w.so.12 
 IsWddmLinux = 1, dllWslName = /usr/lib/wsl/drivers/iigd_dch.inf_amd64_3e6575b60ae27560/libigdgmm_w.so.12  flags = 2
GPU_POST_SAMPLE 0 1196032 1736704 2654208 114688 81920 98304 294912 458752 6635520
GPU_POST_SAMPLE 1 851968 1310720 49152 81920 49152 81920 212992 376832 3014656
GPU_POST_SAMPLE 2 950272 1572864 65536 65536 81920 81920 245760 442368 3506176
GPU_POST_SAMPLE 3 950272 1556480 65536 81920 81920 81920 245760 442368 3506176
GPU_POST_SAMPLE 4 1130496 1966080 81920 933888 114688 98304 327680 491520 5144576
GPU_POST_SAMPLE 5 901120 1441792 49152 81920 81920 81920 212992 425984 3276800
GPU_POST_SAMPLE 6 901120 1392640 65536 65536 81920 65536 212992 425984 3211264
GPU_POST_SAMPLE 7 1163264 1949696 49152 114688 81920 49152 294912 475136 4177920
GPU_POST_SAMPLE 8 1015808 1523712 81920 81920 49152 81920 229376 425984 3489792
GPU_POST_SAMPLE 9 901120 1490944 81920 81920 81920 81920 245760 442368 3407872
GPU_POST_SAMPLE 10 950272 1572864 81920 81920 49152 81920 278528 442368 3538944
GPU_POST_SAMPLE 11 1212416 1703936 81920 81920 65536 81920 278528 442368 3948544
GPU_POST_SAMPLE 12 2588672 1900544 81920 65536 81920 81920 294912 507904 5603328
GPU_POST_SAMPLE 13 1359872 2293760 81920 98304 81920 81920 425984 557056 4980736
GPU_POST_SAMPLE 14 1228800 1949696 81920 65536 81920 81920 262144 491520 4243456
GPU_POST_SAMPLE 15 1228800 1867776 49152 81920 81920 81920 262144 458752 4112384
GPU_POST_SAMPLE 16 884736 1409024 49152 81920 81920 81920 245760 393216 3227648
GPU_POST_SAMPLE 17 933888 3522560 81920 49152 81920 81920 262144 425984 5439488
GPU_POST_SAMPLE 18 933888 1556480 49152 81920 81920 81920 229376 458752 3473408
GPU_POST_SAMPLE 19 917504 1409024 49152 81920 81920 49152 245760 393216 3227648
GPU_POST_SAMPLE 20 1605632 2473984 81920 114688 98304 81920 425984 688128 5570560
GPU_POST_SAMPLE 21 1196032 1949696 1196032 114688 81920 98304 327680 507904 5472256
GPU_POST_SAMPLE 22 868352 1441792 49152 81920 81920 49152 245760 393216 3211264
GPU_POST_SAMPLE 23 884736 1441792 81920 49152 81920 81920 212992 393216 3227648
GPU_POST_SAMPLE 24 1589248 2539520 98304 114688 81920 81920 425984 655360 5586944
GPU_POST_SAMPLE 25 868352 1392640 49152 49152 81920 65536 212992 393216 3112960
GPU_POST_SAMPLE 26 1540096 2506752 114688 98304 114688 81920 425984 770048 5652480
GPU_POST_SAMPLE 27 1146880 1900544 81920 65536 81920 81920 294912 507904 4161536
GPU_POST_SAMPLE 28 1114112 1916928 65536 81920 65536 81920 294912 540672 4161536
GPU_POST_SAMPLE 29 851968 1310720 81920 49152 49152 81920 212992 409600 3047424
GPU_POST_SAMPLE 30 1966080 1753088 81920 81920 81920 49152 294912 458752 4767744
GPU_POST_SAMPLE 31 1130496 1785856 49152 81920 81920 81920 294912 507904 4014080
GPU_POST_SAMPLE 32 2113536 1671168 81920 49152 81920 81920 262144 458752 4800512
GPU_POST_SAMPLE 33 2211840 1753088 49152 81920 81920 81920 262144 507904 5029888
GPU_POST_SAMPLE 34 868352 1425408 1359872 131072 49152 114688 311296 507904 4767744
GPU_POST_SAMPLE 35 901120 3112960 81920 81920 49152 81920 294912 475136 5079040
GPU_POST_SAMPLE 36 1146880 1785856 81920 49152 81920 81920 262144 491520 3981312
GPU_POST_SAMPLE 37 851968 1392640 49152 49152 81920 49152 212992 409600 3096576
GPU_POST_SAMPLE 38 901120 2998272 49152 81920 81920 65536 278528 507904 4964352
GPU_POST_SAMPLE 39 1179648 1884160 1179648 98304 81920 114688 311296 475136 5324800
GPU_POST_SAMPLE 40 1196032 2588672 81920 81920 81920 49152 294912 475136 4849664
GPU_POST_SAMPLE 41 1114112 2965504 65536 81920 81920 49152 294912 458752 5111808
GPU_POST_SAMPLE 42 884736 1376256 49152 81920 65536 65536 229376 393216 3145728
GPU_POST_SAMPLE 43 2277376 1703936 49152 81920 81920 81920 262144 475136 5013504
GPU_POST_SAMPLE 44 884736 1359872 49152 49152 81920 65536 212992 393216 3096576
GPU_POST_SAMPLE 45 819200 1310720 49152 81920 65536 65536 212992 376832 2981888
GPU_POST_SAMPLE 46 884736 1294336 81920 65536 65536 65536 212992 393216 3063808
GPU_POST_SAMPLE 47 1146880 1785856 81920 81920 81920 49152 294912 475136 3997696
GPU_POST_SAMPLE 48 1163264 1818624 49152 81920 81920 81920 262144 475136 4014080
GPU_POST_SAMPLE 49 868352 1327104 49152 81920 49152 81920 212992 409600 3080192
GPU_POST_SAMPLE 50 884736 1310720 81920 49152 81920 49152 212992 393216 3063808
GPU_POST_SAMPLE 51 1114112 1736704 81920 81920 81920 49152 294912 507904 3948544
GPU_POST_SAMPLE 52 851968 1310720 65536 65536 81920 49152 245760 393216 3063808
GPU_POST_SAMPLE 53 868352 1294336 81920 49152 65536 81920 212992 393216 3047424
GPU_POST_SAMPLE 54 851968 1359872 65536 49152 81920 49152 245760 393216 3096576
GPU_POST_SAMPLE 55 1081344 1802240 81920 81920 49152 81920 294912 475136 3948544
GPU_POST_SAMPLE 56 1130496 1785856 49152 81920 81920 49152 294912 475136 3948544
GPU_POST_SAMPLE 57 1146880 1785856 65536 81920 65536 81920 294912 507904 4030464
GPU_POST_SAMPLE 58 851968 1359872 49152 81920 81920 49152 245760 360448 3080192
GPU_POST_SAMPLE 59 851968 1261568 81920 49152 81920 49152 212992 376832 2965504
GPU_POST_SAMPLE 60 884736 1359872 49152 81920 49152 81920 212992 409600 3129344
GPU_POST_SAMPLE 61 884736 1359872 81920 49152 81920 49152 245760 360448 3112960
GPU_POST_SAMPLE 62 917504 1409024 81920 81920 49152 81920 212992 393216 3227648
GPU_POST_SAMPLE 63 868352 2785280 49152 81920 49152 81920 212992 393216 4521984
GPU_POST_SAMPLE 64 671744 1916928 81920 49152 81920 49152 212992 409600 3473408
GPU_POST_SAMPLE 65 851968 1409024 49152 81920 49152 81920 212992 409600 3145728
GPU_POST_SAMPLE 66 851968 1327104 81920 65536 49152 81920 229376 409600 3096576
GPU_POST_SAMPLE 67 819200 1359872 65536 81920 49152 81920 212992 393216 3063808
GPU_POST_SAMPLE 68 851968 1327104 81920 49152 81920 49152 229376 393216 3063808
GPU_POST_SAMPLE 69 901120 1409024 65536 49152 81920 81920 212992 393216 3194880
GPU_POST_SAMPLE 70 901120 1474560 49152 81920 81920 81920 245760 393216 3309568
GPU_POST_SAMPLE 71 884736 1441792 81920 49152 49152 81920 212992 393216 3194880
GPU_POST_SAMPLE 72 1097728 966656 49152 49152 49152 65536 163840 278528 2719744
GPU_POST_SAMPLE 73 671744 868352 65536 49152 49152 81920 131072 262144 2179072
GPU_POST_SAMPLE 74 1785856 1343488 81920 49152 49152 81920 245760 393216 4030464
GPU_POST_SAMPLE 75 688128 917504 49152 753664 65536 114688 262144 376832 3227648
GPU_POST_SAMPLE 76 638976 901120 49152 49152 65536 81920 131072 294912 2211840
GPU_POST_SAMPLE 77 671744 933888 16384 65536 49152 81920 131072 294912 2244608
GPU_POST_SAMPLE 78 704512 983040 49152 49152 65536 49152 163840 294912 2359296
GPU_POST_SAMPLE 79 671744 901120 32768 49152 49152 81920 131072 294912 2211840
GPU_POST_SAMPLE 80 688128 966656 49152 49152 65536 81920 147456 278528 2326528
GPU_POST_SAMPLE 81 671744 933888 49152 49152 65536 49152 163840 262144 2244608
GPU_POST_SAMPLE 82 720896 1245184 81920 49152 81920 65536 212992 393216 2850816
GPU_POST_SAMPLE 83 704512 917504 2621440 131072 81920 114688 311296 507904 5390336
GPU_POST_SAMPLE 84 671744 901120 65536 49152 49152 81920 131072 294912 2244608
GPU_POST_SAMPLE 85 688128 3997696 49152 65536 49152 81920 147456 278528 5357568
GPU_POST_SAMPLE 86 671744 901120 49152 65536 49152 81920 131072 294912 2244608
GPU_POST_SAMPLE 87 688128 1015808 49152 65536 49152 49152 163840 294912 2375680
GPU_POST_SAMPLE 88 917504 1376256 81920 49152 81920 81920 212992 344064 3145728
GPU_POST_SAMPLE 89 671744 933888 32768 49152 49152 81920 163840 262144 2244608
GPU_POST_SAMPLE 90 671744 901120 65536 49152 49152 49152 163840 262144 2211840
GPU_POST_SAMPLE 91 720896 983040 32768 81920 16384 81920 163840 294912 2375680
GPU_POST_SAMPLE 92 688128 933888 1540096 114688 49152 114688 180224 376832 3997696
GPU_POST_SAMPLE 93 688128 901120 65536 49152 49152 81920 131072 1753088 3719168
GPU_POST_SAMPLE 94 688128 917504 49152 49152 49152 81920 131072 294912 2260992
GPU_POST_SAMPLE 95 720896 966656 49152 49152 65536 49152 163840 278528 2342912
GPU_POST_SAMPLE 96 704512 901120 49152 49152 65536 65536 147456 294912 2277376
GPU_POST_SAMPLE 97 655360 933888 32768 81920 16384 81920 163840 262144 2228224
GPU_POST_SAMPLE 98 688128 999424 49152 49152 49152 65536 147456 294912 2342912
GPU_POST_SAMPLE 99 671744 933888 16384 81920 32768 81920 147456 278528 2244608
GPU_POST_SAMPLE 100 884736 1409024 81920 49152 81920 49152 245760 262144 3063808
GPU_POST_SAMPLE 101 688128 1654784 49152 49152 65536 65536 147456 278528 2998272
GPU_POST_SAMPLE 102 655360 933888 65536 49152 49152 49152 163840 262144 2228224
GPU_POST_SAMPLE 103 638976 933888 65536 49152 49152 49152 163840 262144 2211840
GPU_POST_SAMPLE 104 671744 901120 49152 65536 49152 49152 163840 262144 2211840
GPU_POST_SAMPLE 105 704512 983040 49152 49152 65536 49152 163840 294912 2359296
GPU_POST_SAMPLE 106 688128 983040 65536 49152 49152 81920 163840 262144 2342912
GPU_POST_SAMPLE 107 704512 999424 49152 49152 49152 65536 147456 294912 2359296
GPU_POST_SAMPLE 108 671744 901120 49152 65536 49152 81920 131072 294912 2244608
GPU_POST_SAMPLE 109 2703360 950272 65536 49152 49152 49152 163840 278528 4308992
GPU_POST_SAMPLE 110 720896 999424 65536 65536 81920 65536 212992 442368 2654208
GPU_POST_SAMPLE 111 688128 933888 1425408 98304 49152 81920 196608 278528 3751936
GPU_POST_SAMPLE 112 704512 917504 65536 49152 1359872 131072 212992 262144 3702784
GPU_POST_SAMPLE 113 671744 933888 49152 49152 49152 65536 147456 278528 2244608
GPU_POST_SAMPLE 114 671744 933888 49152 65536 49152 49152 163840 262144 2244608
GPU_POST_SAMPLE 115 688128 983040 65536 49152 49152 81920 163840 262144 2342912
GPU_POST_SAMPLE 116 704512 999424 16384 81920 32768 81920 163840 262144 2342912
GPU_POST_SAMPLE 117 704512 933888 49152 49152 32768 81920 147456 278528 2277376
GPU_POST_SAMPLE 118 720896 1998848 65536 49152 49152 49152 163840 294912 3391488
GPU_POST_SAMPLE 119 688128 933888 65536 49152 49152 49152 163840 262144 2260992
{"seed":42,"vendor":"Microsoft Corporation","renderer":"D3D12 (Intel(R) Arc(TM) 140T GPU (16GB))","gl_version":"4.6 (Compatibility Profile) Mesa 26.2.2","gallium_path":"/root/.cache/football-mesa-build-20260913-a/install-wayland/lib/libgallium-26.2.2.so","width":960,"height":540,"quality":"pbr+bloom+fxaa+auto_exposure","swap_enabled":true,"swap_interval":0,"warmup_frames":30,"measured_frames":120,"in_play_frames":141,"p50_ms":14.444732,"p95_ms":17.658445,"p99_ms":18.145155,"submit_p50_ms":14.401355,"submit_p95_ms":17.623063,"finish_p50_ms":0.031352,"finish_p95_ms":0.038291,"samples_ms":[21.844159,15.193666,15.036750,15.763222,17.999883,17.716723,16.277857,16.829793,17.986368,17.485761,16.477483,17.658445,18.145155,16.621980,15.138801,16.515662,16.032576,17.988066,17.074169,16.036930,16.993322,16.569514,14.444732,15.284621,17.196699,14.950306,15.035960,15.059149,13.674633,11.478993,15.297892,15.518684,13.861303,15.915982,13.955420,15.105227,14.803855,14.580419,14.082504,14.395559,15.138985,15.557918,14.073622,16.600876,14.310165,12.656264,13.859838,14.551795,13.538330,11.533765,15.605323,15.421714,14.308670,14.067174,16.552508,16.492138,14.306054,15.779883,13.016920,14.623315,13.875089,13.437433,13.766522,15.562687,16.069283,14.379388,14.700129,14.389755,15.531115,14.471080,15.036226,17.135104,14.796882,12.017268,13.787835,12.499489,13.919233,12.447015,12.129219,12.350044,13.656873,12.695020,13.350798,16.523146,13.782886,16.377999,16.400612,13.408963,15.269223,15.372176,14.578904,12.300538,14.231787,14.057571,12.994437,12.654400,12.532012,11.486010,13.285582,13.928532,13.467403,12.617312,13.356963,12.240093,11.355443,12.865765,13.612941,12.441064,14.734544,14.684153,13.296103,13.730472,14.944033,12.302186,11.478069,11.516565,11.564010,14.305348,13.367223,11.907746],"submit_samples_ms":[21.804413,15.160920,15.001129,15.715558,17.965096,17.679926,16.241156,16.792238,17.952215,17.449632,16.439365,17.623063,18.107218,16.586260,15.104730,16.477849,15.998259,17.952376,17.046166,16.011889,16.968786,16.533399,14.401355,15.246762,17.160604,14.915734,15.006603,15.027171,13.647075,11.449403,15.272228,15.488020,13.839658,15.887240,13.924902,15.079622,14.778003,14.558691,14.064357,14.375548,15.117892,15.526999,14.053095,16.547256,14.275976,12.628242,13.837014,14.522840,13.516178,11.507923,15.575932,15.394670,14.279796,14.040311,16.518351,16.463821,14.279431,15.755152,12.986225,14.593011,13.848182,13.405307,13.735891,15.528684,16.032428,14.340643,14.665434,14.355422,15.495008,14.439251,15.002956,17.103608,14.774290,11.991800,13.752443,12.466047,13.880942,12.414122,12.115218,12.331322,13.633433,12.669140,13.318813,16.490819,13.747678,16.345709,16.367872,13.383017,15.240795,15.340601,14.548351,12.271716,14.198747,14.026069,12.957482,12.597899,12.511058,11.462356,13.258953,13.901223,13.434507,12.585960,13.326176,12.213391,11.333971,12.840243,13.586258,12.414640,14.703342,14.649263,13.263480,13.697566,14.912370,12.268695,11.462923,11.496772,11.537643,14.272773,13.333542,11.874808],"finish_samples_ms":[0.039746,0.032746,0.035621,0.047664,0.034787,0.036797,0.036701,0.037555,0.034153,0.036129,0.038118,0.035382,0.037937,0.035720,0.034071,0.037813,0.034317,0.035690,0.028003,0.025041,0.024536,0.036115,0.043377,0.037859,0.036095,0.034572,0.029357,0.031978,0.027558,0.029590,0.025664,0.030664,0.021645,0.028742,0.030518,0.025605,0.025852,0.021728,0.018147,0.020011,0.021093,0.030919,0.020527,0.053620,0.034189,0.028022,0.022824,0.028955,0.022152,0.025842,0.029391,0.027044,0.028874,0.026863,0.034157,0.028317,0.026623,0.024731,0.030695,0.030304,0.026907,0.032126,0.030631,0.034003,0.036855,0.038745,0.034695,0.034333,0.036107,0.031829,0.033270,0.031496,0.022592,0.025468,0.035392,0.033442,0.038291,0.032893,0.014001,0.018722,0.023440,0.025880,0.031985,0.032327,0.035208,0.032290,0.032740,0.025946,0.028428,0.031575,0.030553,0.028822,0.033040,0.031502,0.036955,0.056501,0.020954,0.023654,0.026629,0.027309,0.032896,0.031352,0.030787,0.026702,0.021472,0.025522,0.026683,0.026424,0.031202,0.034890,0.032623,0.032906,0.031663,0.033491,0.015146,0.019793,0.026367,0.032575,0.033681,0.032938]}
