MESA-EGL: warning: egl: failed to create dri2 screen
 dllPath = /usr/lib/wsl/drivers/iigd_dch.inf_amd64_3e6575b60ae27560, dllName = libigdgmm_w.so.12 
 IsWddmLinux = 1, dllWslName = /usr/lib/wsl/drivers/iigd_dch.inf_amd64_3e6575b60ae27560/libigdgmm_w.so.12  flags = 2
 dllPath = /usr/lib/wsl/drivers/iigd_dch.inf_amd64_3e6575b60ae27560, dllName = libigdgmm_w.so.12 
 IsWddmLinux = 1, dllWslName = /usr/lib/wsl/drivers/iigd_dch.inf_amd64_3e6575b60ae27560/libigdgmm_w.so.12  flags = 2
GPU_POST_SAMPLE 0 2736128 5767168 2637824 278528 245760 114688 1032192 1654784 14467072
GPU_POST_SAMPLE 1 2605056 5423104 3244032 262144 196608 114688 917504 1441792 14204928
GPU_POST_SAMPLE 2 2670592 5603328 2408448 278528 196608 131072 884736 1392640 13565952
GPU_POST_SAMPLE 3 2162688 4947968 3293184 294912 212992 114688 950272 1441792 13418496
GPU_POST_SAMPLE 4 2211840 4931584 262144 2523136 262144 114688 966656 1540096 12812288
GPU_POST_SAMPLE 5 2048000 4538368 262144 245760 229376 81920 1048576 1687552 10141696
GPU_POST_SAMPLE 6 2228224 4587520 245760 229376 212992 98304 950272 5259264 13811712
GPU_POST_SAMPLE 7 2326528 5128192 278528 229376 229376 98304 1032192 5160960 14483456
GPU_POST_SAMPLE 8 2228224 4718592 262144 229376 229376 81920 1015808 1671168 10436608
GPU_POST_SAMPLE 9 2031616 4734976 262144 245760 229376 81920 1032192 1671168 10289152
GPU_POST_SAMPLE 10 2392064 5308416 3457024 278528 196608 114688 917504 1441792 14106624
GPU_POST_SAMPLE 11 2195456 4538368 229376 2621440 294912 114688 1032192 1638400 12664832
GPU_POST_SAMPLE 12 1949696 3948544 212992 212992 212992 81920 901120 1490944 9011200
GPU_POST_SAMPLE 13 2719744 5816320 2588672 311296 229376 131072 1064960 1753088 14614528
GPU_POST_SAMPLE 14 2457600 5472256 2342912 278528 212992 98304 901120 1441792 13205504
GPU_POST_SAMPLE 15 2670592 5947392 2457600 294912 245760 114688 1097728 1703936 14532608
GPU_POST_SAMPLE 16 2457600 5570560 2293760 262144 196608 114688 884736 1392640 13172736
GPU_POST_SAMPLE 17 1933312 4259840 2621440 262144 196608 114688 884736 1409024 11681792
GPU_POST_SAMPLE 18 1916928 4227072 229376 196608 212992 81920 868352 3506176 11239424
GPU_POST_SAMPLE 19 1900544 9650176 245760 245760 229376 81920 1015808 1687552 15056896
GPU_POST_SAMPLE 20 1966080 4063232 229376 196608 212992 65536 901120 1474560 9109504
GPU_POST_SAMPLE 21 2031616 4374528 1867776 278528 212992 98304 901120 1441792 11206656
GPU_POST_SAMPLE 22 2015232 4243456 212992 212992 196608 81920 868352 3801088 11632640
GPU_POST_SAMPLE 23 2048000 4128768 229376 212992 212992 81920 917504 1441792 9273344
GPU_POST_SAMPLE 24 2867200 7782400 262144 245760 245760 81920 1032192 1703936 14221312
GPU_POST_SAMPLE 25 1933312 4014080 2326528 294912 196608 114688 901120 1425408 11206656
GPU_POST_SAMPLE 26 3948544 7684096 2310144 262144 163840 114688 851968 1327104 16662528
GPU_POST_SAMPLE 27 2572288 6127616 2342912 262144 180224 98304 868352 1359872 13811712
GPU_POST_SAMPLE 28 1966080 3948544 212992 196608 212992 65536 868352 1409024 8880128
GPU_POST_SAMPLE 29 2228224 4653056 262144 2768896 278528 131072 983040 1638400 12943360
GPU_POST_SAMPLE 30 2473984 5210112 2506752 294912 212992 98304 966656 1425408 13189120
GPU_POST_SAMPLE 31 2572288 5652480 2605056 278528 196608 114688 917504 1556480 13893632
GPU_POST_SAMPLE 32 2080768 3866624 2670592 294912 229376 114688 1064960 1802240 12124160
GPU_POST_SAMPLE 33 2162688 8814592 294912 278528 262144 81920 1327104 2179072 15400960
GPU_POST_SAMPLE 34 2342912 4489216 3751936 311296 212992 131072 1048576 1703936 13991936
GPU_POST_SAMPLE 35 2277376 8519680 4292608 294912 229376 114688 1032192 1654784 18415616
GPU_POST_SAMPLE 36 2310144 4620288 262144 3309568 344064 114688 1376256 2015232 14352384
GPU_POST_SAMPLE 37 2228224 4767744 278528 245760 245760 98304 1048576 4096000 13008896
GPU_POST_SAMPLE 38 2293760 4767744 262144 245760 229376 98304 999424 4128768 13025280
GPU_POST_SAMPLE 39 3112960 6848512 3538944 360448 294912 131072 1196032 1900544 17383424
GPU_POST_SAMPLE 40 3162112 6537216 2637824 344064 294912 114688 1310720 2064384 16465920
GPU_POST_SAMPLE 41 2342912 4734976 2637824 294912 229376 131072 1032192 1687552 13090816
GPU_POST_SAMPLE 42 4833280 9404416 311296 294912 294912 98304 1294336 2179072 18710528
GPU_POST_SAMPLE 43 2244608 4620288 4521984 294912 212992 114688 983040 1622016 14614528
GPU_POST_SAMPLE 44 2195456 4685824 262144 229376 212992 81920 1032192 4980736 13680640
GPU_POST_SAMPLE 45 2768896 5570560 278528 262144 245760 81920 1130496 5226496 15564800
GPU_POST_SAMPLE 46 2097152 4128768 229376 229376 212992 81920 901120 1490944 9371648
GPU_POST_SAMPLE 47 2818048 5799936 2211840 278528 212992 98304 933888 1425408 13778944
GPU_POST_SAMPLE 48 2146304 4161536 229376 229376 2392064 131072 933888 1507328 11730944
GPU_POST_SAMPLE 49 2818048 5488640 278528 262144 229376 98304 1114112 1769472 12058624
GPU_POST_SAMPLE 50 1998848 4030464 2768896 262144 212992 98304 917504 1474560 11763712
GPU_POST_SAMPLE 51 2113536 4177920 245760 212992 196608 81920 901120 1474560 9404416
GPU_POST_SAMPLE 52 2031616 4063232 3325952 327680 262144 98304 1294336 1818624 13221888
GPU_POST_SAMPLE 53 2031616 4096000 212992 212992 212992 65536 884736 1441792 9158656
GPU_POST_SAMPLE 54 2867200 5799936 2064384 294912 212992 114688 1048576 1687552 14090240
GPU_POST_SAMPLE 55 2834432 5750784 2179072 294912 212992 98304 1015808 1703936 14090240
GPU_POST_SAMPLE 56 2818048 5832704 2392064 262144 212992 98304 884736 1343488 13844480
GPU_POST_SAMPLE 57 2015232 4145152 229376 212992 212992 65536 917504 1441792 9240576
GPU_POST_SAMPLE 58 2031616 7733248 262144 229376 245760 81920 1064960 1687552 13336576
GPU_POST_SAMPLE 59 2375680 5308416 2195456 294912 229376 114688 1048576 1671168 13238272
GPU_POST_SAMPLE 60 2686976 5947392 294912 3211264 262144 98304 868352 1409024 14778368
GPU_POST_SAMPLE 61 2605056 5734400 278528 262144 245760 65536 1146880 5128192 15466496
GPU_POST_SAMPLE 62 2048000 3964928 212992 212992 212992 65536 933888 1441792 9093120
GPU_POST_SAMPLE 63 2523136 6078464 212992 196608 180224 81920 901120 1441792 11616256
GPU_POST_SAMPLE 64 2506752 4341760 2244608 262144 196608 114688 917504 1458176 12042240
GPU_POST_SAMPLE 65 2162688 4014080 229376 196608 212992 65536 901120 1441792 9224192
GPU_POST_SAMPLE 66 2195456 4161536 1835008 262144 212992 114688 933888 1409024 11124736
GPU_POST_SAMPLE 67 2129920 4128768 229376 212992 196608 81920 901120 1507328 9388032
GPU_POST_SAMPLE 68 2097152 4325376 245760 196608 212992 81920 884736 1425408 9469952
GPU_POST_SAMPLE 69 2736128 5373952 2359296 278528 180224 114688 868352 1376256 13287424
GPU_POST_SAMPLE 70 2572288 5439488 2342912 262144 196608 98304 901120 1359872 13172736
GPU_POST_SAMPLE 71 2621440 5947392 2359296 245760 196608 114688 901120 1409024 13795328
GPU_POST_SAMPLE 72 2097152 4374528 212992 212992 196608 81920 851968 1441792 9469952
GPU_POST_SAMPLE 73 2211840 3964928 4325376 262144 196608 114688 933888 1458176 13467648
GPU_POST_SAMPLE 74 2228224 4030464 229376 1982464 262144 98304 901120 1441792 11173888
GPU_POST_SAMPLE 75 2539520 5177344 262144 212992 229376 81920 1015808 1703936 11223040
GPU_POST_SAMPLE 76 2146304 4341760 245760 212992 212992 65536 901120 1474560 9601024
GPU_POST_SAMPLE 77 2228224 4112384 245760 212992 196608 81920 933888 1490944 9502720
GPU_POST_SAMPLE 78 2228224 4308992 2195456 262144 196608 114688 901120 1392640 11599872
GPU_POST_SAMPLE 79 2129920 4227072 245760 212992 212992 81920 917504 1458176 9486336
GPU_POST_SAMPLE 80 2113536 4128768 5652480 278528 212992 114688 966656 1572864 15040512
GPU_POST_SAMPLE 81 2260992 4243456 229376 212992 196608 81920 884736 1441792 9551872
GPU_POST_SAMPLE 82 2916352 5816320 2129920 262144 196608 98304 901120 1409024 13729792
GPU_POST_SAMPLE 83 2260992 4308992 2293760 278528 212992 98304 917504 1458176 11829248
GPU_POST_SAMPLE 84 2998272 6488064 294912 245760 262144 65536 4784128 1441792 16580608
GPU_POST_SAMPLE 85 2129920 4423680 229376 229376 196608 81920 933888 1556480 9781248
GPU_POST_SAMPLE 86 2179072 4227072 245760 229376 196608 81920 933888 1490944 9584640
GPU_POST_SAMPLE 87 2785280 5947392 2080768 262144 180224 114688 868352 1409024 13647872
GPU_POST_SAMPLE 88 2195456 4308992 229376 2293760 245760 98304 933888 1441792 11747328
GPU_POST_SAMPLE 89 2260992 4096000 229376 212992 196608 81920 901120 1490944 9469952
GPU_POST_SAMPLE 90 2080768 3964928 2129920 278528 212992 98304 933888 1490944 11190272
GPU_POST_SAMPLE 91 2162688 4112384 245760 196608 196608 81920 884736 1474560 9355264
GPU_POST_SAMPLE 92 2146304 6225920 212992 196608 196608 81920 851968 1458176 11370496
GPU_POST_SAMPLE 93 2113536 4407296 245760 212992 212992 65536 933888 1507328 9699328
GPU_POST_SAMPLE 94 2113536 4046848 4800512 278528 212992 114688 999424 1540096 14106624
GPU_POST_SAMPLE 95 2228224 4194304 245760 196608 196608 81920 868352 1392640 9404416
GPU_POST_SAMPLE 96 2113536 4128768 229376 196608 196608 81920 884736 1425408 9256960
GPU_POST_SAMPLE 97 2146304 4128768 3899392 278528 196608 98304 933888 1474560 13156352
GPU_POST_SAMPLE 98 2080768 3899392 212992 212992 180224 81920 884736 4505600 12058624
GPU_POST_SAMPLE 99 2048000 3932160 2228224 245760 196608 114688 933888 1441792 11141120
GPU_POST_SAMPLE 100 2162688 4079616 245760 212992 196608 81920 917504 1474560 9371648
GPU_POST_SAMPLE 101 2228224 6160384 229376 196608 196608 65536 868352 1458176 11403264
GPU_POST_SAMPLE 102 2179072 4243456 229376 212992 196608 81920 901120 3981312 12025856
GPU_POST_SAMPLE 103 2146304 4145152 245760 212992 196608 81920 933888 1458176 9420800
GPU_POST_SAMPLE 104 2162688 6029312 229376 196608 212992 65536 851968 1359872 11108352
GPU_POST_SAMPLE 105 2146304 4145152 229376 212992 196608 81920 901120 1458176 9371648
GPU_POST_SAMPLE 106 2752512 7782400 2277376 262144 180224 114688 868352 1359872 15597568
GPU_POST_SAMPLE 107 2162688 4014080 229376 196608 196608 81920 851968 1409024 9142272
GPU_POST_SAMPLE 108 2064384 4210688 2064384 262144 212992 114688 933888 1392640 11255808
GPU_POST_SAMPLE 109 2359296 4046848 212992 196608 196608 81920 884736 1589248 9568256
GPU_POST_SAMPLE 110 3162112 5603328 2768896 262144 196608 98304 917504 1441792 14450688
GPU_POST_SAMPLE 111 2293760 4079616 3129344 262144 196608 114688 917504 1425408 12419072
GPU_POST_SAMPLE 112 2228224 4030464 229376 196608 212992 2588672 1048576 1441792 11976704
GPU_POST_SAMPLE 113 2097152 4030464 229376 196608 196608 81920 884736 1441792 9158656
GPU_POST_SAMPLE 114 2195456 4177920 229376 212992 196608 81920 868352 1474560 9437184
GPU_POST_SAMPLE 115 2211840 4177920 1818624 262144 212992 98304 901120 1409024 11091968
GPU_POST_SAMPLE 116 2146304 4145152 212992 212992 212992 81920 917504 1474560 9404416
GPU_POST_SAMPLE 117 2113536 6176768 229376 212992 196608 81920 884736 1458176 11354112
GPU_POST_SAMPLE 118 2146304 4161536 229376 196608 212992 81920 884736 3588096 11501568
GPU_POST_SAMPLE 119 2260992 3948544 2719744 278528 212992 98304 933888 1507328 11960320
{"seed":43,"vendor":"Microsoft Corporation","renderer":"D3D12 (Intel(R) Arc(TM) 140T GPU (16GB))","gl_version":"4.6 (Compatibility Profile) Mesa 26.2.2","gallium_path":"/root/.cache/football-mesa-build-20260913-a/install-wayland/lib/libgallium-26.2.2.so","width":1920,"height":1080,"quality":"pbr+bloom+fxaa+auto_exposure","swap_enabled":true,"swap_interval":0,"warmup_frames":30,"measured_frames":120,"in_play_frames":150,"p50_ms":27.998728,"p95_ms":33.445823,"p99_ms":37.931460,"submit_p50_ms":27.958540,"submit_p95_ms":33.401288,"finish_p50_ms":0.038144,"finish_p95_ms":0.048544,"samples_ms":[29.768165,32.346852,28.640107,31.045684,28.434963,26.833788,28.448683,29.420338,26.003093,27.998728,29.095924,27.350674,24.940809,31.887976,31.994768,31.148228,28.784351,28.656547,29.306905,32.703684,22.759204,26.038254,27.510527,23.184038,29.958894,26.532541,33.168610,28.274048,30.477635,31.627807,31.258248,32.313850,32.283328,35.930278,33.445823,36.810339,32.525962,28.926042,30.697962,35.400021,32.742595,29.928913,37.940407,30.737827,28.801062,29.486460,28.816065,30.215504,27.025135,30.203708,25.459773,25.975643,28.146172,22.568146,29.096271,29.010831,29.179936,21.928894,28.793796,27.592520,29.223244,31.329855,23.086302,26.966311,26.716475,21.876581,25.879995,24.668819,25.693590,29.047616,29.500987,30.371945,27.257671,29.575775,25.884059,26.515299,27.475650,22.022309,26.368649,26.811874,29.115607,25.088043,29.641560,28.973064,30.218393,29.811473,22.881715,26.625415,27.997865,22.343615,24.570298,23.547839,25.788062,25.305914,27.645566,23.595021,26.249738,27.020380,25.953566,26.366871,22.522341,27.280203,27.064802,23.141328,26.070025,26.918733,29.484310,25.481194,25.107751,37.931460,34.555056,30.552496,28.424152,24.072273,22.091914,24.075483,23.021999,25.759020,26.508842,25.298342],"submit_samples_ms":[29.731290,32.309884,28.605516,31.008787,28.397226,26.771071,28.409642,29.381327,25.908413,27.958540,29.050639,27.315596,24.902340,31.851322,31.959019,31.112642,28.746608,28.621668,29.268464,32.664567,22.720859,26.000360,27.468539,23.148783,29.901960,26.495115,33.133212,28.236042,30.432945,31.582435,31.215793,32.251428,32.235945,35.888380,33.401288,36.767619,32.486360,28.881186,30.652926,35.360089,32.703013,29.891576,37.895627,30.691838,28.762694,29.449163,28.777378,30.176980,26.986181,30.160762,25.421376,25.937499,28.108003,22.530584,29.058969,28.975062,29.141092,21.890394,28.756927,27.554499,29.182703,31.289466,23.050498,26.930363,26.678122,21.839693,25.841188,24.626852,25.657015,29.009450,29.462915,30.334773,27.213019,29.528720,25.849489,26.477989,27.436177,21.981747,26.333532,26.774054,29.067063,25.051589,29.603477,28.936292,30.181154,29.771633,22.844708,26.586472,27.953492,22.307373,24.534358,23.510246,25.752125,25.262554,27.608941,23.538122,26.209446,26.985637,25.918415,26.326290,22.485400,27.243579,27.030290,23.105590,26.034219,26.855316,29.437976,25.439306,25.062884,37.895111,34.514026,30.514525,28.388225,24.036170,22.053845,24.039381,22.984503,25.722820,26.469691,25.263511],"finish_samples_ms":[0.036875,0.036968,0.034591,0.036897,0.037737,0.062717,0.039041,0.039011,0.094680,0.040188,0.045285,0.035078,0.038469,0.036654,0.035749,0.035586,0.037743,0.034879,0.038441,0.039117,0.038345,0.037894,0.041988,0.035255,0.056934,0.037426,0.035398,0.038006,0.044690,0.045372,0.042455,0.062422,0.047383,0.041898,0.044535,0.042720,0.039602,0.044856,0.045036,0.039932,0.039582,0.037337,0.044780,0.045989,0.038368,0.037297,0.038687,0.038524,0.038954,0.042946,0.038397,0.038144,0.038169,0.037562,0.037302,0.035769,0.038844,0.038500,0.036869,0.038021,0.040541,0.040389,0.035804,0.035948,0.038353,0.036888,0.038807,0.041967,0.036575,0.038166,0.038072,0.037172,0.044652,0.047055,0.034570,0.037310,0.039473,0.040562,0.035117,0.037820,0.048544,0.036454,0.038083,0.036772,0.037239,0.039840,0.037007,0.038943,0.044373,0.036242,0.035940,0.037593,0.035937,0.043360,0.036625,0.056899,0.040292,0.034743,0.035151,0.040581,0.036941,0.036624,0.034512,0.035738,0.035806,0.063417,0.046334,0.041888,0.044867,0.036349,0.041030,0.037971,0.035927,0.036103,0.038069,0.036102,0.037496,0.036200,0.039151,0.034831]}
