MESA-EGL: warning: egl: failed to create dri2 screen
 dllPath = /usr/lib/wsl/drivers/iigd_dch.inf_amd64_3e6575b60ae27560, dllName = libigdgmm_w.so.12 
 IsWddmLinux = 1, dllWslName = /usr/lib/wsl/drivers/iigd_dch.inf_amd64_3e6575b60ae27560/libigdgmm_w.so.12  flags = 2
 dllPath = /usr/lib/wsl/drivers/iigd_dch.inf_amd64_3e6575b60ae27560, dllName = libigdgmm_w.so.12 
 IsWddmLinux = 1, dllWslName = /usr/lib/wsl/drivers/iigd_dch.inf_amd64_3e6575b60ae27560/libigdgmm_w.so.12  flags = 2
GPU_POST_SAMPLE 0 1310720 2555904 163840 163840 163840 65536 638976 1015808 6078464
GPU_POST_SAMPLE 1 1294336 2539520 180224 147456 163840 65536 638976 999424 6029312
GPU_POST_SAMPLE 2 1277952 2588672 180224 147456 147456 65536 638976 3391488 8437760
GPU_POST_SAMPLE 3 1310720 2555904 180224 147456 163840 49152 638976 1015808 6062080
GPU_POST_SAMPLE 4 1327104 2572288 163840 163840 147456 65536 638976 1015808 6094848
GPU_POST_SAMPLE 5 1425408 2932736 163840 163840 163840 65536 655360 1048576 6619136
GPU_POST_SAMPLE 6 1359872 2506752 180224 163840 147456 65536 655360 999424 6078464
GPU_POST_SAMPLE 7 1884160 4145152 229376 212992 196608 81920 901120 1458176 9109504
GPU_POST_SAMPLE 8 1802240 5488640 212992 196608 196608 65536 851968 1458176 10272768
GPU_POST_SAMPLE 9 1507328 3866624 180224 163840 147456 65536 655360 999424 7585792
GPU_POST_SAMPLE 10 1392640 3637248 180224 147456 163840 81920 884736 1441792 7929856
GPU_POST_SAMPLE 11 2490368 4440064 180224 147456 163840 65536 655360 999424 9142272
GPU_POST_SAMPLE 12 1343488 2572288 163840 163840 163840 65536 688128 1425408 6586368
GPU_POST_SAMPLE 13 1441792 2932736 163840 163840 147456 65536 671744 1048576 6635520
GPU_POST_SAMPLE 14 1884160 4063232 1884160 278528 229376 114688 999424 1359872 10813440
GPU_POST_SAMPLE 15 1867776 3883008 2228224 278528 196608 98304 933888 1409024 10895360
GPU_POST_SAMPLE 16 1916928 4161536 229376 212992 212992 65536 917504 1441792 9158656
GPU_POST_SAMPLE 17 1933312 4030464 2637824 262144 196608 98304 933888 1507328 11599872
GPU_POST_SAMPLE 18 1949696 4161536 212992 212992 196608 81920 868352 1392640 9076736
GPU_POST_SAMPLE 19 1835008 4161536 229376 196608 212992 2179072 1048576 1425408 11288576
GPU_POST_SAMPLE 20 1851392 3981312 2277376 262144 196608 114688 917504 1458176 11059200
GPU_POST_SAMPLE 21 1867776 4161536 212992 196608 196608 65536 884736 1409024 8994816
GPU_POST_SAMPLE 22 1835008 4145152 2244608 245760 196608 114688 917504 1392640 11091968
GPU_POST_SAMPLE 23 1851392 4128768 229376 196608 196608 65536 901120 1458176 9027584
GPU_POST_SAMPLE 24 1966080 4096000 2048000 262144 196608 98304 901120 1359872 10928128
GPU_POST_SAMPLE 25 1835008 4194304 229376 212992 196608 65536 901120 1458176 9093120
GPU_POST_SAMPLE 26 1835008 5455872 180224 163840 147456 65536 638976 1359872 9846784
GPU_POST_SAMPLE 27 1392640 2850816 163840 163840 163840 65536 655360 1032192 6488064
GPU_POST_SAMPLE 28 1359872 2490368 180224 163840 147456 65536 655360 1015808 6078464
GPU_POST_SAMPLE 29 1851392 4374528 196608 196608 196608 81920 884736 1425408 9207808
GPU_POST_SAMPLE 30 1327104 2555904 180224 163840 131072 81920 638976 1015808 6094848
GPU_POST_SAMPLE 31 1310720 3080192 2867200 212992 163840 98304 688128 1015808 9437184
GPU_POST_SAMPLE 32 1343488 2506752 163840 163840 163840 49152 638976 1015808 6045696
GPU_POST_SAMPLE 33 1327104 2490368 180224 163840 163840 65536 655360 999424 6045696
GPU_POST_SAMPLE 34 1327104 3981312 229376 196608 196608 65536 868352 1310720 8175616
GPU_POST_SAMPLE 35 1884160 3866624 212992 180224 196608 65536 851968 1392640 8650752
GPU_POST_SAMPLE 36 1851392 4177920 2244608 262144 180224 114688 917504 1425408 11173888
GPU_POST_SAMPLE 37 1867776 4259840 212992 212992 196608 65536 933888 1458176 9207808
GPU_POST_SAMPLE 38 1900544 4079616 2146304 262144 196608 114688 868352 1376256 10944512
GPU_POST_SAMPLE 39 1851392 4194304 229376 212992 196608 65536 901120 1441792 9093120
GPU_POST_SAMPLE 40 1376256 2867200 180224 163840 147456 65536 4177920 1114112 10092544
GPU_POST_SAMPLE 41 1327104 2523136 163840 163840 163840 65536 638976 1015808 6062080
GPU_POST_SAMPLE 42 1310720 2555904 180224 163840 163840 65536 638976 1015808 6094848
GPU_POST_SAMPLE 43 1327104 2539520 180224 147456 2097152 131072 704512 999424 8126464
GPU_POST_SAMPLE 44 1327104 2539520 180224 147456 163840 65536 655360 1015808 6094848
GPU_POST_SAMPLE 45 1343488 2539520 180224 147456 147456 65536 655360 999424 6078464
GPU_POST_SAMPLE 46 1310720 2572288 180224 163840 1949696 114688 720896 999424 8011776
GPU_POST_SAMPLE 47 1327104 2523136 196608 163840 147456 65536 638976 1081344 6144000
GPU_POST_SAMPLE 48 2048000 3096576 180224 163840 147456 65536 638976 999424 7340032
GPU_POST_SAMPLE 49 1310720 2506752 180224 163840 163840 65536 638976 1015808 6045696
GPU_POST_SAMPLE 50 1867776 4030464 3260416 262144 196608 114688 917504 1196032 11845632
GPU_POST_SAMPLE 51 1327104 2506752 180224 163840 147456 65536 655360 1015808 6062080
GPU_POST_SAMPLE 52 1343488 2555904 2539520 229376 147456 98304 704512 999424 8617984
GPU_POST_SAMPLE 53 1310720 2523136 180224 147456 163840 49152 638976 1015808 6029312
GPU_POST_SAMPLE 54 1294336 2539520 180224 147456 163840 65536 655360 1015808 6062080
GPU_POST_SAMPLE 55 1310720 2506752 196608 163840 147456 65536 638976 1015808 6045696
GPU_POST_SAMPLE 56 1802240 4800512 163840 163840 163840 65536 638976 1015808 8814592
GPU_POST_SAMPLE 57 1359872 2523136 180224 163840 147456 65536 655360 999424 6094848
GPU_POST_SAMPLE 58 1327104 2523136 196608 163840 1572864 131072 688128 1015808 7618560
GPU_POST_SAMPLE 59 1310720 2555904 180224 163840 163840 65536 671744 999424 6111232
GPU_POST_SAMPLE 60 2064384 4423680 229376 196608 196608 65536 884736 1441792 9502720
GPU_POST_SAMPLE 61 1343488 2555904 163840 163840 163840 65536 638976 4030464 9125888
GPU_POST_SAMPLE 62 1310720 2506752 180224 163840 147456 65536 655360 999424 6029312
GPU_POST_SAMPLE 63 1359872 2523136 163840 163840 147456 81920 655360 1015808 6111232
GPU_POST_SAMPLE 64 1359872 2490368 180224 147456 163840 49152 655360 1015808 6062080
GPU_POST_SAMPLE 65 1359872 2441216 180224 163840 147456 65536 638976 1015808 6012928
GPU_POST_SAMPLE 66 1359872 2506752 2375680 212992 163840 98304 704512 1015808 8437760
GPU_POST_SAMPLE 67 1359872 2539520 147456 163840 163840 81920 638976 1015808 6111232
GPU_POST_SAMPLE 68 1359872 2539520 180224 163840 163840 49152 638976 1015808 6111232
GPU_POST_SAMPLE 69 1392640 2506752 180224 163840 131072 81920 2392064 1048576 7897088
GPU_POST_SAMPLE 70 1343488 2523136 196608 147456 163840 49152 655360 999424 6078464
GPU_POST_SAMPLE 71 1867776 4374528 212992 180224 212992 49152 917504 1441792 9256960
GPU_POST_SAMPLE 72 1359872 3391488 212992 212992 180224 81920 671744 1015808 7127040
GPU_POST_SAMPLE 73 1703936 4882432 147456 163840 163840 49152 671744 983040 8765440
GPU_POST_SAMPLE 74 1392640 2506752 163840 163840 147456 81920 638976 1015808 6111232
GPU_POST_SAMPLE 75 1359872 2588672 180224 163840 147456 65536 2686976 1048576 8241152
GPU_POST_SAMPLE 76 1409024 2539520 180224 131072 163840 81920 638976 1015808 6160384
GPU_POST_SAMPLE 77 1392640 2506752 180224 163840 163840 49152 655360 1015808 6127616
GPU_POST_SAMPLE 78 1425408 2572288 180224 163840 163840 49152 638976 1015808 6209536
GPU_POST_SAMPLE 79 1441792 2834432 147456 163840 163840 49152 688128 2670592 8159232
GPU_POST_SAMPLE 80 1376256 2539520 163840 163840 147456 81920 638976 1015808 6127616
GPU_POST_SAMPLE 81 1376256 2539520 163840 163840 147456 65536 655360 1015808 6127616
GPU_POST_SAMPLE 82 1425408 2506752 180224 163840 163840 49152 638976 1015808 6144000
GPU_POST_SAMPLE 83 1409024 2523136 1933312 229376 163840 114688 688128 1015808 8077312
GPU_POST_SAMPLE 84 1441792 2768896 2064384 212992 147456 114688 688128 1015808 8454144
GPU_POST_SAMPLE 85 1441792 2539520 147456 163840 163840 1753088 884736 1015808 8110080
GPU_POST_SAMPLE 86 1409024 2457600 180224 131072 163840 81920 638976 983040 6045696
GPU_POST_SAMPLE 87 1409024 2555904 196608 147456 163840 49152 671744 1015808 6209536
GPU_POST_SAMPLE 88 1982464 4014080 212992 229376 180224 81920 868352 1441792 9011200
GPU_POST_SAMPLE 89 2031616 4292608 262144 212992 245760 49152 1015808 1540096 9650176
GPU_POST_SAMPLE 90 1949696 3784704 2080768 262144 212992 114688 901120 1392640 10698752
GPU_POST_SAMPLE 91 1458176 3866624 163840 163840 163840 65536 655360 999424 7536640
GPU_POST_SAMPLE 92 2064384 5783552 212992 180224 212992 65536 868352 1441792 10829824
GPU_POST_SAMPLE 93 1409024 3096576 163840 163840 163840 49152 655360 1015808 6717440
GPU_POST_SAMPLE 94 1409024 2506752 180224 163840 131072 81920 638976 1015808 6127616
GPU_POST_SAMPLE 95 1441792 2523136 196608 163840 147456 65536 638976 1015808 6193152
GPU_POST_SAMPLE 96 2064384 4128768 2080768 245760 212992 98304 933888 1261568 11026432
GPU_POST_SAMPLE 97 1441792 3063808 245760 212992 180224 81920 901120 1474560 7602176
GPU_POST_SAMPLE 98 2015232 3637248 1785856 212992 147456 114688 688128 1015808 9617408
GPU_POST_SAMPLE 99 1998848 4276224 212992 212992 212992 49152 901120 1507328 9371648
GPU_POST_SAMPLE 100 1409024 2539520 163840 147456 163840 81920 638976 1015808 6160384
GPU_POST_SAMPLE 101 1458176 4227072 2818048 262144 212992 114688 933888 1490944 11517952
GPU_POST_SAMPLE 102 1425408 2523136 196608 147456 163840 49152 655360 999424 6160384
GPU_POST_SAMPLE 103 1425408 2867200 245760 212992 212992 81920 884736 3866624 9797632
GPU_POST_SAMPLE 104 1441792 2506752 163840 147456 163840 49152 671744 983040 6127616
GPU_POST_SAMPLE 105 1785856 2555904 180224 163840 163840 49152 917504 1425408 7241728
GPU_POST_SAMPLE 106 2031616 4128768 2293760 245760 147456 114688 688128 1015808 10665984
GPU_POST_SAMPLE 107 1441792 2572288 180224 163840 131072 81920 638976 1015808 6225920
GPU_POST_SAMPLE 108 1409024 2506752 180224 163840 163840 81920 638976 1015808 6160384
GPU_POST_SAMPLE 109 1409024 2506752 163840 163840 163840 81920 655360 1015808 6160384
GPU_POST_SAMPLE 110 1998848 4292608 245760 180224 196608 81920 868352 1359872 9224192
GPU_POST_SAMPLE 111 1425408 2523136 196608 147456 163840 49152 671744 1015808 6193152
GPU_POST_SAMPLE 112 1441792 2457600 180224 163840 163840 49152 638976 1015808 6111232
GPU_POST_SAMPLE 113 1441792 2490368 180224 163840 163840 49152 638976 1015808 6144000
GPU_POST_SAMPLE 114 1425408 2506752 1785856 245760 163840 98304 704512 1015808 7946240
GPU_POST_SAMPLE 115 1441792 2506752 196608 147456 163840 49152 638976 1015808 6160384
GPU_POST_SAMPLE 116 1441792 2555904 163840 147456 163840 81920 638976 3620864 8814592
GPU_POST_SAMPLE 117 1458176 2473984 196608 163840 131072 81920 638976 2801664 7946240
GPU_POST_SAMPLE 118 1441792 2506752 163840 163840 163840 65536 638976 1015808 6160384
GPU_POST_SAMPLE 119 1458176 2539520 147456 163840 163840 49152 671744 1015808 6209536
{"seed":42,"vendor":"Microsoft Corporation","renderer":"D3D12 (Intel(R) Arc(TM) 140T GPU (16GB))","gl_version":"4.6 (Compatibility Profile) Mesa 26.2.2","gallium_path":"/root/.cache/football-mesa-build-20260913-a/install-wayland/lib/libgallium-26.2.2.so","width":1920,"height":1080,"quality":"pbr+bloom+fxaa+auto_exposure","swap_enabled":true,"swap_interval":0,"warmup_frames":30,"measured_frames":120,"in_play_frames":141,"p50_ms":22.650914,"p95_ms":26.683435,"p99_ms":28.483703,"submit_p50_ms":22.608990,"submit_p95_ms":26.643051,"finish_p50_ms":0.037541,"finish_p95_ms":0.057796,"samples_ms":[21.687579,21.069352,21.662087,21.259865,21.027512,20.058902,26.171286,22.651547,25.976856,24.778401,22.699303,25.301131,24.463367,20.164845,25.336855,24.873049,25.726567,28.606473,28.483703,25.583100,25.591186,26.852601,25.965499,23.103983,25.564282,23.478083,24.113399,22.897243,21.230271,24.965641,20.051613,23.338311,19.771521,21.325007,23.505071,24.625471,26.629052,22.691570,25.565770,27.423412,24.910498,19.777139,23.995688,23.682926,19.240721,20.006158,21.150552,22.668310,20.786960,19.927198,26.922933,20.249920,22.536263,20.745786,21.273793,21.914629,22.678154,19.651892,22.272686,20.798910,26.586603,23.653750,20.268498,21.650544,23.534388,20.892081,23.299376,20.005367,23.602961,22.650914,19.032925,25.377526,21.590861,22.349094,19.496855,21.820628,23.479050,18.697504,19.718846,21.733358,22.584404,20.561026,19.928948,22.768041,24.376972,22.027285,21.224611,22.328846,26.987058,23.928226,25.316993,23.222843,24.203906,21.723491,21.259553,19.718686,24.778223,21.753705,26.333476,24.452254,20.381661,25.404678,19.755308,24.755954,21.166009,23.718294,25.304330,18.803648,23.003482,20.742220,26.683435,22.375808,21.412040,20.767669,22.567555,20.229089,22.888696,22.798831,22.390920,20.314038],"submit_samples_ms":[21.654127,21.010573,21.624571,21.221098,20.990209,20.022087,26.136496,22.616160,25.941523,24.721218,22.662649,25.263886,24.426414,20.123790,25.299974,24.835292,25.686239,28.570378,28.447570,25.542839,25.558189,26.815469,25.928388,23.068323,25.531104,23.437351,24.076288,22.853013,21.191594,24.921421,20.013745,23.300761,19.726690,21.288673,23.459487,24.587928,26.591838,22.653809,25.500935,27.385121,24.875380,19.727196,23.961360,23.643628,19.206638,19.970101,21.109295,22.632181,20.749419,19.885622,26.879471,20.210772,22.501425,20.703863,21.239252,21.876663,22.643612,19.609260,22.227536,20.764156,26.549255,23.617980,20.230720,21.613313,23.495592,20.851832,23.264905,19.947571,23.568513,22.608990,18.998833,25.330987,21.554249,22.312207,19.456364,21.756949,23.435389,18.664497,19.678426,21.692235,22.548994,20.526492,19.881621,22.732325,24.337138,21.992179,21.182806,22.291986,26.945464,23.892008,25.281775,23.183726,24.168247,21.683964,21.223565,19.681761,24.739567,21.716731,26.295281,24.414365,20.343845,25.369178,19.696937,24.721112,21.115365,23.681917,25.267925,18.764607,22.937907,20.707430,26.643051,22.340324,21.373763,20.727881,22.534822,20.188579,22.854531,22.760370,22.328303,20.277184],"finish_samples_ms":[0.033452,0.058779,0.037516,0.038767,0.037303,0.036815,0.034790,0.035387,0.035333,0.057183,0.036654,0.037245,0.036953,0.041055,0.036881,0.037757,0.040328,0.036095,0.036133,0.040261,0.032997,0.037132,0.037111,0.035660,0.033178,0.040732,0.037111,0.044230,0.038677,0.044220,0.037868,0.037550,0.044831,0.036334,0.045584,0.037543,0.037214,0.037761,0.064835,0.038291,0.035118,0.049943,0.034328,0.039298,0.034083,0.036057,0.041257,0.036129,0.037541,0.041576,0.043462,0.039148,0.034838,0.041923,0.034541,0.037966,0.034542,0.042632,0.045150,0.034754,0.037348,0.035770,0.037778,0.037231,0.038796,0.040249,0.034471,0.057796,0.034448,0.041924,0.034092,0.046539,0.036612,0.036887,0.040491,0.063679,0.043661,0.033007,0.040420,0.041123,0.035410,0.034534,0.047327,0.035716,0.039834,0.035106,0.041805,0.036860,0.041594,0.036218,0.035218,0.039117,0.035659,0.039527,0.035988,0.036925,0.038656,0.036974,0.038195,0.037889,0.037816,0.035500,0.058371,0.034842,0.050644,0.036377,0.036405,0.039041,0.065575,0.034790,0.040384,0.035484,0.038277,0.039788,0.032733,0.040510,0.034165,0.038461,0.062617,0.036854]}
