MESA-EGL: warning: egl: failed to create dri2 screen
 dllPath = /usr/lib/wsl/drivers/iigd_dch.inf_amd64_3e6575b60ae27560, dllName = libigdgmm_w.so.12 
 IsWddmLinux = 1, dllWslName = /usr/lib/wsl/drivers/iigd_dch.inf_amd64_3e6575b60ae27560/libigdgmm_w.so.12  flags = 2
 dllPath = /usr/lib/wsl/drivers/iigd_dch.inf_amd64_3e6575b60ae27560, dllName = libigdgmm_w.so.12 
 IsWddmLinux = 1, dllWslName = /usr/lib/wsl/drivers/iigd_dch.inf_amd64_3e6575b60ae27560/libigdgmm_w.so.12  flags = 2
GPU_POST_SAMPLE 0 1081344 2129920 114688 114688 65536 81920 409600 688128 4685824
GPU_POST_SAMPLE 1 1507328 3096576 131072 131072 114688 81920 1802240 720896 7585792
GPU_POST_SAMPLE 2 1097728 2441216 114688 131072 114688 65536 442368 704512 5111808
GPU_POST_SAMPLE 3 1114112 2244608 81920 98304 114688 65536 409600 688128 4816896
GPU_POST_SAMPLE 4 1081344 2146304 98304 114688 81920 65536 409600 671744 4669440
GPU_POST_SAMPLE 5 1097728 2179072 114688 98304 114688 81920 393216 3112960 7192576
GPU_POST_SAMPLE 6 1081344 2080768 2031616 163840 98304 81920 458752 688128 6684672
GPU_POST_SAMPLE 7 1032192 2048000 114688 98304 81920 81920 376832 671744 4505600
GPU_POST_SAMPLE 8 1556480 2899968 1359872 131072 114688 81920 442368 671744 7258112
GPU_POST_SAMPLE 9 1081344 2162688 114688 98304 81920 81920 393216 704512 4718592
GPU_POST_SAMPLE 10 1130496 2211840 98304 114688 98304 65536 393216 688128 4800512
GPU_POST_SAMPLE 11 1064960 3391488 98304 114688 81920 65536 409600 671744 5898240
GPU_POST_SAMPLE 12 1556480 2932736 131072 131072 98304 81920 507904 802816 6242304
GPU_POST_SAMPLE 13 1114112 2113536 1392640 147456 81920 114688 442368 671744 6078464
GPU_POST_SAMPLE 14 1081344 2031616 114688 98304 114688 49152 393216 704512 4587520
GPU_POST_SAMPLE 15 1114112 2129920 114688 98304 81920 81920 409600 655360 4685824
GPU_POST_SAMPLE 16 1130496 2162688 65536 114688 114688 65536 409600 638976 4702208
GPU_POST_SAMPLE 17 1114112 2080768 114688 98304 81920 81920 376832 671744 4620288
GPU_POST_SAMPLE 18 1097728 2048000 114688 81920 98304 65536 393216 671744 4571136
GPU_POST_SAMPLE 19 1146880 2129920 81920 98304 2064384 131072 442368 704512 6799360
GPU_POST_SAMPLE 20 1146880 2195456 81920 98304 114688 49152 393216 704512 4784128
GPU_POST_SAMPLE 21 1064960 2048000 114688 98304 81920 81920 393216 638976 4521984
GPU_POST_SAMPLE 22 1458176 2801664 131072 114688 131072 49152 507904 802816 5996544
GPU_POST_SAMPLE 23 1146880 2129920 114688 98304 81920 81920 393216 671744 4718592
GPU_POST_SAMPLE 24 1097728 1966080 81920 114688 98304 49152 409600 638976 4456448
GPU_POST_SAMPLE 25 1064960 2162688 98304 81920 114688 81920 393216 671744 4669440
GPU_POST_SAMPLE 26 1130496 2097152 114688 98304 114688 49152 393216 704512 4702208
GPU_POST_SAMPLE 27 1114112 2195456 98304 81920 98304 81920 409600 655360 4734976
GPU_POST_SAMPLE 28 1130496 2064384 114688 98304 81920 81920 409600 655360 4636672
GPU_POST_SAMPLE 29 1146880 2113536 1736704 147456 114688 98304 425984 704512 6488064
GPU_POST_SAMPLE 30 1097728 1949696 98304 114688 81920 65536 409600 737280 4554752
GPU_POST_SAMPLE 31 1064960 2146304 98304 114688 65536 81920 409600 688128 4669440
GPU_POST_SAMPLE 32 1097728 2211840 98304 114688 98304 49152 409600 655360 4734976
GPU_POST_SAMPLE 33 1114112 2080768 114688 98304 114688 49152 409600 688128 4669440
GPU_POST_SAMPLE 34 1081344 2244608 114688 98304 81920 81920 393216 671744 4767744
GPU_POST_SAMPLE 35 1130496 2048000 114688 98304 114688 49152 393216 704512 4653056
GPU_POST_SAMPLE 36 1441792 2801664 98304 1228800 163840 114688 491520 835584 7176192
GPU_POST_SAMPLE 37 1097728 2162688 98304 114688 81920 65536 409600 671744 4702208
GPU_POST_SAMPLE 38 1114112 1736704 81920 81920 81920 81920 262144 442368 3883008
GPU_POST_SAMPLE 39 802816 1343488 81920 65536 81920 65536 262144 475136 3178496
GPU_POST_SAMPLE 40 770048 1310720 81920 65536 81920 65536 278528 458752 3112960
GPU_POST_SAMPLE 41 770048 1310720 65536 81920 81920 49152 294912 458752 3112960
GPU_POST_SAMPLE 42 737280 1343488 65536 81920 65536 65536 278528 475136 3112960
GPU_POST_SAMPLE 43 770048 1343488 81920 65536 81920 65536 262144 475136 3145728
GPU_POST_SAMPLE 44 802816 1310720 65536 81920 81920 49152 278528 475136 3145728
GPU_POST_SAMPLE 45 786432 1310720 81920 81920 81920 81920 262144 475136 3162112
GPU_POST_SAMPLE 46 802816 1310720 81920 65536 81920 81920 262144 458752 3145728
GPU_POST_SAMPLE 47 770048 1327104 81920 81920 81920 49152 278528 475136 3145728
GPU_POST_SAMPLE 48 770048 1343488 65536 81920 81920 917504 475136 458752 4194304
GPU_POST_SAMPLE 49 802816 1310720 81920 81920 81920 49152 294912 557056 3260416
GPU_POST_SAMPLE 50 770048 1310720 81920 81920 81920 49152 262144 491520 3129344
GPU_POST_SAMPLE 51 802816 1294336 81920 81920 81920 49152 278528 442368 3112960
GPU_POST_SAMPLE 52 802816 1310720 65536 81920 81920 49152 278528 475136 3145728
GPU_POST_SAMPLE 53 802816 1310720 65536 81920 81920 49152 278528 442368 3112960
GPU_POST_SAMPLE 54 950272 1310720 49152 114688 49152 81920 262144 458752 3276800
GPU_POST_SAMPLE 55 802816 1409024 81920 81920 81920 81920 262144 475136 3276800
GPU_POST_SAMPLE 56 770048 1294336 81920 81920 81920 49152 294912 458752 3112960
GPU_POST_SAMPLE 57 786432 1277952 81920 65536 81920 81920 278528 442368 3096576
GPU_POST_SAMPLE 58 1097728 1966080 114688 98304 114688 49152 393216 540672 4374528
GPU_POST_SAMPLE 59 1064960 2162688 98304 114688 98304 49152 409600 688128 4685824
GPU_POST_SAMPLE 60 1441792 1409024 81920 81920 65536 65536 294912 442368 3883008
GPU_POST_SAMPLE 61 802816 1294336 81920 81920 81920 49152 262144 491520 3145728
GPU_POST_SAMPLE 62 770048 1310720 81920 81920 81920 49152 262144 491520 3129344
GPU_POST_SAMPLE 63 786432 1310720 81920 81920 81920 49152 294912 458752 3145728
GPU_POST_SAMPLE 64 802816 1294336 81920 81920 81920 49152 294912 458752 3145728
GPU_POST_SAMPLE 65 851968 1441792 81920 81920 81920 65536 294912 491520 3391488
GPU_POST_SAMPLE 66 802816 1310720 81920 81920 65536 65536 294912 442368 3145728
GPU_POST_SAMPLE 67 819200 1441792 81920 81920 81920 49152 294912 475136 3325952
GPU_POST_SAMPLE 68 1523712 2932736 131072 131072 114688 81920 557056 802816 6275072
GPU_POST_SAMPLE 69 1245184 2195456 98304 81920 114688 81920 425984 688128 4931584
GPU_POST_SAMPLE 70 1081344 2113536 114688 98304 114688 49152 393216 704512 4669440
GPU_POST_SAMPLE 71 1032192 2031616 1867776 147456 81920 114688 425984 638976 6340608
GPU_POST_SAMPLE 72 1130496 3440640 98304 114688 98304 81920 425984 720896 6111232
GPU_POST_SAMPLE 73 1064960 2080768 114688 98304 114688 49152 393216 671744 4587520
GPU_POST_SAMPLE 74 1081344 2048000 81920 98304 114688 49152 376832 655360 4505600
GPU_POST_SAMPLE 75 1146880 2064384 1294336 163840 114688 81920 442368 671744 5980160
GPU_POST_SAMPLE 76 1572864 2899968 131072 114688 131072 49152 557056 770048 6225920
GPU_POST_SAMPLE 77 1179648 2080768 81920 98304 114688 49152 409600 655360 4669440
GPU_POST_SAMPLE 78 1114112 6291456 114688 98304 114688 49152 393216 704512 8880128
GPU_POST_SAMPLE 79 1376256 2703360 1327104 163840 98304 114688 442368 671744 6897664
GPU_POST_SAMPLE 80 1114112 2162688 114688 98304 114688 49152 393216 704512 4751360
GPU_POST_SAMPLE 81 1179648 2195456 98304 114688 65536 81920 409600 688128 4833280
GPU_POST_SAMPLE 82 1179648 2179072 114688 81920 98304 49152 409600 655360 4767744
GPU_POST_SAMPLE 83 1114112 5423104 98304 131072 114688 49152 475136 802816 8208384
GPU_POST_SAMPLE 84 1146880 2129920 98304 114688 81920 81920 393216 688128 4734976
GPU_POST_SAMPLE 85 1130496 2015232 114688 98304 114688 81920 393216 688128 4636672
GPU_POST_SAMPLE 86 1064960 1884160 114688 98304 81920 81920 376832 638976 4341760
GPU_POST_SAMPLE 87 1064960 1998848 114688 98304 114688 49152 409600 655360 4505600
GPU_POST_SAMPLE 88 1130496 2179072 81920 114688 98304 81920 393216 704512 4784128
GPU_POST_SAMPLE 89 1146880 2211840 114688 98304 114688 49152 425984 671744 4833280
GPU_POST_SAMPLE 90 1146880 2113536 1966080 163840 98304 114688 458752 655360 6717440
GPU_POST_SAMPLE 91 1097728 2162688 114688 98304 114688 65536 409600 688128 4751360
GPU_POST_SAMPLE 92 1114112 1982464 98304 81920 114688 65536 409600 688128 4554752
GPU_POST_SAMPLE 93 1163264 2195456 1327104 131072 114688 98304 458752 671744 6160384
GPU_POST_SAMPLE 94 1064960 2031616 114688 98304 81920 81920 393216 638976 4505600
GPU_POST_SAMPLE 95 1064960 1998848 114688 98304 81920 81920 393216 638976 4472832
GPU_POST_SAMPLE 96 1064960 1949696 81920 98304 114688 49152 376832 671744 4407296
GPU_POST_SAMPLE 97 1146880 2048000 98304 114688 98304 65536 393216 688128 4653056
GPU_POST_SAMPLE 98 1343488 2686976 1409024 131072 114688 98304 425984 704512 6914048
GPU_POST_SAMPLE 99 2097152 3653632 131072 147456 131072 81920 688128 1146880 8077312
GPU_POST_SAMPLE 100 1097728 1998848 98304 114688 81920 65536 409600 688128 4554752
GPU_POST_SAMPLE 101 1097728 2015232 114688 81920 98304 65536 393216 671744 4538368
GPU_POST_SAMPLE 102 1146880 2146304 81920 114688 98304 1048576 524288 704512 5865472
GPU_POST_SAMPLE 103 1064960 1982464 98304 81920 114688 81920 360448 671744 4456448
GPU_POST_SAMPLE 104 1146880 2211840 81920 114688 98304 81920 409600 688128 4833280
GPU_POST_SAMPLE 105 1179648 1998848 1802240 163840 114688 65536 458752 688128 6471680
GPU_POST_SAMPLE 106 1130496 2113536 81920 98304 114688 49152 425984 671744 4685824
GPU_POST_SAMPLE 107 1179648 2211840 81920 98304 114688 81920 1736704 720896 6225920
GPU_POST_SAMPLE 108 1163264 4358144 131072 98304 131072 65536 524288 851968 7323648
GPU_POST_SAMPLE 109 1097728 1966080 114688 98304 81920 81920 409600 655360 4505600
GPU_POST_SAMPLE 110 1163264 2162688 114688 98304 1916928 114688 475136 688128 6733824
GPU_POST_SAMPLE 111 1130496 4046848 98304 81920 114688 81920 393216 671744 6619136
GPU_POST_SAMPLE 112 1146880 2097152 81920 114688 98304 81920 393216 671744 4685824
GPU_POST_SAMPLE 113 1179648 2146304 1310720 163840 98304 114688 458752 688128 6160384
GPU_POST_SAMPLE 114 1146880 2129920 98304 114688 81920 81920 393216 671744 4718592
GPU_POST_SAMPLE 115 1146880 2080768 81920 98304 114688 49152 393216 638976 4603904
GPU_POST_SAMPLE 116 1212416 2146304 114688 114688 98304 49152 425984 671744 4833280
GPU_POST_SAMPLE 117 1064960 1949696 98304 81920 114688 49152 409600 638976 4407296
GPU_POST_SAMPLE 118 1114112 1998848 81920 114688 98304 49152 376832 671744 4505600
GPU_POST_SAMPLE 119 1130496 2015232 114688 114688 65536 81920 409600 688128 4620288
{"seed":42,"vendor":"Microsoft Corporation","renderer":"D3D12 (Intel(R) Arc(TM) 140T GPU (16GB))","gl_version":"4.6 (Compatibility Profile) Mesa 26.2.2","gallium_path":"/root/.cache/football-mesa-build-20260913-a/install-wayland/lib/libgallium-26.2.2.so","width":1280,"height":720,"quality":"pbr+bloom+fxaa+auto_exposure","swap_enabled":true,"swap_interval":0,"warmup_frames":30,"measured_frames":120,"in_play_frames":141,"p50_ms":16.640742,"p95_ms":19.155745,"p99_ms":20.957655,"submit_p50_ms":16.608191,"submit_p95_ms":19.115125,"finish_p50_ms":0.034790,"finish_p95_ms":0.050545,"samples_ms":[16.988891,19.967669,16.091725,15.777161,17.186317,18.278725,18.404254,16.640742,20.602798,16.037184,18.370591,19.041395,18.238786,16.707363,17.992114,16.503418,15.254641,16.454224,15.320881,17.992439,16.370189,17.732278,17.438279,15.791774,14.553223,14.764886,16.882805,16.804551,16.833265,16.698487,15.768239,14.922726,14.977175,15.680827,16.196586,16.663651,17.824200,14.636752,16.254933,15.133328,15.958061,14.516707,14.478823,15.095296,14.571339,15.471161,15.199732,15.063061,15.457571,14.595675,13.900006,13.096069,14.340118,13.447012,14.498203,14.567235,13.417016,13.626954,16.884154,15.004365,14.747919,14.344928,14.339960,14.953304,13.574761,16.499139,12.795653,15.265099,17.761996,17.441054,17.590774,17.614347,17.148921,17.210800,17.251185,16.717832,18.438786,18.405623,21.172110,19.155745,16.012713,16.630666,16.021560,20.957655,17.367819,15.224812,16.329908,15.630937,15.448969,18.544259,18.891356,16.078289,17.103173,18.512674,17.530287,19.499958,18.464599,16.365355,18.970066,20.654257,17.240112,18.210792,18.017116,16.076391,17.978379,19.077274,17.257175,19.102234,18.706136,16.789787,17.461152,17.236725,18.894585,17.597928,18.300947,17.259395,17.269914,16.362822,15.870384,15.742900],"submit_samples_ms":[16.954435,19.932879,16.054286,15.739289,17.153221,18.245201,18.372145,16.608191,20.565416,16.003263,18.333101,19.006185,18.208711,16.675502,17.955559,16.468404,15.217755,16.419809,15.288636,17.959306,16.336221,17.697374,17.401572,15.760231,14.523370,14.737302,16.831138,16.767691,16.800351,16.665765,15.732733,14.888750,14.942522,15.646518,16.160844,16.635142,17.797009,14.598145,16.211119,15.079978,15.922583,14.484380,14.446057,15.061239,14.533352,15.437362,15.163862,15.026435,15.425162,14.560212,13.861886,13.056982,14.300109,13.411634,14.464359,14.532096,13.388390,13.599251,16.851709,14.973493,14.718759,14.317627,14.311055,14.924135,13.545844,16.465249,12.769772,15.230012,17.727205,17.397434,17.555262,17.578863,17.114890,17.175735,17.220368,16.686647,18.403630,18.369127,21.099643,19.115125,15.968887,16.596463,15.986340,20.922949,17.339619,15.193136,16.297735,15.593442,15.411347,18.487541,18.856904,16.042605,17.067573,18.472468,17.479742,19.463857,18.430946,16.338181,18.917842,20.624604,17.203341,18.176425,17.990263,16.037436,17.940313,19.041729,17.223045,19.072408,18.668161,16.754076,17.426362,17.202126,18.869346,17.560674,18.229521,17.223514,17.234704,16.327218,15.835987,15.706038],"finish_samples_ms":[0.034456,0.034790,0.037439,0.037872,0.033096,0.033524,0.032109,0.032551,0.037382,0.033921,0.037490,0.035210,0.030075,0.031861,0.036555,0.035014,0.036886,0.034415,0.032245,0.033133,0.033968,0.034904,0.036707,0.031543,0.029853,0.027584,0.051667,0.036860,0.032914,0.032722,0.035506,0.033976,0.034653,0.034309,0.035742,0.028509,0.027191,0.038607,0.043814,0.053350,0.035478,0.032327,0.032766,0.034057,0.037987,0.033799,0.035870,0.036626,0.032409,0.035463,0.038120,0.039087,0.040009,0.035378,0.033844,0.035139,0.028626,0.027703,0.032445,0.030872,0.029160,0.027301,0.028905,0.029169,0.028917,0.033890,0.025881,0.035087,0.034791,0.043620,0.035512,0.035484,0.034031,0.035065,0.030817,0.031185,0.035156,0.036496,0.072467,0.040620,0.043826,0.034203,0.035220,0.034706,0.028200,0.031676,0.032173,0.037495,0.037622,0.056718,0.034452,0.035684,0.035600,0.040206,0.050545,0.036101,0.033653,0.027174,0.052224,0.029653,0.036771,0.034367,0.026853,0.038955,0.038066,0.035545,0.034130,0.029826,0.037975,0.035711,0.034790,0.034599,0.025239,0.037254,0.071426,0.035881,0.035210,0.035604,0.034397,0.036862]}
