MESA-EGL: warning: egl: failed to create dri2 screen
 dllPath = /usr/lib/wsl/drivers/iigd_dch.inf_amd64_3e6575b60ae27560, dllName = libigdgmm_w.so.12 
 IsWddmLinux = 1, dllWslName = /usr/lib/wsl/drivers/iigd_dch.inf_amd64_3e6575b60ae27560/libigdgmm_w.so.12  flags = 2
 dllPath = /usr/lib/wsl/drivers/iigd_dch.inf_amd64_3e6575b60ae27560, dllName = libigdgmm_w.so.12 
 IsWddmLinux = 1, dllWslName = /usr/lib/wsl/drivers/iigd_dch.inf_amd64_3e6575b60ae27560/libigdgmm_w.so.12  flags = 2
GPU_POST_SAMPLE 0 950272 1409024 49152 65536 65536 81920 212992 393216 3227648
GPU_POST_SAMPLE 1 966656 1425408 65536 65536 65536 65536 212992 409600 3276800
GPU_POST_SAMPLE 2 950272 1392640 65536 65536 65536 65536 229376 376832 3211264
GPU_POST_SAMPLE 3 966656 1490944 65536 65536 65536 65536 229376 376832 3325952
GPU_POST_SAMPLE 4 1294336 1933312 81920 81920 65536 65536 327680 524288 4374528
GPU_POST_SAMPLE 5 950272 1441792 65536 65536 65536 65536 229376 393216 3276800
GPU_POST_SAMPLE 6 966656 1359872 65536 65536 65536 65536 229376 393216 3211264
GPU_POST_SAMPLE 7 950272 1507328 49152 65536 65536 65536 229376 393216 3325952
GPU_POST_SAMPLE 8 917504 1425408 65536 65536 65536 65536 229376 393216 3227648
GPU_POST_SAMPLE 9 966656 1490944 65536 65536 65536 65536 229376 409600 3358720
GPU_POST_SAMPLE 10 950272 1572864 65536 65536 65536 65536 245760 393216 3424256
GPU_POST_SAMPLE 11 966656 1409024 65536 65536 65536 65536 229376 393216 3260416
GPU_POST_SAMPLE 12 917504 1392640 49152 65536 65536 65536 212992 393216 3162112
GPU_POST_SAMPLE 13 1245184 1900544 81920 81920 81920 65536 294912 507904 4259840
GPU_POST_SAMPLE 14 950272 1441792 65536 65536 65536 49152 229376 393216 3260416
GPU_POST_SAMPLE 15 933888 1474560 65536 81920 65536 65536 245760 393216 3325952
GPU_POST_SAMPLE 16 1228800 1900544 81920 81920 81920 49152 311296 507904 4243456
GPU_POST_SAMPLE 17 1703936 2588672 98304 98304 114688 65536 409600 753664 5832704
GPU_POST_SAMPLE 18 933888 1458176 65536 65536 65536 65536 229376 409600 3293184
GPU_POST_SAMPLE 19 1245184 1884160 65536 81920 81920 65536 294912 507904 4227072
GPU_POST_SAMPLE 20 917504 1425408 65536 65536 65536 65536 212992 393216 3211264
GPU_POST_SAMPLE 21 1163264 1851392 65536 65536 81920 65536 294912 475136 4063232
GPU_POST_SAMPLE 22 704512 950272 49152 49152 65536 49152 147456 278528 2293760
GPU_POST_SAMPLE 23 688128 933888 49152 65536 49152 49152 163840 262144 2260992
GPU_POST_SAMPLE 24 737280 1015808 65536 81920 65536 65536 294912 475136 2801664
GPU_POST_SAMPLE 25 851968 933888 32768 65536 49152 65536 147456 278528 2424832
GPU_POST_SAMPLE 26 704512 933888 49152 49152 65536 49152 147456 278528 2277376
GPU_POST_SAMPLE 27 704512 950272 65536 65536 65536 65536 212992 409600 2539520
GPU_POST_SAMPLE 28 753664 1048576 2179072 114688 65536 98304 262144 344064 4866048
GPU_POST_SAMPLE 29 983040 1032192 49152 65536 49152 49152 147456 278528 2654208
GPU_POST_SAMPLE 30 704512 1409024 32768 65536 49152 65536 147456 278528 2752512
GPU_POST_SAMPLE 31 819200 1146880 49152 65536 49152 49152 163840 262144 2605056
GPU_POST_SAMPLE 32 720896 933888 65536 49152 49152 65536 147456 262144 2293760
GPU_POST_SAMPLE 33 770048 2179072 65536 49152 49152 49152 163840 294912 3620864
GPU_POST_SAMPLE 34 770048 933888 49152 49152 2048000 114688 196608 278528 4440064
GPU_POST_SAMPLE 35 770048 950272 1212416 98304 49152 98304 180224 278528 3637248
GPU_POST_SAMPLE 36 720896 917504 49152 65536 49152 49152 163840 262144 2277376
GPU_POST_SAMPLE 37 737280 933888 49152 49152 49152 65536 147456 278528 2310144
GPU_POST_SAMPLE 38 737280 917504 49152 65536 32768 65536 147456 278528 2293760
GPU_POST_SAMPLE 39 753664 999424 49152 49152 49152 65536 147456 294912 2408448
GPU_POST_SAMPLE 40 753664 917504 49152 65536 49152 65536 147456 278528 2326528
GPU_POST_SAMPLE 41 753664 933888 49152 49152 49152 65536 147456 278528 2326528
GPU_POST_SAMPLE 42 770048 917504 49152 49152 65536 49152 163840 262144 2326528
GPU_POST_SAMPLE 43 770048 999424 32768 49152 65536 65536 163840 278528 2424832
GPU_POST_SAMPLE 44 753664 983040 49152 65536 49152 49152 163840 294912 2408448
GPU_POST_SAMPLE 45 1064960 1130496 49152 65536 49152 49152 163840 278528 2850816
GPU_POST_SAMPLE 46 720896 917504 49152 49152 49152 65536 147456 278528 2277376
GPU_POST_SAMPLE 47 770048 950272 65536 49152 32768 2064384 278528 262144 4472832
GPU_POST_SAMPLE 48 999424 983040 49152 49152 65536 49152 163840 278528 2637824
GPU_POST_SAMPLE 49 819200 1441792 65536 81920 65536 81920 1130496 491520 4177920
GPU_POST_SAMPLE 50 1212416 1769472 1146880 98304 65536 98304 245760 376832 5013504
GPU_POST_SAMPLE 51 966656 1392640 81920 65536 81920 65536 245760 425984 3325952
GPU_POST_SAMPLE 52 933888 1310720 65536 65536 49152 65536 212992 376832 3080192
GPU_POST_SAMPLE 53 917504 1310720 65536 65536 65536 65536 229376 376832 3096576
GPU_POST_SAMPLE 54 1179648 1785856 2097152 114688 81920 98304 311296 491520 6160384
GPU_POST_SAMPLE 55 950272 1310720 65536 65536 65536 65536 229376 393216 3145728
GPU_POST_SAMPLE 56 950272 1359872 65536 65536 65536 49152 229376 393216 3178496
GPU_POST_SAMPLE 57 1097728 1654784 65536 81920 868352 114688 294912 458752 4636672
GPU_POST_SAMPLE 58 1212416 1572864 65536 81920 65536 81920 278528 507904 3866624
GPU_POST_SAMPLE 59 1114112 1687552 65536 98304 81920 49152 327680 507904 3932160
GPU_POST_SAMPLE 60 1458176 2260992 81920 81920 98304 65536 360448 606208 5013504
GPU_POST_SAMPLE 61 950272 3162112 65536 65536 65536 65536 212992 409600 4997120
GPU_POST_SAMPLE 62 950272 1294336 65536 65536 81920 65536 212992 393216 3129344
GPU_POST_SAMPLE 63 1097728 1802240 65536 81920 65536 65536 294912 475136 3948544
GPU_POST_SAMPLE 64 1245184 1736704 81920 81920 65536 65536 278528 491520 4046848
GPU_POST_SAMPLE 65 1130496 1703936 81920 81920 65536 65536 278528 458752 3866624
GPU_POST_SAMPLE 66 966656 1343488 65536 65536 65536 65536 212992 409600 3194880
GPU_POST_SAMPLE 67 933888 1277952 65536 65536 65536 49152 229376 393216 3080192
GPU_POST_SAMPLE 68 999424 1409024 65536 81920 65536 49152 245760 409600 3325952
GPU_POST_SAMPLE 69 1015808 1425408 65536 65536 81920 49152 229376 425984 3358720
GPU_POST_SAMPLE 70 1245184 1900544 81920 81920 65536 65536 294912 475136 4210688
GPU_POST_SAMPLE 71 983040 1376256 65536 65536 65536 65536 229376 376832 3227648
GPU_POST_SAMPLE 72 999424 1343488 65536 65536 65536 65536 212992 393216 3211264
GPU_POST_SAMPLE 73 999424 1392640 49152 81920 65536 65536 212992 409600 3276800
GPU_POST_SAMPLE 74 966656 1392640 65536 65536 81920 49152 229376 393216 3244032
GPU_POST_SAMPLE 75 983040 1392640 65536 65536 65536 65536 229376 425984 3293184
GPU_POST_SAMPLE 76 1015808 1409024 65536 65536 49152 65536 229376 393216 3293184
GPU_POST_SAMPLE 77 1277952 1851392 81920 81920 65536 81920 278528 507904 4227072
GPU_POST_SAMPLE 78 1261568 1835008 65536 81920 81920 65536 311296 491520 4194304
GPU_POST_SAMPLE 79 983040 1359872 65536 65536 65536 81920 212992 393216 3227648
GPU_POST_SAMPLE 80 1146880 1720320 65536 81920 65536 65536 294912 458752 3899392
GPU_POST_SAMPLE 81 950272 1343488 65536 65536 81920 65536 212992 409600 3194880
GPU_POST_SAMPLE 82 999424 1392640 65536 65536 81920 65536 245760 425984 3342336
GPU_POST_SAMPLE 83 999424 1359872 65536 65536 65536 65536 229376 393216 3244032
GPU_POST_SAMPLE 84 1687552 2326528 98304 98304 98304 65536 409600 688128 5472256
GPU_POST_SAMPLE 85 999424 1359872 65536 65536 65536 65536 229376 409600 3260416
GPU_POST_SAMPLE 86 999424 1376256 65536 65536 65536 65536 229376 409600 3276800
GPU_POST_SAMPLE 87 999424 1409024 65536 65536 65536 49152 229376 409600 3293184
GPU_POST_SAMPLE 88 999424 1327104 65536 65536 65536 65536 212992 409600 3211264
GPU_POST_SAMPLE 89 999424 1425408 65536 65536 65536 65536 229376 409600 3325952
GPU_POST_SAMPLE 90 933888 1359872 65536 81920 65536 65536 229376 393216 3194880
GPU_POST_SAMPLE 91 1064960 1458176 65536 65536 81920 49152 229376 425984 3440640
GPU_POST_SAMPLE 92 999424 1376256 65536 65536 65536 65536 229376 393216 3260416
GPU_POST_SAMPLE 93 1015808 1376256 65536 65536 65536 65536 229376 393216 3276800
GPU_POST_SAMPLE 94 1064960 1310720 65536 49152 81920 65536 212992 376832 3227648
GPU_POST_SAMPLE 95 983040 1343488 65536 65536 65536 65536 212992 376832 3178496
GPU_POST_SAMPLE 96 1228800 1884160 65536 98304 81920 49152 311296 491520 4210688
GPU_POST_SAMPLE 97 1032192 1425408 49152 81920 49152 65536 245760 409600 3358720
GPU_POST_SAMPLE 98 1294336 1884160 65536 81920 81920 65536 311296 507904 4292608
GPU_POST_SAMPLE 99 1310720 1818624 65536 81920 65536 65536 294912 524288 4227072
GPU_POST_SAMPLE 100 983040 1409024 65536 65536 65536 81920 212992 409600 3293184
GPU_POST_SAMPLE 101 983040 1523712 65536 81920 81920 65536 229376 409600 3440640
GPU_POST_SAMPLE 102 966656 1327104 65536 65536 65536 65536 229376 393216 3178496
GPU_POST_SAMPLE 103 1179648 1720320 81920 65536 65536 81920 262144 442368 3899392
GPU_POST_SAMPLE 104 1015808 1490944 65536 65536 81920 49152 245760 393216 3407872
GPU_POST_SAMPLE 105 1015808 1376256 65536 65536 81920 65536 212992 425984 3309568
GPU_POST_SAMPLE 106 1032192 1343488 65536 65536 65536 65536 212992 393216 3244032
GPU_POST_SAMPLE 107 1015808 1425408 65536 65536 81920 65536 212992 409600 3342336
GPU_POST_SAMPLE 108 983040 1441792 65536 65536 81920 65536 212992 409600 3325952
GPU_POST_SAMPLE 109 999424 1458176 65536 65536 65536 65536 229376 409600 3358720
GPU_POST_SAMPLE 110 1228800 1835008 81920 81920 65536 65536 294912 524288 4177920
GPU_POST_SAMPLE 111 1163264 1671168 65536 81920 65536 65536 262144 475136 3850240
GPU_POST_SAMPLE 112 1146880 1720320 65536 81920 81920 65536 294912 491520 3948544
GPU_POST_SAMPLE 113 1327104 1933312 81920 65536 81920 65536 294912 507904 4358144
GPU_POST_SAMPLE 114 966656 1540096 65536 65536 65536 65536 229376 425984 3424256
GPU_POST_SAMPLE 115 999424 1556480 81920 65536 81920 65536 229376 425984 3506176
GPU_POST_SAMPLE 116 1245184 1835008 81920 81920 81920 65536 311296 507904 4210688
GPU_POST_SAMPLE 117 1638400 2506752 81920 114688 98304 65536 393216 671744 5570560
GPU_POST_SAMPLE 118 1753088 2555904 98304 114688 98304 65536 409600 753664 5849088
GPU_POST_SAMPLE 119 999424 1441792 65536 65536 65536 81920 212992 409600 3342336
{"seed":43,"vendor":"Microsoft Corporation","renderer":"D3D12 (Intel(R) Arc(TM) 140T GPU (16GB))","gl_version":"4.6 (Compatibility Profile) Mesa 26.2.2","gallium_path":"/root/.cache/football-mesa-build-20260913-a/install-wayland/lib/libgallium-26.2.2.so","width":960,"height":540,"quality":"pbr+bloom+fxaa+auto_exposure","swap_enabled":true,"swap_interval":0,"warmup_frames":30,"measured_frames":120,"in_play_frames":150,"p50_ms":14.753960,"p95_ms":17.467514,"p99_ms":18.289110,"submit_p50_ms":14.724509,"submit_p95_ms":17.434822,"finish_p50_ms":0.030013,"finish_p95_ms":0.041153,"samples_ms":[14.406817,13.782386,15.115815,14.238390,16.429661,13.621176,15.123622,14.380918,14.753960,14.391500,15.464523,14.330033,16.900851,15.735379,12.465824,14.756586,16.471671,18.600389,12.859382,14.172723,12.884150,15.699467,13.538000,15.135928,12.836373,15.322358,13.576486,13.133827,15.176802,15.818517,14.657747,15.780328,13.003921,13.070619,14.764696,13.696011,14.026299,14.057234,14.588026,13.788549,13.381602,15.273675,11.367741,13.135727,13.003748,13.172349,11.931793,14.477302,17.993693,17.330117,16.107294,17.048043,17.448449,15.513332,18.289110,16.461156,17.518397,16.297440,18.097749,15.659005,17.677034,17.294317,16.357587,16.712532,17.467514,16.020032,16.849842,13.510599,14.124120,13.614525,14.012182,14.727397,16.502427,15.047926,12.728114,12.592404,14.381049,15.059448,14.875082,13.268869,14.730026,13.252216,13.483718,15.890798,15.852653,13.591378,13.554033,14.116408,14.115399,13.705482,15.217219,15.191364,14.003623,15.463972,14.569561,15.636622,16.409117,15.743449,14.542576,16.613712,16.019243,14.182036,12.431118,15.100259,13.110321,13.350285,15.395810,12.418857,14.934415,15.380384,15.839077,13.894415,15.043622,15.195546,13.471636,14.701385,17.106195,16.426744,15.960824,13.747042],"submit_samples_ms":[14.375932,13.753193,15.084682,14.206546,16.395583,13.592485,15.090407,14.348264,14.724509,14.360041,15.433064,14.298209,16.868028,15.711807,12.444115,14.730804,16.442810,18.569075,12.843370,14.154382,12.863572,15.674698,13.515072,15.111600,12.810957,15.295727,13.551237,13.106159,15.143193,15.786673,14.631193,15.748026,12.976335,13.035987,14.729320,13.664316,13.990741,14.022181,14.549266,13.756238,13.337839,15.222311,11.349899,13.113134,12.979566,13.143583,11.906712,14.442367,17.958838,17.295281,16.072767,17.009400,17.403342,15.478003,18.251923,16.428159,17.487305,16.260775,18.054812,15.617852,17.640617,17.258188,16.326838,16.678534,17.434822,15.985201,16.808226,13.471855,14.100443,13.589507,13.990781,14.705559,16.472414,15.013795,12.711097,12.571911,14.359927,15.034215,14.853812,13.243885,14.703036,13.228924,13.433115,15.857863,15.829098,13.568679,13.529371,14.082876,14.087757,13.674321,15.182976,15.161201,13.978274,15.436264,14.542095,15.602064,16.380078,15.713472,14.515134,16.580322,15.982246,14.156010,12.408259,15.071696,13.085624,13.322426,15.365340,12.386987,14.903930,15.349892,15.810024,13.865925,15.016164,15.165866,13.443373,14.672113,17.073531,16.404442,15.928744,13.727471],"finish_samples_ms":[0.030885,0.029193,0.031133,0.031844,0.034078,0.028691,0.033215,0.032654,0.029451,0.031459,0.031459,0.031824,0.032823,0.023572,0.021709,0.025782,0.028861,0.031314,0.016012,0.018341,0.020578,0.024769,0.022928,0.024328,0.025416,0.026631,0.025249,0.027668,0.033609,0.031844,0.026554,0.032302,0.027586,0.034632,0.035376,0.031695,0.035558,0.035053,0.038760,0.032311,0.043763,0.051364,0.017842,0.022593,0.024182,0.028766,0.025081,0.034935,0.034855,0.034836,0.034527,0.038643,0.045107,0.035329,0.037187,0.032997,0.031092,0.036665,0.042937,0.041153,0.036417,0.036129,0.030749,0.033998,0.032692,0.034831,0.041616,0.038744,0.023677,0.025018,0.021401,0.021838,0.030013,0.034131,0.017017,0.020493,0.021122,0.025233,0.021270,0.024984,0.026990,0.023292,0.050603,0.032935,0.023555,0.022699,0.024662,0.033532,0.027642,0.031161,0.034243,0.030163,0.025349,0.027708,0.027466,0.034558,0.029039,0.029977,0.027442,0.033390,0.036997,0.026026,0.022859,0.028563,0.024697,0.027859,0.030470,0.031870,0.030485,0.030492,0.029053,0.028490,0.027458,0.029680,0.028263,0.029272,0.032664,0.022302,0.032080,0.019571]}
