test_actual_async_client_preserves_server_first_handshake_and_future_input (gfootball.frame_sync.test_server_budget.AsyncServerTest.test_actual_async_client_preserves_server_first_handshake_and_future_input) ... ok
test_cancel_frame_wait_closes_tasks_and_native_owner_contract (gfootball.frame_sync.test_server_budget.AsyncServerTest.test_cancel_frame_wait_closes_tasks_and_native_owner_contract) ... ok
test_cancelled_close_waiter_does_not_cancel_socket_cleanup (gfootball.frame_sync.test_server_budget.AsyncServerTest.test_cancelled_close_waiter_does_not_cancel_socket_cleanup) ... ok
test_concurrent_frame_work_is_rejected_and_original_can_finish (gfootball.frame_sync.test_server_budget.AsyncServerTest.test_concurrent_frame_work_is_rejected_and_original_can_finish) ... ok
test_idle_actual_async_client_keeps_waiting_session_alive (gfootball.frame_sync.test_server_budget.AsyncServerTest.test_idle_actual_async_client_keeps_waiting_session_alive) ... ok
test_initialized_engine_cannot_move_to_a_foreign_event_loop_thread (gfootball.frame_sync.test_server_budget.AsyncServerTest.test_initialized_engine_cannot_move_to_a_foreign_event_loop_thread) ... ok
test_stop_rejects_immediate_frame_before_cleanup_gets_a_tick (gfootball.frame_sync.test_server_budget.AsyncServerTest.test_stop_rejects_immediate_frame_before_cleanup_gets_a_tick) ... ok
test_all_client_packet_types_parse_fragmented_and_coalesced (gfootball.frame_sync.test_server_budget.ServerStateTest.test_all_client_packet_types_parse_fragmented_and_coalesced) ... ok
test_decoder_rejects_oversized_count_before_body_or_unknown_message (gfootball.frame_sync.test_server_budget.ServerStateTest.test_decoder_rejects_oversized_count_before_body_or_unknown_message) ... ok
test_disconnect_retains_current_input_and_refunds_future_owned_slots (gfootball.frame_sync.test_server_budget.ServerStateTest.test_disconnect_retains_current_input_and_refunds_future_owned_slots) ... ok
test_future_inputs_survive_collection_and_duplicates_do_not_grow (gfootball.frame_sync.test_server_budget.ServerStateTest.test_future_inputs_survive_collection_and_duplicates_do_not_grow) ... ok
test_input_bytes_window_and_sealed_frame_bounds (gfootball.frame_sync.test_server_budget.ServerStateTest.test_input_bytes_window_and_sealed_frame_bounds) ... ok
test_invalid_or_conflicting_input_does_not_partially_change_frame (gfootball.frame_sync.test_server_budget.ServerStateTest.test_invalid_or_conflicting_input_does_not_partially_change_frame) ... ok
test_resume_queue_keeps_original_enqueue_timestamp (gfootball.frame_sync.test_server_budget.ServerStateTest.test_resume_queue_keeps_original_enqueue_timestamp) ... ok
test_send_budget_counts_active_and_resume_history_until_release (gfootball.frame_sync.test_server_budget.ServerStateTest.test_send_budget_counts_active_and_resume_history_until_release) ... ok
test_strict_limits_and_server_settings (gfootball.frame_sync.test_server_budget.ServerStateTest.test_strict_limits_and_server_settings) ... ok
test_actual_client_pair_preserves_early_and_future_inputs_and_hashes (gfootball.frame_sync.test_server_budget.SyncServerTest.test_actual_client_pair_preserves_early_and_future_inputs_and_hashes) ... ok
test_actual_slow_reader_hits_write_deadline_and_server_stays_responsive (gfootball.frame_sync.test_server_budget.SyncServerTest.test_actual_slow_reader_hits_write_deadline_and_server_stays_responsive) ... ok
test_authenticated_resume_snapshots_then_releases_exact_deferred_authority (gfootball.frame_sync.test_server_budget.SyncServerTest.test_authenticated_resume_snapshots_then_releases_exact_deferred_authority) ... ok
test_churn_before_match_reuses_slots_and_has_no_tombstones (gfootball.frame_sync.test_server_budget.SyncServerTest.test_churn_before_match_reuses_slots_and_has_no_tombstones) ... ok
test_connection_cap_and_partial_handshake_timeout_release_real_sockets (gfootball.frame_sync.test_server_budget.SyncServerTest.test_connection_cap_and_partial_handshake_timeout_release_real_sockets) ... ok
test_engine_error_closes_io_and_engine_once_without_publishing_bad_frame (gfootball.frame_sync.test_server_budget.SyncServerTest.test_engine_error_closes_io_and_engine_once_without_publishing_bad_frame) ... ok
test_full_and_partial_message_deadlines_are_distinct_and_do_not_deadlock (gfootball.frame_sync.test_server_budget.SyncServerTest.test_full_and_partial_message_deadlines_are_distinct_and_do_not_deadlock) ... ok
test_heartbeat_plus_ready_plus_input_is_consumed_without_desynchronizing (gfootball.frame_sync.test_server_budget.SyncServerTest.test_heartbeat_plus_ready_plus_input_is_consumed_without_desynchronizing) ... ok
test_idle_actual_client_sends_periodic_liveness_without_input (gfootball.frame_sync.test_server_budget.SyncServerTest.test_idle_actual_client_sends_periodic_liveness_without_input) ... ok
test_message_rate_limit_rejects_completed_packet_flood_without_growing_input (gfootball.frame_sync.test_server_budget.SyncServerTest.test_message_rate_limit_rejects_completed_packet_flood_without_growing_input) ... ok
test_oversized_header_and_invalid_owned_input_close_without_entering_engine (gfootball.frame_sync.test_server_budget.SyncServerTest.test_oversized_header_and_invalid_owned_input_close_without_entering_engine) ... ok
test_queued_foreign_commands_are_bounded_before_owner_loop_dispatch (gfootball.frame_sync.test_server_budget.SyncServerTest.test_queued_foreign_commands_are_bounded_before_owner_loop_dispatch) ... ok
test_resume_waiting_history_has_the_same_send_capacity (gfootball.frame_sync.test_server_budget.SyncServerTest.test_resume_waiting_history_has_the_same_send_capacity) ... ok
test_startup_and_shutdown_engine_failures_are_reported_and_owner_exits (gfootball.frame_sync.test_server_budget.SyncServerTest.test_startup_and_shutdown_engine_failures_are_reported_and_owner_exits) ... ok
test_stop_wakes_ready_wait_and_joins_the_private_loop (gfootball.frame_sync.test_server_budget.SyncServerTest.test_stop_wakes_ready_wait_and_joins_the_private_loop) ... ok
test_twenty_two_real_clients_share_one_bounded_future_window (gfootball.frame_sync.test_server_budget.SyncServerTest.test_twenty_two_real_clients_share_one_bounded_future_window) ... ok

----------------------------------------------------------------------
Ran 32 tests in 2.808s

OK
