MESA-EGL: warning: egl: failed to create dri2 screen
 dllPath = /usr/lib/wsl/drivers/iigd_dch.inf_amd64_3e6575b60ae27560, dllName = libigdgmm_w.so.12 
 IsWddmLinux = 1, dllWslName = /usr/lib/wsl/drivers/iigd_dch.inf_amd64_3e6575b60ae27560/libigdgmm_w.so.12  flags = 2
 dllPath = /usr/lib/wsl/drivers/iigd_dch.inf_amd64_3e6575b60ae27560, dllName = libigdgmm_w.so.12 
 IsWddmLinux = 1, dllWslName = /usr/lib/wsl/drivers/iigd_dch.inf_amd64_3e6575b60ae27560/libigdgmm_w.so.12  flags = 2
GPU_POST_SAMPLE 0 1310720 2555904 196608 131072 196608 0 589824 1048576 6029312
GPU_POST_SAMPLE 1 1441792 2555904 131072 196608 131072 131072 524288 983040 6094848
GPU_POST_SAMPLE 2 1441792 2883584 2228224 196608 131072 131072 655360 1048576 8716288
GPU_POST_SAMPLE 3 1376256 2555904 196608 131072 196608 0 589824 1048576 6094848
GPU_POST_SAMPLE 4 1441792 2883584 1769472 196608 131072 65536 720896 983040 8192000
GPU_POST_SAMPLE 5 1376256 2555904 196608 131072 196608 0 589824 1048576 6094848
GPU_POST_SAMPLE 6 1376256 2621440 131072 131072 196608 65536 589824 983040 6094848
GPU_POST_SAMPLE 7 1507328 2949120 196608 131072 131072 65536 589824 1114112 6684672
GPU_POST_SAMPLE 8 1441792 2621440 2752512 196608 131072 131072 655360 1048576 8978432
GPU_POST_SAMPLE 9 1310720 2621440 196608 131072 196608 0 589824 1048576 6094848
GPU_POST_SAMPLE 10 1441792 2621440 131072 131072 196608 1769472 786432 1048576 8126464
GPU_POST_SAMPLE 11 1441792 2949120 131072 196608 65536 131072 589824 2883584 8388608
GPU_POST_SAMPLE 12 1441792 4653056 131072 196608 131072 65536 589824 1048576 8257536
GPU_POST_SAMPLE 13 1441792 2949120 131072 131072 131072 65536 655360 1048576 6553600
GPU_POST_SAMPLE 14 1310720 2621440 131072 196608 131072 65536 589824 983040 6029312
GPU_POST_SAMPLE 15 1441792 2949120 196608 131072 1900544 131072 720896 983040 8454144
GPU_POST_SAMPLE 16 1376256 2621440 131072 196608 131072 65536 589824 983040 6094848
GPU_POST_SAMPLE 17 1441792 3538944 196608 131072 131072 65536 589824 1048576 7143424
GPU_POST_SAMPLE 18 1376256 2621440 1769472 131072 196608 65536 720896 983040 7864320
GPU_POST_SAMPLE 19 1376256 2752512 65536 196608 131072 65536 589824 983040 6160384
GPU_POST_SAMPLE 20 1376256 2621440 131072 196608 131072 65536 917504 1572864 7012352
GPU_POST_SAMPLE 21 1441792 2949120 131072 131072 131072 131072 589824 983040 6488064
GPU_POST_SAMPLE 22 1376256 2621440 131072 196608 131072 65536 589824 983040 6094848
GPU_POST_SAMPLE 23 1507328 3014656 131072 131072 196608 65536 589824 983040 6619136
GPU_POST_SAMPLE 24 1376256 4784128 131072 131072 196608 65536 655360 1048576 8388608
GPU_POST_SAMPLE 25 1376256 2621440 196608 131072 196608 0 589824 1048576 6160384
GPU_POST_SAMPLE 26 1441792 3014656 1441792 196608 131072 131072 720896 983040 8060928
GPU_POST_SAMPLE 27 1376256 2686976 65536 196608 131072 131072 524288 1048576 6160384
GPU_POST_SAMPLE 28 1441792 3014656 131072 196608 131072 65536 589824 983040 6553600
GPU_POST_SAMPLE 29 1507328 3014656 1900544 131072 196608 65536 720896 1048576 8585216
GPU_POST_SAMPLE 30 1441792 2686976 131072 196608 131072 65536 589824 983040 6225920
GPU_POST_SAMPLE 31 1507328 3997696 196608 131072 196608 65536 589824 1048576 7733248
GPU_POST_SAMPLE 32 1441792 2883584 131072 131072 131072 131072 589824 1048576 6488064
GPU_POST_SAMPLE 33 1441792 2621440 196608 131072 196608 0 589824 1048576 6225920
GPU_POST_SAMPLE 34 1507328 2949120 131072 196608 131072 131072 589824 1048576 6684672
GPU_POST_SAMPLE 35 1507328 2883584 131072 131072 196608 65536 589824 1048576 6553600
GPU_POST_SAMPLE 36 1376256 2686976 1441792 131072 131072 131072 655360 983040 7536640
GPU_POST_SAMPLE 37 1441792 3735552 1900544 131072 196608 65536 720896 983040 9175040
GPU_POST_SAMPLE 38 1441792 4063232 2752512 196608 196608 131072 917504 1507328 11206656
GPU_POST_SAMPLE 39 2555904 6094848 262144 3670016 262144 131072 1048576 1703936 15728640
GPU_POST_SAMPLE 40 2752512 5832704 262144 196608 4128768 196608 1048576 1769472 16187392
GPU_POST_SAMPLE 41 2031616 4063232 262144 131072 196608 131072 851968 1441792 9109504
GPU_POST_SAMPLE 42 2031616 4128768 196608 262144 131072 131072 786432 1441792 9109504
GPU_POST_SAMPLE 43 1966080 4128768 131072 196608 262144 0 851968 1572864 9109504
GPU_POST_SAMPLE 44 2031616 4390912 131072 196608 262144 65536 851968 4259840 12189696
GPU_POST_SAMPLE 45 2686976 6160384 196608 196608 262144 1179648 1114112 3735552 15532032
GPU_POST_SAMPLE 46 2621440 5963776 2293760 262144 262144 65536 1048576 1769472 14286848
GPU_POST_SAMPLE 47 2949120 5963776 2490368 262144 196608 131072 1048576 1769472 14811136
GPU_POST_SAMPLE 48 3014656 6029312 3014656 262144 196608 131072 917504 1703936 15269888
GPU_POST_SAMPLE 49 2752512 6094848 2490368 262144 196608 131072 1048576 1638400 14614528
GPU_POST_SAMPLE 50 2031616 4587520 262144 196608 196608 65536 917504 1507328 9764864
GPU_POST_SAMPLE 51 2490368 5701632 3538944 262144 262144 65536 1114112 1703936 15138816
GPU_POST_SAMPLE 52 2031616 4128768 262144 196608 131072 131072 786432 5308416 12976128
GPU_POST_SAMPLE 53 2555904 5439488 196608 262144 262144 1114112 1179648 3801088 14811136
GPU_POST_SAMPLE 54 2555904 6029312 2293760 262144 262144 65536 1048576 1638400 14155776
GPU_POST_SAMPLE 55 2949120 5963776 2490368 262144 196608 131072 1048576 1769472 14811136
GPU_POST_SAMPLE 56 4128768 7602176 3670016 262144 196608 131072 983040 1638400 18612224
GPU_POST_SAMPLE 57 2752512 6094848 262144 196608 262144 65536 1114112 1703936 12451840
GPU_POST_SAMPLE 58 2621440 7864320 196608 196608 262144 65536 983040 1703936 13893632
GPU_POST_SAMPLE 59 2686976 5898240 2359296 262144 262144 65536 1048576 1638400 14221312
GPU_POST_SAMPLE 60 2818048 5832704 2818048 262144 196608 131072 1048576 1703936 14811136
GPU_POST_SAMPLE 61 2818048 5898240 2490368 196608 196608 131072 983040 1638400 14352384
GPU_POST_SAMPLE 62 2752512 5963776 2359296 327680 196608 65536 983040 1638400 14286848
GPU_POST_SAMPLE 63 2162688 4194304 196608 262144 131072 131072 851968 4194304 12124160
GPU_POST_SAMPLE 64 2162688 4259840 196608 131072 262144 65536 851968 1507328 9437184
GPU_POST_SAMPLE 65 2097152 7929856 262144 196608 196608 131072 1048576 1769472 13631488
GPU_POST_SAMPLE 66 2883584 5898240 2359296 327680 196608 65536 1114112 1769472 14614528
GPU_POST_SAMPLE 67 2818048 5767168 2097152 262144 262144 65536 1048576 1769472 14090240
GPU_POST_SAMPLE 68 2686976 5898240 2555904 262144 196608 131072 1048576 1638400 14417920
GPU_POST_SAMPLE 69 2031616 4259840 131072 196608 262144 0 917504 1441792 9240576
GPU_POST_SAMPLE 70 2031616 4063232 196608 196608 131072 131072 851968 1441792 9043968
GPU_POST_SAMPLE 71 2883584 5505024 2228224 196608 196608 196608 917504 1703936 13828096
GPU_POST_SAMPLE 72 2162688 4259840 196608 262144 131072 131072 851968 3670016 11665408
GPU_POST_SAMPLE 73 2097152 4259840 2359296 262144 262144 131072 1114112 1900544 12386304
GPU_POST_SAMPLE 74 2162688 4063232 196608 196608 196608 65536 851968 1441792 9175040
GPU_POST_SAMPLE 75 2818048 5767168 2490368 262144 196608 65536 983040 1769472 14352384
GPU_POST_SAMPLE 76 2752512 5701632 262144 196608 2818048 131072 983040 3997696 16842752
GPU_POST_SAMPLE 77 3014656 6029312 2228224 262144 196608 131072 983040 1638400 14483456
GPU_POST_SAMPLE 78 2097152 4259840 196608 262144 131072 131072 851968 1507328 9437184
GPU_POST_SAMPLE 79 2949120 5832704 2555904 262144 262144 131072 1114112 4456448 17563648
GPU_POST_SAMPLE 80 2818048 5767168 262144 262144 196608 131072 983040 5570560 15990784
GPU_POST_SAMPLE 81 2949120 5570560 196608 262144 196608 65536 1048576 4521984 14811136
GPU_POST_SAMPLE 82 3014656 5832704 2490368 262144 196608 131072 1048576 1703936 14680064
GPU_POST_SAMPLE 83 3014656 5767168 2228224 262144 196608 131072 983040 1703936 14286848
GPU_POST_SAMPLE 84 2228224 4194304 196608 262144 131072 131072 786432 1507328 9437184
GPU_POST_SAMPLE 85 2097152 3997696 196608 3538944 262144 131072 1048576 1769472 13041664
GPU_POST_SAMPLE 86 3014656 5636096 262144 3932160 262144 131072 983040 1703936 15925248
GPU_POST_SAMPLE 87 2097152 3932160 196608 131072 262144 0 851968 1441792 8912896
GPU_POST_SAMPLE 88 2228224 4325376 196608 131072 196608 131072 851968 1441792 9502720
GPU_POST_SAMPLE 89 2293760 3997696 2621440 262144 196608 65536 1179648 1769472 12386304
GPU_POST_SAMPLE 90 2555904 5177344 262144 262144 196608 65536 4194304 1769472 14483456
GPU_POST_SAMPLE 91 3014656 5898240 2293760 262144 196608 131072 1048576 1703936 14548992
GPU_POST_SAMPLE 92 3997696 7536640 2555904 196608 262144 131072 1048576 1703936 17432576
GPU_POST_SAMPLE 93 2883584 5898240 2424832 262144 262144 65536 1048576 1638400 14483456
GPU_POST_SAMPLE 94 2097152 4259840 131072 196608 131072 131072 589824 983040 8519680
GPU_POST_SAMPLE 95 1507328 2555904 196608 131072 196608 0 589824 1114112 6291456
GPU_POST_SAMPLE 96 1507328 3211264 2424832 196608 131072 131072 655360 1048576 9306112
GPU_POST_SAMPLE 97 1572864 2555904 196608 131072 131072 65536 589824 1048576 6291456
GPU_POST_SAMPLE 98 1507328 4194304 2555904 131072 131072 131072 720896 983040 10354688
GPU_POST_SAMPLE 99 1572864 2818048 131072 196608 131072 65536 655360 1048576 6619136
GPU_POST_SAMPLE 100 1507328 2686976 131072 131072 131072 131072 589824 983040 6291456
GPU_POST_SAMPLE 101 1507328 2555904 196608 131072 131072 65536 589824 1048576 6225920
GPU_POST_SAMPLE 102 1441792 2555904 131072 196608 131072 65536 589824 1048576 6160384
GPU_POST_SAMPLE 103 2097152 4259840 196608 196608 262144 0 851968 1441792 9306112
GPU_POST_SAMPLE 104 3014656 5832704 131072 196608 131072 65536 589824 1048576 11010048
GPU_POST_SAMPLE 105 1507328 2621440 196608 131072 131072 65536 589824 1048576 6291456
GPU_POST_SAMPLE 106 1572864 2883584 1769472 196608 131072 131072 655360 1114112 8454144
GPU_POST_SAMPLE 107 1507328 2555904 131072 131072 196608 65536 589824 1048576 6225920
GPU_POST_SAMPLE 108 1835008 5177344 196608 131072 196608 0 589824 1114112 9240576
GPU_POST_SAMPLE 109 1507328 2555904 131072 196608 131072 131072 589824 983040 6225920
GPU_POST_SAMPLE 110 1638400 2883584 196608 131072 196608 65536 589824 1048576 6750208
GPU_POST_SAMPLE 111 2162688 7405568 4718592 262144 262144 131072 1114112 1769472 17825792
GPU_POST_SAMPLE 112 2097152 3997696 2228224 196608 196608 131072 917504 1507328 11272192
GPU_POST_SAMPLE 113 2162688 4063232 196608 131072 262144 65536 851968 1507328 9240576
GPU_POST_SAMPLE 114 2228224 4128768 3538944 262144 262144 65536 1114112 1769472 13369344
GPU_POST_SAMPLE 115 2293760 4259840 262144 196608 131072 131072 786432 1441792 9502720
GPU_POST_SAMPLE 116 3145728 5898240 196608 262144 262144 0 1179648 1638400 12582912
GPU_POST_SAMPLE 117 2883584 5767168 2228224 262144 262144 131072 983040 1703936 14221312
GPU_POST_SAMPLE 118 2228224 4259840 196608 196608 196608 65536 851968 3801088 11796480
GPU_POST_SAMPLE 119 2293760 4063232 196608 196608 196608 131072 786432 1507328 9371648
{"seed":43,"vendor":"Microsoft Corporation","renderer":"D3D12 (Intel(R) Arc(TM) 140T GPU (16GB))","gl_version":"4.6 (Compatibility Profile) Mesa 26.2.2","gallium_path":"/root/.cache/football-mesa-build-20260913-a/install-wayland/lib/libgallium-26.2.2.so","width":1920,"height":1080,"quality":"pbr+bloom+fxaa+auto_exposure","swap_enabled":true,"swap_interval":0,"warmup_frames":30,"measured_frames":120,"in_play_frames":150,"p50_ms":24.691244,"p95_ms":31.799420,"p99_ms":34.711341,"submit_p50_ms":24.653979,"submit_p95_ms":31.763425,"finish_p50_ms":0.036069,"finish_p95_ms":0.045214,"samples_ms":[21.014517,19.851689,23.933665,21.363253,23.107122,19.735792,21.228742,22.832941,23.678345,18.979407,22.668335,23.621777,23.992891,21.151154,22.375537,23.674580,19.402385,20.530654,22.144502,18.672782,20.539329,21.206050,21.999890,20.186992,21.663256,19.595000,23.944032,17.981806,19.975948,22.326658,17.941667,20.885853,22.211225,19.109187,20.994869,20.822804,21.791675,24.691244,25.410803,31.184633,31.694839,24.036367,29.614762,25.583669,27.939124,29.766367,29.414185,31.465109,30.029252,29.526392,24.390435,31.502386,28.408868,29.547547,27.918313,31.984035,34.711341,30.798786,30.612790,28.655154,33.244191,29.493616,30.096030,29.315602,23.266247,28.606864,30.385290,30.712710,28.875529,24.566896,26.792041,27.942860,26.097532,26.947345,23.963491,30.502188,32.034736,29.860976,27.607953,40.505701,30.501846,30.565716,29.678655,30.301239,25.183491,28.108490,30.453025,24.401312,26.718857,25.023304,28.988897,28.970687,31.799420,30.040882,24.743900,20.589333,23.145694,20.030540,24.295710,20.280834,21.720965,20.856940,21.820211,22.594682,24.071648,19.022407,23.595872,19.358724,25.637022,20.941019,25.305921,32.771981,25.015926,23.108567,26.449130,26.273491,29.441713,28.143679,28.433328,22.377109],"submit_samples_ms":[20.979160,19.814590,23.894421,21.327485,23.068770,19.701994,21.195110,22.790142,23.646255,18.920747,22.632266,23.580015,23.954379,21.108934,22.342620,23.635227,19.367645,20.494968,22.109698,18.637249,20.505431,21.166104,21.963227,20.152333,21.628354,19.556216,23.905231,17.945214,19.941736,22.287832,17.908243,20.851469,22.173871,19.075468,20.959900,20.784884,21.756597,24.653979,25.377677,31.121563,31.659625,24.002374,29.578144,25.542229,27.906322,29.730778,29.378388,31.431543,29.994661,29.490899,24.348914,31.466140,28.372534,29.511502,27.880656,31.948112,34.675541,30.763245,30.576169,28.619927,33.210680,29.459132,30.058374,29.275946,23.228620,28.571335,30.348625,30.676782,28.840663,24.527821,26.757381,27.907630,26.035419,26.908900,23.922808,30.465884,31.998111,29.826153,27.570403,40.467026,30.466045,30.528305,29.642131,30.263247,25.143967,28.073521,30.418152,24.363860,26.673643,24.989034,28.953207,28.934812,31.763425,30.004836,24.705012,20.553268,23.111184,19.989525,24.262787,20.236665,21.687571,20.820760,21.784329,22.535451,24.037450,18.964824,23.558830,19.324257,25.600725,20.905425,25.264920,32.733037,24.974939,23.069485,26.410682,26.197150,29.407475,28.108976,28.392869,22.336097],"finish_samples_ms":[0.035357,0.037099,0.039244,0.035768,0.038352,0.033798,0.033632,0.042799,0.032090,0.058660,0.036069,0.041762,0.038512,0.042220,0.032917,0.039353,0.034740,0.035686,0.034804,0.035533,0.033898,0.039946,0.036663,0.034659,0.034902,0.038784,0.038801,0.036592,0.034212,0.038826,0.033424,0.034384,0.037354,0.033719,0.034969,0.037920,0.035078,0.037265,0.033126,0.063070,0.035214,0.033993,0.036618,0.041440,0.032802,0.035589,0.035797,0.033566,0.034591,0.035493,0.041521,0.036246,0.036334,0.036045,0.037657,0.035923,0.035800,0.035541,0.036621,0.035227,0.033511,0.034484,0.037656,0.039656,0.037627,0.035529,0.036665,0.035928,0.034866,0.039075,0.034660,0.035230,0.062113,0.038445,0.040683,0.036304,0.036625,0.034823,0.037550,0.038675,0.035801,0.037411,0.036524,0.037992,0.039524,0.034969,0.034873,0.037452,0.045214,0.034270,0.035690,0.035875,0.035995,0.036046,0.038888,0.036065,0.034510,0.041015,0.032923,0.044169,0.033394,0.036180,0.035882,0.059231,0.034198,0.057583,0.037042,0.034467,0.036297,0.035594,0.041001,0.038944,0.040987,0.039082,0.038448,0.076341,0.034238,0.034703,0.040459,0.041012]}
