MESA-EGL: warning: egl: failed to create dri2 screen
 dllPath = /usr/lib/wsl/drivers/iigd_dch.inf_amd64_3e6575b60ae27560, dllName = libigdgmm_w.so.12 
 IsWddmLinux = 1, dllWslName = /usr/lib/wsl/drivers/iigd_dch.inf_amd64_3e6575b60ae27560/libigdgmm_w.so.12  flags = 2
 dllPath = /usr/lib/wsl/drivers/iigd_dch.inf_amd64_3e6575b60ae27560, dllName = libigdgmm_w.so.12 
 IsWddmLinux = 1, dllWslName = /usr/lib/wsl/drivers/iigd_dch.inf_amd64_3e6575b60ae27560/libigdgmm_w.so.12  flags = 2
GPU_POST_SAMPLE 0 1835008 3932160 196608 196608 196608 65536 851968 1441792 8716288
GPU_POST_SAMPLE 1 1900544 4259840 196608 196608 196608 65536 851968 1376256 9043968
GPU_POST_SAMPLE 2 1900544 4259840 196608 196608 196608 65536 851968 1441792 9109504
GPU_POST_SAMPLE 3 2031616 4390912 2818048 327680 196608 65536 1114112 1703936 12648448
GPU_POST_SAMPLE 4 1835008 4259840 196608 196608 196608 65536 786432 1441792 8978432
GPU_POST_SAMPLE 5 1835008 3932160 196608 262144 131072 131072 786432 1507328 8781824
GPU_POST_SAMPLE 6 1900544 4128768 131072 262144 131072 131072 786432 5111808 12582912
GPU_POST_SAMPLE 7 1966080 4325376 262144 131072 196608 65536 851968 1441792 9240576
GPU_POST_SAMPLE 8 2490368 5505024 2293760 262144 262144 65536 1048576 1572864 13500416
GPU_POST_SAMPLE 9 1966080 3997696 262144 196608 131072 131072 851968 1507328 9043968
GPU_POST_SAMPLE 10 1900544 3866624 2818048 262144 196608 131072 655360 983040 10813440
GPU_POST_SAMPLE 11 1441792 2555904 131072 196608 131072 65536 589824 983040 6094848
GPU_POST_SAMPLE 12 1507328 2621440 131072 131072 196608 65536 786432 4915200 10354688
GPU_POST_SAMPLE 13 1376256 2555904 196608 131072 196608 65536 589824 983040 6094848
GPU_POST_SAMPLE 14 1310720 2621440 196608 196608 196608 65536 851968 2949120 8388608
GPU_POST_SAMPLE 15 1441792 2949120 131072 131072 196608 65536 589824 1048576 6553600
GPU_POST_SAMPLE 16 1310720 2621440 131072 196608 131072 65536 589824 983040 6029312
GPU_POST_SAMPLE 17 1441792 2818048 196608 131072 196608 65536 589824 1048576 6488064
GPU_POST_SAMPLE 18 1835008 2555904 2031616 131072 131072 131072 655360 983040 8454144
GPU_POST_SAMPLE 19 1376256 2621440 131072 196608 65536 131072 589824 983040 6094848
GPU_POST_SAMPLE 20 2621440 5767168 1769472 196608 131072 131072 655360 1048576 12320768
GPU_POST_SAMPLE 21 1376256 3014656 196608 131072 196608 0 589824 1048576 6553600
GPU_POST_SAMPLE 22 1507328 4456448 1507328 131072 196608 131072 655360 1048576 9633792
GPU_POST_SAMPLE 23 1376256 2621440 131072 196608 65536 131072 589824 983040 6094848
GPU_POST_SAMPLE 24 2752512 2818048 196608 131072 1835008 131072 655360 983040 9502720
GPU_POST_SAMPLE 25 1441792 2555904 196608 131072 196608 65536 524288 3473408 8585216
GPU_POST_SAMPLE 26 1376256 2555904 131072 196608 65536 131072 524288 1048576 6029312
GPU_POST_SAMPLE 27 1441792 2621440 131072 131072 131072 131072 589824 983040 6160384
GPU_POST_SAMPLE 28 1441792 2555904 65536 196608 131072 65536 589824 983040 6029312
GPU_POST_SAMPLE 29 1441792 2555904 131072 196608 131072 65536 589824 1048576 6160384
GPU_POST_SAMPLE 30 1966080 3997696 3145728 262144 196608 131072 983040 1310720 11993088
GPU_POST_SAMPLE 31 1376256 2621440 196608 131072 131072 65536 589824 1048576 6160384
GPU_POST_SAMPLE 32 1966080 2949120 196608 131072 196608 0 589824 1048576 7077888
GPU_POST_SAMPLE 33 1376256 2686976 196608 131072 131072 65536 589824 1376256 6553600
GPU_POST_SAMPLE 34 1376256 2621440 131072 196608 65536 131072 589824 983040 6094848
GPU_POST_SAMPLE 35 1441792 2621440 131072 131072 196608 65536 589824 983040 6160384
GPU_POST_SAMPLE 36 1507328 4915200 131072 196608 131072 65536 589824 1048576 8585216
GPU_POST_SAMPLE 37 1376256 2555904 131072 196608 131072 65536 589824 983040 6029312
GPU_POST_SAMPLE 38 1572864 3342336 3342336 262144 262144 65536 1114112 1310720 11272192
GPU_POST_SAMPLE 39 1376256 2621440 131072 196608 131072 65536 589824 1048576 6160384
GPU_POST_SAMPLE 40 1441792 3932160 2949120 196608 131072 131072 720896 983040 10485760
GPU_POST_SAMPLE 41 1507328 2883584 131072 131072 196608 65536 589824 1048576 6553600
GPU_POST_SAMPLE 42 1507328 3014656 3211264 262144 196608 65536 851968 983040 10092544
GPU_POST_SAMPLE 43 1376256 2621440 131072 131072 196608 65536 589824 1048576 6160384
GPU_POST_SAMPLE 44 1966080 3997696 3211264 262144 262144 65536 1114112 1703936 12582912
GPU_POST_SAMPLE 45 2490368 5439488 2424832 262144 262144 131072 1048576 1703936 13762560
GPU_POST_SAMPLE 46 1507328 2555904 196608 131072 131072 65536 589824 1048576 6225920
GPU_POST_SAMPLE 47 1441792 2555904 131072 131072 131072 131072 589824 3538944 8650752
GPU_POST_SAMPLE 48 1507328 2949120 2031616 131072 196608 65536 655360 983040 8519680
GPU_POST_SAMPLE 49 1507328 2555904 196608 131072 196608 0 589824 1048576 6225920
GPU_POST_SAMPLE 50 1507328 2883584 196608 131072 131072 65536 589824 1114112 6619136
GPU_POST_SAMPLE 51 1441792 2621440 131072 131072 196608 65536 589824 983040 6160384
GPU_POST_SAMPLE 52 1441792 5636096 196608 131072 196608 0 589824 1048576 9240576
GPU_POST_SAMPLE 53 1507328 2490368 131072 196608 131072 65536 589824 983040 6094848
GPU_POST_SAMPLE 54 1441792 3145728 2686976 196608 196608 65536 655360 1048576 9437184
GPU_POST_SAMPLE 55 1507328 2883584 1835008 196608 196608 65536 655360 1048576 8388608
GPU_POST_SAMPLE 56 1507328 2555904 131072 196608 131072 65536 589824 983040 6160384
GPU_POST_SAMPLE 57 1507328 2818048 196608 131072 196608 0 655360 1048576 6553600
GPU_POST_SAMPLE 58 1441792 2621440 131072 131072 131072 65536 655360 983040 6160384
GPU_POST_SAMPLE 59 1900544 2555904 131072 196608 131072 65536 589824 983040 6553600
GPU_POST_SAMPLE 60 1441792 2555904 131072 196608 131072 65536 589824 983040 6094848
GPU_POST_SAMPLE 61 3276800 2555904 196608 131072 196608 0 589824 1048576 7995392
GPU_POST_SAMPLE 62 1441792 2555904 131072 196608 131072 65536 589824 983040 6094848
GPU_POST_SAMPLE 63 1507328 2490368 2031616 196608 131072 131072 655360 1048576 8192000
GPU_POST_SAMPLE 64 1507328 2883584 1835008 196608 196608 131072 589824 1048576 8388608
GPU_POST_SAMPLE 65 1507328 2555904 131072 196608 131072 65536 589824 983040 6160384
GPU_POST_SAMPLE 66 1572864 2883584 131072 196608 65536 131072 589824 983040 6553600
GPU_POST_SAMPLE 67 1507328 2555904 131072 131072 196608 65536 589824 983040 6160384
GPU_POST_SAMPLE 68 1507328 2818048 196608 131072 196608 0 589824 1048576 6488064
GPU_POST_SAMPLE 69 1507328 2883584 196608 131072 196608 0 655360 1048576 6619136
GPU_POST_SAMPLE 70 1507328 5308416 196608 131072 131072 65536 589824 1048576 8978432
GPU_POST_SAMPLE 71 1507328 2621440 131072 131072 196608 65536 589824 983040 6225920
GPU_POST_SAMPLE 72 2818048 2621440 196608 65536 196608 65536 524288 1114112 7602176
GPU_POST_SAMPLE 73 1572864 2883584 131072 131072 196608 65536 589824 1048576 6619136
GPU_POST_SAMPLE 74 2293760 6619136 131072 196608 196608 65536 851968 1441792 11796480
GPU_POST_SAMPLE 75 1572864 2555904 131072 131072 131072 65536 655360 1048576 6291456
GPU_POST_SAMPLE 76 2490368 4980736 196608 131072 131072 65536 589824 1048576 9633792
GPU_POST_SAMPLE 77 1507328 2555904 196608 131072 196608 0 589824 1048576 6225920
GPU_POST_SAMPLE 78 1900544 5701632 196608 131072 196608 65536 589824 1048576 9830400
GPU_POST_SAMPLE 79 1507328 2555904 131072 196608 131072 65536 589824 983040 6160384
GPU_POST_SAMPLE 80 2097152 6815744 131072 196608 131072 65536 589824 1048576 11075584
GPU_POST_SAMPLE 81 1507328 2555904 131072 131072 196608 65536 589824 983040 6160384
GPU_POST_SAMPLE 82 1507328 2949120 2752512 196608 196608 131072 655360 983040 9371648
GPU_POST_SAMPLE 83 1572864 2818048 196608 131072 131072 65536 655360 1048576 6619136
GPU_POST_SAMPLE 84 2162688 4128768 3407872 262144 262144 65536 1114112 1769472 13172736
GPU_POST_SAMPLE 85 2031616 4128768 196608 196608 196608 65536 786432 4063232 11665408
GPU_POST_SAMPLE 86 2162688 4063232 2228224 196608 196608 131072 851968 1376256 11206656
GPU_POST_SAMPLE 87 2031616 3735552 262144 131072 196608 2162688 983040 1048576 10551296
GPU_POST_SAMPLE 88 1507328 2818048 196608 196608 196608 65536 851968 4521984 10354688
GPU_POST_SAMPLE 89 1572864 3604480 131072 196608 131072 65536 589824 1048576 7340032
GPU_POST_SAMPLE 90 1441792 2621440 196608 65536 196608 65536 589824 1048576 6225920
GPU_POST_SAMPLE 91 1769472 3211264 196608 131072 196608 0 655360 1114112 7274496
GPU_POST_SAMPLE 92 1507328 2555904 196608 131072 196608 0 589824 1048576 6225920
GPU_POST_SAMPLE 93 1703936 3342336 196608 131072 196608 0 589824 1048576 7208960
GPU_POST_SAMPLE 94 1572864 2949120 2883584 196608 131072 131072 720896 983040 9568256
GPU_POST_SAMPLE 95 1507328 2555904 131072 131072 196608 65536 589824 983040 6160384
GPU_POST_SAMPLE 96 1572864 2949120 1769472 196608 131072 131072 589824 1114112 8454144
GPU_POST_SAMPLE 97 1507328 2686976 131072 131072 131072 65536 589824 3866624 9109504
GPU_POST_SAMPLE 98 1572864 2883584 196608 131072 196608 0 655360 1048576 6684672
GPU_POST_SAMPLE 99 1441792 2621440 2031616 196608 196608 131072 589824 1048576 8257536
GPU_POST_SAMPLE 100 1572864 2949120 2031616 196608 131072 65536 720896 983040 8650752
GPU_POST_SAMPLE 101 1572864 2555904 196608 131072 131072 65536 589824 1048576 6291456
GPU_POST_SAMPLE 102 1703936 3145728 196608 131072 196608 65536 655360 1114112 7208960
GPU_POST_SAMPLE 103 1441792 2555904 196608 131072 196608 65536 589824 983040 6160384
GPU_POST_SAMPLE 104 1572864 2883584 131072 131072 131072 65536 655360 983040 6553600
GPU_POST_SAMPLE 105 1572864 2621440 131072 131072 131072 131072 589824 983040 6291456
GPU_POST_SAMPLE 106 1572864 5111808 196608 131072 196608 0 655360 1048576 8912896
GPU_POST_SAMPLE 107 1572864 3014656 131072 196608 131072 65536 589824 1048576 6750208
GPU_POST_SAMPLE 108 2097152 6422528 131072 262144 131072 65536 851968 1441792 11403264
GPU_POST_SAMPLE 109 1703936 3670016 196608 196608 131072 65536 589824 1310720 7864320
GPU_POST_SAMPLE 110 2031616 3866624 196608 196608 196608 65536 786432 1376256 8716288
GPU_POST_SAMPLE 111 2097152 3801088 131072 196608 196608 131072 786432 1376256 8716288
GPU_POST_SAMPLE 112 2162688 3932160 3211264 196608 196608 131072 851968 1376256 12058624
GPU_POST_SAMPLE 113 2097152 3932160 131072 196608 196608 65536 786432 1441792 8847360
GPU_POST_SAMPLE 114 2097152 3801088 196608 196608 196608 0 851968 1376256 8716288
GPU_POST_SAMPLE 115 2228224 4063232 3014656 196608 196608 131072 851968 1376256 12058624
GPU_POST_SAMPLE 116 2621440 5636096 262144 196608 196608 65536 983040 4390912 14352384
GPU_POST_SAMPLE 117 1966080 3932160 131072 262144 131072 131072 786432 1441792 8781824
GPU_POST_SAMPLE 118 2162688 6225920 196608 196608 196608 65536 786432 1507328 11337728
GPU_POST_SAMPLE 119 2097152 3932160 2883584 262144 262144 65536 1114112 1703936 12320768
{"seed":43,"vendor":"Microsoft Corporation","renderer":"D3D12 (Intel(R) Arc(TM) 140T GPU (16GB))","gl_version":"4.6 (Compatibility Profile) Mesa 26.2.2","gallium_path":"/root/.cache/football-mesa-build-20260913-a/install-wayland/lib/libgallium-26.2.2.so","width":1920,"height":1080,"quality":"pbr+bloom+fxaa+auto_exposure","swap_enabled":true,"swap_interval":0,"warmup_frames":30,"measured_frames":120,"in_play_frames":150,"p50_ms":22.884513,"p95_ms":28.012875,"p99_ms":29.044335,"submit_p50_ms":22.846714,"submit_p95_ms":27.974676,"finish_p50_ms":0.037154,"finish_p95_ms":0.059465,"samples_ms":[24.750412,27.837665,22.930208,26.314496,23.386933,25.130599,26.370381,28.210416,28.153973,27.304925,25.658732,19.627575,24.656202,20.753115,21.809395,22.884513,20.725023,20.738549,23.006758,20.527220,27.662757,20.623776,24.296163,18.523117,24.235873,22.495298,21.949258,22.090257,20.648579,20.077047,28.190635,20.987248,25.007181,21.694252,22.815057,22.049072,21.974887,20.778088,25.592707,21.604142,24.927090,20.879732,23.818043,20.096176,28.012875,28.464405,19.883630,23.726460,25.034912,19.151000,23.582642,19.563628,24.943188,19.352931,22.881141,25.049788,20.111348,21.959713,21.523925,22.038586,21.683245,24.202091,20.421880,22.050415,24.152192,19.185015,22.110816,21.871099,24.043440,21.485525,25.004488,22.329296,21.294213,21.801632,26.423860,21.120788,26.955014,20.541589,23.826248,19.572682,26.031749,18.847328,23.376335,22.590645,27.509305,25.104967,27.360168,25.545752,23.775854,21.662733,21.640530,23.000022,19.854598,20.812930,24.076272,21.073368,23.558904,24.511915,20.358519,23.607562,24.280817,21.074434,22.446134,20.580844,25.074349,21.359355,22.439799,20.638283,25.875902,22.792439,29.104874,27.035009,26.599684,24.959265,27.040371,26.418579,29.044335,23.794306,27.634555,27.613976],"submit_samples_ms":[24.692925,27.802797,22.891838,26.274975,23.350889,25.095824,26.334386,28.175762,28.117659,27.267101,25.622864,19.587812,24.620759,20.708690,21.775542,22.844605,20.678059,20.701578,22.973097,20.489391,27.628648,20.589374,24.261344,18.484883,24.196565,22.435833,21.910145,22.055992,20.616588,20.035060,28.096509,20.950962,24.966467,21.659604,22.773696,22.013298,21.941545,20.740473,25.559099,21.560025,24.890726,20.840764,23.784343,20.050063,27.974676,28.429082,19.845517,23.692890,24.985849,19.115439,23.545759,19.527409,24.905647,19.314975,22.846714,25.011476,20.074760,21.919892,21.487744,22.004254,21.643170,24.167688,20.379516,22.014612,24.114663,19.149629,22.074138,21.836576,24.004857,21.448136,24.952414,22.292828,21.259180,21.756630,26.383984,21.086941,26.917848,20.506686,23.768741,19.535665,25.992521,18.809745,23.341701,22.552867,27.468951,25.071049,27.324470,25.507257,23.741943,21.623389,21.606466,22.849873,19.821273,20.776674,24.039118,21.034779,23.521252,24.477618,20.280012,23.574152,24.244792,21.038800,22.384110,20.543297,25.035037,21.324128,22.398454,20.592207,25.815309,22.756271,29.014857,26.995066,26.564607,24.925178,27.001689,26.380587,29.010121,23.746617,27.592074,27.579975],"finish_samples_ms":[0.057487,0.034868,0.038370,0.039521,0.036044,0.034775,0.035995,0.034654,0.036314,0.037824,0.035868,0.039763,0.035443,0.044425,0.033853,0.039908,0.046964,0.036971,0.033661,0.037829,0.034109,0.034402,0.034819,0.038234,0.039308,0.059465,0.039113,0.034265,0.031991,0.041987,0.094126,0.036286,0.040714,0.034648,0.041361,0.035774,0.033342,0.037615,0.033608,0.044117,0.036364,0.038968,0.033700,0.046113,0.038199,0.035323,0.038113,0.033570,0.049063,0.035561,0.036883,0.036219,0.037541,0.037956,0.034427,0.038312,0.036588,0.039821,0.036181,0.034332,0.040075,0.034403,0.042364,0.035803,0.037529,0.035386,0.036678,0.034523,0.038583,0.037389,0.052074,0.036468,0.035033,0.045002,0.039876,0.033847,0.037166,0.034903,0.057507,0.037017,0.039228,0.037583,0.034634,0.037778,0.040354,0.033918,0.035698,0.038495,0.033911,0.039344,0.034064,0.150149,0.033325,0.036256,0.037154,0.038589,0.037652,0.034297,0.078507,0.033410,0.036025,0.035634,0.062024,0.037547,0.039312,0.035227,0.041345,0.046076,0.060593,0.036168,0.090017,0.039943,0.035077,0.034087,0.038682,0.037992,0.034214,0.047689,0.042481,0.034001]}
