MESA-EGL: warning: egl: failed to create dri2 screen
 dllPath = /usr/lib/wsl/drivers/iigd_dch.inf_amd64_3e6575b60ae27560, dllName = libigdgmm_w.so.12 
 IsWddmLinux = 1, dllWslName = /usr/lib/wsl/drivers/iigd_dch.inf_amd64_3e6575b60ae27560/libigdgmm_w.so.12  flags = 2
 dllPath = /usr/lib/wsl/drivers/iigd_dch.inf_amd64_3e6575b60ae27560, dllName = libigdgmm_w.so.12 
 IsWddmLinux = 1, dllWslName = /usr/lib/wsl/drivers/iigd_dch.inf_amd64_3e6575b60ae27560/libigdgmm_w.so.12  flags = 2
GPU_POST_SAMPLE 0 2228224 4390912 196608 262144 3276800 131072 983040 1638400 13107200
GPU_POST_SAMPLE 1 2293760 5373952 262144 196608 196608 131072 983040 6422528 15859712
GPU_POST_SAMPLE 2 2293760 5439488 262144 262144 196608 131072 983040 1835008 11403264
GPU_POST_SAMPLE 3 2293760 5242880 196608 262144 262144 0 1048576 6422528 15728640
GPU_POST_SAMPLE 4 2228224 4980736 196608 262144 196608 131072 917504 5111808 14024704
GPU_POST_SAMPLE 5 2555904 5767168 2424832 262144 196608 131072 1048576 1703936 14090240
GPU_POST_SAMPLE 6 2621440 5701632 2293760 262144 262144 131072 1048576 1703936 14024704
GPU_POST_SAMPLE 7 2490368 5898240 2686976 262144 262144 65536 1114112 1638400 14417920
GPU_POST_SAMPLE 8 2031616 4915200 196608 262144 2162688 131072 983040 1638400 12320768
GPU_POST_SAMPLE 9 2097152 4849664 262144 196608 196608 65536 983040 1638400 10289152
GPU_POST_SAMPLE 10 2097152 4521984 3014656 262144 262144 131072 1179648 1835008 13303808
GPU_POST_SAMPLE 11 1966080 4063232 196608 196608 262144 0 851968 4980736 12517376
GPU_POST_SAMPLE 12 2555904 5832704 262144 262144 196608 65536 1703936 1769472 12648448
GPU_POST_SAMPLE 13 2293760 5177344 196608 196608 262144 65536 1048576 4456448 13697024
GPU_POST_SAMPLE 14 2686976 5898240 2359296 262144 196608 131072 983040 1769472 14286848
GPU_POST_SAMPLE 15 2752512 5701632 2621440 262144 196608 131072 983040 1769472 14417920
GPU_POST_SAMPLE 16 2621440 5767168 2621440 262144 196608 131072 1114112 1769472 14483456
GPU_POST_SAMPLE 17 2555904 5636096 2555904 262144 196608 196608 917504 1703936 14024704
GPU_POST_SAMPLE 18 2031616 4587520 262144 262144 196608 131072 851968 5701632 14024704
GPU_POST_SAMPLE 19 2097152 4456448 2555904 327680 196608 196608 1114112 1769472 12713984
GPU_POST_SAMPLE 20 2031616 4587520 196608 196608 262144 65536 917504 1572864 9830400
GPU_POST_SAMPLE 21 2359296 5439488 262144 196608 196608 131072 917504 1703936 11206656
GPU_POST_SAMPLE 22 2097152 4456448 196608 262144 196608 131072 983040 1572864 9895936
GPU_POST_SAMPLE 23 2031616 4521984 3932160 327680 262144 65536 1376256 2031616 14548992
GPU_POST_SAMPLE 24 2097152 7733248 3407872 327680 262144 65536 2031616 2031616 17956864
GPU_POST_SAMPLE 25 3211264 7077888 5046272 327680 262144 131072 1310720 2293760 19660800
GPU_POST_SAMPLE 26 3080192 9895936 262144 327680 262144 65536 1114112 1900544 16908288
GPU_POST_SAMPLE 27 2621440 5570560 196608 3211264 262144 131072 983040 1769472 14745600
GPU_POST_SAMPLE 28 2359296 5177344 262144 196608 262144 65536 983040 1703936 11010048
GPU_POST_SAMPLE 29 2424832 5570560 2293760 327680 262144 65536 983040 1769472 13697024
GPU_POST_SAMPLE 30 2162688 4718592 262144 196608 262144 0 917504 4063232 12582912
GPU_POST_SAMPLE 31 2031616 4456448 196608 262144 262144 65536 917504 1703936 9895936
GPU_POST_SAMPLE 32 2031616 4521984 3342336 196608 196608 196608 917504 1638400 13041664
GPU_POST_SAMPLE 33 2031616 4390912 196608 196608 262144 65536 4521984 1835008 13500416
GPU_POST_SAMPLE 34 2228224 5177344 196608 3407872 262144 131072 1048576 1703936 14155776
GPU_POST_SAMPLE 35 1900544 4194304 131072 196608 262144 0 851968 1441792 8978432
GPU_POST_SAMPLE 36 3670016 9371648 262144 262144 327680 65536 1245184 2097152 17301504
GPU_POST_SAMPLE 37 2228224 5177344 262144 196608 196608 131072 983040 1703936 10878976
GPU_POST_SAMPLE 38 2621440 5636096 2424832 196608 262144 131072 917504 1769472 13959168
GPU_POST_SAMPLE 39 2621440 5439488 2555904 196608 327680 65536 1048576 1769472 14024704
GPU_POST_SAMPLE 40 2293760 6291456 2752512 327680 196608 131072 1048576 1835008 14876672
GPU_POST_SAMPLE 41 2490368 5373952 2555904 262144 262144 131072 1048576 1638400 13762560
GPU_POST_SAMPLE 42 2359296 5767168 2883584 262144 262144 65536 1048576 1638400 14286848
GPU_POST_SAMPLE 43 1966080 4587520 262144 196608 196608 131072 851968 1769472 9961472
GPU_POST_SAMPLE 44 2097152 4456448 2293760 262144 196608 131072 983040 1572864 11993088
GPU_POST_SAMPLE 45 2162688 4980736 196608 196608 196608 131072 4456448 1769472 14090240
GPU_POST_SAMPLE 46 2490368 5767168 262144 196608 262144 131072 917504 4456448 14483456
GPU_POST_SAMPLE 47 2555904 5570560 2359296 262144 196608 131072 1048576 1703936 13828096
GPU_POST_SAMPLE 48 2555904 5701632 2555904 262144 196608 131072 983040 1703936 14090240
GPU_POST_SAMPLE 49 1966080 4718592 196608 196608 262144 65536 983040 4063232 12451840
GPU_POST_SAMPLE 50 2097152 4521984 262144 196608 262144 65536 917504 1703936 10027008
GPU_POST_SAMPLE 51 1835008 3866624 131072 196608 262144 0 851968 1441792 8585216
GPU_POST_SAMPLE 52 1966080 4653056 3473408 262144 262144 65536 1179648 1900544 13762560
GPU_POST_SAMPLE 53 1900544 3997696 262144 131072 2621440 131072 917504 1507328 11468800
GPU_POST_SAMPLE 54 1966080 4128768 196608 196608 196608 131072 851968 1507328 9175040
GPU_POST_SAMPLE 55 2359296 5111808 262144 262144 196608 65536 917504 1703936 10878976
GPU_POST_SAMPLE 56 2293760 5767168 262144 262144 196608 65536 4784128 1769472 15400960
GPU_POST_SAMPLE 57 2621440 7405568 4194304 262144 262144 131072 1114112 1769472 17760256
GPU_POST_SAMPLE 58 2555904 7274496 3866624 262144 262144 65536 1114112 1703936 17104896
GPU_POST_SAMPLE 59 3014656 6881280 3211264 262144 262144 65536 1048576 1769472 16515072
GPU_POST_SAMPLE 60 2162688 4259840 2162688 196608 196608 131072 1048576 1507328 11665408
GPU_POST_SAMPLE 61 2621440 6815744 262144 262144 262144 131072 1179648 6160384 17694720
GPU_POST_SAMPLE 62 2359296 5242880 196608 262144 196608 65536 983040 1769472 11075584
GPU_POST_SAMPLE 63 2031616 5177344 262144 196608 196608 65536 983040 1507328 10420224
GPU_POST_SAMPLE 64 2424832 5570560 262144 262144 196608 131072 983040 1900544 11730944
GPU_POST_SAMPLE 65 2293760 5373952 3145728 327680 262144 131072 1179648 1769472 14483456
GPU_POST_SAMPLE 66 2097152 4456448 3014656 262144 196608 131072 983040 1703936 12845056
GPU_POST_SAMPLE 67 2621440 5701632 3276800 262144 262144 131072 1048576 1835008 15138816
GPU_POST_SAMPLE 68 2097152 4456448 3211264 327680 196608 131072 1179648 1900544 13500416
GPU_POST_SAMPLE 69 1966080 3932160 196608 196608 196608 131072 851968 1441792 8912896
GPU_POST_SAMPLE 70 2424832 5177344 262144 262144 196608 131072 983040 5308416 14745600
GPU_POST_SAMPLE 71 2031616 3997696 262144 196608 196608 65536 851968 1441792 9043968
GPU_POST_SAMPLE 72 2490368 5308416 2686976 262144 262144 131072 1048576 1638400 13828096
GPU_POST_SAMPLE 73 2162688 4915200 262144 196608 196608 131072 917504 1703936 10485760
GPU_POST_SAMPLE 74 2097152 4521984 196608 262144 196608 131072 983040 1703936 10092544
GPU_POST_SAMPLE 75 2097152 4194304 262144 196608 196608 131072 917504 1441792 9437184
GPU_POST_SAMPLE 76 2490368 5701632 2490368 327680 262144 131072 1114112 1769472 14286848
GPU_POST_SAMPLE 77 5242880 5308416 262144 262144 196608 65536 1048576 1769472 14155776
GPU_POST_SAMPLE 78 2490368 5308416 262144 196608 262144 65536 1048576 4718592 14352384
GPU_POST_SAMPLE 79 2359296 5177344 2555904 262144 262144 65536 1179648 1835008 13697024
GPU_POST_SAMPLE 80 2686976 5963776 2621440 327680 262144 65536 983040 1769472 14680064
GPU_POST_SAMPLE 81 2752512 5767168 2686976 327680 196608 131072 1048576 1769472 14680064
GPU_POST_SAMPLE 82 2752512 5898240 2555904 262144 196608 131072 1114112 1703936 14614528
GPU_POST_SAMPLE 83 2621440 6160384 2883584 262144 196608 65536 1114112 1769472 15073280
GPU_POST_SAMPLE 84 2621440 8585216 262144 262144 327680 65536 1245184 1769472 15138816
GPU_POST_SAMPLE 85 2031616 4128768 196608 196608 196608 65536 851968 1441792 9109504
GPU_POST_SAMPLE 86 2818048 5636096 2359296 327680 196608 65536 1048576 1703936 14155776
GPU_POST_SAMPLE 87 2555904 5505024 2555904 262144 196608 131072 1048576 1703936 13959168
GPU_POST_SAMPLE 88 2752512 5505024 2293760 262144 262144 65536 1048576 1703936 13893632
GPU_POST_SAMPLE 89 2752512 5570560 2621440 262144 262144 65536 1048576 1769472 14352384
GPU_POST_SAMPLE 90 2686976 7864320 262144 196608 196608 131072 983040 1769472 14090240
GPU_POST_SAMPLE 91 2883584 7798784 262144 196608 196608 131072 983040 1769472 14221312
GPU_POST_SAMPLE 92 2424832 5046272 2555904 262144 196608 196608 1048576 1835008 13565952
GPU_POST_SAMPLE 93 2818048 5505024 2555904 262144 262144 65536 1048576 1703936 14221312
GPU_POST_SAMPLE 94 2686976 5767168 2555904 262144 262144 131072 1048576 1638400 14352384
GPU_POST_SAMPLE 95 2490368 5963776 262144 262144 196608 131072 1048576 4980736 15335424
GPU_POST_SAMPLE 96 2097152 4718592 262144 196608 196608 131072 983040 1769472 10354688
GPU_POST_SAMPLE 97 2228224 4521984 3342336 262144 196608 131072 1114112 1703936 13500416
GPU_POST_SAMPLE 98 2228224 4456448 3735552 327680 262144 65536 1179648 1900544 14155776
GPU_POST_SAMPLE 99 2293760 4587520 196608 196608 262144 65536 917504 1703936 10223616
GPU_POST_SAMPLE 100 2490368 5177344 196608 262144 196608 65536 1048576 5373952 14811136
GPU_POST_SAMPLE 101 2686976 5636096 262144 196608 262144 65536 983040 5177344 15269888
GPU_POST_SAMPLE 102 2686976 5636096 2424832 262144 262144 131072 1048576 1703936 14155776
GPU_POST_SAMPLE 103 2818048 5832704 2555904 262144 196608 131072 1048576 1703936 14548992
GPU_POST_SAMPLE 104 2490368 5439488 2162688 262144 196608 131072 983040 1703936 13369344
GPU_POST_SAMPLE 105 2752512 5767168 2359296 327680 196608 65536 1048576 1572864 14090240
GPU_POST_SAMPLE 106 2031616 4325376 262144 131072 196608 131072 851968 1441792 9371648
GPU_POST_SAMPLE 107 2031616 3997696 2883584 262144 262144 65536 1114112 1835008 12451840
GPU_POST_SAMPLE 108 2949120 5701632 262144 196608 262144 0 1114112 5373952 15859712
GPU_POST_SAMPLE 109 2490368 5570560 262144 196608 196608 65536 983040 4980736 14745600
GPU_POST_SAMPLE 110 2752512 5963776 2293760 327680 196608 65536 1048576 1769472 14417920
GPU_POST_SAMPLE 111 2097152 4194304 196608 262144 196608 65536 851968 1441792 9306112
GPU_POST_SAMPLE 112 2162688 4063232 131072 262144 131072 131072 4128768 1900544 12910592
GPU_POST_SAMPLE 113 3014656 6029312 262144 196608 1835008 131072 983040 3997696 16449536
GPU_POST_SAMPLE 114 2621440 5505024 196608 196608 262144 65536 1048576 5046272 14942208
GPU_POST_SAMPLE 115 2031616 3932160 2162688 262144 262144 131072 1048576 1769472 11599872
GPU_POST_SAMPLE 116 2686976 5308416 2359296 262144 196608 131072 1048576 1572864 13565952
GPU_POST_SAMPLE 117 2949120 5701632 2883584 262144 196608 131072 1114112 1703936 14942208
GPU_POST_SAMPLE 118 2949120 5832704 262144 262144 196608 851968 1114112 3801088 15269888
GPU_POST_SAMPLE 119 2949120 5701632 2162688 262144 262144 65536 1048576 1769472 14221312
{"seed":42,"vendor":"Microsoft Corporation","renderer":"D3D12 (Intel(R) Arc(TM) 140T GPU (16GB))","gl_version":"4.6 (Compatibility Profile) Mesa 26.2.2","gallium_path":"/root/.cache/football-mesa-build-20260913-a/install-wayland/lib/libgallium-26.2.2.so","width":1920,"height":1080,"quality":"pbr+bloom+fxaa+auto_exposure","swap_enabled":true,"swap_interval":0,"warmup_frames":30,"measured_frames":120,"in_play_frames":141,"p50_ms":29.976999,"p95_ms":32.868703,"p99_ms":34.797047,"submit_p50_ms":29.936729,"submit_p95_ms":32.831862,"finish_p50_ms":0.038466,"finish_p95_ms":0.060232,"samples_ms":[30.412634,32.014569,29.360026,31.263405,29.223487,28.949593,31.822664,29.999182,28.750284,28.819049,29.196632,26.777043,30.203805,29.124382,30.354786,33.100630,29.815404,29.998499,31.056556,30.596397,29.675656,31.749197,27.426724,30.178478,34.797047,38.117109,33.420301,31.328994,27.445347,29.243395,27.449145,27.774887,28.816917,32.084133,29.689982,28.017670,32.868703,29.329082,29.846235,30.663287,31.652391,30.416180,29.470837,26.174478,27.006749,30.572648,29.156606,29.936860,29.976999,27.762861,24.081146,22.467090,28.436550,26.092902,24.033683,32.371252,30.307335,32.649197,31.526696,32.137898,28.256585,31.395938,30.394055,31.086019,28.504217,30.609464,30.086836,32.019506,31.256358,27.002155,30.882103,27.526935,29.636785,27.860509,23.873253,28.119143,31.465308,33.684513,29.910513,29.238365,30.820795,31.687451,30.820336,32.694811,32.410953,27.839028,31.932605,30.778095,32.540359,30.882168,32.522508,31.396396,29.032576,30.526128,29.250945,30.855237,28.266146,28.349814,30.699923,28.856324,29.711627,30.872731,29.366921,31.158353,28.543855,32.339165,26.692397,27.042680,29.204966,28.408937,29.862152,25.474161,27.209353,29.425773,30.687147,28.338864,31.588503,34.389519,32.026191,32.264965],"submit_samples_ms":[30.375778,31.976103,29.322611,31.204844,29.186435,28.911189,31.786195,29.960606,28.710336,28.777547,29.148129,26.739433,30.166292,29.088133,30.317815,33.063639,29.777953,29.960386,30.994376,30.556593,29.634780,31.708339,27.383624,30.134350,34.756219,38.079503,33.383034,31.292262,27.407387,29.206383,27.388913,27.730403,28.776675,32.017417,29.651454,27.981803,32.831862,29.292309,29.809918,30.624707,31.614340,30.359895,29.431465,26.131666,26.968155,30.535538,29.118710,29.897930,29.936729,27.722418,24.027082,22.395049,28.388501,26.056638,23.976274,32.332137,30.270099,32.612559,31.483407,32.101417,28.218115,31.357555,30.339695,31.042904,28.461670,30.567469,30.047930,31.974439,31.211158,26.966308,30.846442,27.489379,29.597925,27.818236,23.835283,28.080551,31.425551,33.647656,29.873682,29.202591,30.781037,31.626331,30.781674,32.655726,32.371610,27.802237,31.893323,30.741299,32.485867,30.843914,32.483693,31.359013,28.998241,30.487578,29.212549,30.816535,28.186028,28.304461,30.639321,28.817978,29.675814,30.835951,29.329133,31.122999,28.507536,32.302604,26.650948,27.008699,29.170006,28.373110,29.827362,25.431139,27.174090,29.387948,30.647503,28.302084,31.545543,34.351060,31.988637,32.228607],"finish_samples_ms":[0.036856,0.038466,0.037415,0.058561,0.037052,0.038404,0.036469,0.038576,0.039948,0.041502,0.048503,0.037610,0.037513,0.036249,0.036971,0.036991,0.037451,0.038113,0.062180,0.039804,0.040876,0.040858,0.043100,0.044128,0.040828,0.037606,0.037267,0.036732,0.037960,0.037012,0.060232,0.044484,0.040242,0.066716,0.038528,0.035867,0.036841,0.036773,0.036317,0.038580,0.038051,0.056285,0.039372,0.042812,0.038594,0.037110,0.037896,0.038930,0.040270,0.040443,0.054064,0.072041,0.048049,0.036264,0.057409,0.039115,0.037236,0.036638,0.043289,0.036481,0.038470,0.038383,0.054360,0.043115,0.042547,0.041995,0.038906,0.045067,0.045200,0.035847,0.035661,0.037556,0.038860,0.042273,0.037970,0.038592,0.039757,0.036857,0.036831,0.035774,0.039758,0.061120,0.038662,0.039085,0.039343,0.036791,0.039282,0.036796,0.054492,0.038254,0.038815,0.037383,0.034335,0.038550,0.038396,0.038702,0.080118,0.045353,0.060602,0.038346,0.035813,0.036780,0.037788,0.035354,0.036319,0.036561,0.041449,0.033981,0.034960,0.035827,0.034790,0.043022,0.035263,0.037825,0.039644,0.036780,0.042960,0.038459,0.037554,0.036358]}
