MESA-EGL: warning: egl: failed to create dri2 screen
 dllPath = /usr/lib/wsl/drivers/iigd_dch.inf_amd64_3e6575b60ae27560, dllName = libigdgmm_w.so.12 
 IsWddmLinux = 1, dllWslName = /usr/lib/wsl/drivers/iigd_dch.inf_amd64_3e6575b60ae27560/libigdgmm_w.so.12  flags = 2
 dllPath = /usr/lib/wsl/drivers/iigd_dch.inf_amd64_3e6575b60ae27560, dllName = libigdgmm_w.so.12 
 IsWddmLinux = 1, dllWslName = /usr/lib/wsl/drivers/iigd_dch.inf_amd64_3e6575b60ae27560/libigdgmm_w.so.12  flags = 2
GPU_POST_SAMPLE 0 1048576 2031616 1703936 196608 65536 131072 524288 786432 6488064
GPU_POST_SAMPLE 1 1048576 2031616 131072 131072 131072 65536 393216 786432 4718592
GPU_POST_SAMPLE 2 1114112 1835008 196608 65536 131072 65536 458752 720896 4587520
GPU_POST_SAMPLE 3 1048576 2162688 65536 131072 131072 0 524288 720896 4784128
GPU_POST_SAMPLE 4 1048576 2097152 131072 131072 131072 65536 393216 786432 4784128
GPU_POST_SAMPLE 5 1703936 3014656 196608 65536 131072 65536 458752 720896 6356992
GPU_POST_SAMPLE 6 1114112 4063232 131072 65536 131072 65536 458752 720896 6750208
GPU_POST_SAMPLE 7 1114112 1835008 131072 131072 131072 65536 393216 786432 4587520
GPU_POST_SAMPLE 8 1245184 2818048 131072 196608 131072 65536 589824 1048576 6225920
GPU_POST_SAMPLE 9 1048576 2031616 131072 131072 131072 65536 393216 786432 4718592
GPU_POST_SAMPLE 10 1114112 2031616 131072 131072 131072 0 524288 720896 4784128
GPU_POST_SAMPLE 11 1114112 4128768 131072 131072 131072 65536 393216 851968 6946816
GPU_POST_SAMPLE 12 1114112 2228224 131072 131072 131072 65536 458752 720896 4980736
GPU_POST_SAMPLE 13 1376256 2031616 131072 131072 65536 65536 458752 786432 5046272
GPU_POST_SAMPLE 14 1048576 1769472 196608 131072 65536 65536 458752 786432 4521984
GPU_POST_SAMPLE 15 1048576 1900544 196608 65536 131072 65536 458752 786432 4653056
GPU_POST_SAMPLE 16 1114112 1769472 131072 131072 131072 65536 393216 786432 4521984
GPU_POST_SAMPLE 17 1310720 2686976 196608 65536 131072 65536 458752 720896 5636096
GPU_POST_SAMPLE 18 1966080 2097152 1376256 196608 65536 131072 458752 786432 7077888
GPU_POST_SAMPLE 19 1048576 2228224 131072 131072 65536 65536 458752 786432 4915200
GPU_POST_SAMPLE 20 1376256 3538944 2359296 196608 65536 131072 524288 720896 8912896
GPU_POST_SAMPLE 21 1179648 2621440 131072 131072 65536 131072 393216 786432 5439488
GPU_POST_SAMPLE 22 1114112 1769472 196608 65536 131072 65536 393216 851968 4587520
GPU_POST_SAMPLE 23 1048576 1835008 65536 196608 65536 65536 524288 720896 4521984
GPU_POST_SAMPLE 24 1638400 5505024 131072 131072 65536 65536 458752 786432 8781824
GPU_POST_SAMPLE 25 1245184 2621440 131072 65536 131072 65536 458752 720896 5439488
GPU_POST_SAMPLE 26 1179648 2031616 131072 131072 131072 65536 458752 786432 4915200
GPU_POST_SAMPLE 27 1114112 1835008 131072 65536 131072 65536 458752 720896 4521984
GPU_POST_SAMPLE 28 1310720 4587520 1703936 131072 131072 131072 524288 786432 9306112
GPU_POST_SAMPLE 29 1179648 2621440 131072 131072 131072 65536 589824 1048576 5898240
GPU_POST_SAMPLE 30 7929856 15204352 262144 262144 262144 65536 1048576 1769472 26804224
GPU_POST_SAMPLE 31 983040 1638400 65536 131072 65536 65536 393216 589824 3932160
GPU_POST_SAMPLE 32 2555904 2097152 131072 65536 131072 65536 393216 589824 6029312
GPU_POST_SAMPLE 33 983040 1769472 131072 65536 131072 65536 458752 720896 4325376
GPU_POST_SAMPLE 34 1114112 4456448 131072 131072 131072 65536 458752 720896 7208960
GPU_POST_SAMPLE 35 1048576 2490368 131072 65536 131072 65536 458752 720896 5111808
GPU_POST_SAMPLE 36 1048576 1835008 65536 196608 65536 65536 458752 851968 4587520
GPU_POST_SAMPLE 37 1114112 1769472 131072 131072 131072 65536 393216 851968 4587520
GPU_POST_SAMPLE 38 2097152 2097152 1572864 131072 131072 131072 524288 720896 7405568
GPU_POST_SAMPLE 39 1245184 2424832 65536 196608 65536 65536 458752 786432 5308416
GPU_POST_SAMPLE 40 1048576 2031616 131072 131072 65536 65536 458752 786432 4718592
GPU_POST_SAMPLE 41 1835008 2293760 131072 65536 131072 65536 458752 720896 5701632
GPU_POST_SAMPLE 42 983040 1835008 196608 131072 65536 65536 458752 786432 4521984
GPU_POST_SAMPLE 43 1048576 1835008 131072 131072 131072 65536 458752 786432 4587520
GPU_POST_SAMPLE 44 1638400 4587520 131072 131072 131072 0 524288 720896 7864320
GPU_POST_SAMPLE 45 983040 1835008 131072 65536 1507328 131072 524288 655360 5832704
GPU_POST_SAMPLE 46 1900544 2883584 196608 65536 131072 65536 393216 720896 6356992
GPU_POST_SAMPLE 47 1310720 2555904 131072 196608 65536 131072 589824 720896 5701632
GPU_POST_SAMPLE 48 1048576 2097152 1507328 196608 131072 65536 524288 786432 6356992
GPU_POST_SAMPLE 49 1048576 1835008 65536 131072 65536 131072 458752 720896 4456448
GPU_POST_SAMPLE 50 1114112 4390912 262144 262144 65536 131072 393216 786432 7405568
GPU_POST_SAMPLE 51 1114112 2031616 131072 131072 65536 65536 458752 2228224 6225920
GPU_POST_SAMPLE 52 1376256 2359296 131072 131072 65536 65536 458752 786432 5373952
GPU_POST_SAMPLE 53 1048576 1900544 131072 131072 65536 65536 524288 917504 4784128
GPU_POST_SAMPLE 54 1048576 1835008 131072 131072 65536 65536 458752 786432 4521984
GPU_POST_SAMPLE 55 1114112 2097152 131072 65536 196608 65536 393216 2162688 6225920
GPU_POST_SAMPLE 56 1245184 2097152 131072 131072 131072 65536 393216 786432 4980736
GPU_POST_SAMPLE 57 1114112 1769472 196608 65536 131072 65536 458752 720896 4521984
GPU_POST_SAMPLE 58 1048576 2097152 65536 196608 65536 65536 458752 786432 4784128
GPU_POST_SAMPLE 59 1114112 1835008 196608 65536 131072 65536 393216 851968 4653056
GPU_POST_SAMPLE 60 1114112 1966080 196608 65536 131072 65536 458752 786432 4784128
GPU_POST_SAMPLE 61 1114112 1966080 1638400 131072 131072 131072 524288 720896 6356992
GPU_POST_SAMPLE 62 1507328 2097152 131072 131072 65536 65536 458752 786432 5242880
GPU_POST_SAMPLE 63 1114112 1835008 131072 131072 131072 65536 458752 720896 4587520
GPU_POST_SAMPLE 64 1703936 3145728 131072 131072 131072 65536 393216 786432 6488064
GPU_POST_SAMPLE 65 1572864 4063232 3670016 131072 131072 65536 524288 851968 11010048
GPU_POST_SAMPLE 66 1114112 2555904 131072 196608 131072 65536 589824 1048576 5832704
GPU_POST_SAMPLE 67 1835008 1835008 65536 131072 131072 65536 458752 786432 5308416
GPU_POST_SAMPLE 68 1114112 1835008 196608 65536 131072 65536 393216 786432 4587520
GPU_POST_SAMPLE 69 1114112 1900544 131072 65536 131072 65536 458752 720896 4587520
GPU_POST_SAMPLE 70 1310720 3801088 1703936 196608 65536 65536 589824 786432 8519680
GPU_POST_SAMPLE 71 1507328 3080192 131072 131072 196608 0 589824 1048576 6684672
GPU_POST_SAMPLE 72 1507328 2097152 196608 65536 131072 65536 458752 720896 5242880
GPU_POST_SAMPLE 73 1114112 2031616 131072 131072 65536 65536 458752 2293760 6291456
GPU_POST_SAMPLE 74 1114112 1835008 131072 65536 131072 65536 458752 786432 4587520
GPU_POST_SAMPLE 75 1245184 2097152 65536 196608 131072 0 458752 786432 4980736
GPU_POST_SAMPLE 76 1114112 1835008 131072 131072 131072 0 458752 786432 4587520
GPU_POST_SAMPLE 77 1507328 2228224 131072 131072 131072 65536 393216 786432 5373952
GPU_POST_SAMPLE 78 1179648 1835008 131072 131072 131072 0 524288 720896 4653056
GPU_POST_SAMPLE 79 1114112 2031616 65536 196608 65536 65536 458752 786432 4784128
GPU_POST_SAMPLE 80 1179648 2031616 131072 131072 1441792 131072 524288 720896 6291456
GPU_POST_SAMPLE 81 1114112 2031616 131072 131072 131072 65536 458752 720896 4784128
GPU_POST_SAMPLE 82 2162688 4063232 196608 131072 65536 65536 458752 786432 7929856
GPU_POST_SAMPLE 83 1179648 3670016 196608 131072 65536 65536 458752 786432 6553600
GPU_POST_SAMPLE 84 1114112 3014656 131072 196608 131072 0 1114112 1835008 7536640
GPU_POST_SAMPLE 85 1114112 2097152 131072 131072 131072 0 524288 720896 4849664
GPU_POST_SAMPLE 86 1179648 1835008 131072 131072 65536 65536 458752 786432 4653056
GPU_POST_SAMPLE 87 1245184 2097152 131072 131072 131072 0 524288 720896 4980736
GPU_POST_SAMPLE 88 1638400 6225920 131072 131072 131072 65536 458752 720896 9502720
GPU_POST_SAMPLE 89 1638400 2097152 131072 131072 131072 65536 393216 851968 5439488
GPU_POST_SAMPLE 90 1114112 1900544 131072 65536 196608 0 458752 720896 4587520
GPU_POST_SAMPLE 91 1179648 1966080 131072 65536 131072 65536 458752 720896 4718592
GPU_POST_SAMPLE 92 1114112 1835008 131072 131072 65536 131072 393216 786432 4587520
GPU_POST_SAMPLE 93 1114112 3276800 65536 131072 65536 131072 458752 720896 5963776
GPU_POST_SAMPLE 94 2359296 2031616 131072 131072 131072 65536 393216 786432 6029312
GPU_POST_SAMPLE 95 1114112 1835008 131072 65536 131072 65536 458752 720896 4521984
GPU_POST_SAMPLE 96 1114112 2031616 131072 65536 131072 65536 458752 720896 4718592
GPU_POST_SAMPLE 97 1114112 3276800 196608 196608 262144 0 589824 720896 6356992
GPU_POST_SAMPLE 98 1179648 2359296 131072 131072 131072 65536 393216 786432 5177344
GPU_POST_SAMPLE 99 1179648 1835008 131072 131072 131072 65536 393216 786432 4653056
GPU_POST_SAMPLE 100 1179648 2031616 131072 131072 131072 65536 458752 2621440 6750208
GPU_POST_SAMPLE 101 1310720 2293760 65536 131072 131072 0 524288 720896 5177344
GPU_POST_SAMPLE 102 1310720 2555904 3604480 589824 131072 65536 524288 786432 9568256
GPU_POST_SAMPLE 103 2162688 2097152 65536 131072 131072 65536 458752 720896 5832704
GPU_POST_SAMPLE 104 1179648 1769472 131072 65536 131072 65536 458752 786432 4587520
GPU_POST_SAMPLE 105 1245184 1835008 1966080 196608 65536 131072 524288 786432 6750208
GPU_POST_SAMPLE 106 1179648 2752512 131072 131072 131072 131072 589824 851968 5898240
GPU_POST_SAMPLE 107 1114112 1900544 65536 131072 131072 65536 458752 786432 4653056
GPU_POST_SAMPLE 108 1179648 1966080 65536 131072 131072 65536 458752 786432 4784128
GPU_POST_SAMPLE 109 1114112 1769472 196608 65536 131072 65536 393216 851968 4587520
GPU_POST_SAMPLE 110 1245184 1835008 2097152 131072 131072 65536 589824 720896 6815744
GPU_POST_SAMPLE 111 1179648 2490368 131072 196608 65536 65536 458752 2424832 7012352
GPU_POST_SAMPLE 112 1179648 3080192 131072 196608 131072 65536 589824 1048576 6422528
GPU_POST_SAMPLE 113 1179648 1835008 131072 131072 131072 65536 458752 786432 4718592
GPU_POST_SAMPLE 114 1900544 2293760 65536 131072 131072 65536 458752 786432 5832704
GPU_POST_SAMPLE 115 1572864 1835008 131072 131072 131072 65536 524288 917504 5308416
GPU_POST_SAMPLE 116 2031616 4063232 196608 65536 196608 65536 458752 786432 7864320
GPU_POST_SAMPLE 117 2162688 2555904 196608 131072 65536 65536 458752 786432 6422528
GPU_POST_SAMPLE 118 1703936 4784128 65536 131072 65536 65536 524288 720896 8060928
GPU_POST_SAMPLE 119 1179648 3801088 65536 131072 131072 65536 458752 720896 6553600
{"seed":42,"vendor":"Microsoft Corporation","renderer":"D3D12 (Intel(R) Arc(TM) 140T GPU (16GB))","gl_version":"4.6 (Compatibility Profile) Mesa 26.2.2","gallium_path":"/root/.cache/football-mesa-build-20260913-a/install-wayland/lib/libgallium-26.2.2.so","width":1920,"height":1080,"quality":"pbr+bloom+fxaa+auto_exposure","swap_enabled":true,"swap_interval":0,"warmup_frames":30,"measured_frames":120,"in_play_frames":141,"p50_ms":20.147322,"p95_ms":23.918180,"p99_ms":57.458147,"submit_p50_ms":20.110713,"submit_p95_ms":23.878591,"finish_p50_ms":0.038813,"finish_p95_ms":0.058253,"samples_ms":[23.071081,17.112968,15.620069,16.767222,17.315067,20.682668,21.359990,16.380266,21.885115,20.066965,22.960522,19.863932,18.152780,17.454769,17.313781,18.437076,17.429846,19.753255,20.975451,16.851398,21.365825,20.303030,16.785414,19.417067,22.795401,18.592781,21.953505,18.535746,23.918180,20.473009,57.458147,20.206795,22.007327,20.022024,22.507258,21.299206,19.151586,17.787193,24.210846,18.907838,20.898980,18.860131,19.299473,18.010393,21.074705,19.785973,19.867401,21.021184,20.671117,18.786887,20.406841,20.305012,18.909458,20.853733,17.285384,21.416363,18.610968,15.651462,17.856203,18.563985,17.377294,19.667633,21.323864,21.468206,22.341082,24.485334,19.418658,20.147322,16.384323,20.283469,21.759638,19.005898,17.684647,20.795772,18.348622,19.449843,19.411942,22.725099,19.311979,18.010428,21.219320,19.733486,22.171746,22.700010,20.636839,21.338813,17.834473,19.402159,22.841320,19.307372,18.627662,25.272559,21.009167,21.841698,20.044281,17.750376,22.198419,19.889733,21.198819,17.675399,22.414392,18.816503,23.235169,20.153633,19.207998,20.481806,19.960525,17.459111,292.977387,21.154037,21.307350,22.868655,20.462845,16.693198,23.421257,23.110423,21.714056,21.903065,21.910165,25.291478],"submit_samples_ms":[23.030071,17.077995,15.582193,16.731592,17.274289,20.647590,21.321441,16.343431,21.826238,20.029641,22.923542,19.829184,18.113967,17.414183,17.275069,18.402777,17.391187,19.717275,20.932172,16.814212,21.330752,20.262295,16.742152,19.379429,22.759098,18.549780,21.917151,18.487998,23.878591,20.402691,57.416576,20.152895,21.972423,19.981877,22.472122,21.259860,19.114085,17.749266,24.148234,18.871167,20.864551,18.821846,19.257223,17.971589,21.037987,19.746592,19.828152,20.975787,20.632310,18.751191,20.326375,20.262906,18.868465,20.817483,17.247572,21.371896,18.573668,15.614819,17.815209,18.528009,17.345405,19.624486,21.284709,21.432291,22.300950,24.450938,19.374533,20.110713,16.345262,20.248846,21.722329,18.948560,17.647664,20.756877,18.307284,19.413411,19.372083,22.680541,19.274402,17.968386,21.177331,19.689329,22.134032,22.661607,20.600304,21.302041,17.770518,19.363984,22.805010,19.239795,18.584793,25.233501,20.968037,21.806610,20.000659,17.703417,22.163706,19.844253,21.159250,17.636489,22.373054,18.758250,23.199476,20.112557,19.171614,20.447109,19.917414,17.413407,292.942701,21.111430,21.270894,22.821009,20.428633,16.652495,23.380289,23.071961,21.674484,21.865396,21.871192,25.251608],"finish_samples_ms":[0.041010,0.034973,0.037876,0.035630,0.040778,0.035078,0.038549,0.036835,0.058877,0.037324,0.036980,0.034748,0.038813,0.040586,0.038712,0.034299,0.038659,0.035980,0.043279,0.037186,0.035073,0.040735,0.043262,0.037638,0.036303,0.043001,0.036354,0.047748,0.039589,0.070318,0.041571,0.053900,0.034904,0.040147,0.035136,0.039346,0.037501,0.037927,0.062612,0.036671,0.034429,0.038285,0.042250,0.038804,0.036718,0.039381,0.039249,0.045397,0.038807,0.035696,0.080466,0.042106,0.040993,0.036250,0.037812,0.044467,0.037300,0.036643,0.040994,0.035976,0.031889,0.043147,0.039155,0.035915,0.040132,0.034396,0.044125,0.036609,0.039061,0.034623,0.037309,0.057338,0.036983,0.038895,0.041338,0.036432,0.039859,0.044558,0.037577,0.042042,0.041989,0.044157,0.037714,0.038403,0.036535,0.036772,0.063955,0.038175,0.036310,0.067577,0.042869,0.039058,0.041130,0.035088,0.043622,0.046959,0.034713,0.045480,0.039569,0.038910,0.041338,0.058253,0.035693,0.041076,0.036384,0.034697,0.043111,0.045704,0.034686,0.042607,0.036456,0.047646,0.034212,0.040703,0.040968,0.038462,0.039572,0.037669,0.038973,0.039870]}
