MESA-EGL: warning: egl: failed to create dri2 screen
 dllPath = /usr/lib/wsl/drivers/iigd_dch.inf_amd64_3e6575b60ae27560, dllName = libigdgmm_w.so.12 
 IsWddmLinux = 1, dllWslName = /usr/lib/wsl/drivers/iigd_dch.inf_amd64_3e6575b60ae27560/libigdgmm_w.so.12  flags = 2
 dllPath = /usr/lib/wsl/drivers/iigd_dch.inf_amd64_3e6575b60ae27560, dllName = libigdgmm_w.so.12 
 IsWddmLinux = 1, dllWslName = /usr/lib/wsl/drivers/iigd_dch.inf_amd64_3e6575b60ae27560/libigdgmm_w.so.12  flags = 2
GPU_POST_SAMPLE 0 3407872 9043968 262144 262144 262144 65536 1048576 1769472 16121856
GPU_POST_SAMPLE 1 2949120 6619136 4325376 262144 262144 196608 1245184 2097152 17956864
GPU_POST_SAMPLE 2 2097152 4456448 4390912 327680 262144 131072 1179648 1900544 14745600
GPU_POST_SAMPLE 3 2097152 4521984 4325376 262144 327680 65536 1114112 1900544 14614528
GPU_POST_SAMPLE 4 2031616 4653056 196608 262144 196608 65536 917504 5373952 13697024
GPU_POST_SAMPLE 5 2293760 5177344 196608 327680 196608 65536 983040 1769472 11010048
GPU_POST_SAMPLE 6 1966080 7864320 196608 196608 327680 0 1114112 1703936 13369344
GPU_POST_SAMPLE 7 2359296 5636096 2424832 262144 262144 131072 1048576 2097152 14221312
GPU_POST_SAMPLE 8 2424832 5505024 2555904 327680 262144 65536 1114112 1835008 14090240
GPU_POST_SAMPLE 9 2031616 6750208 262144 196608 262144 65536 983040 1638400 12189696
GPU_POST_SAMPLE 10 3145728 6881280 2752512 327680 196608 196608 1114112 1966080 16580608
GPU_POST_SAMPLE 11 2031616 4128768 196608 196608 262144 0 851968 1507328 9175040
GPU_POST_SAMPLE 12 2490368 5636096 2359296 262144 196608 131072 1048576 1638400 13762560
GPU_POST_SAMPLE 13 2031616 4784128 262144 262144 196608 65536 917504 4194304 12713984
GPU_POST_SAMPLE 14 2097152 4653056 262144 196608 196608 131072 983040 1703936 10223616
GPU_POST_SAMPLE 15 1900544 3866624 262144 131072 196608 131072 851968 1441792 8781824
GPU_POST_SAMPLE 16 2097152 4849664 2621440 262144 262144 131072 1114112 1835008 13172736
GPU_POST_SAMPLE 17 2621440 7077888 262144 262144 262144 131072 1179648 6029312 17825792
GPU_POST_SAMPLE 18 2424832 5898240 262144 262144 262144 0 1114112 1835008 12058624
GPU_POST_SAMPLE 19 2097152 4653056 262144 196608 262144 65536 983040 1769472 10289152
GPU_POST_SAMPLE 20 2293760 5046272 3014656 262144 262144 65536 1048576 1638400 13631488
GPU_POST_SAMPLE 21 2162688 4653056 3670016 262144 262144 131072 1179648 1966080 14286848
GPU_POST_SAMPLE 22 2162688 4587520 4390912 262144 262144 131072 1179648 1900544 14876672
GPU_POST_SAMPLE 23 2162688 4784128 262144 196608 196608 65536 917504 4849664 13434880
GPU_POST_SAMPLE 24 1966080 3866624 196608 262144 131072 131072 786432 1507328 8847360
GPU_POST_SAMPLE 25 2621440 7012352 262144 262144 262144 131072 1179648 5308416 17039360
GPU_POST_SAMPLE 26 2228224 4718592 262144 262144 196608 65536 983040 1638400 10354688
GPU_POST_SAMPLE 27 2228224 5046272 3014656 262144 262144 131072 1114112 1900544 13959168
GPU_POST_SAMPLE 28 2293760 5439488 3801088 262144 262144 65536 1114112 1703936 14942208
GPU_POST_SAMPLE 29 2162688 4521984 2818048 262144 262144 131072 1114112 2031616 13303808
GPU_POST_SAMPLE 30 2228224 4587520 196608 196608 196608 131072 917504 3932160 12386304
GPU_POST_SAMPLE 31 2424832 5832704 262144 262144 262144 65536 1048576 5177344 15335424
GPU_POST_SAMPLE 32 2359296 5832704 196608 262144 262144 65536 1114112 1769472 11862016
GPU_POST_SAMPLE 33 2621440 5701632 2228224 262144 196608 131072 1048576 1703936 13893632
GPU_POST_SAMPLE 34 2752512 5832704 2621440 262144 196608 65536 1114112 1769472 14614528
GPU_POST_SAMPLE 35 3670016 7995392 2490368 262144 196608 131072 983040 1769472 17498112
GPU_POST_SAMPLE 36 2359296 6029312 2228224 262144 262144 131072 1048576 1703936 14024704
GPU_POST_SAMPLE 37 2752512 5636096 2883584 262144 196608 131072 983040 1769472 14614528
GPU_POST_SAMPLE 38 2490368 5570560 2555904 262144 196608 131072 1048576 1900544 14155776
GPU_POST_SAMPLE 39 2424832 5308416 2555904 262144 262144 131072 1114112 1769472 13828096
GPU_POST_SAMPLE 40 2490368 5636096 2555904 196608 262144 131072 983040 1703936 13959168
GPU_POST_SAMPLE 41 2031616 4915200 196608 196608 262144 65536 983040 4063232 12713984
GPU_POST_SAMPLE 42 2031616 4718592 196608 262144 262144 0 1048576 1638400 10158080
GPU_POST_SAMPLE 43 2228224 4718592 196608 262144 262144 0 917504 1703936 10289152
GPU_POST_SAMPLE 44 1900544 3932160 262144 196608 196608 65536 917504 1507328 8978432
GPU_POST_SAMPLE 45 2424832 5636096 2424832 262144 262144 131072 983040 1703936 13828096
GPU_POST_SAMPLE 46 2621440 5898240 2883584 262144 196608 196608 1179648 1966080 15204352
GPU_POST_SAMPLE 47 2031616 8323072 262144 196608 262144 65536 1048576 1835008 14024704
GPU_POST_SAMPLE 48 3145728 7208960 4128768 262144 262144 131072 1114112 1835008 18087936
GPU_POST_SAMPLE 49 2031616 4259840 196608 196608 196608 65536 786432 1507328 9240576
GPU_POST_SAMPLE 50 2293760 5439488 2424832 262144 262144 131072 1179648 1769472 13762560
GPU_POST_SAMPLE 51 2686976 5832704 3866624 262144 131072 196608 851968 1441792 15269888
GPU_POST_SAMPLE 52 2293760 5242880 2686976 262144 262144 131072 1179648 1835008 13893632
GPU_POST_SAMPLE 53 2490368 5570560 2621440 262144 262144 131072 1048576 1835008 14221312
GPU_POST_SAMPLE 54 2555904 5701632 2883584 262144 262144 65536 1114112 1703936 14548992
GPU_POST_SAMPLE 55 1835008 3997696 2686976 262144 196608 131072 1048576 1966080 12124160
GPU_POST_SAMPLE 56 2162688 4653056 2555904 327680 262144 131072 1114112 1900544 13107200
GPU_POST_SAMPLE 57 2686976 5767168 262144 262144 3145728 131072 1048576 1769472 15073280
GPU_POST_SAMPLE 58 2031616 4718592 262144 196608 262144 65536 983040 1572864 10092544
GPU_POST_SAMPLE 59 2162688 4456448 2883584 196608 262144 131072 983040 1572864 12648448
GPU_POST_SAMPLE 60 2293760 5177344 262144 196608 196608 131072 3801088 1835008 13893632
GPU_POST_SAMPLE 61 2359296 5177344 262144 262144 196608 65536 6488064 2359296 17170432
GPU_POST_SAMPLE 62 1966080 3997696 131072 196608 262144 0 851968 1572864 8978432
GPU_POST_SAMPLE 63 2097152 9568256 262144 262144 196608 131072 1048576 1900544 15466496
GPU_POST_SAMPLE 64 2162688 4718592 262144 196608 262144 65536 983040 1769472 10420224
GPU_POST_SAMPLE 65 2293760 4653056 262144 262144 196608 65536 4063232 1703936 13500416
GPU_POST_SAMPLE 66 2031616 4128768 196608 196608 262144 0 851968 1441792 9109504
GPU_POST_SAMPLE 67 2359296 5373952 2621440 262144 196608 131072 1048576 1900544 13893632
GPU_POST_SAMPLE 68 2490368 5505024 2686976 327680 262144 65536 1048576 1703936 14090240
GPU_POST_SAMPLE 69 2359296 5898240 2555904 262144 196608 131072 1114112 1769472 14286848
GPU_POST_SAMPLE 70 2097152 4915200 196608 262144 262144 0 1048576 1703936 10485760
GPU_POST_SAMPLE 71 2293760 4259840 262144 196608 262144 3211264 1245184 2031616 13762560
GPU_POST_SAMPLE 72 2228224 4849664 196608 196608 262144 65536 983040 5177344 13959168
GPU_POST_SAMPLE 73 2031616 4325376 196608 196608 196608 131072 917504 1441792 9437184
GPU_POST_SAMPLE 74 2097152 7864320 262144 262144 196608 131072 851968 1703936 13369344
GPU_POST_SAMPLE 75 2162688 4718592 196608 262144 196608 65536 983040 1769472 10354688
GPU_POST_SAMPLE 76 2031616 4194304 196608 262144 196608 65536 851968 1441792 9240576
GPU_POST_SAMPLE 77 2818048 5832704 3735552 196608 196608 131072 917504 1441792 15269888
GPU_POST_SAMPLE 78 2031616 3997696 196608 196608 196608 65536 851968 1507328 9043968
GPU_POST_SAMPLE 79 2621440 5963776 2621440 327680 196608 131072 1048576 1638400 14548992
GPU_POST_SAMPLE 80 2162688 4849664 262144 262144 196608 65536 983040 1703936 10485760
GPU_POST_SAMPLE 81 2228224 4653056 262144 262144 196608 65536 983040 1703936 10354688
GPU_POST_SAMPLE 82 2359296 4915200 3735552 262144 262144 65536 1048576 1638400 14286848
GPU_POST_SAMPLE 83 2293760 4849664 196608 196608 262144 2162688 1179648 1703936 12845056
GPU_POST_SAMPLE 84 2293760 4587520 262144 196608 262144 65536 983040 1769472 10420224
GPU_POST_SAMPLE 85 2359296 4521984 3014656 262144 327680 65536 1245184 1769472 13565952
GPU_POST_SAMPLE 86 2097152 4915200 262144 196608 262144 65536 917504 4194304 12910592
GPU_POST_SAMPLE 87 2228224 4849664 196608 262144 196608 65536 983040 1769472 10551296
GPU_POST_SAMPLE 88 2359296 4521984 3342336 196608 196608 131072 983040 1507328 13238272
GPU_POST_SAMPLE 89 2686976 5898240 3801088 262144 262144 131072 1114112 1966080 16121856
GPU_POST_SAMPLE 90 2228224 7536640 655360 589824 458752 65536 983040 1638400 14155776
GPU_POST_SAMPLE 91 3276800 7012352 4456448 262144 262144 131072 1245184 2228224 18874368
GPU_POST_SAMPLE 92 3276800 6881280 2555904 262144 327680 131072 1245184 2228224 16908288
GPU_POST_SAMPLE 93 3211264 5832704 4063232 327680 262144 131072 1179648 2031616 17039360
GPU_POST_SAMPLE 94 2359296 4784128 262144 196608 196608 131072 917504 1703936 10551296
GPU_POST_SAMPLE 95 3276800 6750208 4653056 262144 327680 131072 1310720 2228224 18939904
GPU_POST_SAMPLE 96 2228224 6946816 4718592 524288 589824 131072 1572864 1638400 18350080
GPU_POST_SAMPLE 97 2818048 12582912 327680 262144 262144 131072 1179648 2097152 19660800
GPU_POST_SAMPLE 98 3080192 6029312 2555904 262144 327680 65536 1376256 2228224 15925248
GPU_POST_SAMPLE 99 2359296 4718592 196608 196608 262144 65536 983040 4980736 13762560
GPU_POST_SAMPLE 100 3276800 6684672 3604480 327680 262144 196608 1310720 2228224 17891328
GPU_POST_SAMPLE 101 2293760 4849664 196608 262144 196608 131072 917504 1769472 10616832
GPU_POST_SAMPLE 102 2293760 4587520 3932160 327680 262144 131072 1310720 2097152 14942208
GPU_POST_SAMPLE 103 2621440 6160384 2818048 196608 262144 131072 983040 1638400 14811136
GPU_POST_SAMPLE 104 3276800 7012352 3538944 327680 262144 65536 1376256 2162688 18022400
GPU_POST_SAMPLE 105 3211264 6553600 4325376 262144 262144 131072 1310720 2228224 18284544
GPU_POST_SAMPLE 106 2359296 4784128 262144 196608 196608 131072 917504 1703936 10551296
GPU_POST_SAMPLE 107 4849664 9764864 4128768 327680 262144 196608 1179648 2162688 22872064
GPU_POST_SAMPLE 108 2359296 4587520 262144 262144 196608 65536 917504 4915200 13565952
GPU_POST_SAMPLE 109 3276800 6553600 2949120 327680 262144 131072 1310720 2228224 17039360
GPU_POST_SAMPLE 110 2424832 4521984 4390912 327680 262144 131072 1376256 2228224 15663104
GPU_POST_SAMPLE 111 2293760 4718592 3473408 262144 262144 131072 1310720 2097152 14548992
GPU_POST_SAMPLE 112 5439488 9502720 4259840 327680 262144 131072 1245184 2228224 23396352
GPU_POST_SAMPLE 113 2359296 4587520 3276800 262144 196608 131072 1048576 1638400 13500416
GPU_POST_SAMPLE 114 2424832 4784128 262144 262144 196608 131072 917504 5832704 14811136
GPU_POST_SAMPLE 115 3407872 7012352 3342336 262144 327680 131072 1310720 2293760 18087936
GPU_POST_SAMPLE 116 2359296 4587520 4390912 327680 262144 196608 1245184 2228224 15597568
GPU_POST_SAMPLE 117 2228224 4325376 327680 196608 196608 131072 917504 1638400 9961472
GPU_POST_SAMPLE 118 2359296 4653056 262144 196608 262144 65536 983040 5570560 14352384
GPU_POST_SAMPLE 119 2424832 4587520 262144 196608 262144 65536 983040 4915200 13697024
{"seed":42,"vendor":"Microsoft Corporation","renderer":"D3D12 (Intel(R) Arc(TM) 140T GPU (16GB))","gl_version":"4.6 (Compatibility Profile) Mesa 26.2.2","gallium_path":"/root/.cache/football-mesa-build-20260913-a/install-wayland/lib/libgallium-26.2.2.so","width":1920,"height":1080,"quality":"pbr+bloom+fxaa+auto_exposure","swap_enabled":true,"swap_interval":0,"warmup_frames":30,"measured_frames":120,"in_play_frames":141,"p50_ms":30.601594,"p95_ms":36.751254,"p99_ms":38.839365,"submit_p50_ms":30.563051,"submit_p95_ms":36.709496,"finish_p50_ms":0.041436,"finish_p95_ms":0.065630,"samples_ms":[35.549739,38.291279,30.619488,29.284639,28.373690,29.467485,30.471344,31.501382,32.086390,30.681800,32.712347,28.055899,30.834604,27.797754,24.338835,25.791862,28.552086,31.877461,30.907185,27.868061,30.286368,30.477519,30.833832,27.793317,24.025871,31.912013,28.937836,29.797233,29.268901,31.929658,27.437916,30.936867,29.701985,31.047990,30.036995,32.204931,31.296819,31.394311,34.035764,29.235638,29.667538,27.806375,27.061447,28.694021,25.814117,30.610688,34.493155,33.478021,33.146496,27.434163,29.369347,33.203158,28.559214,31.363397,31.949124,30.938723,28.828573,30.895288,26.764468,29.075224,29.180568,32.530772,23.220885,29.634631,26.652511,29.233319,27.337158,29.496413,30.958203,28.728421,28.368279,27.663926,28.938068,23.694320,28.768911,27.035536,28.468863,32.597837,25.549410,29.238172,30.847055,28.537541,32.453472,32.207485,31.084735,32.487845,29.192795,27.294600,29.774151,34.173950,33.574871,35.871565,33.461612,33.626207,28.923908,35.402773,33.959314,37.584665,34.909179,32.669219,37.146320,29.774144,34.067688,34.239621,36.751254,38.002240,34.206665,38.839365,29.408392,34.026763,33.065982,32.513292,44.642385,30.189958,30.601594,33.575420,32.154193,28.843082,29.801670,31.842158],"submit_samples_ms":[35.510305,38.250219,30.576141,29.221568,28.334816,29.427153,30.432376,31.459991,32.024273,30.643132,32.674563,28.013178,30.794461,27.756200,24.299776,25.753002,28.513013,31.798248,30.862818,27.800442,30.224937,30.433662,30.791872,27.757627,23.982564,31.872093,28.877891,29.748924,29.226729,31.883461,27.397901,30.878767,29.662596,31.010403,29.999217,32.166352,31.258064,31.354378,33.994968,29.196390,29.628881,27.764907,26.989464,28.654969,25.773479,30.570988,34.452210,33.438905,33.107785,27.395423,29.331568,33.165245,28.520569,31.268838,31.883641,30.897652,28.791555,30.856080,26.720715,29.035900,29.144265,32.493164,23.180526,29.587785,26.606331,29.194686,27.297711,29.437817,30.897717,28.687172,28.307868,27.619304,28.895029,23.637827,28.724899,26.970896,28.425115,32.559112,25.508203,29.183488,30.804088,28.491294,32.409376,32.166809,31.043755,32.446072,29.151359,27.246617,29.727048,34.130464,33.529957,35.833095,33.422782,33.585089,28.884197,35.341954,33.913630,37.538968,34.865767,32.630939,37.080690,29.731279,34.017813,34.198809,36.709496,37.934261,34.164928,38.777593,29.370153,33.980505,32.999727,32.465268,44.600675,30.149176,30.563051,33.531514,32.110738,28.779649,29.764175,31.802288],"finish_samples_ms":[0.039434,0.041060,0.043347,0.063071,0.038874,0.040332,0.038968,0.041391,0.062117,0.038668,0.037784,0.042721,0.040143,0.041554,0.039059,0.038860,0.039073,0.079213,0.044367,0.067619,0.061431,0.043857,0.041960,0.035690,0.043307,0.039920,0.059945,0.048309,0.042172,0.046197,0.040015,0.058100,0.039389,0.037587,0.037778,0.038579,0.038755,0.039933,0.040796,0.039248,0.038657,0.041468,0.071983,0.039052,0.040638,0.039700,0.040945,0.039116,0.038711,0.038740,0.037779,0.037913,0.038645,0.094559,0.065483,0.041071,0.037018,0.039208,0.043753,0.039324,0.036303,0.037608,0.040359,0.046846,0.046180,0.038633,0.039447,0.058596,0.060486,0.041249,0.060411,0.044622,0.043039,0.056493,0.044012,0.064640,0.043748,0.038725,0.041207,0.054684,0.042967,0.046247,0.044096,0.040676,0.040980,0.041773,0.041436,0.047983,0.047103,0.043486,0.044914,0.038470,0.038830,0.041118,0.039711,0.060819,0.045684,0.045697,0.043412,0.038280,0.065630,0.042865,0.049875,0.040812,0.041758,0.067979,0.041737,0.061772,0.038239,0.046258,0.066255,0.048024,0.041710,0.040782,0.038543,0.043906,0.043455,0.063433,0.037495,0.039870]}
