MESA-EGL: warning: egl: failed to create dri2 screen
 dllPath = /usr/lib/wsl/drivers/iigd_dch.inf_amd64_3e6575b60ae27560, dllName = libigdgmm_w.so.12 
 IsWddmLinux = 1, dllWslName = /usr/lib/wsl/drivers/iigd_dch.inf_amd64_3e6575b60ae27560/libigdgmm_w.so.12  flags = 2
 dllPath = /usr/lib/wsl/drivers/iigd_dch.inf_amd64_3e6575b60ae27560, dllName = libigdgmm_w.so.12 
 IsWddmLinux = 1, dllWslName = /usr/lib/wsl/drivers/iigd_dch.inf_amd64_3e6575b60ae27560/libigdgmm_w.so.12  flags = 2
GPU_POST_SAMPLE 0 1376256 2555904 65536 196608 131072 65536 589824 1048576 6029312
GPU_POST_SAMPLE 1 1441792 2883584 131072 131072 196608 65536 589824 1048576 6488064
GPU_POST_SAMPLE 2 1310720 2490368 196608 131072 196608 0 589824 1048576 5963776
GPU_POST_SAMPLE 3 1441792 2883584 1769472 196608 196608 131072 589824 1048576 8257536
GPU_POST_SAMPLE 4 1376256 2555904 196608 131072 131072 65536 524288 1048576 6029312
GPU_POST_SAMPLE 5 1441792 2883584 1769472 131072 131072 131072 655360 983040 8126464
GPU_POST_SAMPLE 6 1376256 2555904 196608 131072 131072 65536 589824 983040 6029312
GPU_POST_SAMPLE 7 1310720 2490368 196608 131072 131072 65536 589824 1048576 5963776
GPU_POST_SAMPLE 8 1376256 2555904 131072 131072 196608 0 589824 1048576 6029312
GPU_POST_SAMPLE 9 1835008 3866624 131072 196608 196608 65536 720896 1441792 8454144
GPU_POST_SAMPLE 10 1835008 4128768 3276800 262144 196608 65536 851968 1441792 12058624
GPU_POST_SAMPLE 11 1900544 3997696 131072 196608 196608 65536 851968 1376256 8716288
GPU_POST_SAMPLE 12 1966080 4063232 262144 131072 196608 65536 851968 1441792 8978432
GPU_POST_SAMPLE 13 1835008 3932160 196608 131072 196608 65536 786432 1376256 8519680
GPU_POST_SAMPLE 14 2686976 5505024 2293760 196608 196608 131072 983040 1769472 13762560
GPU_POST_SAMPLE 15 2293760 5570560 2490368 262144 262144 65536 1114112 1638400 13697024
GPU_POST_SAMPLE 16 1835008 3866624 131072 196608 196608 65536 786432 3604480 10682368
GPU_POST_SAMPLE 17 1900544 3932160 131072 196608 196608 65536 851968 1376256 8650752
GPU_POST_SAMPLE 18 1966080 3866624 3211264 262144 196608 131072 1114112 1769472 12517376
GPU_POST_SAMPLE 19 1835008 4063232 196608 196608 196608 65536 851968 5505024 12910592
GPU_POST_SAMPLE 20 1966080 4259840 262144 131072 196608 65536 786432 1376256 9043968
GPU_POST_SAMPLE 21 2621440 5701632 2228224 262144 196608 65536 1048576 1638400 13762560
GPU_POST_SAMPLE 22 1900544 4194304 196608 196608 196608 65536 851968 1441792 9043968
GPU_POST_SAMPLE 23 1966080 3866624 196608 196608 196608 65536 851968 1441792 8781824
GPU_POST_SAMPLE 24 2752512 5898240 2359296 262144 196608 65536 983040 1638400 14155776
GPU_POST_SAMPLE 25 1966080 4259840 196608 196608 196608 65536 851968 3735552 11468800
GPU_POST_SAMPLE 26 2686976 5636096 262144 262144 196608 65536 1048576 1835008 11993088
GPU_POST_SAMPLE 27 1900544 3932160 3670016 262144 196608 131072 1114112 1769472 12976128
GPU_POST_SAMPLE 28 1966080 4063232 196608 131072 262144 65536 3342336 1507328 11534336
GPU_POST_SAMPLE 29 2359296 5373952 2293760 262144 262144 65536 1048576 1769472 13434880
GPU_POST_SAMPLE 30 2818048 5701632 2490368 262144 196608 131072 917504 1703936 14221312
GPU_POST_SAMPLE 31 1966080 4194304 262144 196608 131072 131072 786432 1507328 9175040
GPU_POST_SAMPLE 32 1966080 4128768 3276800 262144 262144 131072 1048576 1835008 12910592
GPU_POST_SAMPLE 33 1966080 3997696 196608 196608 196608 65536 3342336 1507328 11468800
GPU_POST_SAMPLE 34 2752512 5832704 3670016 262144 196608 131072 1048576 1769472 15663104
GPU_POST_SAMPLE 35 2097152 4325376 196608 196608 196608 65536 786432 1441792 9306112
GPU_POST_SAMPLE 36 1966080 4194304 131072 262144 2621440 65536 1114112 1769472 12124160
GPU_POST_SAMPLE 37 2818048 5767168 2490368 262144 196608 131072 1048576 1835008 14548992
GPU_POST_SAMPLE 38 2031616 4259840 196608 196608 196608 65536 851968 3801088 11599872
GPU_POST_SAMPLE 39 2555904 5963776 262144 196608 262144 65536 1048576 5242880 15597568
GPU_POST_SAMPLE 40 2031616 4259840 196608 196608 196608 65536 851968 1507328 9306112
GPU_POST_SAMPLE 41 2097152 3932160 131072 262144 131072 131072 786432 1507328 8978432
GPU_POST_SAMPLE 42 2490368 5439488 2555904 262144 196608 131072 1048576 1703936 13828096
GPU_POST_SAMPLE 43 3801088 7471104 2424832 262144 196608 65536 1114112 1638400 16973824
GPU_POST_SAMPLE 44 2949120 6029312 2228224 262144 262144 65536 983040 1703936 14483456
GPU_POST_SAMPLE 45 2490368 6029312 2490368 262144 196608 131072 983040 1703936 14286848
GPU_POST_SAMPLE 46 2031616 4259840 196608 196608 196608 65536 851968 1441792 9240576
GPU_POST_SAMPLE 47 2031616 4259840 196608 196608 196608 65536 851968 1441792 9240576
GPU_POST_SAMPLE 48 2162688 4128768 262144 131072 196608 65536 786432 1376256 9109504
GPU_POST_SAMPLE 49 3014656 5767168 196608 196608 196608 131072 983040 4390912 14876672
GPU_POST_SAMPLE 50 2031616 4259840 262144 196608 3342336 131072 1245184 1638400 13107200
GPU_POST_SAMPLE 51 2228224 4194304 131072 262144 196608 65536 786432 1441792 9306112
GPU_POST_SAMPLE 52 2555904 5177344 2293760 262144 262144 65536 1114112 1703936 13434880
GPU_POST_SAMPLE 53 2752512 5111808 3211264 262144 196608 131072 983040 1638400 14286848
GPU_POST_SAMPLE 54 2490368 5832704 3801088 262144 262144 131072 983040 1703936 15466496
GPU_POST_SAMPLE 55 2031616 3866624 262144 196608 131072 131072 851968 1441792 8912896
GPU_POST_SAMPLE 56 2818048 5898240 4521984 327680 262144 131072 983040 1703936 16646144
GPU_POST_SAMPLE 57 2621440 5701632 262144 2621440 262144 65536 1114112 1703936 14352384
GPU_POST_SAMPLE 58 2162688 4849664 262144 262144 196608 131072 917504 1769472 10551296
GPU_POST_SAMPLE 59 2097152 4063232 3735552 262144 262144 131072 1114112 1769472 13434880
GPU_POST_SAMPLE 60 2162688 4194304 196608 196608 196608 65536 851968 1441792 9306112
GPU_POST_SAMPLE 61 2621440 5505024 262144 262144 196608 65536 983040 1638400 11534336
GPU_POST_SAMPLE 62 2162688 4128768 196608 196608 196608 65536 786432 1507328 9240576
GPU_POST_SAMPLE 63 2621440 5701632 3080192 262144 196608 131072 983040 1769472 14745600
GPU_POST_SAMPLE 64 2031616 3997696 2424832 262144 262144 131072 1114112 1835008 12058624
GPU_POST_SAMPLE 65 1966080 3997696 131072 196608 262144 0 851968 1441792 8847360
GPU_POST_SAMPLE 66 2162688 3997696 3538944 262144 131072 131072 917504 1441792 12582912
GPU_POST_SAMPLE 67 2162688 3997696 262144 131072 196608 65536 786432 4915200 12517376
GPU_POST_SAMPLE 68 2621440 5308416 196608 196608 262144 65536 983040 1769472 11403264
GPU_POST_SAMPLE 69 2883584 5898240 2359296 262144 262144 131072 983040 1703936 14483456
GPU_POST_SAMPLE 70 2162688 4325376 262144 196608 131072 131072 851968 3801088 11862016
GPU_POST_SAMPLE 71 2293760 4063232 2555904 196608 196608 131072 851968 1441792 11730944
GPU_POST_SAMPLE 72 2555904 5373952 196608 196608 262144 65536 1048576 1835008 11534336
GPU_POST_SAMPLE 73 2686976 5439488 2359296 262144 196608 131072 1114112 1638400 13828096
GPU_POST_SAMPLE 74 2162688 4325376 196608 196608 196608 65536 851968 1507328 9502720
GPU_POST_SAMPLE 75 2162688 4325376 131072 196608 262144 65536 851968 1441792 9437184
GPU_POST_SAMPLE 76 2097152 3276800 196608 131072 196608 0 589824 1048576 7536640
GPU_POST_SAMPLE 77 2097152 4063232 131072 262144 196608 65536 720896 1048576 8585216
GPU_POST_SAMPLE 78 1507328 2555904 196608 131072 196608 0 589824 1048576 6225920
GPU_POST_SAMPLE 79 2097152 9371648 131072 196608 131072 65536 589824 983040 13565952
GPU_POST_SAMPLE 80 1507328 2555904 131072 196608 131072 65536 589824 1048576 6225920
GPU_POST_SAMPLE 81 1572864 2818048 1703936 196608 131072 131072 655360 983040 8192000
GPU_POST_SAMPLE 82 1572864 2555904 131072 131072 131072 131072 589824 983040 6225920
GPU_POST_SAMPLE 83 1507328 2424832 131072 196608 131072 65536 589824 1048576 6094848
GPU_POST_SAMPLE 84 1507328 2621440 131072 196608 65536 131072 589824 1048576 6291456
GPU_POST_SAMPLE 85 1441792 2555904 196608 131072 196608 65536 4063232 1900544 10551296
GPU_POST_SAMPLE 86 2228224 4063232 196608 196608 196608 65536 786432 4456448 12189696
GPU_POST_SAMPLE 87 2949120 4325376 131072 196608 131072 65536 655360 983040 9437184
GPU_POST_SAMPLE 88 1507328 3342336 3145728 196608 196608 131072 917504 983040 10420224
GPU_POST_SAMPLE 89 1507328 2490368 131072 196608 131072 65536 589824 1048576 6160384
GPU_POST_SAMPLE 90 2228224 3997696 2097152 262144 196608 65536 917504 1507328 11272192
GPU_POST_SAMPLE 91 1638400 2883584 131072 131072 196608 65536 655360 983040 6684672
GPU_POST_SAMPLE 92 1507328 2490368 131072 196608 131072 65536 589824 983040 6094848
GPU_POST_SAMPLE 93 1507328 2490368 131072 196608 131072 65536 589824 1048576 6160384
GPU_POST_SAMPLE 94 1572864 4390912 196608 131072 196608 0 589824 1114112 8192000
GPU_POST_SAMPLE 95 1572864 2883584 131072 196608 131072 65536 655360 1048576 6684672
GPU_POST_SAMPLE 96 3080192 3276800 1835008 131072 196608 131072 589824 1114112 10354688
GPU_POST_SAMPLE 97 1507328 2555904 196608 131072 196608 0 589824 1048576 6225920
GPU_POST_SAMPLE 98 2293760 2555904 196608 131072 196608 65536 524288 1048576 7012352
GPU_POST_SAMPLE 99 1441792 2555904 131072 131072 131072 65536 589824 1048576 6094848
GPU_POST_SAMPLE 100 1507328 3604480 2162688 262144 65536 131072 655360 1048576 9437184
GPU_POST_SAMPLE 101 1638400 2883584 131072 131072 131072 65536 655360 983040 6619136
GPU_POST_SAMPLE 102 1507328 2555904 131072 196608 196608 65536 917504 1441792 7012352
GPU_POST_SAMPLE 103 2752512 5046272 2621440 262144 196608 131072 983040 1638400 13631488
GPU_POST_SAMPLE 104 2031616 3866624 131072 262144 131072 2424832 1179648 1769472 11796480
GPU_POST_SAMPLE 105 2228224 3997696 196608 262144 131072 131072 851968 1441792 9240576
GPU_POST_SAMPLE 106 3080192 5701632 2228224 262144 196608 131072 1048576 1703936 14352384
GPU_POST_SAMPLE 107 3014656 5701632 2555904 262144 196608 65536 983040 1703936 14483456
GPU_POST_SAMPLE 108 3014656 5636096 2490368 262144 131072 131072 983040 1703936 14352384
GPU_POST_SAMPLE 109 2097152 3866624 131072 262144 131072 131072 786432 1441792 8847360
GPU_POST_SAMPLE 110 2752512 5439488 196608 196608 1441792 131072 1048576 3735552 14942208
GPU_POST_SAMPLE 111 2228224 4194304 196608 196608 196608 65536 786432 1441792 9306112
GPU_POST_SAMPLE 112 2818048 5898240 2424832 196608 262144 131072 1048576 1703936 14483456
GPU_POST_SAMPLE 113 2818048 5898240 2359296 327680 196608 65536 1048576 1638400 14352384
GPU_POST_SAMPLE 114 2621440 5373952 2621440 262144 196608 131072 1048576 1572864 13828096
GPU_POST_SAMPLE 115 2490368 4587520 2555904 196608 262144 131072 983040 1769472 12976128
GPU_POST_SAMPLE 116 2621440 5111808 2555904 262144 262144 65536 1114112 1769472 13762560
GPU_POST_SAMPLE 117 2359296 4390912 196608 262144 196608 65536 917504 5701632 14090240
GPU_POST_SAMPLE 118 2424832 4784128 262144 262144 196608 65536 851968 1703936 10551296
GPU_POST_SAMPLE 119 2490368 4784128 196608 262144 262144 0 983040 1703936 10682368
{"seed":43,"vendor":"Microsoft Corporation","renderer":"D3D12 (Intel(R) Arc(TM) 140T GPU (16GB))","gl_version":"4.6 (Compatibility Profile) Mesa 26.2.2","gallium_path":"/root/.cache/football-mesa-build-20260913-a/install-wayland/lib/libgallium-26.2.2.so","width":1920,"height":1080,"quality":"pbr+bloom+fxaa+auto_exposure","swap_enabled":true,"swap_interval":0,"warmup_frames":30,"measured_frames":120,"in_play_frames":150,"p50_ms":27.230362,"p95_ms":32.352773,"p99_ms":33.681420,"submit_p50_ms":27.189191,"submit_p95_ms":32.313863,"finish_p50_ms":0.038283,"finish_p95_ms":0.059611,"samples_ms":[21.351074,22.301717,20.643639,23.702287,18.892301,25.037535,22.530386,23.950107,20.551177,25.260859,27.057671,22.984306,28.502195,22.512248,28.429916,30.002403,29.224758,25.896746,30.029102,29.710753,27.334903,29.048221,23.368938,25.001381,29.967136,26.137471,29.134884,30.018254,25.466960,28.233691,30.516560,26.261576,29.702693,25.548364,32.749012,25.485631,30.320402,32.483147,26.847655,31.980077,24.071378,27.873666,29.197068,32.909206,30.252356,29.906002,28.094442,24.419386,30.575782,30.860187,32.346731,27.197574,30.958435,30.230804,34.960634,26.811520,32.352773,29.050650,28.373345,27.221256,23.616429,29.851685,27.230362,29.414129,27.477360,22.009481,26.367399,27.873849,29.036219,28.432000,26.952351,25.018849,28.007253,28.379846,29.397026,26.693990,22.690240,23.937442,20.755759,29.755083,19.921662,21.583082,18.971771,24.079437,20.918925,25.007050,27.513120,24.282606,23.591512,20.380890,24.306301,20.369165,20.909123,21.161344,22.750971,19.504553,23.948678,21.201831,22.008462,20.160126,23.127941,20.582486,23.613618,29.083919,27.389920,21.302259,29.011294,31.811809,33.681420,31.305276,30.576619,28.126969,33.625643,30.775939,28.276529,29.564258,31.849164,31.292603,30.198926,28.015925],"submit_samples_ms":[21.312395,22.268223,20.609334,23.662467,18.852038,25.002759,22.495417,23.911754,20.517890,25.224863,27.003058,22.949538,28.461129,22.473986,28.394843,29.966170,29.184229,25.830013,29.990679,29.672711,27.274917,29.011984,23.308062,24.966230,29.929627,26.100051,29.095482,29.956387,25.431312,28.196982,30.478625,26.220497,29.661449,25.513258,32.711154,25.448685,30.281089,32.446583,26.804109,31.941159,24.034715,27.838412,29.160842,32.873297,30.216601,29.870331,28.052479,24.372615,30.536428,30.813577,32.311489,27.161405,30.914446,30.191177,34.922351,26.773888,32.313863,29.012892,28.331775,27.181643,23.577609,29.816897,27.189191,29.368366,27.429630,21.972097,26.327453,27.836371,28.970250,28.377863,26.911237,24.985131,27.970817,28.340809,29.358364,26.655524,22.653792,23.896204,20.719326,29.709442,19.886376,21.543314,18.922794,24.041049,20.879609,24.970033,27.478403,24.204293,23.557598,20.338349,24.271003,20.330343,20.873694,21.122847,22.714590,19.467173,23.910431,21.166044,21.971971,20.121155,23.091869,20.534559,23.575290,29.044786,27.349696,21.267607,28.976459,31.768041,33.643075,31.266123,30.538246,28.090283,33.586062,30.736655,28.238545,29.527312,31.812444,31.255992,30.160995,27.956314],"finish_samples_ms":[0.038679,0.033494,0.034305,0.039820,0.040263,0.034776,0.034969,0.038353,0.033287,0.035996,0.054613,0.034768,0.041066,0.038262,0.035073,0.036233,0.040529,0.066733,0.038423,0.038042,0.059986,0.036237,0.060876,0.035151,0.037509,0.037420,0.039402,0.061867,0.035648,0.036709,0.037935,0.041079,0.041244,0.035106,0.037858,0.036946,0.039313,0.036564,0.043546,0.038918,0.036663,0.035254,0.036226,0.035909,0.035755,0.035671,0.041963,0.046771,0.039354,0.046610,0.035242,0.036169,0.043989,0.039627,0.038283,0.037632,0.038910,0.037758,0.041570,0.039613,0.038820,0.034788,0.041171,0.045763,0.047730,0.037384,0.039946,0.037478,0.065969,0.054137,0.041114,0.033718,0.036436,0.039037,0.038662,0.038466,0.036448,0.041238,0.036433,0.045641,0.035286,0.039768,0.048977,0.038388,0.039316,0.037017,0.034717,0.078313,0.033914,0.042541,0.035298,0.038822,0.035429,0.038497,0.036381,0.037380,0.038247,0.035787,0.036491,0.038971,0.036072,0.047927,0.038328,0.039133,0.040224,0.034652,0.034835,0.043768,0.038345,0.039153,0.038373,0.036686,0.039581,0.039284,0.037984,0.036946,0.036720,0.036611,0.037931,0.059611]}
