MESA-EGL: warning: egl: failed to create dri2 screen
 dllPath = /usr/lib/wsl/drivers/iigd_dch.inf_amd64_3e6575b60ae27560, dllName = libigdgmm_w.so.12 
 IsWddmLinux = 1, dllWslName = /usr/lib/wsl/drivers/iigd_dch.inf_amd64_3e6575b60ae27560/libigdgmm_w.so.12  flags = 2
 dllPath = /usr/lib/wsl/drivers/iigd_dch.inf_amd64_3e6575b60ae27560, dllName = libigdgmm_w.so.12 
 IsWddmLinux = 1, dllWslName = /usr/lib/wsl/drivers/iigd_dch.inf_amd64_3e6575b60ae27560/libigdgmm_w.so.12  flags = 2
GPU_POST_SAMPLE 0 1441792 2949120 1900544 262144 131072 131072 655360 1048576 8519680
GPU_POST_SAMPLE 1 1376256 2555904 196608 65536 196608 65536 589824 3866624 8912896
GPU_POST_SAMPLE 2 1441792 2883584 65536 196608 131072 131072 589824 983040 6422528
GPU_POST_SAMPLE 3 1376256 2555904 131072 196608 131072 131072 524288 1048576 6094848
GPU_POST_SAMPLE 4 1441792 2949120 131072 196608 131072 65536 655360 983040 6553600
GPU_POST_SAMPLE 5 1441792 2949120 131072 131072 131072 131072 589824 1048576 6553600
GPU_POST_SAMPLE 6 1441792 3014656 2359296 131072 196608 65536 720896 983040 8912896
GPU_POST_SAMPLE 7 1507328 2949120 131072 196608 131072 65536 655360 983040 6619136
GPU_POST_SAMPLE 8 1966080 9502720 262144 196608 262144 65536 1048576 1703936 15007744
GPU_POST_SAMPLE 9 1900544 4128768 131072 262144 131072 131072 786432 1441792 8912896
GPU_POST_SAMPLE 10 2424832 5439488 196608 262144 3276800 131072 1048576 1572864 14352384
GPU_POST_SAMPLE 11 1507328 2883584 196608 196608 131072 65536 655360 1114112 6750208
GPU_POST_SAMPLE 12 1966080 3997696 2752512 262144 196608 131072 983040 1703936 11993088
GPU_POST_SAMPLE 13 2424832 5505024 262144 196608 196608 131072 917504 4849664 14483456
GPU_POST_SAMPLE 14 2359296 5767168 262144 196608 196608 65536 983040 4390912 14221312
GPU_POST_SAMPLE 15 2752512 5570560 262144 196608 1245184 196608 917504 3735552 14876672
GPU_POST_SAMPLE 16 2293760 6094848 196608 262144 262144 65536 917504 7536640 17629184
GPU_POST_SAMPLE 17 1441792 2949120 196608 196608 131072 65536 655360 1114112 6750208
GPU_POST_SAMPLE 18 2621440 5373952 3407872 262144 196608 65536 1114112 1703936 14745600
GPU_POST_SAMPLE 19 2097152 4194304 196608 2162688 262144 131072 851968 1507328 11403264
GPU_POST_SAMPLE 20 2490368 6094848 196608 327680 196608 65536 1048576 1638400 12058624
GPU_POST_SAMPLE 21 2424832 6094848 2490368 262144 196608 196608 983040 1638400 14286848
GPU_POST_SAMPLE 22 1966080 4390912 131072 196608 262144 0 851968 1441792 9240576
GPU_POST_SAMPLE 23 2031616 3997696 196608 131072 262144 65536 851968 1507328 9043968
GPU_POST_SAMPLE 24 2555904 5636096 1769472 2031616 262144 131072 1048576 1769472 15204352
GPU_POST_SAMPLE 25 2424832 5439488 196608 262144 262144 0 1048576 4653056 14286848
GPU_POST_SAMPLE 26 1638400 2949120 2490368 262144 327680 65536 1114112 1835008 10682368
GPU_POST_SAMPLE 27 1966080 3997696 131072 196608 196608 65536 851968 1376256 8781824
GPU_POST_SAMPLE 28 2621440 7929856 196608 262144 196608 65536 1048576 1703936 14024704
GPU_POST_SAMPLE 29 2555904 5570560 196608 262144 196608 65536 1048576 1769472 11665408
GPU_POST_SAMPLE 30 1507328 3014656 2293760 262144 262144 131072 1114112 1769472 10354688
GPU_POST_SAMPLE 31 2031616 3997696 131072 196608 262144 0 851968 1507328 8978432
GPU_POST_SAMPLE 32 2686976 5570560 2752512 262144 262144 65536 1114112 1703936 14417920
GPU_POST_SAMPLE 33 1572864 3014656 131072 196608 131072 131072 589824 1114112 6881280
GPU_POST_SAMPLE 34 2031616 3932160 3276800 262144 262144 65536 1179648 1703936 12713984
GPU_POST_SAMPLE 35 1966080 4063232 196608 196608 196608 3473408 1245184 1703936 13041664
GPU_POST_SAMPLE 36 1441792 2555904 196608 131072 196608 65536 589824 983040 6160384
GPU_POST_SAMPLE 37 1507328 2949120 196608 131072 262144 0 1114112 4259840 10420224
GPU_POST_SAMPLE 38 1507328 3604480 196608 131072 131072 65536 589824 1048576 7274496
GPU_POST_SAMPLE 39 1572864 2883584 196608 131072 196608 65536 1114112 2031616 8192000
GPU_POST_SAMPLE 40 1966080 2621440 131072 196608 131072 65536 589824 983040 6684672
GPU_POST_SAMPLE 41 1507328 2949120 65536 196608 131072 131072 589824 1048576 6619136
GPU_POST_SAMPLE 42 1441792 2883584 196608 196608 196608 131072 786432 1507328 7340032
GPU_POST_SAMPLE 43 2621440 5111808 196608 131072 196608 65536 983040 1769472 11075584
GPU_POST_SAMPLE 44 1441792 2621440 131072 131072 196608 65536 589824 983040 6160384
GPU_POST_SAMPLE 45 2818048 4980736 131072 131072 196608 65536 589824 1048576 9961472
GPU_POST_SAMPLE 46 1507328 3801088 196608 131072 262144 65536 851968 1572864 8388608
GPU_POST_SAMPLE 47 2031616 3997696 131072 196608 196608 65536 851968 1441792 8912896
GPU_POST_SAMPLE 48 1638400 2949120 131072 196608 131072 131072 589824 1048576 6815744
GPU_POST_SAMPLE 49 2621440 5308416 262144 196608 196608 131072 786432 983040 10485760
GPU_POST_SAMPLE 50 1507328 2883584 1900544 196608 196608 65536 1179648 2293760 10223616
GPU_POST_SAMPLE 51 1441792 3407872 262144 196608 196608 65536 720896 983040 7274496
GPU_POST_SAMPLE 52 2555904 5242880 196608 131072 131072 65536 589824 1048576 9961472
GPU_POST_SAMPLE 53 1441792 2555904 196608 131072 196608 65536 589824 983040 6160384
GPU_POST_SAMPLE 54 2555904 7143424 262144 196608 196608 65536 983040 1703936 13107200
GPU_POST_SAMPLE 55 1572864 2949120 2490368 262144 196608 196608 1114112 1835008 10616832
GPU_POST_SAMPLE 56 2031616 3932160 196608 131072 262144 65536 851968 1441792 8912896
GPU_POST_SAMPLE 57 2555904 7864320 196608 196608 262144 65536 983040 1703936 13828096
GPU_POST_SAMPLE 58 1572864 2949120 262144 131072 2621440 131072 1114112 1900544 10682368
GPU_POST_SAMPLE 59 2031616 3932160 196608 131072 262144 0 851968 1507328 8912896
GPU_POST_SAMPLE 60 2621440 5636096 262144 196608 196608 65536 983040 4390912 14352384
GPU_POST_SAMPLE 61 2621440 5767168 262144 196608 262144 786432 1179648 3801088 14876672
GPU_POST_SAMPLE 62 1572864 2949120 2359296 262144 262144 131072 1114112 1769472 10420224
GPU_POST_SAMPLE 63 2031616 3801088 196608 196608 196608 65536 786432 3801088 11075584
GPU_POST_SAMPLE 64 2097152 3997696 4128768 262144 262144 131072 1376256 2097152 14352384
GPU_POST_SAMPLE 65 2555904 5701632 3407872 262144 196608 131072 1048576 1703936 15007744
GPU_POST_SAMPLE 66 2555904 5373952 262144 196608 196608 131072 983040 5242880 14942208
GPU_POST_SAMPLE 67 2686976 3997696 196608 131072 196608 65536 524288 1114112 8912896
GPU_POST_SAMPLE 68 2097152 3997696 196608 196608 196608 65536 851968 1376256 8978432
GPU_POST_SAMPLE 69 2686976 6160384 131072 196608 131072 65536 655360 1376256 11403264
GPU_POST_SAMPLE 70 1507328 2949120 131072 196608 131072 65536 655360 983040 6619136
GPU_POST_SAMPLE 71 1703936 2949120 196608 131072 196608 65536 655360 1048576 6946816
GPU_POST_SAMPLE 72 2555904 5767168 2883584 262144 196608 131072 1048576 1703936 14548992
GPU_POST_SAMPLE 73 1638400 2949120 131072 196608 196608 65536 655360 1114112 6946816
GPU_POST_SAMPLE 74 2883584 7667712 196608 196608 262144 65536 917504 1703936 13893632
GPU_POST_SAMPLE 75 1572864 2883584 1966080 196608 196608 65536 655360 1048576 8585216
GPU_POST_SAMPLE 76 1572864 3604480 196608 196608 196608 65536 851968 1376256 8060928
GPU_POST_SAMPLE 77 2162688 2818048 1900544 131072 196608 65536 720896 1048576 9043968
GPU_POST_SAMPLE 78 1572864 2883584 196608 131072 196608 65536 589824 1048576 6684672
GPU_POST_SAMPLE 79 1572864 2883584 1966080 196608 131072 65536 786432 1048576 8650752
GPU_POST_SAMPLE 80 1572864 2621440 196608 131072 196608 0 589824 1048576 6356992
GPU_POST_SAMPLE 81 3014656 3342336 1835008 196608 131072 131072 655360 1048576 10354688
GPU_POST_SAMPLE 82 1507328 2621440 131072 196608 131072 131072 589824 983040 6291456
GPU_POST_SAMPLE 83 2293760 3473408 131072 131072 131072 131072 589824 983040 7864320
GPU_POST_SAMPLE 84 1638400 2883584 196608 131072 196608 65536 589824 1048576 6750208
GPU_POST_SAMPLE 85 1507328 2490368 131072 196608 131072 65536 589824 983040 6094848
GPU_POST_SAMPLE 86 1572864 2949120 131072 196608 131072 65536 655360 1048576 6750208
GPU_POST_SAMPLE 87 1572864 2555904 131072 196608 65536 131072 589824 983040 6225920
GPU_POST_SAMPLE 88 2883584 3014656 131072 196608 131072 65536 655360 983040 8060928
GPU_POST_SAMPLE 89 1638400 2883584 1572864 196608 131072 131072 655360 1114112 8323072
GPU_POST_SAMPLE 90 1507328 2555904 196608 131072 131072 65536 589824 1048576 6225920
GPU_POST_SAMPLE 91 1572864 2949120 196608 131072 196608 0 655360 1048576 6750208
GPU_POST_SAMPLE 92 1638400 4784128 131072 196608 131072 65536 655360 1179648 8781824
GPU_POST_SAMPLE 93 1572864 3014656 262144 196608 196608 65536 851968 1441792 7602176
GPU_POST_SAMPLE 94 3014656 5505024 1966080 262144 131072 131072 589824 1441792 13041664
GPU_POST_SAMPLE 95 1507328 2490368 196608 131072 196608 65536 589824 1048576 6225920
GPU_POST_SAMPLE 96 3276800 2883584 131072 196608 131072 131072 589824 1048576 8388608
GPU_POST_SAMPLE 97 1507328 2621440 196608 131072 131072 65536 589824 1048576 6291456
GPU_POST_SAMPLE 98 1703936 3145728 1507328 196608 131072 131072 720896 1114112 8650752
GPU_POST_SAMPLE 99 1507328 2621440 196608 131072 131072 65536 589824 1048576 6291456
GPU_POST_SAMPLE 100 1572864 2949120 1769472 196608 196608 65536 720896 983040 8454144
GPU_POST_SAMPLE 101 1507328 4063232 196608 262144 131072 131072 851968 1441792 8585216
GPU_POST_SAMPLE 102 3145728 5963776 2359296 262144 196608 131072 983040 1638400 14680064
GPU_POST_SAMPLE 103 1572864 2883584 1966080 131072 196608 65536 720896 1048576 8585216
GPU_POST_SAMPLE 104 1572864 2555904 196608 131072 131072 65536 589824 1245184 6488064
GPU_POST_SAMPLE 105 3211264 5767168 3735552 196608 262144 65536 1048576 1572864 15859712
GPU_POST_SAMPLE 106 2949120 5439488 2228224 262144 196608 131072 983040 1769472 13959168
GPU_POST_SAMPLE 107 2097152 4194304 196608 131072 196608 65536 851968 3932160 11665408
GPU_POST_SAMPLE 108 2162688 3932160 196608 196608 131072 131072 786432 1507328 9043968
GPU_POST_SAMPLE 109 3014656 5505024 2293760 196608 196608 131072 983040 1572864 13893632
GPU_POST_SAMPLE 110 1703936 2949120 2490368 262144 262144 65536 1179648 1769472 10682368
GPU_POST_SAMPLE 111 2228224 3997696 196608 196608 196608 65536 851968 1507328 9240576
GPU_POST_SAMPLE 112 2686976 7405568 262144 196608 196608 131072 917504 1769472 13565952
GPU_POST_SAMPLE 113 2883584 6684672 131072 131072 196608 65536 655360 1048576 11796480
GPU_POST_SAMPLE 114 1572864 2883584 196608 131072 196608 0 589824 1114112 6684672
GPU_POST_SAMPLE 115 1572864 2818048 1507328 196608 131072 131072 655360 1048576 8060928
GPU_POST_SAMPLE 116 1572864 2555904 196608 131072 131072 65536 589824 1048576 6291456
GPU_POST_SAMPLE 117 1507328 2621440 131072 131072 131072 131072 589824 983040 6225920
GPU_POST_SAMPLE 118 1507328 2883584 196608 131072 196608 65536 589824 1114112 6684672
GPU_POST_SAMPLE 119 1572864 2686976 3014656 131072 196608 131072 655360 1048576 9437184
{"seed":43,"vendor":"Microsoft Corporation","renderer":"D3D12 (Intel(R) Arc(TM) 140T GPU (16GB))","gl_version":"4.6 (Compatibility Profile) Mesa 26.2.2","gallium_path":"/root/.cache/football-mesa-build-20260913-a/install-wayland/lib/libgallium-26.2.2.so","width":1920,"height":1080,"quality":"pbr+bloom+fxaa+auto_exposure","swap_enabled":true,"swap_interval":0,"warmup_frames":30,"measured_frames":120,"in_play_frames":150,"p50_ms":24.556933,"p95_ms":30.552772,"p99_ms":31.916814,"submit_p50_ms":24.518540,"submit_p95_ms":30.497726,"finish_p50_ms":0.038363,"finish_p95_ms":0.049229,"samples_ms":[23.512995,23.156318,22.196491,20.500441,21.545867,20.912588,22.987497,23.378572,30.862116,25.506687,30.381547,21.300570,26.239397,29.720624,28.626371,31.284516,33.520208,21.086071,28.530766,25.511915,29.307629,28.523865,28.461053,25.095893,30.893954,29.082026,24.797641,22.155306,30.237395,29.780101,26.152226,23.529473,30.530707,21.815731,29.242789,26.135128,20.049014,24.808193,21.895255,22.265605,20.041309,20.970953,20.902347,29.015517,21.236377,24.320488,23.560844,24.720347,22.990512,25.497845,26.646567,20.569975,24.628832,20.251312,29.572807,27.451066,22.784956,28.221773,26.047007,25.724948,29.652289,28.617950,26.433448,28.089218,28.322590,29.005320,29.245263,25.726441,22.848347,24.695346,22.819682,22.494725,29.545390,20.657495,31.102329,24.566081,21.700097,25.671299,21.387253,23.323635,20.015257,24.912694,18.337396,26.641362,21.716449,22.574425,23.505707,20.876480,26.822161,23.415845,19.842257,22.164578,22.667382,20.843368,28.226860,21.270635,21.878236,20.292441,24.410864,20.940364,24.081028,21.644925,30.552772,24.556933,20.710303,31.916814,30.237456,26.051673,22.103631,29.050951,27.299243,22.671196,28.553662,28.224082,20.766964,22.365198,19.484942,21.443844,20.030047,25.159142],"submit_samples_ms":[23.472536,23.120863,22.155914,20.462691,21.509884,20.870999,22.950331,23.305378,30.821094,25.464769,30.342940,21.251341,26.194231,29.681499,28.590064,31.247265,33.483130,21.045592,28.490256,25.475875,29.269229,28.486263,28.395046,25.057544,30.858792,29.033042,24.760027,22.117138,30.199562,29.742764,26.114947,23.492261,30.496259,21.769764,29.199100,26.099300,20.003849,24.772529,21.853121,22.229063,20.006971,20.932284,20.862342,28.977626,21.199195,24.283629,23.518360,24.684282,22.944589,25.462147,26.608939,20.532011,24.592366,20.211935,29.530607,27.411236,22.745225,28.184384,26.008290,25.681290,29.615280,28.581138,26.396553,28.046763,28.278883,28.969917,29.208262,25.685016,22.811501,24.647025,22.778193,22.455973,29.506279,20.618770,31.066058,24.526820,21.663475,25.629753,21.348908,23.285014,19.978654,24.871714,18.299791,26.601455,21.679206,22.533172,23.465466,20.836032,26.783616,23.376993,19.804700,22.127748,22.630955,20.805408,28.187491,21.233856,21.843708,20.255880,24.369268,20.901120,24.022040,21.606426,30.497726,24.518540,20.669647,31.861112,30.200519,26.012711,22.066334,29.012305,27.261094,22.633946,28.517200,28.188021,20.727819,22.328260,19.448743,21.379147,19.991684,25.122605],"finish_samples_ms":[0.040459,0.035455,0.040577,0.037750,0.035983,0.041589,0.037166,0.073194,0.041022,0.041918,0.038607,0.049229,0.045166,0.039125,0.036307,0.037251,0.037078,0.040479,0.040510,0.036040,0.038400,0.037602,0.066007,0.038349,0.035162,0.048984,0.037614,0.038168,0.037833,0.037337,0.037279,0.037212,0.034448,0.045967,0.043689,0.035828,0.045165,0.035664,0.042134,0.036542,0.034338,0.038669,0.040005,0.037891,0.037182,0.036859,0.042484,0.036065,0.045923,0.035698,0.037628,0.037964,0.036466,0.039377,0.042200,0.039830,0.039731,0.037389,0.038717,0.043658,0.037009,0.036812,0.036895,0.042455,0.043707,0.035403,0.037001,0.041425,0.036846,0.048321,0.041489,0.038752,0.039111,0.038725,0.036271,0.039261,0.036622,0.041546,0.038345,0.038621,0.036603,0.040980,0.037605,0.039907,0.037243,0.041253,0.040241,0.040448,0.038545,0.038852,0.037557,0.036830,0.036427,0.037960,0.039369,0.036779,0.034528,0.036561,0.041596,0.039244,0.058988,0.038499,0.055046,0.038393,0.040656,0.055702,0.036937,0.038962,0.037297,0.038646,0.038149,0.037250,0.036462,0.036061,0.039145,0.036938,0.036199,0.064697,0.038363,0.036537]}
