MESA-EGL: warning: egl: failed to create dri2 screen
 dllPath = /usr/lib/wsl/drivers/iigd_dch.inf_amd64_3e6575b60ae27560, dllName = libigdgmm_w.so.12 
 IsWddmLinux = 1, dllWslName = /usr/lib/wsl/drivers/iigd_dch.inf_amd64_3e6575b60ae27560/libigdgmm_w.so.12  flags = 2
 dllPath = /usr/lib/wsl/drivers/iigd_dch.inf_amd64_3e6575b60ae27560, dllName = libigdgmm_w.so.12 
 IsWddmLinux = 1, dllWslName = /usr/lib/wsl/drivers/iigd_dch.inf_amd64_3e6575b60ae27560/libigdgmm_w.so.12  flags = 2
GPU_POST_SAMPLE 0 1900544 3997696 2818048 196608 131072 196608 851968 1441792 11534336
GPU_POST_SAMPLE 1 1900544 3801088 196608 196608 196608 65536 851968 1376256 8585216
GPU_POST_SAMPLE 2 1835008 3997696 2097152 196608 196608 131072 851968 1507328 10813440
GPU_POST_SAMPLE 3 1966080 4063232 196608 196608 196608 65536 851968 1441792 8978432
GPU_POST_SAMPLE 4 1966080 4194304 2031616 196608 196608 131072 851968 1376256 10944512
GPU_POST_SAMPLE 5 1310720 2686976 196608 131072 262144 0 917504 1507328 7012352
GPU_POST_SAMPLE 6 1900544 4259840 2031616 196608 196608 65536 917504 1376256 10944512
GPU_POST_SAMPLE 7 1966080 4063232 262144 196608 131072 131072 851968 1376256 8978432
GPU_POST_SAMPLE 8 1966080 3997696 1769472 196608 262144 65536 851968 1441792 10551296
GPU_POST_SAMPLE 9 1835008 4128768 196608 196608 196608 65536 851968 1441792 8912896
GPU_POST_SAMPLE 10 1441792 3342336 131072 196608 131072 65536 589824 1048576 6946816
GPU_POST_SAMPLE 11 1900544 7143424 196608 196608 196608 65536 851968 1376256 11927552
GPU_POST_SAMPLE 12 2031616 3866624 2293760 196608 196608 65536 917504 1376256 10944512
GPU_POST_SAMPLE 13 1900544 3407872 131072 196608 131072 65536 589824 1048576 7471104
GPU_POST_SAMPLE 14 1966080 3932160 196608 196608 196608 0 851968 1441792 8781824
GPU_POST_SAMPLE 15 1900544 4128768 196608 196608 196608 65536 851968 1114112 8650752
GPU_POST_SAMPLE 16 1900544 4194304 2031616 262144 131072 131072 851968 1507328 11010048
GPU_POST_SAMPLE 17 1900544 3801088 131072 196608 196608 65536 851968 1376256 8519680
GPU_POST_SAMPLE 18 1900544 3997696 2818048 196608 262144 65536 851968 1441792 11534336
GPU_POST_SAMPLE 19 1769472 3866624 131072 262144 196608 65536 851968 1376256 8519680
GPU_POST_SAMPLE 20 1900544 4128768 2031616 262144 131072 131072 917504 1310720 10813440
GPU_POST_SAMPLE 21 1900544 3997696 262144 196608 196608 65536 851968 1441792 8912896
GPU_POST_SAMPLE 22 1966080 4259840 196608 196608 196608 65536 851968 1376256 9109504
GPU_POST_SAMPLE 23 1900544 4259840 131072 196608 262144 65536 851968 3473408 11141120
GPU_POST_SAMPLE 24 1310720 2621440 131072 196608 131072 65536 589824 1048576 6094848
GPU_POST_SAMPLE 25 1310720 2555904 131072 196608 65536 131072 589824 1048576 6029312
GPU_POST_SAMPLE 26 1310720 2621440 196608 65536 196608 65536 720896 1507328 6684672
GPU_POST_SAMPLE 27 1966080 4128768 131072 262144 131072 131072 786432 1441792 8978432
GPU_POST_SAMPLE 28 1966080 4128768 196608 131072 262144 65536 851968 4784128 12386304
GPU_POST_SAMPLE 29 1966080 4194304 196608 131072 262144 0 851968 1441792 9043968
GPU_POST_SAMPLE 30 2031616 3997696 2490368 196608 196608 65536 917504 1507328 11403264
GPU_POST_SAMPLE 31 1835008 3866624 196608 196608 196608 0 851968 1441792 8585216
GPU_POST_SAMPLE 32 1900544 4194304 3014656 196608 196608 131072 851968 1507328 11993088
GPU_POST_SAMPLE 33 2031616 3997696 131072 196608 196608 3473408 917504 1376256 12320768
GPU_POST_SAMPLE 34 1835008 3801088 196608 131072 262144 0 851968 1376256 8454144
GPU_POST_SAMPLE 35 1769472 5963776 196608 131072 262144 0 851968 1441792 10616832
GPU_POST_SAMPLE 36 1900544 3997696 262144 196608 131072 131072 720896 1441792 8781824
GPU_POST_SAMPLE 37 1900544 4063232 196608 131072 262144 65536 851968 1376256 8847360
GPU_POST_SAMPLE 38 1835008 3997696 196608 3407872 262144 65536 1114112 1703936 12582912
GPU_POST_SAMPLE 39 1835008 3866624 196608 131072 262144 65536 786432 1441792 8585216
GPU_POST_SAMPLE 40 1835008 4194304 262144 196608 131072 131072 786432 3604480 11141120
GPU_POST_SAMPLE 41 1835008 3932160 3342336 196608 131072 196608 851968 1441792 11927552
GPU_POST_SAMPLE 42 1835008 4325376 196608 131072 196608 65536 851968 1376256 8978432
GPU_POST_SAMPLE 43 1835008 4259840 196608 196608 196608 65536 851968 1441792 9043968
GPU_POST_SAMPLE 44 1835008 4063232 3538944 196608 196608 65536 851968 1441792 12189696
GPU_POST_SAMPLE 45 2359296 5570560 262144 196608 196608 131072 983040 4915200 14614528
GPU_POST_SAMPLE 46 1966080 4259840 2097152 196608 196608 131072 851968 1507328 11206656
GPU_POST_SAMPLE 47 2031616 4063232 196608 262144 196608 65536 851968 1507328 9175040
GPU_POST_SAMPLE 48 2752512 5832704 1966080 262144 262144 65536 983040 1703936 13828096
GPU_POST_SAMPLE 49 2555904 5898240 2621440 196608 262144 65536 851968 1048576 13500416
GPU_POST_SAMPLE 50 1376256 3276800 196608 196608 196608 131072 851968 1441792 7667712
GPU_POST_SAMPLE 51 1900544 4259840 1769472 196608 131072 131072 589824 1048576 10027008
GPU_POST_SAMPLE 52 1441792 2883584 262144 131072 196608 65536 917504 1507328 7405568
GPU_POST_SAMPLE 53 1966080 4325376 2097152 196608 196608 131072 917504 1376256 11206656
GPU_POST_SAMPLE 54 1900544 4128768 196608 196608 262144 0 851968 1507328 9043968
GPU_POST_SAMPLE 55 2686976 6291456 196608 196608 131072 131072 786432 1376256 11796480
GPU_POST_SAMPLE 56 2162688 4456448 196608 196608 196608 65536 851968 3670016 11796480
GPU_POST_SAMPLE 57 1966080 4063232 196608 196608 196608 65536 786432 4194304 11665408
GPU_POST_SAMPLE 58 2293760 4718592 131072 196608 131072 65536 655360 983040 9175040
GPU_POST_SAMPLE 59 1376256 3735552 3080192 196608 196608 131072 917504 983040 10616832
GPU_POST_SAMPLE 60 1769472 3997696 196608 131072 196608 0 589824 1048576 7929856
GPU_POST_SAMPLE 61 1310720 2555904 196608 196608 196608 65536 917504 1507328 6946816
GPU_POST_SAMPLE 62 1900544 4128768 2293760 196608 196608 131072 851968 983040 10682368
GPU_POST_SAMPLE 63 1310720 2621440 131072 131072 131072 131072 589824 983040 6029312
GPU_POST_SAMPLE 64 2031616 4259840 196608 262144 131072 131072 851968 3407872 11272192
GPU_POST_SAMPLE 65 1966080 4128768 262144 196608 2490368 131072 917504 1376256 11468800
GPU_POST_SAMPLE 66 1966080 4128768 196608 196608 196608 65536 851968 1376256 8978432
GPU_POST_SAMPLE 67 1966080 4128768 262144 196608 131072 131072 786432 1114112 8716288
GPU_POST_SAMPLE 68 1900544 6291456 131072 196608 196608 131072 851968 1441792 11141120
GPU_POST_SAMPLE 69 1900544 3866624 65536 196608 131072 131072 589824 917504 7798784
GPU_POST_SAMPLE 70 2031616 5505024 196608 131072 131072 131072 589824 1179648 9895936
GPU_POST_SAMPLE 71 2031616 3538944 196608 131072 131072 65536 589824 1245184 7929856
GPU_POST_SAMPLE 72 1376256 2555904 196608 131072 196608 0 589824 1048576 6094848
GPU_POST_SAMPLE 73 1966080 6684672 131072 131072 196608 65536 589824 1048576 10813440
GPU_POST_SAMPLE 74 1441792 2490368 196608 131072 196608 0 589824 1048576 6094848
GPU_POST_SAMPLE 75 1900544 6488064 196608 262144 131072 65536 851968 1441792 11337728
GPU_POST_SAMPLE 76 1966080 3735552 196608 65536 196608 65536 589824 1441792 8257536
GPU_POST_SAMPLE 77 1900544 4128768 196608 196608 196608 65536 786432 1441792 8912896
GPU_POST_SAMPLE 78 2097152 4128768 196608 196608 262144 2555904 983040 1376256 11796480
GPU_POST_SAMPLE 79 1376256 2555904 131072 131072 196608 0 589824 1048576 6029312
GPU_POST_SAMPLE 80 1376256 2621440 131072 196608 131072 65536 589824 983040 6094848
GPU_POST_SAMPLE 81 1441792 2555904 196608 131072 131072 65536 589824 1048576 6160384
GPU_POST_SAMPLE 82 1966080 2621440 65536 196608 131072 131072 589824 917504 6619136
GPU_POST_SAMPLE 83 1376256 3604480 262144 196608 196608 65536 851968 1441792 7995392
GPU_POST_SAMPLE 84 2818048 5242880 131072 196608 131072 65536 589824 983040 10158080
GPU_POST_SAMPLE 85 1376256 3342336 196608 196608 131072 65536 589824 983040 6881280
GPU_POST_SAMPLE 86 1966080 5832704 131072 262144 131072 131072 786432 1376256 10616832
GPU_POST_SAMPLE 87 1769472 4390912 131072 196608 262144 0 851968 1179648 8781824
GPU_POST_SAMPLE 88 1441792 2555904 196608 131072 131072 131072 589824 983040 6160384
GPU_POST_SAMPLE 89 2686976 5111808 131072 196608 65536 131072 589824 983040 9895936
GPU_POST_SAMPLE 90 1441792 2621440 196608 131072 262144 0 917504 3735552 9306112
GPU_POST_SAMPLE 91 2162688 4390912 2097152 196608 196608 65536 655360 1048576 10813440
GPU_POST_SAMPLE 92 1703936 4259840 131072 196608 262144 65536 851968 1441792 8912896
GPU_POST_SAMPLE 93 2031616 4128768 131072 196608 131072 65536 589824 1441792 8716288
GPU_POST_SAMPLE 94 2097152 4325376 2228224 196608 262144 65536 851968 1507328 11534336
GPU_POST_SAMPLE 95 1507328 4259840 196608 262144 196608 65536 851968 1507328 8847360
GPU_POST_SAMPLE 96 1966080 3866624 2097152 262144 196608 65536 851968 1441792 10747904
GPU_POST_SAMPLE 97 1966080 4259840 196608 196608 196608 65536 917504 1441792 9240576
GPU_POST_SAMPLE 98 1966080 4063232 262144 131072 196608 65536 851968 4456448 11993088
GPU_POST_SAMPLE 99 1441792 2555904 131072 196608 131072 65536 589824 983040 6094848
GPU_POST_SAMPLE 100 2162688 2686976 196608 131072 131072 65536 589824 3407872 9371648
GPU_POST_SAMPLE 101 1441792 2555904 131072 1900544 262144 65536 655360 1048576 8060928
GPU_POST_SAMPLE 102 1441792 2555904 196608 131072 131072 65536 655360 983040 6160384
GPU_POST_SAMPLE 103 2228224 4521984 196608 262144 131072 131072 851968 4325376 12648448
GPU_POST_SAMPLE 104 1441792 2621440 131072 131072 196608 65536 786432 1441792 6815744
GPU_POST_SAMPLE 105 2097152 4259840 196608 196608 262144 0 851968 1441792 9306112
GPU_POST_SAMPLE 106 2031616 4194304 131072 196608 262144 65536 851968 1441792 9175040
GPU_POST_SAMPLE 107 3014656 5898240 2228224 262144 131072 131072 917504 1376256 13959168
GPU_POST_SAMPLE 108 2621440 4325376 131072 196608 131072 65536 589824 1048576 9109504
GPU_POST_SAMPLE 109 1441792 2490368 131072 196608 131072 65536 655360 983040 6094848
GPU_POST_SAMPLE 110 2031616 6291456 131072 196608 131072 131072 524288 983040 10420224
GPU_POST_SAMPLE 111 1376256 2555904 131072 196608 131072 65536 589824 983040 6029312
GPU_POST_SAMPLE 112 2097152 4521984 2621440 196608 262144 65536 917504 1441792 12124160
GPU_POST_SAMPLE 113 2031616 4259840 196608 196608 196608 0 851968 1441792 9175040
GPU_POST_SAMPLE 114 1441792 2555904 131072 196608 1835008 196608 655360 983040 7995392
GPU_POST_SAMPLE 115 1966080 2818048 196608 131072 262144 0 851968 1441792 7667712
GPU_POST_SAMPLE 116 2883584 5963776 1900544 196608 196608 65536 655360 983040 12845056
GPU_POST_SAMPLE 117 1507328 3604480 196608 196608 196608 65536 851968 1572864 8192000
GPU_POST_SAMPLE 118 2097152 4063232 2293760 196608 131072 131072 917504 1376256 11206656
GPU_POST_SAMPLE 119 2097152 4194304 196608 196608 196608 131072 851968 1507328 9371648
{"seed":42,"vendor":"Microsoft Corporation","renderer":"D3D12 (Intel(R) Arc(TM) 140T GPU (16GB))","gl_version":"4.6 (Compatibility Profile) Mesa 26.2.2","gallium_path":"/root/.cache/football-mesa-build-20260913-a/install-wayland/lib/libgallium-26.2.2.so","width":1920,"height":1080,"quality":"pbr+bloom+fxaa+auto_exposure","swap_enabled":true,"swap_interval":0,"warmup_frames":30,"measured_frames":120,"in_play_frames":141,"p50_ms":24.631227,"p95_ms":27.755696,"p99_ms":28.816230,"submit_p50_ms":24.589503,"submit_p95_ms":27.718801,"finish_p50_ms":0.037405,"finish_p95_ms":0.053409,"samples_ms":[25.936619,29.456529,25.358745,22.357120,24.373056,20.303043,26.218256,21.684309,26.350516,25.265345,20.495102,28.273406,25.830443,22.385254,23.792467,23.057387,25.161701,23.122336,26.100784,25.996175,27.158526,25.505521,24.631227,25.323132,23.230953,21.173360,22.126873,25.192589,25.389785,23.632903,24.368700,22.238735,27.064892,27.755696,23.151988,26.434076,22.947064,26.656426,26.761854,26.203876,24.998367,26.281330,25.244421,27.526183,26.168608,28.116304,24.690272,21.742213,28.665723,28.816230,22.192624,24.378441,19.776521,26.689925,22.781541,26.725870,27.266044,24.873710,22.779056,24.220469,24.779397,18.544226,24.471639,19.087218,26.639501,24.367956,27.409192,22.914123,24.144640,21.788769,23.844203,25.882223,19.471557,24.529149,19.995431,26.295571,24.292098,24.893960,25.468143,20.788024,22.555720,21.521350,21.944653,20.936557,24.202736,21.956137,24.692105,25.897912,22.218470,26.749311,23.541754,25.146090,24.918956,25.385706,27.760000,22.106382,25.199450,25.213834,26.530275,20.214186,23.083177,25.910193,19.090033,26.957051,23.156010,24.350708,23.066012,27.691733,24.657366,20.296167,24.583301,20.168388,26.372451,25.925206,23.456463,21.831692,26.319367,22.165489,25.510620,23.309720],"submit_samples_ms":[25.901216,29.421163,25.322795,22.320635,24.338318,20.263779,26.182125,21.646604,26.315321,25.224310,20.457374,28.231007,25.795921,22.343634,23.757521,23.017206,25.125469,23.081207,26.063257,25.961579,27.122495,25.465266,24.595808,25.285478,23.195312,21.111700,22.091032,25.151465,25.354956,23.585777,24.302880,22.200163,27.017502,27.718801,23.114291,26.388546,22.911511,26.615941,26.723490,26.169072,24.956426,26.245558,25.206713,27.486676,26.132052,28.078879,24.654065,21.700678,28.612314,28.778306,22.156267,24.342935,19.740095,26.654109,22.746348,26.690608,27.224756,24.839794,22.743144,24.183741,24.738637,18.507131,24.433927,19.050341,26.597264,24.331799,27.374520,22.875247,24.109921,21.751364,23.806411,25.842978,19.434006,24.476215,19.955543,26.255052,24.257397,24.853507,25.432127,20.723949,22.519893,21.479636,21.908190,20.893365,24.169158,21.916164,24.657928,25.832289,22.183207,26.680376,23.504663,25.100773,24.880791,25.350533,27.724612,22.069473,25.163779,25.169822,26.493673,20.170212,23.050381,25.871637,19.052631,26.917485,23.123123,24.311714,23.031092,27.658220,24.589503,20.259451,24.537137,20.130149,26.329043,25.889643,23.415221,21.797285,26.284005,22.130483,25.459940,23.271305],"finish_samples_ms":[0.035403,0.035366,0.035950,0.036485,0.034738,0.039264,0.036131,0.037705,0.035195,0.041035,0.037728,0.042399,0.034522,0.041620,0.034946,0.040181,0.036232,0.041129,0.037527,0.034596,0.036031,0.040255,0.035419,0.037654,0.035641,0.061660,0.035841,0.041124,0.034829,0.047126,0.065820,0.038572,0.047390,0.036895,0.037697,0.045530,0.035553,0.040485,0.038364,0.034804,0.041941,0.035772,0.037708,0.039507,0.036556,0.037425,0.036207,0.041535,0.053409,0.037924,0.036357,0.035506,0.036426,0.035816,0.035193,0.035262,0.041288,0.033916,0.035912,0.036728,0.040760,0.037095,0.037712,0.036877,0.042237,0.036157,0.034672,0.038876,0.034719,0.037405,0.037792,0.039245,0.037551,0.052934,0.039888,0.040519,0.034701,0.040453,0.036016,0.064075,0.035827,0.041714,0.036463,0.043192,0.033578,0.039973,0.034177,0.065623,0.035263,0.068935,0.037091,0.045317,0.038165,0.035173,0.035388,0.036909,0.035671,0.044012,0.036602,0.043974,0.032796,0.038556,0.037402,0.039566,0.032887,0.038994,0.034920,0.033513,0.067863,0.036716,0.046164,0.038239,0.043408,0.035563,0.041242,0.034407,0.035362,0.035006,0.050680,0.038415]}
