MESA-EGL: warning: egl: failed to create dri2 screen
 dllPath = /usr/lib/wsl/drivers/iigd_dch.inf_amd64_3e6575b60ae27560, dllName = libigdgmm_w.so.12 
 IsWddmLinux = 1, dllWslName = /usr/lib/wsl/drivers/iigd_dch.inf_amd64_3e6575b60ae27560/libigdgmm_w.so.12  flags = 2
 dllPath = /usr/lib/wsl/drivers/iigd_dch.inf_amd64_3e6575b60ae27560, dllName = libigdgmm_w.so.12 
 IsWddmLinux = 1, dllWslName = /usr/lib/wsl/drivers/iigd_dch.inf_amd64_3e6575b60ae27560/libigdgmm_w.so.12  flags = 2
GPU_TIMER_SAMPLE 0 1835008 1310720 1572864 4718592
GPU_TIMER_SAMPLE 1 1048576 1310720 1572864 3932160
GPU_TIMER_SAMPLE 2 1048576 1310720 1835008 4194304
GPU_TIMER_SAMPLE 3 1048576 1572864 5767168 8388608
GPU_TIMER_SAMPLE 4 1835008 2621440 1835008 6291456
GPU_TIMER_SAMPLE 5 1310720 1310720 1572864 4194304
GPU_TIMER_SAMPLE 6 1048576 1310720 1572864 3932160
GPU_TIMER_SAMPLE 7 1048576 1310720 1835008 4194304
GPU_TIMER_SAMPLE 8 1048576 1835008 4456448 7340032
GPU_TIMER_SAMPLE 9 1048576 1048576 1835008 3932160
GPU_TIMER_SAMPLE 10 1310720 1572864 1572864 4456448
GPU_TIMER_SAMPLE 11 1048576 1310720 1835008 4194304
GPU_TIMER_SAMPLE 12 1048576 1835008 1835008 4718592
GPU_TIMER_SAMPLE 13 1048576 1310720 1572864 3932160
GPU_TIMER_SAMPLE 14 1048576 1310720 1835008 4194304
GPU_TIMER_SAMPLE 15 1048576 1572864 1572864 4194304
GPU_TIMER_SAMPLE 16 1310720 1572864 1572864 4456448
GPU_TIMER_SAMPLE 17 1835008 2621440 4456448 8912896
GPU_TIMER_SAMPLE 18 1572864 1835008 1835008 5242880
GPU_TIMER_SAMPLE 19 1048576 2097152 1572864 4718592
GPU_TIMER_SAMPLE 20 1048576 1310720 1572864 3932160
GPU_TIMER_SAMPLE 21 1310720 1572864 1835008 4718592
GPU_TIMER_SAMPLE 22 1310720 1835008 1572864 4718592
GPU_TIMER_SAMPLE 23 1048576 1310720 1835008 4194304
GPU_TIMER_SAMPLE 24 1048576 1310720 1572864 3932160
GPU_TIMER_SAMPLE 25 1048576 1835008 1835008 4718592
GPU_TIMER_SAMPLE 26 1048576 1572864 1310720 3932160
GPU_TIMER_SAMPLE 27 1048576 1310720 1835008 4194304
GPU_TIMER_SAMPLE 28 1048576 1310720 1572864 3932160
GPU_TIMER_SAMPLE 29 1048576 1835008 2097152 4980736
GPU_TIMER_SAMPLE 30 1048576 1310720 1835008 4194304
GPU_TIMER_SAMPLE 31 1048576 1310720 1572864 3932160
GPU_TIMER_SAMPLE 32 1310720 1048576 1835008 4194304
GPU_TIMER_SAMPLE 33 1572864 1572864 1835008 4980736
GPU_TIMER_SAMPLE 34 1048576 1310720 1572864 3932160
GPU_TIMER_SAMPLE 35 1048576 2097152 1310720 4456448
GPU_TIMER_SAMPLE 36 1048576 1310720 1572864 3932160
GPU_TIMER_SAMPLE 37 1048576 1310720 1572864 3932160
GPU_TIMER_SAMPLE 38 1048576 1310720 1572864 3932160
GPU_TIMER_SAMPLE 39 1048576 1310720 1835008 4194304
GPU_TIMER_SAMPLE 40 1048576 1310720 2097152 4456448
GPU_TIMER_SAMPLE 41 1048576 1835008 1835008 4718592
GPU_TIMER_SAMPLE 42 1310720 1572864 1572864 4456448
GPU_TIMER_SAMPLE 43 1310720 1572864 1835008 4718592
GPU_TIMER_SAMPLE 44 1048576 1310720 1835008 4194304
GPU_TIMER_SAMPLE 45 1048576 2359296 1835008 5242880
GPU_TIMER_SAMPLE 46 1048576 1572864 1835008 4456448
GPU_TIMER_SAMPLE 47 1048576 1572864 1835008 4456448
GPU_TIMER_SAMPLE 48 1048576 1310720 1835008 4194304
GPU_TIMER_SAMPLE 49 1048576 1310720 1835008 4194304
GPU_TIMER_SAMPLE 50 1048576 3145728 1835008 6029312
GPU_TIMER_SAMPLE 51 1048576 1310720 1835008 4194304
GPU_TIMER_SAMPLE 52 1048576 1048576 1835008 3932160
GPU_TIMER_SAMPLE 53 1048576 1310720 1572864 3932160
GPU_TIMER_SAMPLE 54 1048576 1310720 1572864 3932160
GPU_TIMER_SAMPLE 55 1048576 2359296 1835008 5242880
GPU_TIMER_SAMPLE 56 1048576 1835008 1572864 4456448
GPU_TIMER_SAMPLE 57 1048576 1310720 1835008 4194304
GPU_TIMER_SAMPLE 58 1048576 1310720 1572864 3932160
GPU_TIMER_SAMPLE 59 1310720 1835008 3670016 6815744
GPU_TIMER_SAMPLE 60 1048576 2097152 1572864 4718592
GPU_TIMER_SAMPLE 61 1048576 1310720 1835008 4194304
GPU_TIMER_SAMPLE 62 1048576 1310720 1572864 3932160
GPU_TIMER_SAMPLE 63 1310720 2359296 1572864 5242880
GPU_TIMER_SAMPLE 64 1048576 1048576 1835008 3932160
GPU_TIMER_SAMPLE 65 1048576 1572864 1835008 4456448
GPU_TIMER_SAMPLE 66 1048576 1310720 1835008 4194304
GPU_TIMER_SAMPLE 67 1048576 1835008 1835008 4718592
GPU_TIMER_SAMPLE 68 1048576 1835008 1835008 4718592
GPU_TIMER_SAMPLE 69 1048576 1572864 2097152 4718592
GPU_TIMER_SAMPLE 70 1310720 1310720 2097152 4718592
GPU_TIMER_SAMPLE 71 1310720 1310720 1572864 4194304
GPU_TIMER_SAMPLE 72 1048576 1310720 1572864 3932160
GPU_TIMER_SAMPLE 73 1310720 1835008 1835008 4980736
GPU_TIMER_SAMPLE 74 1048576 1310720 1572864 3932160
GPU_TIMER_SAMPLE 75 1048576 1310720 1835008 4194304
GPU_TIMER_SAMPLE 76 1048576 1310720 1835008 4194304
GPU_TIMER_SAMPLE 77 1048576 1310720 1835008 4194304
GPU_TIMER_SAMPLE 78 1310720 3407872 1835008 6553600
GPU_TIMER_SAMPLE 79 1048576 1310720 1835008 4194304
GPU_TIMER_SAMPLE 80 1048576 1310720 1835008 4194304
GPU_TIMER_SAMPLE 81 1310720 1835008 1572864 4718592
GPU_TIMER_SAMPLE 82 1048576 1572864 1310720 3932160
GPU_TIMER_SAMPLE 83 1310720 1310720 1572864 4194304
GPU_TIMER_SAMPLE 84 1048576 1572864 1835008 4456448
GPU_TIMER_SAMPLE 85 1310720 1310720 1835008 4456448
GPU_TIMER_SAMPLE 86 1310720 1310720 1572864 4194304
GPU_TIMER_SAMPLE 87 1048576 1310720 2097152 4456448
GPU_TIMER_SAMPLE 88 1048576 1572864 1835008 4456448
GPU_TIMER_SAMPLE 89 1835008 2883584 1572864 6291456
GPU_TIMER_SAMPLE 90 1048576 1310720 1835008 4194304
GPU_TIMER_SAMPLE 91 1310720 1835008 1835008 4980736
GPU_TIMER_SAMPLE 92 2883584 5242880 9437184 17563648
GPU_TIMER_SAMPLE 93 1310720 1310720 1572864 4194304
GPU_TIMER_SAMPLE 94 1310720 1310720 1572864 4194304
GPU_TIMER_SAMPLE 95 1048576 1310720 4194304 6553600
GPU_TIMER_SAMPLE 96 1310720 4718592 1835008 7864320
GPU_TIMER_SAMPLE 97 1310720 1572864 1835008 4718592
GPU_TIMER_SAMPLE 98 2359296 1572864 1835008 5767168
GPU_TIMER_SAMPLE 99 1572864 2621440 2097152 6291456
GPU_TIMER_SAMPLE 100 1310720 1310720 1572864 4194304
GPU_TIMER_SAMPLE 101 1310720 1310720 1572864 4194304
GPU_TIMER_SAMPLE 102 1048576 1310720 1572864 3932160
GPU_TIMER_SAMPLE 103 1310720 1048576 1835008 4194304
GPU_TIMER_SAMPLE 104 1310720 1310720 4194304 6815744
GPU_TIMER_SAMPLE 105 1310720 1310720 1572864 4194304
GPU_TIMER_SAMPLE 106 1048576 1835008 1835008 4718592
GPU_TIMER_SAMPLE 107 1310720 1310720 1572864 4194304
GPU_TIMER_SAMPLE 108 1310720 1572864 2097152 4980736
GPU_TIMER_SAMPLE 109 1048576 1310720 1572864 3932160
GPU_TIMER_SAMPLE 110 1310720 1310720 1835008 4456448
GPU_TIMER_SAMPLE 111 1048576 1835008 1835008 4718592
GPU_TIMER_SAMPLE 112 1310720 1310720 1835008 4456448
GPU_TIMER_SAMPLE 113 1835008 4456448 1835008 8126464
GPU_TIMER_SAMPLE 114 1835008 2359296 2097152 6291456
GPU_TIMER_SAMPLE 115 1310720 1572864 1572864 4456448
GPU_TIMER_SAMPLE 116 1048576 1310720 1572864 3932160
GPU_TIMER_SAMPLE 117 1310720 2097152 1835008 5242880
GPU_TIMER_SAMPLE 118 1048576 1310720 1572864 3932160
GPU_TIMER_SAMPLE 119 1310720 1310720 1572864 4194304
{"seed":42,"vendor":"Microsoft Corporation","renderer":"D3D12 (Intel(R) Arc(TM) 140T GPU (16GB))","gl_version":"4.6 (Compatibility Profile) Mesa 26.2.2","gallium_path":"/root/.cache/football-mesa-build-20260913-a/install-wayland/lib/libgallium-26.2.2.so","width":1920,"height":1080,"quality":"pbr+bloom+fxaa+auto_exposure","swap_enabled":true,"swap_interval":0,"warmup_frames":30,"measured_frames":120,"in_play_frames":141,"p50_ms":16.710489,"p95_ms":20.822597,"p99_ms":22.992174,"submit_p50_ms":16.674804,"submit_p95_ms":20.785566,"finish_p50_ms":0.037639,"finish_p95_ms":0.050528,"samples_ms":[16.009997,18.738934,17.690772,20.545825,17.347031,15.221261,17.377416,18.412228,21.519131,19.223895,17.520384,18.067807,15.346175,14.659783,15.380381,15.563875,16.710489,22.628664,16.615702,16.247152,14.839162,14.770405,16.027361,16.843722,16.797467,19.068505,17.938174,16.479538,16.801360,20.101434,14.081640,15.951832,18.236849,18.740132,17.876840,17.049453,16.031963,15.334009,16.619246,16.162277,18.808141,17.589834,18.730734,15.130506,15.557091,16.794673,16.755959,14.886954,15.918750,19.860146,17.206668,14.538782,16.678730,17.154851,15.071564,17.400698,16.062717,17.228643,17.162614,19.983038,16.535232,16.425159,15.528794,17.013806,15.348285,17.227574,14.881563,16.781312,18.927888,16.285231,17.935081,15.166885,15.384381,15.858474,14.806905,22.992174,15.317240,18.003604,19.723940,16.035214,15.513811,15.323812,15.369752,15.609743,16.371944,16.238448,14.937327,15.482438,20.637404,18.860160,17.780149,17.704713,32.741674,15.726119,17.197956,19.686478,21.014050,21.486435,19.241577,18.105011,16.225663,17.176019,16.080414,15.274931,19.978075,15.868797,17.548051,15.825153,15.825022,15.422128,15.249676,20.822597,17.806023,19.633247,17.266498,15.693590,15.123808,17.414780,15.343155,15.730216],"submit_samples_ms":[15.964168,18.680072,17.657293,20.507602,17.310477,15.184613,17.335752,18.362740,21.484024,19.187320,17.480308,18.028223,15.309836,14.622902,15.340499,15.527036,16.674804,22.590944,16.576072,16.180245,14.793245,14.722861,15.982024,16.805799,16.761781,19.034043,17.904325,16.433995,16.755527,20.066845,14.045462,15.911474,18.199457,18.705362,17.829794,17.010430,15.995773,15.292472,16.584013,16.125871,18.768095,17.557487,18.693761,15.087146,15.521240,16.747404,16.716133,14.851251,15.875114,19.825531,17.172276,14.505460,16.640035,17.120858,15.031334,17.355830,16.021888,17.191383,17.126250,19.950163,16.501090,16.388782,15.481312,16.972700,15.304799,17.184810,14.844051,16.745517,18.891856,16.250282,17.900944,15.129541,15.350060,15.820515,14.769700,22.952451,15.281493,17.968003,19.689099,15.997575,15.443464,15.275113,15.327743,15.559215,16.330851,16.202483,14.901109,15.446296,20.600224,18.826383,17.728727,17.647304,32.702191,15.689212,17.159196,19.648676,20.965426,21.450073,19.205373,18.060220,16.183594,17.138439,16.038282,15.239767,19.942566,15.835946,17.509178,15.787148,15.754570,15.376778,15.206024,20.785566,17.770537,19.596232,17.224707,15.649656,15.085005,17.375736,15.306296,15.686890],"finish_samples_ms":[0.045829,0.058862,0.033479,0.038223,0.036554,0.036648,0.041664,0.049488,0.035107,0.036575,0.040076,0.039584,0.036339,0.036881,0.039882,0.036839,0.035685,0.037720,0.039630,0.066907,0.045917,0.047544,0.045337,0.037923,0.035686,0.034462,0.033849,0.045543,0.045833,0.034589,0.036178,0.040358,0.037392,0.034770,0.047046,0.039023,0.036190,0.041537,0.035233,0.036406,0.040046,0.032347,0.036973,0.043360,0.035851,0.047269,0.039826,0.035703,0.043636,0.034615,0.034392,0.033322,0.038695,0.033993,0.040230,0.044868,0.040829,0.037260,0.036364,0.032875,0.034142,0.036377,0.047482,0.041106,0.043486,0.042764,0.037512,0.035795,0.036032,0.034949,0.034137,0.037344,0.034321,0.037959,0.037205,0.039723,0.035747,0.035601,0.034841,0.037639,0.070347,0.048699,0.042009,0.050528,0.041093,0.035965,0.036218,0.036142,0.037180,0.033777,0.051422,0.057409,0.039483,0.036907,0.038760,0.037802,0.048624,0.036362,0.036204,0.044791,0.042069,0.037580,0.042132,0.035164,0.035509,0.032851,0.038873,0.038005,0.070452,0.045350,0.043652,0.037031,0.035486,0.037015,0.041791,0.043934,0.038803,0.039044,0.036859,0.043326]}
