MESA-EGL: warning: egl: failed to create dri2 screen
 dllPath = /usr/lib/wsl/drivers/iigd_dch.inf_amd64_3e6575b60ae27560, dllName = libigdgmm_w.so.12 
 IsWddmLinux = 1, dllWslName = /usr/lib/wsl/drivers/iigd_dch.inf_amd64_3e6575b60ae27560/libigdgmm_w.so.12  flags = 2
 dllPath = /usr/lib/wsl/drivers/iigd_dch.inf_amd64_3e6575b60ae27560, dllName = libigdgmm_w.so.12 
 IsWddmLinux = 1, dllWslName = /usr/lib/wsl/drivers/iigd_dch.inf_amd64_3e6575b60ae27560/libigdgmm_w.so.12  flags = 2
GPU_TIMER_SAMPLE 0 3407872 5242880 4456448 13107200
GPU_TIMER_SAMPLE 1 2359296 3670016 3932160 9961472
GPU_TIMER_SAMPLE 2 2359296 3932160 3670016 9961472
GPU_TIMER_SAMPLE 3 2359296 3407872 3670016 9437184
GPU_TIMER_SAMPLE 4 2097152 3670016 3407872 9175040
GPU_TIMER_SAMPLE 5 2097152 3670016 3407872 9175040
GPU_TIMER_SAMPLE 6 2359296 3670016 3670016 9699328
GPU_TIMER_SAMPLE 7 2097152 3145728 3145728 8388608
GPU_TIMER_SAMPLE 8 2359296 3670016 3407872 9437184
GPU_TIMER_SAMPLE 9 2097152 3670016 3407872 9175040
GPU_TIMER_SAMPLE 10 2359296 3407872 3407872 9175040
GPU_TIMER_SAMPLE 11 2359296 3670016 3670016 9699328
GPU_TIMER_SAMPLE 12 2359296 3407872 6815744 12582912
GPU_TIMER_SAMPLE 13 2359296 3670016 3407872 9437184
GPU_TIMER_SAMPLE 14 2097152 3670016 3407872 9175040
GPU_TIMER_SAMPLE 15 2359296 3670016 3670016 9699328
GPU_TIMER_SAMPLE 16 2097152 3145728 3145728 8388608
GPU_TIMER_SAMPLE 17 2359296 3407872 5767168 11534336
GPU_TIMER_SAMPLE 18 2359296 3670016 3670016 9699328
GPU_TIMER_SAMPLE 19 2097152 3670016 3407872 9175040
GPU_TIMER_SAMPLE 20 2359296 3670016 3407872 9437184
GPU_TIMER_SAMPLE 21 2097152 3932160 3407872 9437184
GPU_TIMER_SAMPLE 22 2359296 3407872 6291456 12058624
GPU_TIMER_SAMPLE 23 2097152 3932160 3670016 9699328
GPU_TIMER_SAMPLE 24 2359296 3145728 6553600 12058624
GPU_TIMER_SAMPLE 25 2097152 3670016 3407872 9175040
GPU_TIMER_SAMPLE 26 2097152 6291456 3670016 12058624
GPU_TIMER_SAMPLE 27 2359296 3407872 3407872 9175040
GPU_TIMER_SAMPLE 28 2359296 3670016 3670016 9699328
GPU_TIMER_SAMPLE 29 2097152 3407872 7077888 12582912
GPU_TIMER_SAMPLE 30 2359296 3932160 3407872 9699328
GPU_TIMER_SAMPLE 31 1835008 3145728 2883584 7864320
GPU_TIMER_SAMPLE 32 2097152 3407872 3145728 8650752
GPU_TIMER_SAMPLE 33 1835008 3145728 2883584 7864320
GPU_TIMER_SAMPLE 34 2097152 3407872 2883584 8388608
GPU_TIMER_SAMPLE 35 2097152 3407872 3145728 8650752
GPU_TIMER_SAMPLE 36 2097152 3670016 2883584 8650752
GPU_TIMER_SAMPLE 37 2621440 4718592 3670016 11010048
GPU_TIMER_SAMPLE 38 2097152 3407872 3145728 8650752
GPU_TIMER_SAMPLE 39 2359296 3145728 3145728 8650752
GPU_TIMER_SAMPLE 40 2097152 3407872 2883584 8388608
GPU_TIMER_SAMPLE 41 2097152 3145728 2883584 8126464
GPU_TIMER_SAMPLE 42 2097152 3407872 3145728 8650752
GPU_TIMER_SAMPLE 43 1835008 3145728 3145728 8126464
GPU_TIMER_SAMPLE 44 2097152 3145728 3145728 8388608
GPU_TIMER_SAMPLE 45 2097152 3145728 3145728 8388608
GPU_TIMER_SAMPLE 46 2359296 2883584 3145728 8388608
GPU_TIMER_SAMPLE 47 2097152 2883584 3145728 8126464
GPU_TIMER_SAMPLE 48 2097152 3145728 2883584 8126464
GPU_TIMER_SAMPLE 49 2097152 3407872 2883584 8388608
GPU_TIMER_SAMPLE 50 2097152 3407872 2883584 8388608
GPU_TIMER_SAMPLE 51 2097152 3407872 2883584 8388608
GPU_TIMER_SAMPLE 52 2883584 4456448 3670016 11010048
GPU_TIMER_SAMPLE 53 2359296 2883584 3145728 8388608
GPU_TIMER_SAMPLE 54 2097152 5242880 2883584 10223616
GPU_TIMER_SAMPLE 55 1835008 3145728 3145728 8126464
GPU_TIMER_SAMPLE 56 3670016 3145728 3145728 9961472
GPU_TIMER_SAMPLE 57 2097152 3145728 3145728 8388608
GPU_TIMER_SAMPLE 58 2097152 3407872 2883584 8388608
GPU_TIMER_SAMPLE 59 2359296 2883584 5505024 10747904
GPU_TIMER_SAMPLE 60 2359296 2883584 3407872 8650752
GPU_TIMER_SAMPLE 61 3932160 6029312 3407872 13369344
GPU_TIMER_SAMPLE 62 2359296 3407872 3407872 9175040
GPU_TIMER_SAMPLE 63 2097152 3407872 3407872 8912896
GPU_TIMER_SAMPLE 64 2359296 3670016 3407872 9437184
GPU_TIMER_SAMPLE 65 2097152 2883584 3145728 8126464
GPU_TIMER_SAMPLE 66 2097152 2883584 3145728 8126464
GPU_TIMER_SAMPLE 67 2097152 3145728 2883584 8126464
GPU_TIMER_SAMPLE 68 2359296 2883584 3145728 8388608
GPU_TIMER_SAMPLE 69 2097152 3407872 3145728 8650752
GPU_TIMER_SAMPLE 70 2097152 3145728 3145728 8388608
GPU_TIMER_SAMPLE 71 2097152 3145728 3407872 8650752
GPU_TIMER_SAMPLE 72 2097152 3145728 2883584 8126464
GPU_TIMER_SAMPLE 73 2883584 4194304 3407872 10485760
GPU_TIMER_SAMPLE 74 2097152 3145728 2883584 8126464
GPU_TIMER_SAMPLE 75 2359296 2883584 3145728 8388608
GPU_TIMER_SAMPLE 76 1835008 3145728 2883584 7864320
GPU_TIMER_SAMPLE 77 2097152 3145728 2883584 8126464
GPU_TIMER_SAMPLE 78 2097152 3145728 3145728 8388608
GPU_TIMER_SAMPLE 79 2097152 3145728 3145728 8388608
GPU_TIMER_SAMPLE 80 2097152 3145728 5767168 11010048
GPU_TIMER_SAMPLE 81 2097152 2883584 3145728 8126464
GPU_TIMER_SAMPLE 82 2359296 3145728 6291456 11796480
GPU_TIMER_SAMPLE 83 2097152 3145728 3145728 8388608
GPU_TIMER_SAMPLE 84 2097152 3145728 4980736 10223616
GPU_TIMER_SAMPLE 85 2097152 3145728 3145728 8388608
GPU_TIMER_SAMPLE 86 2359296 2883584 3145728 8388608
GPU_TIMER_SAMPLE 87 2097152 2621440 3145728 7864320
GPU_TIMER_SAMPLE 88 2359296 3407872 2883584 8650752
GPU_TIMER_SAMPLE 89 2097152 2883584 2621440 7602176
GPU_TIMER_SAMPLE 90 1572864 1835008 2097152 5505024
GPU_TIMER_SAMPLE 91 1572864 1835008 2097152 5505024
GPU_TIMER_SAMPLE 92 1572864 1835008 2097152 5505024
GPU_TIMER_SAMPLE 93 1310720 2097152 4718592 8126464
GPU_TIMER_SAMPLE 94 1572864 2097152 2097152 5767168
GPU_TIMER_SAMPLE 95 1572864 1835008 2359296 5767168
GPU_TIMER_SAMPLE 96 1572864 1835008 2097152 5505024
GPU_TIMER_SAMPLE 97 1572864 4194304 2097152 7864320
GPU_TIMER_SAMPLE 98 1572864 1835008 2097152 5505024
GPU_TIMER_SAMPLE 99 1310720 2097152 2097152 5505024
GPU_TIMER_SAMPLE 100 1572864 2097152 2097152 5767168
GPU_TIMER_SAMPLE 101 1572864 1835008 2097152 5505024
GPU_TIMER_SAMPLE 102 1572864 1835008 2359296 5767168
GPU_TIMER_SAMPLE 103 1310720 2097152 2359296 5767168
GPU_TIMER_SAMPLE 104 1572864 1835008 2359296 5767168
GPU_TIMER_SAMPLE 105 1572864 3932160 2359296 7864320
GPU_TIMER_SAMPLE 106 1572864 1835008 2359296 5767168
GPU_TIMER_SAMPLE 107 4456448 3932160 6553600 14942208
GPU_TIMER_SAMPLE 108 2097152 3407872 6815744 12320768
GPU_TIMER_SAMPLE 109 3932160 3407872 3145728 10485760
GPU_TIMER_SAMPLE 110 2621440 3407872 2883584 8912896
GPU_TIMER_SAMPLE 111 2359296 2883584 2883584 8126464
GPU_TIMER_SAMPLE 112 3407872 4194304 3932160 11534336
GPU_TIMER_SAMPLE 113 2359296 2883584 2883584 8126464
GPU_TIMER_SAMPLE 114 2883584 4194304 3407872 10485760
GPU_TIMER_SAMPLE 115 2097152 3145728 3145728 8388608
GPU_TIMER_SAMPLE 116 2097152 3407872 2883584 8388608
GPU_TIMER_SAMPLE 117 2883584 3932160 3670016 10485760
GPU_TIMER_SAMPLE 118 2359296 2621440 5242880 10223616
GPU_TIMER_SAMPLE 119 2359296 3145728 2883584 8388608
{"seed":43,"vendor":"Microsoft Corporation","renderer":"D3D12 (Intel(R) Arc(TM) 140T GPU (16GB))","gl_version":"4.6 (Compatibility Profile) Mesa 26.2.2","gallium_path":"/root/.cache/football-mesa-build-20260913-a/install-wayland/lib/libgallium-26.2.2.so","width":1920,"height":1080,"quality":"pbr+bloom+fxaa+auto_exposure","swap_enabled":true,"swap_interval":0,"warmup_frames":30,"measured_frames":120,"in_play_frames":150,"p50_ms":22.791811,"p95_ms":26.961596,"p99_ms":31.977531,"submit_p50_ms":22.751852,"submit_p95_ms":26.919838,"finish_p50_ms":0.041129,"finish_p95_ms":0.064873,"samples_ms":[29.861925,28.177812,25.020882,22.693885,23.660493,24.642213,23.974286,22.702337,24.671289,23.023209,25.804020,22.458592,25.739147,24.851754,23.770652,25.152369,21.249667,24.272724,26.961596,22.984181,25.849493,23.142199,24.137368,22.227444,24.873240,21.928775,25.722931,26.709714,22.678553,25.284236,26.854606,21.874407,22.791811,22.487422,23.515751,22.623437,22.453222,24.233494,24.204149,21.953534,24.106557,20.608771,22.663338,21.881677,20.678075,20.899460,22.796438,22.301527,22.572775,21.927932,23.175846,24.164204,25.074731,19.762610,23.371985,21.363954,24.663273,25.389722,21.972167,23.352272,21.008008,31.977531,26.001063,25.661331,22.869432,24.759538,21.567371,23.702039,21.325283,25.219675,21.934579,22.243770,19.696508,26.149087,20.394427,21.969816,21.571491,23.924808,25.029519,22.048300,24.196552,21.522431,24.154397,22.978792,22.425608,20.490500,23.041213,22.602998,23.361081,19.493386,17.726853,18.701008,17.572871,21.007583,17.398206,18.240174,19.098628,20.580448,18.931741,16.946021,19.639116,17.684502,20.017394,17.514430,19.605449,20.641708,18.035355,30.424457,29.381514,25.536419,22.666663,24.288111,25.148600,19.966799,32.206950,20.514621,25.919428,24.389928,23.607628,21.868709],"submit_samples_ms":[29.822621,28.137425,24.952684,22.634058,23.619917,24.598691,23.932489,22.654276,24.631653,22.976709,25.761478,22.396144,25.679572,24.812342,23.728164,25.111775,21.184794,24.233982,26.919838,22.941477,25.810727,23.099993,24.098800,22.186860,24.815208,21.888577,25.677760,26.671753,22.639140,25.243229,26.816447,21.829317,22.754816,22.438478,23.476179,22.560899,22.415729,24.190374,24.156057,21.884680,24.066867,20.536101,22.621809,21.838084,20.640947,20.861819,22.751852,22.263596,22.507878,21.889234,23.133365,24.111397,25.011678,19.721970,23.306712,21.317577,24.619360,25.334522,21.909386,23.314848,20.965492,31.934106,25.959934,25.620272,22.822082,24.722619,21.502809,23.663698,21.280737,25.178717,21.887663,22.206864,19.659793,26.105737,20.353202,21.929767,21.532669,23.883987,24.990414,22.008569,24.159692,21.484089,24.117503,22.937268,22.389821,20.448063,23.003121,22.558912,23.325904,19.452551,17.682814,18.663288,17.533589,20.970100,17.322984,18.189606,19.060845,20.544427,18.884607,16.904305,19.603034,17.649008,19.977778,17.466832,19.570265,20.603464,17.984246,30.375518,29.339169,25.491583,22.622712,24.247119,25.103980,19.928447,32.166394,20.470975,25.882953,24.342204,23.567522,21.829350],"finish_samples_ms":[0.039304,0.040387,0.068198,0.059827,0.040576,0.043522,0.041797,0.048061,0.039636,0.046500,0.042542,0.062448,0.059575,0.039412,0.042488,0.040594,0.064873,0.038742,0.041758,0.042704,0.038766,0.042206,0.038568,0.040584,0.058032,0.040198,0.045171,0.037961,0.039413,0.041007,0.038159,0.045090,0.036995,0.048944,0.039572,0.062538,0.037493,0.043120,0.048092,0.068854,0.039690,0.072670,0.041529,0.043593,0.037128,0.037641,0.044586,0.037931,0.064897,0.038698,0.042481,0.052807,0.063053,0.040640,0.065273,0.046377,0.043913,0.055200,0.062781,0.037424,0.042516,0.043425,0.041129,0.041059,0.047350,0.036919,0.064562,0.038341,0.044546,0.040958,0.046916,0.036906,0.036715,0.043350,0.041225,0.040049,0.038822,0.040821,0.039105,0.039731,0.036860,0.038342,0.036894,0.041524,0.035787,0.042437,0.038092,0.044086,0.035177,0.040835,0.044039,0.037720,0.039282,0.037483,0.075222,0.050568,0.037783,0.036021,0.047134,0.041716,0.036082,0.035494,0.039616,0.047598,0.035184,0.038244,0.051109,0.048939,0.042345,0.044836,0.043951,0.040992,0.044620,0.038352,0.040556,0.043646,0.036475,0.047724,0.040106,0.039359]}
