MESA-EGL: warning: egl: failed to create dri2 screen
 dllPath = /usr/lib/wsl/drivers/iigd_dch.inf_amd64_3e6575b60ae27560, dllName = libigdgmm_w.so.12 
 IsWddmLinux = 1, dllWslName = /usr/lib/wsl/drivers/iigd_dch.inf_amd64_3e6575b60ae27560/libigdgmm_w.so.12  flags = 2
 dllPath = /usr/lib/wsl/drivers/iigd_dch.inf_amd64_3e6575b60ae27560, dllName = libigdgmm_w.so.12 
 IsWddmLinux = 1, dllWslName = /usr/lib/wsl/drivers/iigd_dch.inf_amd64_3e6575b60ae27560/libigdgmm_w.so.12  flags = 2
GPU_TIMER_SAMPLE 0 1572864 2097152 1572864 5242880
GPU_TIMER_SAMPLE 1 1048576 2359296 2097152 5505024
GPU_TIMER_SAMPLE 2 1048576 2359296 2097152 5505024
GPU_TIMER_SAMPLE 3 1048576 2621440 2621440 6291456
GPU_TIMER_SAMPLE 4 1048576 2359296 2621440 6029312
GPU_TIMER_SAMPLE 5 1048576 2097152 1572864 4718592
GPU_TIMER_SAMPLE 6 1048576 2883584 4194304 8126464
GPU_TIMER_SAMPLE 7 1048576 2359296 1835008 5242880
GPU_TIMER_SAMPLE 8 1048576 1835008 1572864 4456448
GPU_TIMER_SAMPLE 9 1310720 1572864 1835008 4718592
GPU_TIMER_SAMPLE 10 1572864 3670016 3145728 8388608
GPU_TIMER_SAMPLE 11 1048576 1835008 1572864 4456448
GPU_TIMER_SAMPLE 12 1048576 2097152 1835008 4980736
GPU_TIMER_SAMPLE 13 1048576 1572864 1835008 4456448
GPU_TIMER_SAMPLE 14 1048576 1835008 1572864 4456448
GPU_TIMER_SAMPLE 15 1048576 2359296 5767168 9175040
GPU_TIMER_SAMPLE 16 1048576 2097152 1572864 4718592
GPU_TIMER_SAMPLE 17 1048576 1835008 1835008 4718592
GPU_TIMER_SAMPLE 18 1048576 1572864 1835008 4456448
GPU_TIMER_SAMPLE 19 1048576 1835008 1572864 4456448
GPU_TIMER_SAMPLE 20 1048576 1835008 3670016 6553600
GPU_TIMER_SAMPLE 21 1048576 1835008 1835008 4718592
GPU_TIMER_SAMPLE 22 1048576 1835008 1835008 4718592
GPU_TIMER_SAMPLE 23 1048576 2097152 1572864 4718592
GPU_TIMER_SAMPLE 24 1048576 2359296 2097152 5505024
GPU_TIMER_SAMPLE 25 1572864 1835008 1572864 4980736
GPU_TIMER_SAMPLE 26 1048576 1835008 1572864 4456448
GPU_TIMER_SAMPLE 27 1048576 2359296 1572864 4980736
GPU_TIMER_SAMPLE 28 1310720 1835008 1572864 4718592
GPU_TIMER_SAMPLE 29 1048576 2097152 1835008 4980736
GPU_TIMER_SAMPLE 30 1048576 3670016 4718592 9437184
GPU_TIMER_SAMPLE 31 1048576 1572864 1835008 4456448
GPU_TIMER_SAMPLE 32 1048576 1572864 1835008 4456448
GPU_TIMER_SAMPLE 33 1048576 2097152 1835008 4980736
GPU_TIMER_SAMPLE 34 1048576 1835008 1835008 4718592
GPU_TIMER_SAMPLE 35 1048576 1572864 4456448 7077888
GPU_TIMER_SAMPLE 36 1048576 2359296 1572864 4980736
GPU_TIMER_SAMPLE 37 1048576 1835008 1835008 4718592
GPU_TIMER_SAMPLE 38 1048576 1572864 1835008 4456448
GPU_TIMER_SAMPLE 39 1572864 3670016 3932160 9175040
GPU_TIMER_SAMPLE 40 1835008 1572864 1835008 5242880
GPU_TIMER_SAMPLE 41 1048576 1835008 1572864 4456448
GPU_TIMER_SAMPLE 42 1048576 1835008 1572864 4456448
GPU_TIMER_SAMPLE 43 1048576 1835008 1835008 4718592
GPU_TIMER_SAMPLE 44 1048576 1835008 1572864 4456448
GPU_TIMER_SAMPLE 45 1048576 1835008 1572864 4456448
GPU_TIMER_SAMPLE 46 1048576 2359296 1572864 4980736
GPU_TIMER_SAMPLE 47 1572864 2097152 1572864 5242880
GPU_TIMER_SAMPLE 48 786432 2097152 1572864 4456448
GPU_TIMER_SAMPLE 49 1048576 1572864 1835008 4456448
GPU_TIMER_SAMPLE 50 1048576 1572864 1835008 4456448
GPU_TIMER_SAMPLE 51 786432 1835008 1835008 4456448
GPU_TIMER_SAMPLE 52 1048576 1835008 1835008 4718592
GPU_TIMER_SAMPLE 53 1048576 1572864 4718592 7340032
GPU_TIMER_SAMPLE 54 1048576 1835008 1572864 4456448
GPU_TIMER_SAMPLE 55 1048576 1835008 1572864 4456448
GPU_TIMER_SAMPLE 56 3670016 1835008 1572864 7077888
GPU_TIMER_SAMPLE 57 1048576 1835008 1572864 4456448
GPU_TIMER_SAMPLE 58 1572864 3670016 4194304 9437184
GPU_TIMER_SAMPLE 59 1835008 2883584 1572864 6291456
GPU_TIMER_SAMPLE 60 1048576 1835008 1572864 4456448
GPU_TIMER_SAMPLE 61 1048576 1835008 1572864 4456448
GPU_TIMER_SAMPLE 62 786432 2359296 1572864 4718592
GPU_TIMER_SAMPLE 63 1048576 2097152 1310720 4456448
GPU_TIMER_SAMPLE 64 1310720 2359296 1310720 4980736
GPU_TIMER_SAMPLE 65 1310720 2359296 1572864 5242880
GPU_TIMER_SAMPLE 66 1048576 1835008 1572864 4456448
GPU_TIMER_SAMPLE 67 1048576 1835008 2097152 4980736
GPU_TIMER_SAMPLE 68 1310720 1835008 1835008 4980736
GPU_TIMER_SAMPLE 69 1835008 2883584 1835008 6553600
GPU_TIMER_SAMPLE 70 1572864 2359296 1835008 5767168
GPU_TIMER_SAMPLE 71 1310720 2359296 1572864 5242880
GPU_TIMER_SAMPLE 72 1835008 2621440 1835008 6291456
GPU_TIMER_SAMPLE 73 1310720 2359296 1572864 5242880
GPU_TIMER_SAMPLE 74 1310720 1835008 3670016 6815744
GPU_TIMER_SAMPLE 75 1310720 1835008 1572864 4718592
GPU_TIMER_SAMPLE 76 1048576 1835008 1572864 4456448
GPU_TIMER_SAMPLE 77 1048576 2097152 1572864 4718592
GPU_TIMER_SAMPLE 78 1048576 1835008 1572864 4456448
GPU_TIMER_SAMPLE 79 1048576 2359296 1835008 5242880
GPU_TIMER_SAMPLE 80 1048576 1835008 1572864 4456448
GPU_TIMER_SAMPLE 81 1048576 2097152 1572864 4718592
GPU_TIMER_SAMPLE 82 1048576 1835008 1835008 4718592
GPU_TIMER_SAMPLE 83 1310720 1572864 1835008 4718592
GPU_TIMER_SAMPLE 84 1310720 3670016 5505024 10485760
GPU_TIMER_SAMPLE 85 1310720 1572864 1835008 4718592
GPU_TIMER_SAMPLE 86 1572864 3145728 1835008 6553600
GPU_TIMER_SAMPLE 87 1048576 2097152 1572864 4718592
GPU_TIMER_SAMPLE 88 3932160 4456448 1572864 9961472
GPU_TIMER_SAMPLE 89 1048576 1835008 1572864 4456448
GPU_TIMER_SAMPLE 90 1048576 2097152 1572864 4718592
GPU_TIMER_SAMPLE 91 1310720 1835008 1572864 4718592
GPU_TIMER_SAMPLE 92 1310720 3145728 1572864 6029312
GPU_TIMER_SAMPLE 93 1048576 2097152 1835008 4980736
GPU_TIMER_SAMPLE 94 1048576 1835008 1572864 4456448
GPU_TIMER_SAMPLE 95 1048576 2097152 1572864 4718592
GPU_TIMER_SAMPLE 96 1048576 2359296 1835008 5242880
GPU_TIMER_SAMPLE 97 1310720 2621440 4718592 8650752
GPU_TIMER_SAMPLE 98 1048576 2097152 1835008 4980736
GPU_TIMER_SAMPLE 99 1048576 1835008 1572864 4456448
GPU_TIMER_SAMPLE 100 1310720 2359296 3932160 7602176
GPU_TIMER_SAMPLE 101 1310720 1835008 1572864 4718592
GPU_TIMER_SAMPLE 102 1310720 1572864 1835008 4718592
GPU_TIMER_SAMPLE 103 1310720 1835008 1572864 4718592
GPU_TIMER_SAMPLE 104 1310720 1835008 1572864 4718592
GPU_TIMER_SAMPLE 105 1048576 2097152 3407872 6553600
GPU_TIMER_SAMPLE 106 1048576 1835008 1835008 4718592
GPU_TIMER_SAMPLE 107 1572864 3407872 1835008 6815744
GPU_TIMER_SAMPLE 108 1310720 1835008 1572864 4718592
GPU_TIMER_SAMPLE 109 1048576 1835008 2359296 5242880
GPU_TIMER_SAMPLE 110 1048576 1835008 1835008 4718592
GPU_TIMER_SAMPLE 111 1310720 1835008 3407872 6553600
GPU_TIMER_SAMPLE 112 1048576 2097152 1310720 4456448
GPU_TIMER_SAMPLE 113 1048576 1835008 1572864 4456448
GPU_TIMER_SAMPLE 114 1310720 1572864 1835008 4718592
GPU_TIMER_SAMPLE 115 1310720 1835008 1572864 4718592
GPU_TIMER_SAMPLE 116 1310720 2621440 2359296 6291456
GPU_TIMER_SAMPLE 117 1048576 2097152 1572864 4718592
GPU_TIMER_SAMPLE 118 1310720 2097152 1310720 4718592
GPU_TIMER_SAMPLE 119 1048576 2097152 2359296 5505024
{"seed":42,"vendor":"Microsoft Corporation","renderer":"D3D12 (Intel(R) Arc(TM) 140T GPU (16GB))","gl_version":"4.6 (Compatibility Profile) Mesa 26.2.2","gallium_path":"/root/.cache/football-mesa-build-20260913-a/install-wayland/lib/libgallium-26.2.2.so","width":1920,"height":1080,"quality":"pbr+bloom+fxaa+auto_exposure","swap_enabled":true,"swap_interval":0,"warmup_frames":30,"measured_frames":120,"in_play_frames":141,"p50_ms":17.872248,"p95_ms":23.205854,"p99_ms":24.224174,"submit_p50_ms":17.819055,"submit_p95_ms":23.169098,"finish_p50_ms":0.037301,"finish_p95_ms":0.060001,"samples_ms":[20.473617,24.135096,21.406972,22.077109,19.649040,23.472249,23.943425,17.710999,19.832256,18.075387,19.868461,22.173586,21.360082,20.892949,18.638673,23.786949,17.916720,17.593964,16.336726,17.973020,19.535295,16.000103,21.389012,19.371044,17.758412,20.830138,16.984684,18.781975,15.882482,17.978116,22.298785,16.527949,17.872248,16.493548,17.700662,20.204197,15.761197,18.118682,18.062799,22.288071,23.205854,18.171686,15.071128,15.111363,18.516899,18.346446,18.820800,21.651604,20.576028,17.785762,16.447855,17.110733,16.961582,21.546105,15.772893,16.869435,20.125323,17.132752,21.057685,19.446353,16.534178,18.055045,16.759029,15.956880,24.224174,17.062201,16.926314,20.403964,17.019333,17.115256,16.833470,17.463493,20.079183,15.645970,18.091166,15.238093,20.252225,16.466054,17.235586,20.229355,20.848788,17.163804,16.826269,16.463665,22.654267,16.232232,19.363355,15.970588,24.589469,17.277287,21.842231,16.849052,19.482729,16.535444,17.100828,16.706638,16.792775,20.884750,20.847463,17.544217,20.054841,17.765575,17.225240,17.500767,17.099828,18.345213,17.225329,19.167995,17.775316,16.706923,16.438974,20.312855,16.360418,17.649936,16.192339,16.657798,21.552461,16.688749,16.349053,19.081873],"submit_samples_ms":[20.431247,24.095303,21.371479,22.035077,19.605649,23.416833,23.909155,17.675540,19.791366,18.038475,19.831478,22.127335,21.325638,20.855793,18.586145,23.750891,17.873658,17.556073,16.301707,17.918575,19.503029,15.967129,21.333119,19.337001,17.725196,20.796242,16.938963,18.744674,15.848507,17.945675,22.263816,16.485372,17.819055,16.457673,17.667321,20.171838,15.728191,18.078379,17.999791,22.253867,23.169098,18.136152,15.038166,15.073473,18.476398,18.311904,18.772752,21.614984,20.532432,17.741826,16.404182,17.072319,16.927090,21.510430,15.739562,16.832585,20.086225,17.098919,21.022342,19.402543,16.495284,18.016436,16.722781,15.921795,24.180887,17.023727,16.883756,20.367993,16.983415,17.082374,16.791142,17.419320,20.039925,15.609690,18.035981,15.208575,20.192224,16.403304,17.165852,20.195765,20.799082,17.107811,16.789410,16.426804,22.619995,16.194001,19.321753,15.932674,24.552862,17.223107,21.804386,16.814022,19.445514,16.496908,17.059956,16.670896,16.747520,20.840111,20.803589,17.509273,19.993241,17.730844,17.184524,17.465831,17.065765,18.311770,17.161600,19.119626,17.738602,16.670801,16.390653,20.279071,16.329828,17.603537,16.130809,16.608037,21.511710,16.652534,16.316181,19.041190],"finish_samples_ms":[0.042370,0.039793,0.035493,0.042032,0.043391,0.055416,0.034270,0.035459,0.040890,0.036912,0.036983,0.046251,0.034444,0.037156,0.052528,0.036058,0.043062,0.037891,0.035019,0.054445,0.032266,0.032974,0.055893,0.034043,0.033216,0.033896,0.045721,0.037301,0.033975,0.032441,0.034969,0.042577,0.053193,0.035875,0.033341,0.032359,0.033006,0.040303,0.063008,0.034204,0.036756,0.035534,0.032962,0.037890,0.040501,0.034542,0.048048,0.036620,0.043596,0.043936,0.043673,0.038414,0.034492,0.035675,0.033331,0.036850,0.039098,0.033833,0.035343,0.043810,0.038894,0.038609,0.036248,0.035085,0.043287,0.038474,0.042558,0.035971,0.035918,0.032882,0.042328,0.044173,0.039258,0.036280,0.055185,0.029518,0.060001,0.062750,0.069734,0.033590,0.049706,0.055993,0.036859,0.036861,0.034272,0.038231,0.041602,0.037914,0.036607,0.054180,0.037845,0.035030,0.037215,0.038536,0.040872,0.035742,0.045255,0.044639,0.043874,0.034944,0.061600,0.034731,0.040716,0.034936,0.034063,0.033443,0.063729,0.048369,0.036714,0.036122,0.048321,0.033784,0.030590,0.046399,0.061530,0.049761,0.040751,0.036215,0.032872,0.040683]}
