MESA-EGL: warning: egl: failed to create dri2 screen
 dllPath = /usr/lib/wsl/drivers/iigd_dch.inf_amd64_3e6575b60ae27560, dllName = libigdgmm_w.so.12 
 IsWddmLinux = 1, dllWslName = /usr/lib/wsl/drivers/iigd_dch.inf_amd64_3e6575b60ae27560/libigdgmm_w.so.12  flags = 2
 dllPath = /usr/lib/wsl/drivers/iigd_dch.inf_amd64_3e6575b60ae27560, dllName = libigdgmm_w.so.12 
 IsWddmLinux = 1, dllWslName = /usr/lib/wsl/drivers/iigd_dch.inf_amd64_3e6575b60ae27560/libigdgmm_w.so.12  flags = 2
GPU_TIMER_SAMPLE 0 1048576 1835008 1835008 4718592
GPU_TIMER_SAMPLE 1 1048576 1835008 1835008 4718592
GPU_TIMER_SAMPLE 2 1048576 2359296 1572864 4980736
GPU_TIMER_SAMPLE 3 1048576 1835008 1835008 4718592
GPU_TIMER_SAMPLE 4 1048576 1835008 2359296 5242880
GPU_TIMER_SAMPLE 5 1048576 2097152 2097152 5242880
GPU_TIMER_SAMPLE 6 1310720 4718592 1835008 7864320
GPU_TIMER_SAMPLE 7 2097152 2359296 2883584 7340032
GPU_TIMER_SAMPLE 8 1048576 1835008 3932160 6815744
GPU_TIMER_SAMPLE 9 1048576 2359296 1835008 5242880
GPU_TIMER_SAMPLE 10 2359296 3145728 1310720 6815744
GPU_TIMER_SAMPLE 11 1310720 1835008 1572864 4718592
GPU_TIMER_SAMPLE 12 1310720 4456448 3670016 9437184
GPU_TIMER_SAMPLE 13 1048576 2359296 1835008 5242880
GPU_TIMER_SAMPLE 14 2359296 2883584 1572864 6815744
GPU_TIMER_SAMPLE 15 1310720 2097152 1310720 4718592
GPU_TIMER_SAMPLE 16 1310720 3407872 5242880 9961472
GPU_TIMER_SAMPLE 17 1310720 2097152 1310720 4718592
GPU_TIMER_SAMPLE 18 2097152 3145728 1310720 6553600
GPU_TIMER_SAMPLE 19 1048576 2097152 1572864 4718592
GPU_TIMER_SAMPLE 20 1310720 2097152 1572864 4980736
GPU_TIMER_SAMPLE 21 1310720 1572864 1835008 4718592
GPU_TIMER_SAMPLE 22 1048576 3932160 1572864 6553600
GPU_TIMER_SAMPLE 23 1048576 2097152 1835008 4980736
GPU_TIMER_SAMPLE 24 1048576 1835008 2097152 4980736
GPU_TIMER_SAMPLE 25 1048576 2097152 1572864 4718592
GPU_TIMER_SAMPLE 26 1048576 2883584 2097152 6029312
GPU_TIMER_SAMPLE 27 1048576 2097152 2359296 5505024
GPU_TIMER_SAMPLE 28 1048576 1835008 1835008 4718592
GPU_TIMER_SAMPLE 29 1048576 2883584 1835008 5767168
GPU_TIMER_SAMPLE 30 1048576 1835008 1835008 4718592
GPU_TIMER_SAMPLE 31 1048576 2359296 2097152 5505024
GPU_TIMER_SAMPLE 32 1048576 1835008 1572864 4456448
GPU_TIMER_SAMPLE 33 1048576 2097152 3932160 7077888
GPU_TIMER_SAMPLE 34 1310720 2097152 1572864 4980736
GPU_TIMER_SAMPLE 35 1310720 3670016 1835008 6815744
GPU_TIMER_SAMPLE 36 1310720 1835008 1835008 4980736
GPU_TIMER_SAMPLE 37 1048576 1835008 1572864 4456448
GPU_TIMER_SAMPLE 38 1048576 2097152 1835008 4980736
GPU_TIMER_SAMPLE 39 1048576 3932160 1835008 6815744
GPU_TIMER_SAMPLE 40 1048576 1835008 1835008 4718592
GPU_TIMER_SAMPLE 41 1048576 2359296 2097152 5505024
GPU_TIMER_SAMPLE 42 1310720 1572864 3670016 6553600
GPU_TIMER_SAMPLE 43 1048576 4456448 1835008 7340032
GPU_TIMER_SAMPLE 44 1310720 2097152 1572864 4980736
GPU_TIMER_SAMPLE 45 1048576 1835008 1572864 4456448
GPU_TIMER_SAMPLE 46 1048576 1835008 1835008 4718592
GPU_TIMER_SAMPLE 47 1048576 2097152 1835008 4980736
GPU_TIMER_SAMPLE 48 1048576 1835008 4980736 7864320
GPU_TIMER_SAMPLE 49 1310720 2359296 1835008 5505024
GPU_TIMER_SAMPLE 50 2097152 2621440 1572864 6291456
GPU_TIMER_SAMPLE 51 1310720 3407872 2883584 7602176
GPU_TIMER_SAMPLE 52 1048576 2097152 1835008 4980736
GPU_TIMER_SAMPLE 53 1048576 2097152 1835008 4980736
GPU_TIMER_SAMPLE 54 1048576 2359296 1835008 5242880
GPU_TIMER_SAMPLE 55 1310720 1835008 1572864 4718592
GPU_TIMER_SAMPLE 56 1048576 2097152 2097152 5242880
GPU_TIMER_SAMPLE 57 1310720 1835008 3670016 6815744
GPU_TIMER_SAMPLE 58 1048576 2359296 2097152 5505024
GPU_TIMER_SAMPLE 59 1048576 2359296 1835008 5242880
GPU_TIMER_SAMPLE 60 1048576 1572864 1835008 4456448
GPU_TIMER_SAMPLE 61 1310720 2097152 1572864 4980736
GPU_TIMER_SAMPLE 62 1048576 2097152 1572864 4718592
GPU_TIMER_SAMPLE 63 1048576 2097152 4456448 7602176
GPU_TIMER_SAMPLE 64 1310720 2097152 1835008 5242880
GPU_TIMER_SAMPLE 65 1048576 2621440 1835008 5505024
GPU_TIMER_SAMPLE 66 1310720 1835008 1572864 4718592
GPU_TIMER_SAMPLE 67 2097152 2097152 1835008 6029312
GPU_TIMER_SAMPLE 68 2097152 4194304 1835008 8126464
GPU_TIMER_SAMPLE 69 1048576 2097152 1835008 4980736
GPU_TIMER_SAMPLE 70 1048576 1835008 1835008 4718592
GPU_TIMER_SAMPLE 71 1310720 1835008 4718592 7864320
GPU_TIMER_SAMPLE 72 1048576 2097152 1835008 4980736
GPU_TIMER_SAMPLE 73 1048576 1835008 1835008 4718592
GPU_TIMER_SAMPLE 74 1835008 2097152 1835008 5767168
GPU_TIMER_SAMPLE 75 1048576 1835008 1835008 4718592
GPU_TIMER_SAMPLE 76 1048576 1835008 1835008 4718592
GPU_TIMER_SAMPLE 77 1310720 2097152 1572864 4980736
GPU_TIMER_SAMPLE 78 1835008 1835008 1835008 5505024
GPU_TIMER_SAMPLE 79 1310720 2621440 1835008 5767168
GPU_TIMER_SAMPLE 80 1048576 2621440 2097152 5767168
GPU_TIMER_SAMPLE 81 1572864 3670016 4194304 9437184
GPU_TIMER_SAMPLE 82 1310720 2097152 1835008 5242880
GPU_TIMER_SAMPLE 83 1048576 2097152 1572864 4718592
GPU_TIMER_SAMPLE 84 1048576 2097152 1572864 4718592
GPU_TIMER_SAMPLE 85 1048576 1572864 1835008 4456448
GPU_TIMER_SAMPLE 86 1310720 1572864 1835008 4718592
GPU_TIMER_SAMPLE 87 1048576 2097152 1572864 4718592
GPU_TIMER_SAMPLE 88 1048576 1835008 1835008 4718592
GPU_TIMER_SAMPLE 89 1572864 2359296 1572864 5505024
GPU_TIMER_SAMPLE 90 1048576 1835008 1835008 4718592
GPU_TIMER_SAMPLE 91 1048576 1835008 1835008 4718592
GPU_TIMER_SAMPLE 92 1310720 1835008 1835008 4980736
GPU_TIMER_SAMPLE 93 1048576 2097152 1835008 4980736
GPU_TIMER_SAMPLE 94 1310720 1835008 1572864 4718592
GPU_TIMER_SAMPLE 95 1048576 1835008 1835008 4718592
GPU_TIMER_SAMPLE 96 1048576 3932160 5242880 10223616
GPU_TIMER_SAMPLE 97 1310720 1835008 1572864 4718592
GPU_TIMER_SAMPLE 98 1048576 2359296 1835008 5242880
GPU_TIMER_SAMPLE 99 1310720 2097152 1572864 4980736
GPU_TIMER_SAMPLE 100 1048576 2359296 1572864 4980736
GPU_TIMER_SAMPLE 101 1310720 1572864 1835008 4718592
GPU_TIMER_SAMPLE 102 1310720 2097152 1835008 5242880
GPU_TIMER_SAMPLE 103 1310720 4194304 5242880 10747904
GPU_TIMER_SAMPLE 104 1835008 2097152 1572864 5505024
GPU_TIMER_SAMPLE 105 1310720 1835008 1572864 4718592
GPU_TIMER_SAMPLE 106 1310720 1835008 1572864 4718592
GPU_TIMER_SAMPLE 107 1310720 2097152 2621440 6029312
GPU_TIMER_SAMPLE 108 1048576 1835008 1835008 4718592
GPU_TIMER_SAMPLE 109 1048576 2359296 1835008 5242880
GPU_TIMER_SAMPLE 110 1048576 1835008 1572864 4456448
GPU_TIMER_SAMPLE 111 1048576 1835008 1572864 4456448
GPU_TIMER_SAMPLE 112 1048576 3407872 3670016 8126464
GPU_TIMER_SAMPLE 113 1048576 1572864 1835008 4456448
GPU_TIMER_SAMPLE 114 1310720 2097152 1835008 5242880
GPU_TIMER_SAMPLE 115 1048576 2097152 1835008 4980736
GPU_TIMER_SAMPLE 116 1310720 2621440 7864320 11796480
GPU_TIMER_SAMPLE 117 1310720 2621440 1572864 5505024
GPU_TIMER_SAMPLE 118 1835008 4194304 4718592 10747904
GPU_TIMER_SAMPLE 119 1048576 2097152 1835008 4980736
{"seed":42,"vendor":"Microsoft Corporation","renderer":"D3D12 (Intel(R) Arc(TM) 140T GPU (16GB))","gl_version":"4.6 (Compatibility Profile) Mesa 26.2.2","gallium_path":"/root/.cache/football-mesa-build-20260913-a/install-wayland/lib/libgallium-26.2.2.so","width":1920,"height":1080,"quality":"pbr+bloom+fxaa+auto_exposure","swap_enabled":true,"swap_interval":0,"warmup_frames":30,"measured_frames":120,"in_play_frames":141,"p50_ms":18.076401,"p95_ms":22.913508,"p99_ms":24.853204,"submit_p50_ms":18.030473,"submit_p95_ms":22.879606,"finish_p50_ms":0.037602,"finish_p95_ms":0.052467,"samples_ms":[23.169133,18.903985,17.439865,18.076401,19.090668,17.725051,19.484025,20.846536,22.953531,19.562877,18.037401,17.744116,23.453879,17.108145,18.110769,18.054649,24.143265,17.677072,17.833538,16.828288,20.974303,14.543949,20.411676,17.121264,16.805067,16.621434,17.829017,22.888313,15.290003,18.008598,17.187514,18.415569,15.766421,18.862814,17.386075,18.668110,18.276237,19.604853,19.456715,19.350846,18.320497,17.702944,17.582601,20.402334,17.411105,16.324236,16.249508,18.345299,20.021316,17.007870,20.764980,22.913508,18.834104,16.651653,16.153957,20.745755,16.365515,18.864891,20.017127,16.099060,16.759376,16.040047,17.708123,20.567755,16.704701,18.157144,16.349775,18.950920,20.664324,20.613252,18.183158,22.219262,18.481293,17.636956,17.138704,17.192633,16.107048,18.380292,19.221335,19.748828,19.352706,22.016948,17.331122,16.181188,16.682472,15.997371,15.807275,20.152131,16.750773,21.687212,16.072552,16.894588,20.039181,19.813643,17.638996,16.394842,21.821409,15.470252,18.263436,16.233176,17.840090,17.193316,15.155273,22.903539,17.791159,17.853340,17.196597,19.978648,18.874981,18.267606,16.730120,19.312239,19.128946,17.003523,19.719100,18.617875,24.853204,18.298772,26.579197,17.029083],"submit_samples_ms":[23.134241,18.868634,17.397724,18.030473,19.054711,17.688878,19.448480,20.799629,22.914862,19.528939,17.997016,17.706504,23.417278,17.072519,18.070979,18.017142,24.105533,17.617124,17.793585,16.790320,20.939878,14.509375,20.375248,17.076226,16.762815,16.584171,17.791981,22.848917,15.234454,17.964768,17.148854,18.378878,15.730056,18.827119,17.350988,18.625030,18.236006,19.570086,19.421624,19.301918,18.275339,17.666195,17.546955,20.363890,17.368611,16.283237,16.213080,18.309916,19.987313,16.972498,20.723088,22.879606,18.798017,16.604040,16.103725,20.708153,16.330611,18.827076,19.944809,16.057578,16.722499,15.976109,17.672408,20.531518,16.636218,18.115848,16.303328,18.914839,20.628871,20.570371,18.144716,22.182555,18.438943,17.596803,17.103614,17.156230,16.069365,18.334326,19.185946,19.700435,19.316831,21.981011,17.289812,16.141055,16.641003,15.959738,15.770783,20.117601,16.717490,21.635762,16.035128,16.858200,20.000297,19.761176,17.594275,16.354903,21.785136,15.434389,18.226917,16.196922,17.793284,17.154959,15.118434,22.868089,17.756047,17.814193,17.159108,19.942628,18.823903,18.210971,16.690941,19.269501,19.094669,16.973215,19.675547,18.581518,24.809882,18.251852,26.544961,16.992037],"finish_samples_ms":[0.034892,0.035351,0.042141,0.045928,0.035957,0.036173,0.035545,0.046907,0.038669,0.033938,0.040385,0.037612,0.036601,0.035626,0.039790,0.037507,0.037732,0.059948,0.039953,0.037968,0.034425,0.034574,0.036428,0.045038,0.042252,0.037263,0.037036,0.039396,0.055549,0.043830,0.038660,0.036691,0.036365,0.035695,0.035087,0.043080,0.040231,0.034767,0.035091,0.048928,0.045158,0.036749,0.035646,0.038444,0.042494,0.040999,0.036428,0.035383,0.034003,0.035372,0.041892,0.033902,0.036087,0.047613,0.050232,0.037602,0.034904,0.037815,0.072318,0.041482,0.036877,0.063938,0.035715,0.036237,0.068483,0.041296,0.046447,0.036081,0.035453,0.042881,0.038442,0.036707,0.042350,0.040153,0.035090,0.036403,0.037683,0.045966,0.035389,0.048393,0.035875,0.035937,0.041310,0.040133,0.041469,0.037633,0.036492,0.034530,0.033283,0.051450,0.037424,0.036388,0.038884,0.052467,0.044721,0.039939,0.036273,0.035863,0.036519,0.036254,0.046806,0.038357,0.036839,0.035450,0.035112,0.039147,0.037489,0.036020,0.051078,0.056635,0.039179,0.042738,0.034277,0.030308,0.043553,0.036357,0.043322,0.046920,0.034236,0.037046]}
