MESA-EGL: warning: egl: failed to create dri2 screen
 dllPath = /usr/lib/wsl/drivers/iigd_dch.inf_amd64_3e6575b60ae27560, dllName = libigdgmm_w.so.12 
 IsWddmLinux = 1, dllWslName = /usr/lib/wsl/drivers/iigd_dch.inf_amd64_3e6575b60ae27560/libigdgmm_w.so.12  flags = 2
 dllPath = /usr/lib/wsl/drivers/iigd_dch.inf_amd64_3e6575b60ae27560, dllName = libigdgmm_w.so.12 
 IsWddmLinux = 1, dllWslName = /usr/lib/wsl/drivers/iigd_dch.inf_amd64_3e6575b60ae27560/libigdgmm_w.so.12  flags = 2
GPU_TIMER_SAMPLE 0 1835008 3932160 5505024 11272192
GPU_TIMER_SAMPLE 1 1572864 3670016 2883584 8126464
GPU_TIMER_SAMPLE 2 1572864 3407872 5505024 10485760
GPU_TIMER_SAMPLE 3 1835008 3407872 2621440 7864320
GPU_TIMER_SAMPLE 4 1572864 3670016 4718592 9961472
GPU_TIMER_SAMPLE 5 1835008 3670016 2359296 7864320
GPU_TIMER_SAMPLE 6 1835008 3670016 2621440 8126464
GPU_TIMER_SAMPLE 7 1572864 3932160 2621440 8126464
GPU_TIMER_SAMPLE 8 1835008 3670016 2359296 7864320
GPU_TIMER_SAMPLE 9 1835008 3407872 2621440 7864320
GPU_TIMER_SAMPLE 10 1572864 3670016 2621440 7864320
GPU_TIMER_SAMPLE 11 1835008 3670016 2621440 8126464
GPU_TIMER_SAMPLE 12 1835008 7077888 2359296 11272192
GPU_TIMER_SAMPLE 13 1835008 3670016 2359296 7864320
GPU_TIMER_SAMPLE 14 1835008 3670016 5505024 11010048
GPU_TIMER_SAMPLE 15 1835008 3670016 2621440 8126464
GPU_TIMER_SAMPLE 16 1572864 3407872 5767168 10747904
GPU_TIMER_SAMPLE 17 1835008 3670016 2621440 8126464
GPU_TIMER_SAMPLE 18 1835008 3670016 4456448 9961472
GPU_TIMER_SAMPLE 19 1572864 3407872 2621440 7602176
GPU_TIMER_SAMPLE 20 1835008 3670016 2359296 7864320
GPU_TIMER_SAMPLE 21 1835008 3670016 2621440 8126464
GPU_TIMER_SAMPLE 22 1835008 3670016 2359296 7864320
GPU_TIMER_SAMPLE 23 1835008 3670016 2359296 7864320
GPU_TIMER_SAMPLE 24 1835008 3407872 2621440 7864320
GPU_TIMER_SAMPLE 25 1835008 3670016 2621440 8126464
GPU_TIMER_SAMPLE 26 1835008 3670016 2359296 7864320
GPU_TIMER_SAMPLE 27 1835008 3407872 2621440 7864320
GPU_TIMER_SAMPLE 28 1572864 5242880 2621440 9437184
GPU_TIMER_SAMPLE 29 1835008 3670016 2883584 8388608
GPU_TIMER_SAMPLE 30 1835008 3407872 5505024 10747904
GPU_TIMER_SAMPLE 31 1835008 3407872 2621440 7864320
GPU_TIMER_SAMPLE 32 1835008 3670016 2621440 8126464
GPU_TIMER_SAMPLE 33 1572864 3670016 2621440 7864320
GPU_TIMER_SAMPLE 34 1572864 3670016 2621440 7864320
GPU_TIMER_SAMPLE 35 1572864 3407872 2883584 7864320
GPU_TIMER_SAMPLE 36 1310720 2621440 2097152 6029312
GPU_TIMER_SAMPLE 37 1835008 3670016 2359296 7864320
GPU_TIMER_SAMPLE 38 1835008 3670016 4718592 10223616
GPU_TIMER_SAMPLE 39 1572864 3670016 2883584 8126464
GPU_TIMER_SAMPLE 40 1572864 3670016 4980736 10223616
GPU_TIMER_SAMPLE 41 2097152 3932160 2883584 8912896
GPU_TIMER_SAMPLE 42 1835008 3407872 2621440 7864320
GPU_TIMER_SAMPLE 43 1835008 3670016 2359296 7864320
GPU_TIMER_SAMPLE 44 1835008 3670016 2621440 8126464
GPU_TIMER_SAMPLE 45 1572864 3670016 2621440 7864320
GPU_TIMER_SAMPLE 46 1835008 3670016 5505024 11010048
GPU_TIMER_SAMPLE 47 2097152 3407872 2621440 8126464
GPU_TIMER_SAMPLE 48 1835008 3407872 4718592 9961472
GPU_TIMER_SAMPLE 49 1835008 3670016 2621440 8126464
GPU_TIMER_SAMPLE 50 2097152 3407872 2359296 7864320
GPU_TIMER_SAMPLE 51 2097152 3670016 2359296 8126464
GPU_TIMER_SAMPLE 52 1835008 3407872 2621440 7864320
GPU_TIMER_SAMPLE 53 2097152 3407872 2359296 7864320
GPU_TIMER_SAMPLE 54 2097152 3670016 2359296 8126464
GPU_TIMER_SAMPLE 55 2097152 3670016 2359296 8126464
GPU_TIMER_SAMPLE 56 2097152 3407872 4980736 10485760
GPU_TIMER_SAMPLE 57 2097152 3407872 2359296 7864320
GPU_TIMER_SAMPLE 58 1835008 4718592 5767168 12320768
GPU_TIMER_SAMPLE 59 1835008 3670016 2621440 8126464
GPU_TIMER_SAMPLE 60 1835008 3407872 2621440 7864320
GPU_TIMER_SAMPLE 61 2359296 4456448 2883584 9699328
GPU_TIMER_SAMPLE 62 2097152 3670016 2359296 8126464
GPU_TIMER_SAMPLE 63 1835008 3407872 2621440 7864320
GPU_TIMER_SAMPLE 64 2097152 3407872 2621440 8126464
GPU_TIMER_SAMPLE 65 2097152 3407872 2621440 8126464
GPU_TIMER_SAMPLE 66 1572864 2359296 2097152 6029312
GPU_TIMER_SAMPLE 67 1835008 3407872 2883584 8126464
GPU_TIMER_SAMPLE 68 1835008 3407872 2883584 8126464
GPU_TIMER_SAMPLE 69 1310720 2621440 2097152 6029312
GPU_TIMER_SAMPLE 70 2097152 3670016 2621440 8388608
GPU_TIMER_SAMPLE 71 2097152 3407872 7077888 12582912
GPU_TIMER_SAMPLE 72 2097152 3670016 2621440 8388608
GPU_TIMER_SAMPLE 73 2097152 3407872 2621440 8126464
GPU_TIMER_SAMPLE 74 1310720 3407872 2359296 7077888
GPU_TIMER_SAMPLE 75 1835008 3670016 2621440 8126464
GPU_TIMER_SAMPLE 76 2097152 3407872 2621440 8126464
GPU_TIMER_SAMPLE 77 2097152 3407872 2883584 8388608
GPU_TIMER_SAMPLE 78 1835008 3670016 2621440 8126464
GPU_TIMER_SAMPLE 79 1835008 3407872 2621440 7864320
GPU_TIMER_SAMPLE 80 1835008 4718592 2097152 8650752
GPU_TIMER_SAMPLE 81 1572864 3670016 2883584 8126464
GPU_TIMER_SAMPLE 82 1835008 3407872 4980736 10223616
GPU_TIMER_SAMPLE 83 2097152 4194304 3145728 9437184
GPU_TIMER_SAMPLE 84 2097152 3407872 4718592 10223616
GPU_TIMER_SAMPLE 85 1310720 2359296 2359296 6029312
GPU_TIMER_SAMPLE 86 1835008 3670016 2621440 8126464
GPU_TIMER_SAMPLE 87 1835008 3407872 5767168 11010048
GPU_TIMER_SAMPLE 88 2097152 4456448 2883584 9437184
GPU_TIMER_SAMPLE 89 1835008 3670016 4980736 10485760
GPU_TIMER_SAMPLE 90 2097152 4456448 2883584 9437184
GPU_TIMER_SAMPLE 91 1835008 3407872 4718592 9961472
GPU_TIMER_SAMPLE 92 2359296 4456448 2883584 9699328
GPU_TIMER_SAMPLE 93 1572864 2621440 2097152 6291456
GPU_TIMER_SAMPLE 94 1572864 2359296 2359296 6291456
GPU_TIMER_SAMPLE 95 1572864 2097152 2359296 6029312
GPU_TIMER_SAMPLE 96 2097152 4456448 2883584 9437184
GPU_TIMER_SAMPLE 97 1835008 3670016 2621440 8126464
GPU_TIMER_SAMPLE 98 1835008 3407872 2621440 7864320
GPU_TIMER_SAMPLE 99 1835008 3670016 2621440 8126464
GPU_TIMER_SAMPLE 100 1572864 4980736 2097152 8650752
GPU_TIMER_SAMPLE 101 2097152 4718592 2883584 9699328
GPU_TIMER_SAMPLE 102 1835008 3407872 2621440 7864320
GPU_TIMER_SAMPLE 103 2359296 4718592 2621440 9699328
GPU_TIMER_SAMPLE 104 1835008 3407872 2883584 8126464
GPU_TIMER_SAMPLE 105 2097152 4456448 2883584 9437184
GPU_TIMER_SAMPLE 106 2097152 3407872 4194304 9699328
GPU_TIMER_SAMPLE 107 2359296 4456448 3145728 9961472
GPU_TIMER_SAMPLE 108 1835008 3670016 2621440 8126464
GPU_TIMER_SAMPLE 109 2359296 3932160 2883584 9175040
GPU_TIMER_SAMPLE 110 1835008 3670016 2621440 8126464
GPU_TIMER_SAMPLE 111 2097152 2621440 2097152 6815744
GPU_TIMER_SAMPLE 112 2359296 4456448 2621440 9437184
GPU_TIMER_SAMPLE 113 2097152 4194304 2883584 9175040
GPU_TIMER_SAMPLE 114 2359296 4194304 3145728 9699328
GPU_TIMER_SAMPLE 115 2097152 4194304 3145728 9437184
GPU_TIMER_SAMPLE 116 1835008 3670016 2621440 8126464
GPU_TIMER_SAMPLE 117 3407872 4194304 2883584 10485760
GPU_TIMER_SAMPLE 118 1835008 3670016 2883584 8388608
GPU_TIMER_SAMPLE 119 2097152 3407872 2883584 8388608
{"seed":43,"vendor":"Microsoft Corporation","renderer":"D3D12 (Intel(R) Arc(TM) 140T GPU (16GB))","gl_version":"4.6 (Compatibility Profile) Mesa 26.2.2","gallium_path":"/root/.cache/football-mesa-build-20260913-a/install-wayland/lib/libgallium-26.2.2.so","width":1920,"height":1080,"quality":"pbr+bloom+fxaa+auto_exposure","swap_enabled":true,"swap_interval":0,"warmup_frames":30,"measured_frames":120,"in_play_frames":150,"p50_ms":21.484402,"p95_ms":24.366004,"p99_ms":25.459139,"submit_p50_ms":21.448288,"submit_p95_ms":24.323696,"finish_p50_ms":0.037200,"finish_p95_ms":0.058445,"samples_ms":[24.220370,21.908401,24.511546,19.976418,22.506493,20.637746,21.484402,20.909809,21.156465,20.687482,23.790273,21.018719,24.319227,19.834454,23.864039,19.804258,24.356472,20.114151,22.726845,20.944056,23.691945,21.397894,21.568115,19.131524,24.366004,21.157862,22.964210,21.289477,21.480779,20.379960,23.329870,19.592867,22.998904,19.140606,21.928822,20.326583,21.210929,20.527457,22.856715,20.596951,22.896575,22.792458,21.506129,19.504553,20.969565,19.214509,23.863108,19.233787,22.616001,20.597473,21.874625,20.164643,21.076642,22.672425,19.984983,22.239078,22.188071,19.912557,24.357389,20.593347,23.461357,22.030859,20.672310,20.401962,21.012379,22.993743,19.183438,20.258379,22.775756,18.327134,20.007908,24.327514,20.151739,22.472812,19.663433,19.268635,22.829878,19.827906,19.871942,19.075290,21.482094,20.419146,23.303087,22.472879,23.394026,18.593296,20.197205,23.379604,21.573835,22.499122,23.941485,22.296897,22.024959,19.641511,18.374336,20.693999,21.969649,20.403915,21.854035,19.694354,22.090354,24.811348,19.782115,23.622352,20.216255,24.702853,22.626542,21.213204,22.030326,23.203117,23.766967,20.297713,24.054693,23.188898,25.378369,25.459139,20.560820,28.182484,23.851560,23.034475],"submit_samples_ms":[24.184552,21.869945,24.475112,19.931541,22.468878,20.587588,21.448288,20.843652,21.118810,20.652887,23.731064,20.984856,24.281418,19.800328,23.820447,19.767314,24.321665,20.071155,22.653990,20.901452,23.658659,21.358612,21.532163,19.095605,24.323689,21.121248,22.901820,21.253781,21.439640,20.343237,23.293190,19.537430,22.963857,19.107400,21.892204,20.287185,21.168540,20.489935,22.822307,20.554732,22.860033,22.734013,21.470493,19.469710,20.929477,19.177786,23.819552,19.191627,22.581543,20.556901,21.841010,20.129100,21.039172,22.635555,19.941649,22.202712,22.151315,19.872675,24.323696,20.549244,23.424323,21.937417,20.637073,20.368975,20.971209,22.959644,19.151667,20.219252,22.742177,18.288551,19.972336,24.292779,20.111086,22.438140,19.622493,19.222996,22.784196,19.788409,19.834989,19.039765,21.441056,20.379817,23.266872,22.433488,23.359873,18.552064,20.159445,23.342414,21.536792,22.462898,23.900605,22.262368,21.983880,19.602150,18.335548,20.649477,21.931333,20.367903,21.816035,19.658339,22.019124,24.775583,19.741211,23.582838,20.180794,24.665882,22.588313,21.168440,21.993636,23.166859,23.733960,20.260339,24.019889,23.148898,25.341169,25.418104,20.524490,28.146358,23.809636,22.998154],"finish_samples_ms":[0.035818,0.038456,0.036434,0.044877,0.037615,0.050158,0.036114,0.066157,0.037655,0.034595,0.059209,0.033863,0.037809,0.034126,0.043592,0.036944,0.034807,0.042996,0.072855,0.042604,0.033286,0.039282,0.035952,0.035919,0.042315,0.036614,0.062390,0.035696,0.041139,0.036723,0.036680,0.055437,0.035047,0.033206,0.036618,0.039398,0.042389,0.037522,0.034408,0.042219,0.036542,0.058445,0.035636,0.034843,0.040088,0.036723,0.043556,0.042160,0.034458,0.040572,0.033615,0.035543,0.037470,0.036870,0.043334,0.036366,0.036756,0.039882,0.033693,0.044103,0.037034,0.093442,0.035237,0.032987,0.041170,0.034099,0.031771,0.039127,0.033579,0.038583,0.035572,0.034735,0.040653,0.034672,0.040940,0.045639,0.045682,0.039497,0.036953,0.035525,0.041038,0.039329,0.036215,0.039391,0.034153,0.041232,0.037760,0.037190,0.037043,0.036224,0.040880,0.034529,0.041079,0.039361,0.038788,0.044522,0.038316,0.036012,0.038000,0.036015,0.071230,0.035765,0.040904,0.039514,0.035461,0.036971,0.038229,0.044764,0.036690,0.036258,0.033007,0.037374,0.034804,0.040000,0.037200,0.041035,0.036330,0.036126,0.041924,0.036321]}
