MESA-EGL: warning: egl: failed to create dri2 screen
 dllPath = /usr/lib/wsl/drivers/iigd_dch.inf_amd64_3e6575b60ae27560, dllName = libigdgmm_w.so.12 
 IsWddmLinux = 1, dllWslName = /usr/lib/wsl/drivers/iigd_dch.inf_amd64_3e6575b60ae27560/libigdgmm_w.so.12  flags = 2
 dllPath = /usr/lib/wsl/drivers/iigd_dch.inf_amd64_3e6575b60ae27560, dllName = libigdgmm_w.so.12 
 IsWddmLinux = 1, dllWslName = /usr/lib/wsl/drivers/iigd_dch.inf_amd64_3e6575b60ae27560/libigdgmm_w.so.12  flags = 2
GPU_TIMER_SAMPLE 0 1048576 1310720 1572864 3932160
GPU_TIMER_SAMPLE 1 1048576 1310720 2097152 4456448
GPU_TIMER_SAMPLE 2 1835008 1310720 1572864 4718592
GPU_TIMER_SAMPLE 3 1048576 1310720 1572864 3932160
GPU_TIMER_SAMPLE 4 1048576 1310720 1572864 3932160
GPU_TIMER_SAMPLE 5 1310720 1835008 4456448 7602176
GPU_TIMER_SAMPLE 6 1310720 1835008 1835008 4980736
GPU_TIMER_SAMPLE 7 1310720 1310720 1835008 4456448
GPU_TIMER_SAMPLE 8 1048576 1572864 1572864 4194304
GPU_TIMER_SAMPLE 9 1048576 1572864 1572864 4194304
GPU_TIMER_SAMPLE 10 1048576 1310720 1572864 3932160
GPU_TIMER_SAMPLE 11 1310720 1310720 3145728 5767168
GPU_TIMER_SAMPLE 12 1310720 1835008 1835008 4980736
GPU_TIMER_SAMPLE 13 1048576 1572864 1572864 4194304
GPU_TIMER_SAMPLE 14 1310720 3145728 1572864 6029312
GPU_TIMER_SAMPLE 15 1310720 1572864 1572864 4456448
GPU_TIMER_SAMPLE 16 1048576 2097152 2621440 5767168
GPU_TIMER_SAMPLE 17 1048576 1572864 1572864 4194304
GPU_TIMER_SAMPLE 18 1048576 3670016 1835008 6553600
GPU_TIMER_SAMPLE 19 1048576 1310720 1835008 4194304
GPU_TIMER_SAMPLE 20 1048576 1310720 1572864 3932160
GPU_TIMER_SAMPLE 21 1048576 1048576 1835008 3932160
GPU_TIMER_SAMPLE 22 1048576 1310720 1835008 4194304
GPU_TIMER_SAMPLE 23 1048576 1310720 4194304 6553600
GPU_TIMER_SAMPLE 24 1310720 1572864 2097152 4980736
GPU_TIMER_SAMPLE 25 2097152 2359296 1572864 6029312
GPU_TIMER_SAMPLE 26 1048576 1310720 1572864 3932160
GPU_TIMER_SAMPLE 27 1310720 1572864 1572864 4456448
GPU_TIMER_SAMPLE 28 1310720 1310720 1572864 4194304
GPU_TIMER_SAMPLE 29 1048576 1310720 3407872 5767168
GPU_TIMER_SAMPLE 30 1048576 1310720 1572864 3932160
GPU_TIMER_SAMPLE 31 1310720 1310720 1835008 4456448
GPU_TIMER_SAMPLE 32 1048576 1572864 1572864 4194304
GPU_TIMER_SAMPLE 33 1048576 1572864 1835008 4456448
GPU_TIMER_SAMPLE 34 1048576 1310720 1835008 4194304
GPU_TIMER_SAMPLE 35 1048576 1310720 1835008 4194304
GPU_TIMER_SAMPLE 36 1310720 1310720 3932160 6553600
GPU_TIMER_SAMPLE 37 1048576 1572864 1572864 4194304
GPU_TIMER_SAMPLE 38 1048576 1310720 1572864 3932160
GPU_TIMER_SAMPLE 39 1310720 1310720 1835008 4456448
GPU_TIMER_SAMPLE 40 1572864 1835008 1572864 4980736
GPU_TIMER_SAMPLE 41 1048576 1310720 1572864 3932160
GPU_TIMER_SAMPLE 42 1310720 1835008 1835008 4980736
GPU_TIMER_SAMPLE 43 1048576 1310720 2097152 4456448
GPU_TIMER_SAMPLE 44 1048576 1310720 1572864 3932160
GPU_TIMER_SAMPLE 45 1048576 1310720 1572864 3932160
GPU_TIMER_SAMPLE 46 1048576 1572864 1572864 4194304
GPU_TIMER_SAMPLE 47 1048576 1572864 1835008 4456448
GPU_TIMER_SAMPLE 48 1310720 1572864 2097152 4980736
GPU_TIMER_SAMPLE 49 1048576 1572864 1835008 4456448
GPU_TIMER_SAMPLE 50 1048576 1310720 1835008 4194304
GPU_TIMER_SAMPLE 51 1048576 2359296 1572864 4980736
GPU_TIMER_SAMPLE 52 1048576 1310720 1572864 3932160
GPU_TIMER_SAMPLE 53 3407872 4456448 1835008 9699328
GPU_TIMER_SAMPLE 54 786432 1572864 1572864 3932160
GPU_TIMER_SAMPLE 55 1048576 1310720 1835008 4194304
GPU_TIMER_SAMPLE 56 1572864 2621440 1835008 6029312
GPU_TIMER_SAMPLE 57 1310720 1835008 1572864 4718592
GPU_TIMER_SAMPLE 58 1048576 1572864 1572864 4194304
GPU_TIMER_SAMPLE 59 1048576 1310720 1835008 4194304
GPU_TIMER_SAMPLE 60 1310720 1310720 1572864 4194304
GPU_TIMER_SAMPLE 61 1048576 1310720 4718592 7077888
GPU_TIMER_SAMPLE 62 1048576 1310720 1835008 4194304
GPU_TIMER_SAMPLE 63 1835008 1572864 1835008 5242880
GPU_TIMER_SAMPLE 64 1572864 2359296 1572864 5505024
GPU_TIMER_SAMPLE 65 1048576 1310720 1572864 3932160
GPU_TIMER_SAMPLE 66 1048576 1310720 1835008 4194304
GPU_TIMER_SAMPLE 67 1048576 2097152 2097152 5242880
GPU_TIMER_SAMPLE 68 1048576 1572864 1835008 4456448
GPU_TIMER_SAMPLE 69 1048576 1310720 1835008 4194304
GPU_TIMER_SAMPLE 70 1048576 1310720 1572864 3932160
GPU_TIMER_SAMPLE 71 1048576 1310720 1572864 3932160
GPU_TIMER_SAMPLE 72 1048576 1835008 1835008 4718592
GPU_TIMER_SAMPLE 73 1835008 1572864 1572864 4980736
GPU_TIMER_SAMPLE 74 1048576 2097152 2097152 5242880
GPU_TIMER_SAMPLE 75 1310720 1310720 3670016 6291456
GPU_TIMER_SAMPLE 76 1310720 1310720 1835008 4456448
GPU_TIMER_SAMPLE 77 1572864 1310720 1572864 4456448
GPU_TIMER_SAMPLE 78 1310720 1835008 1310720 4456448
GPU_TIMER_SAMPLE 79 1048576 1572864 1572864 4194304
GPU_TIMER_SAMPLE 80 1048576 1310720 1572864 3932160
GPU_TIMER_SAMPLE 81 1048576 1835008 1835008 4718592
GPU_TIMER_SAMPLE 82 1310720 1572864 4194304 7077888
GPU_TIMER_SAMPLE 83 1048576 1572864 1572864 4194304
GPU_TIMER_SAMPLE 84 1310720 1310720 1835008 4456448
GPU_TIMER_SAMPLE 85 1048576 1835008 1835008 4718592
GPU_TIMER_SAMPLE 86 1048576 1572864 4718592 7340032
GPU_TIMER_SAMPLE 87 1310720 1835008 1572864 4718592
GPU_TIMER_SAMPLE 88 1310720 1835008 1835008 4980736
GPU_TIMER_SAMPLE 89 1310720 1310720 1572864 4194304
GPU_TIMER_SAMPLE 90 1048576 1310720 1835008 4194304
GPU_TIMER_SAMPLE 91 1310720 1310720 1835008 4456448
GPU_TIMER_SAMPLE 92 1310720 1310720 1572864 4194304
GPU_TIMER_SAMPLE 93 1048576 3932160 1835008 6815744
GPU_TIMER_SAMPLE 94 1048576 1310720 1835008 4194304
GPU_TIMER_SAMPLE 95 1310720 1310720 1572864 4194304
GPU_TIMER_SAMPLE 96 1310720 1310720 1835008 4456448
GPU_TIMER_SAMPLE 97 1048576 1572864 1572864 4194304
GPU_TIMER_SAMPLE 98 1048576 1310720 1835008 4194304
GPU_TIMER_SAMPLE 99 1048576 1572864 1572864 4194304
GPU_TIMER_SAMPLE 100 1048576 1835008 1835008 4718592
GPU_TIMER_SAMPLE 101 1572864 1835008 1835008 5242880
GPU_TIMER_SAMPLE 102 1048576 2097152 4718592 7864320
GPU_TIMER_SAMPLE 103 1310720 1310720 1835008 4456448
GPU_TIMER_SAMPLE 104 1048576 1572864 1572864 4194304
GPU_TIMER_SAMPLE 105 1310720 2097152 1572864 4980736
GPU_TIMER_SAMPLE 106 1310720 1572864 1835008 4718592
GPU_TIMER_SAMPLE 107 1310720 1572864 4194304 7077888
GPU_TIMER_SAMPLE 108 1048576 1310720 1835008 4194304
GPU_TIMER_SAMPLE 109 1048576 1310720 1835008 4194304
GPU_TIMER_SAMPLE 110 1048576 1572864 1572864 4194304
GPU_TIMER_SAMPLE 111 1835008 1310720 1572864 4718592
GPU_TIMER_SAMPLE 112 1048576 1310720 1572864 3932160
GPU_TIMER_SAMPLE 113 1310720 1835008 1572864 4718592
GPU_TIMER_SAMPLE 114 1048576 1310720 1835008 4194304
GPU_TIMER_SAMPLE 115 1310720 1310720 1835008 4456448
GPU_TIMER_SAMPLE 116 1310720 1572864 1835008 4718592
GPU_TIMER_SAMPLE 117 1310720 1310720 1835008 4456448
GPU_TIMER_SAMPLE 118 1310720 3145728 1572864 6029312
GPU_TIMER_SAMPLE 119 2097152 1310720 1572864 4980736
{"seed":42,"vendor":"Microsoft Corporation","renderer":"D3D12 (Intel(R) Arc(TM) 140T GPU (16GB))","gl_version":"4.6 (Compatibility Profile) Mesa 26.2.2","gallium_path":"/root/.cache/football-mesa-build-20260913-a/install-wayland/lib/libgallium-26.2.2.so","width":1920,"height":1080,"quality":"pbr+bloom+fxaa+auto_exposure","swap_enabled":true,"swap_interval":0,"warmup_frames":30,"measured_frames":120,"in_play_frames":141,"p50_ms":17.038574,"p95_ms":20.520423,"p99_ms":21.223539,"submit_p50_ms":17.001798,"submit_p95_ms":20.481441,"finish_p50_ms":0.037217,"finish_p95_ms":0.056557,"samples_ms":[19.184842,17.393018,17.885937,17.436274,15.579787,20.936809,18.966216,16.535480,15.104043,17.953929,16.035464,20.871897,16.628737,17.694009,18.575439,17.267410,16.782495,17.207275,20.751362,17.008497,16.845334,17.055159,18.698433,20.520423,15.948449,17.293469,16.626739,17.465387,17.174736,18.382694,16.510482,17.374316,17.651015,20.025013,15.702206,16.982921,18.577891,19.655642,17.331564,15.710854,16.950414,15.623208,17.038574,20.258362,15.864134,15.628086,14.849504,15.001724,17.848480,17.076960,16.234419,16.911169,17.941114,20.512563,15.034685,15.837334,17.944275,17.213730,17.681636,15.660355,16.804961,19.241696,18.093672,15.320229,16.633735,17.022809,16.981066,17.933363,19.530531,15.703047,16.635278,16.758004,16.511035,18.994900,15.555737,18.272791,19.918193,16.554400,17.596603,16.889185,15.938006,17.291487,19.142069,17.799893,17.923674,18.547561,20.204275,20.770107,17.825544,15.581916,15.749183,14.718179,18.447734,18.995169,17.571047,14.941505,15.094382,15.089483,16.185709,14.837958,16.528211,20.034275,21.223539,16.853761,16.138056,16.274316,17.671903,21.769752,16.924483,15.384928,15.870852,20.087862,15.363223,16.330165,15.964493,15.774086,17.984795,16.652159,17.941107,16.660734],"submit_samples_ms":[19.142402,17.352838,17.843184,17.399931,15.543549,20.901947,18.926530,16.493771,15.063483,17.910906,15.999147,20.835433,16.566368,17.652232,18.518882,17.231728,16.747351,17.172007,20.707302,16.961587,16.786103,17.015826,18.661391,20.481441,15.910495,17.242027,16.583632,17.428309,17.138125,18.347926,16.474692,17.341190,17.611753,19.988131,15.665489,16.943840,18.541632,19.618911,17.282892,15.666695,16.913452,15.588283,17.001798,20.223599,15.827135,15.593319,14.814324,14.967758,17.803741,17.033821,16.187469,16.871760,17.905484,20.477359,14.999094,15.805641,17.904554,17.167686,17.644673,15.625343,16.769052,19.205670,18.064559,15.280786,16.594095,16.980823,16.940464,17.897331,19.488482,15.664847,16.596641,16.707637,16.465758,18.959962,15.520823,18.235873,19.878176,16.513618,17.525415,16.850411,15.901289,17.255964,19.105339,17.755724,17.883894,18.512944,20.168926,20.727009,17.787786,15.538329,15.711429,14.680962,18.409689,18.960433,17.543739,14.912508,15.062412,15.062122,16.140265,14.776367,16.487969,19.997961,21.184896,16.817676,16.082177,16.232549,17.627792,21.729570,16.890503,15.350706,15.835780,20.030851,15.319304,16.294279,15.926676,15.737530,17.905287,16.619938,17.910445,16.627673],"finish_samples_ms":[0.042440,0.040180,0.042753,0.036343,0.036238,0.034862,0.039686,0.041709,0.040560,0.043023,0.036317,0.036464,0.062369,0.041777,0.056557,0.035682,0.035144,0.035268,0.044060,0.046910,0.059231,0.039333,0.037042,0.038982,0.037954,0.051442,0.043107,0.037078,0.036611,0.034768,0.035790,0.033126,0.039262,0.036882,0.036717,0.039081,0.036259,0.036731,0.048672,0.044159,0.036962,0.034925,0.036776,0.034763,0.036999,0.034767,0.035180,0.033966,0.044739,0.043139,0.046950,0.039409,0.035630,0.035204,0.035591,0.031693,0.039721,0.046044,0.036963,0.035012,0.035909,0.036026,0.029113,0.039443,0.039640,0.041986,0.040602,0.036032,0.042049,0.038200,0.038637,0.050367,0.045277,0.034938,0.034914,0.036918,0.040017,0.040782,0.071188,0.038774,0.036717,0.035523,0.036730,0.044169,0.039780,0.034617,0.035349,0.043098,0.037758,0.043587,0.037754,0.037217,0.038045,0.034736,0.027308,0.028997,0.031970,0.027361,0.045444,0.061591,0.040242,0.036314,0.038643,0.036085,0.055879,0.041767,0.044111,0.040182,0.033980,0.034222,0.035072,0.057011,0.043919,0.035886,0.037817,0.036556,0.079508,0.032221,0.030662,0.033061]}
