MESA-EGL: warning: egl: failed to create dri2 screen
 dllPath = /usr/lib/wsl/drivers/iigd_dch.inf_amd64_3e6575b60ae27560, dllName = libigdgmm_w.so.12 
 IsWddmLinux = 1, dllWslName = /usr/lib/wsl/drivers/iigd_dch.inf_amd64_3e6575b60ae27560/libigdgmm_w.so.12  flags = 2
 dllPath = /usr/lib/wsl/drivers/iigd_dch.inf_amd64_3e6575b60ae27560, dllName = libigdgmm_w.so.12 
 IsWddmLinux = 1, dllWslName = /usr/lib/wsl/drivers/iigd_dch.inf_amd64_3e6575b60ae27560/libigdgmm_w.so.12  flags = 2
GPU_TIMER_SAMPLE 0 1048576 1835008 1572864 4456448
GPU_TIMER_SAMPLE 1 1048576 2097152 1572864 4718592
GPU_TIMER_SAMPLE 2 1048576 2359296 1835008 5242880
GPU_TIMER_SAMPLE 3 1310720 3407872 2359296 7077888
GPU_TIMER_SAMPLE 4 1572864 1835008 1572864 4980736
GPU_TIMER_SAMPLE 5 1048576 2097152 1310720 4456448
GPU_TIMER_SAMPLE 6 1048576 1835008 1835008 4718592
GPU_TIMER_SAMPLE 7 1048576 2359296 5505024 8912896
GPU_TIMER_SAMPLE 8 1048576 2097152 1572864 4718592
GPU_TIMER_SAMPLE 9 1572864 1835008 1572864 4980736
GPU_TIMER_SAMPLE 10 1048576 2097152 1835008 4980736
GPU_TIMER_SAMPLE 11 1048576 1835008 1835008 4718592
GPU_TIMER_SAMPLE 12 1048576 2097152 3932160 7077888
GPU_TIMER_SAMPLE 13 1048576 1572864 1835008 4456448
GPU_TIMER_SAMPLE 14 1048576 1835008 1572864 4456448
GPU_TIMER_SAMPLE 15 1048576 1835008 1572864 4456448
GPU_TIMER_SAMPLE 16 1310720 2359296 1835008 5505024
GPU_TIMER_SAMPLE 17 1310720 1835008 3932160 7077888
GPU_TIMER_SAMPLE 18 1048576 1572864 1835008 4456448
GPU_TIMER_SAMPLE 19 1048576 2097152 1572864 4718592
GPU_TIMER_SAMPLE 20 1835008 3407872 4718592 9961472
GPU_TIMER_SAMPLE 21 1048576 1835008 1835008 4718592
GPU_TIMER_SAMPLE 22 1048576 1835008 1835008 4718592
GPU_TIMER_SAMPLE 23 1310720 2097152 1572864 4980736
GPU_TIMER_SAMPLE 24 1048576 2359296 1572864 4980736
GPU_TIMER_SAMPLE 25 1310720 2359296 1572864 5242880
GPU_TIMER_SAMPLE 26 1048576 2097152 1835008 4980736
GPU_TIMER_SAMPLE 27 1048576 2097152 1310720 4456448
GPU_TIMER_SAMPLE 28 1048576 3407872 1835008 6291456
GPU_TIMER_SAMPLE 29 1048576 1572864 1835008 4456448
GPU_TIMER_SAMPLE 30 1048576 1835008 1572864 4456448
GPU_TIMER_SAMPLE 31 1048576 1835008 1572864 4456448
GPU_TIMER_SAMPLE 32 1310720 3145728 2359296 6815744
GPU_TIMER_SAMPLE 33 1310720 1835008 1572864 4718592
GPU_TIMER_SAMPLE 34 1048576 1835008 1572864 4456448
GPU_TIMER_SAMPLE 35 1048576 1835008 1572864 4456448
GPU_TIMER_SAMPLE 36 1048576 1835008 1835008 4718592
GPU_TIMER_SAMPLE 37 1310720 1835008 1572864 4718592
GPU_TIMER_SAMPLE 38 1048576 2359296 1835008 5242880
GPU_TIMER_SAMPLE 39 1310720 2621440 1572864 5505024
GPU_TIMER_SAMPLE 40 1048576 2097152 1310720 4456448
GPU_TIMER_SAMPLE 41 1048576 2097152 1572864 4718592
GPU_TIMER_SAMPLE 42 1048576 1835008 1835008 4718592
GPU_TIMER_SAMPLE 43 1310720 2359296 2097152 5767168
GPU_TIMER_SAMPLE 44 1048576 2097152 1310720 4456448
GPU_TIMER_SAMPLE 45 1310720 1835008 1572864 4718592
GPU_TIMER_SAMPLE 46 1048576 1835008 1835008 4718592
GPU_TIMER_SAMPLE 47 1572864 3932160 4980736 10485760
GPU_TIMER_SAMPLE 48 1572864 3670016 1572864 6815744
GPU_TIMER_SAMPLE 49 1310720 2359296 2097152 5767168
GPU_TIMER_SAMPLE 50 1048576 2097152 1572864 4718592
GPU_TIMER_SAMPLE 51 1048576 1572864 1835008 4456448
GPU_TIMER_SAMPLE 52 1048576 2359296 1835008 5242880
GPU_TIMER_SAMPLE 53 1310720 1572864 1572864 4456448
GPU_TIMER_SAMPLE 54 1310720 1835008 1572864 4718592
GPU_TIMER_SAMPLE 55 1048576 2097152 1572864 4718592
GPU_TIMER_SAMPLE 56 1310720 1835008 1572864 4718592
GPU_TIMER_SAMPLE 57 1048576 1835008 1572864 4456448
GPU_TIMER_SAMPLE 58 4194304 1835008 1835008 7864320
GPU_TIMER_SAMPLE 59 1048576 2097152 1572864 4718592
GPU_TIMER_SAMPLE 60 1310720 2359296 1835008 5505024
GPU_TIMER_SAMPLE 61 1048576 2097152 1572864 4718592
GPU_TIMER_SAMPLE 62 1310720 1572864 1835008 4718592
GPU_TIMER_SAMPLE 63 1310720 5242880 4194304 10747904
GPU_TIMER_SAMPLE 64 1048576 1835008 1572864 4456448
GPU_TIMER_SAMPLE 65 1048576 1835008 1572864 4456448
GPU_TIMER_SAMPLE 66 1310720 1835008 1572864 4718592
GPU_TIMER_SAMPLE 67 1310720 1572864 1835008 4718592
GPU_TIMER_SAMPLE 68 1310720 2097152 1572864 4980736
GPU_TIMER_SAMPLE 69 1048576 1835008 1835008 4718592
GPU_TIMER_SAMPLE 70 1310720 1835008 1572864 4718592
GPU_TIMER_SAMPLE 71 1048576 1835008 1835008 4718592
GPU_TIMER_SAMPLE 72 1310720 1572864 1835008 4718592
GPU_TIMER_SAMPLE 73 1310720 2097152 1835008 5242880
GPU_TIMER_SAMPLE 74 1310720 1572864 1835008 4718592
GPU_TIMER_SAMPLE 75 1310720 2359296 1835008 5505024
GPU_TIMER_SAMPLE 76 1310720 1572864 1835008 4718592
GPU_TIMER_SAMPLE 77 1572864 2097152 1572864 5242880
GPU_TIMER_SAMPLE 78 1048576 2097152 1835008 4980736
GPU_TIMER_SAMPLE 79 1048576 2097152 3932160 7077888
GPU_TIMER_SAMPLE 80 1310720 1835008 1835008 4980736
GPU_TIMER_SAMPLE 81 1310720 1572864 1835008 4718592
GPU_TIMER_SAMPLE 82 1310720 1835008 1572864 4718592
GPU_TIMER_SAMPLE 83 1310720 2097152 1835008 5242880
GPU_TIMER_SAMPLE 84 1572864 1835008 1835008 5242880
GPU_TIMER_SAMPLE 85 1048576 1572864 1835008 4456448
GPU_TIMER_SAMPLE 86 1048576 1835008 1835008 4718592
GPU_TIMER_SAMPLE 87 1310720 1835008 3670016 6815744
GPU_TIMER_SAMPLE 88 1835008 2097152 1310720 5242880
GPU_TIMER_SAMPLE 89 1310720 1835008 1572864 4718592
GPU_TIMER_SAMPLE 90 1310720 2097152 1835008 5242880
GPU_TIMER_SAMPLE 91 1310720 1835008 1572864 4718592
GPU_TIMER_SAMPLE 92 1310720 2359296 4456448 8126464
GPU_TIMER_SAMPLE 93 1310720 2097152 1310720 4718592
GPU_TIMER_SAMPLE 94 1310720 2621440 2359296 6291456
GPU_TIMER_SAMPLE 95 1048576 1835008 1835008 4718592
GPU_TIMER_SAMPLE 96 1310720 1835008 3670016 6815744
GPU_TIMER_SAMPLE 97 1310720 1835008 1572864 4718592
GPU_TIMER_SAMPLE 98 1048576 1835008 1572864 4456448
GPU_TIMER_SAMPLE 99 1310720 2883584 1572864 5767168
GPU_TIMER_SAMPLE 100 1310720 1835008 3145728 6291456
GPU_TIMER_SAMPLE 101 1310720 1835008 1572864 4718592
GPU_TIMER_SAMPLE 102 1310720 1835008 1572864 4718592
GPU_TIMER_SAMPLE 103 1310720 1835008 1572864 4718592
GPU_TIMER_SAMPLE 104 1048576 2097152 1572864 4718592
GPU_TIMER_SAMPLE 105 1048576 1835008 1835008 4718592
GPU_TIMER_SAMPLE 106 1048576 1835008 1835008 4718592
GPU_TIMER_SAMPLE 107 1048576 1835008 1835008 4718592
GPU_TIMER_SAMPLE 108 1048576 2097152 1835008 4980736
GPU_TIMER_SAMPLE 109 1048576 2097152 1835008 4980736
GPU_TIMER_SAMPLE 110 1310720 1572864 1835008 4718592
GPU_TIMER_SAMPLE 111 1310720 1572864 1835008 4718592
GPU_TIMER_SAMPLE 112 1310720 1572864 1835008 4718592
GPU_TIMER_SAMPLE 113 1310720 2097152 1835008 5242880
GPU_TIMER_SAMPLE 114 1310720 2359296 2097152 5767168
GPU_TIMER_SAMPLE 115 1048576 2359296 3670016 7077888
GPU_TIMER_SAMPLE 116 1310720 1835008 1835008 4980736
GPU_TIMER_SAMPLE 117 1310720 1572864 1835008 4718592
GPU_TIMER_SAMPLE 118 2097152 2621440 1835008 6553600
GPU_TIMER_SAMPLE 119 1310720 1835008 1835008 4980736
{"seed":43,"vendor":"Microsoft Corporation","renderer":"D3D12 (Intel(R) Arc(TM) 140T GPU (16GB))","gl_version":"4.6 (Compatibility Profile) Mesa 26.2.2","gallium_path":"/root/.cache/football-mesa-build-20260913-a/install-wayland/lib/libgallium-26.2.2.so","width":1920,"height":1080,"quality":"pbr+bloom+fxaa+auto_exposure","swap_enabled":true,"swap_interval":0,"warmup_frames":30,"measured_frames":120,"in_play_frames":150,"p50_ms":17.973006,"p95_ms":21.857722,"p99_ms":23.424661,"submit_p50_ms":17.926882,"submit_p95_ms":21.822014,"finish_p50_ms":0.038105,"finish_p95_ms":0.051828,"samples_ms":[17.303758,18.403051,18.425900,20.034273,21.026540,17.098455,17.595132,23.424661,16.620056,19.534012,18.325240,15.819578,20.049562,16.369695,17.285405,17.854980,17.010108,18.775735,20.368027,17.604336,22.354587,16.902661,15.882437,16.572841,16.229422,17.440908,19.481845,15.250288,18.105576,16.212868,17.313355,17.646938,18.625676,18.415338,20.717703,17.252974,16.311489,20.266161,16.828071,17.397612,17.659444,17.825619,15.359946,21.049020,19.103376,17.993667,17.231276,23.189982,21.730781,19.041202,18.708713,20.755086,19.469838,20.163384,17.545937,16.639347,19.986859,21.425328,19.249137,18.202729,21.191464,17.054307,18.126711,24.569069,17.944356,17.285327,19.472225,18.166010,19.361410,17.377724,21.857722,17.546966,17.994530,17.511952,17.973006,18.279857,19.895255,17.096752,18.118311,20.839692,15.426617,17.077671,18.290013,18.962461,19.527009,20.637689,16.071173,21.999565,17.784952,16.491827,17.947927,17.803114,21.965635,19.193179,20.321610,16.003148,19.910346,16.216870,16.711746,19.354426,20.995877,17.772777,16.661077,16.353364,16.194038,18.394157,20.169981,17.541198,16.791699,20.353298,17.461519,16.892148,15.644072,16.556555,19.034919,21.196069,16.573543,19.222920,17.184153,17.031995],"submit_samples_ms":[17.251269,18.363958,18.387896,19.998919,20.985135,17.053675,17.530017,23.389123,16.583239,19.493826,18.289748,15.782338,20.014345,16.332166,17.238828,17.799029,16.975677,18.737792,20.320406,17.566231,22.320595,16.867825,15.847489,16.530569,16.187044,17.404807,19.446469,15.215202,18.072562,16.179016,17.267905,17.605264,18.591019,18.380650,20.670782,17.204457,16.275973,20.232550,16.786857,17.358745,17.620479,17.790207,15.322241,21.013895,19.055133,17.946898,17.193645,23.153735,21.693787,19.003712,18.663119,20.712728,19.431967,20.124173,17.501333,16.602055,19.948888,21.384592,19.210759,18.152273,21.152193,17.013188,18.088925,24.534032,17.902804,17.249368,19.437191,18.126994,19.318525,17.335652,21.822014,17.510818,17.957804,17.473428,17.926882,18.177304,19.859035,17.056055,18.017747,20.802025,15.390172,17.027155,18.250320,18.925730,19.481091,20.601811,16.034689,21.959992,17.746374,16.444461,17.909826,17.766264,21.931461,19.142735,20.284832,15.966665,19.870889,16.177899,16.670463,19.317903,20.956576,17.728794,16.610419,16.313604,16.158952,18.342329,20.128170,17.499312,16.755949,20.316456,17.429301,16.856667,15.604554,16.509168,18.997900,21.161553,16.527926,19.161111,17.136590,16.998182],"finish_samples_ms":[0.052489,0.039093,0.038004,0.035354,0.041405,0.044780,0.065115,0.035538,0.036817,0.040186,0.035492,0.037240,0.035217,0.037529,0.046577,0.055951,0.034431,0.037943,0.047621,0.038105,0.033992,0.034836,0.034948,0.042272,0.042378,0.036101,0.035376,0.035086,0.033014,0.033852,0.045450,0.041674,0.034657,0.034688,0.046921,0.048517,0.035516,0.033611,0.041214,0.038867,0.038965,0.035412,0.037705,0.035125,0.048243,0.046769,0.037631,0.036247,0.036994,0.037490,0.045594,0.042358,0.037871,0.039211,0.044604,0.037292,0.037971,0.040736,0.038378,0.050456,0.039271,0.041119,0.037786,0.035037,0.041552,0.035959,0.035034,0.039016,0.042885,0.042072,0.035708,0.036148,0.036726,0.038524,0.046124,0.102553,0.036220,0.040697,0.100564,0.037667,0.036445,0.050516,0.039693,0.036731,0.045918,0.035878,0.036484,0.039573,0.038578,0.047366,0.038101,0.036850,0.034174,0.050444,0.036778,0.036483,0.039457,0.038971,0.041283,0.036523,0.039301,0.043983,0.050658,0.039760,0.035086,0.051828,0.041811,0.041886,0.035750,0.036842,0.032218,0.035481,0.039518,0.047387,0.037019,0.034516,0.045617,0.061809,0.047563,0.033813]}
