MESA-EGL: warning: egl: failed to create dri2 screen
 dllPath = /usr/lib/wsl/drivers/iigd_dch.inf_amd64_3e6575b60ae27560, dllName = libigdgmm_w.so.12 
 IsWddmLinux = 1, dllWslName = /usr/lib/wsl/drivers/iigd_dch.inf_amd64_3e6575b60ae27560/libigdgmm_w.so.12  flags = 2
 dllPath = /usr/lib/wsl/drivers/iigd_dch.inf_amd64_3e6575b60ae27560, dllName = libigdgmm_w.so.12 
 IsWddmLinux = 1, dllWslName = /usr/lib/wsl/drivers/iigd_dch.inf_amd64_3e6575b60ae27560/libigdgmm_w.so.12  flags = 2
GPU_TIMER_SAMPLE 0 1048576 1572864 2097152 4718592
GPU_TIMER_SAMPLE 1 1048576 1310720 1572864 3932160
GPU_TIMER_SAMPLE 2 1048576 1310720 1835008 4194304
GPU_TIMER_SAMPLE 3 1310720 3932160 1835008 7077888
GPU_TIMER_SAMPLE 4 1048576 1310720 1572864 3932160
GPU_TIMER_SAMPLE 5 1310720 2621440 6553600 10485760
GPU_TIMER_SAMPLE 6 5242880 4980736 4456448 14680064
GPU_TIMER_SAMPLE 7 1048576 1835008 5242880 8126464
GPU_TIMER_SAMPLE 8 1310720 1835008 2359296 5505024
GPU_TIMER_SAMPLE 9 1048576 1572864 1572864 4194304
GPU_TIMER_SAMPLE 10 1048576 1310720 1572864 3932160
GPU_TIMER_SAMPLE 11 1048576 1572864 2359296 4980736
GPU_TIMER_SAMPLE 12 1048576 1310720 1572864 3932160
GPU_TIMER_SAMPLE 13 1048576 2097152 1835008 4980736
GPU_TIMER_SAMPLE 14 1310720 1835008 2359296 5505024
GPU_TIMER_SAMPLE 15 1048576 1572864 1572864 4194304
GPU_TIMER_SAMPLE 16 1048576 1310720 1835008 4194304
GPU_TIMER_SAMPLE 17 1310720 1310720 1835008 4456448
GPU_TIMER_SAMPLE 18 1048576 1310720 1572864 3932160
GPU_TIMER_SAMPLE 19 1048576 1310720 1572864 3932160
GPU_TIMER_SAMPLE 20 1048576 1572864 1572864 4194304
GPU_TIMER_SAMPLE 21 1048576 1835008 1835008 4718592
GPU_TIMER_SAMPLE 22 1310720 1835008 3932160 7077888
GPU_TIMER_SAMPLE 23 1310720 1572864 2097152 4980736
GPU_TIMER_SAMPLE 24 1310720 1310720 1835008 4456448
GPU_TIMER_SAMPLE 25 1048576 1572864 1572864 4194304
GPU_TIMER_SAMPLE 26 1310720 1572864 1572864 4456448
GPU_TIMER_SAMPLE 27 1048576 1572864 1572864 4194304
GPU_TIMER_SAMPLE 28 1048576 2097152 1835008 4980736
GPU_TIMER_SAMPLE 29 1572864 2883584 2359296 6815744
GPU_TIMER_SAMPLE 30 1048576 1310720 7602176 9961472
GPU_TIMER_SAMPLE 31 1310720 1572864 1572864 4456448
GPU_TIMER_SAMPLE 32 1572864 4456448 5505024 11534336
GPU_TIMER_SAMPLE 33 1048576 1572864 1835008 4456448
GPU_TIMER_SAMPLE 34 1048576 1572864 1572864 4194304
GPU_TIMER_SAMPLE 35 6291456 12845056 18612224 37748736
GPU_TIMER_SAMPLE 36 2097152 3407872 5767168 11272192
GPU_TIMER_SAMPLE 37 1048576 1572864 1835008 4456448
GPU_TIMER_SAMPLE 38 1310720 1310720 1572864 4194304
GPU_TIMER_SAMPLE 39 1048576 1310720 2097152 4456448
GPU_TIMER_SAMPLE 40 1048576 1835008 4718592 7602176
GPU_TIMER_SAMPLE 41 1310720 1310720 1835008 4456448
GPU_TIMER_SAMPLE 42 1048576 1572864 1572864 4194304
GPU_TIMER_SAMPLE 43 1310720 1310720 1835008 4456448
GPU_TIMER_SAMPLE 44 1048576 1572864 1572864 4194304
GPU_TIMER_SAMPLE 45 1048576 1572864 1572864 4194304
GPU_TIMER_SAMPLE 46 1048576 1835008 1572864 4456448
GPU_TIMER_SAMPLE 47 1048576 2883584 1835008 5767168
GPU_TIMER_SAMPLE 48 1048576 1572864 1835008 4456448
GPU_TIMER_SAMPLE 49 1048576 1835008 1572864 4456448
GPU_TIMER_SAMPLE 50 1835008 2621440 3145728 7602176
GPU_TIMER_SAMPLE 51 2097152 3407872 3407872 8912896
GPU_TIMER_SAMPLE 52 6815744 4980736 6553600 18350080
GPU_TIMER_SAMPLE 53 2097152 3407872 3145728 8650752
GPU_TIMER_SAMPLE 54 2883584 16777216 1835008 21495808
GPU_TIMER_SAMPLE 55 1048576 2097152 1835008 4980736
GPU_TIMER_SAMPLE 56 1310720 1310720 1835008 4456448
GPU_TIMER_SAMPLE 57 2359296 5767168 1835008 9961472
GPU_TIMER_SAMPLE 58 1048576 1572864 1572864 4194304
GPU_TIMER_SAMPLE 59 1310720 1310720 1572864 4194304
GPU_TIMER_SAMPLE 60 1048576 1835008 1572864 4456448
GPU_TIMER_SAMPLE 61 1310720 2359296 5505024 9175040
GPU_TIMER_SAMPLE 62 1310720 1572864 1572864 4456448
GPU_TIMER_SAMPLE 63 1572864 1310720 1835008 4718592
GPU_TIMER_SAMPLE 64 1048576 1310720 1835008 4194304
GPU_TIMER_SAMPLE 65 1048576 1572864 1835008 4456448
GPU_TIMER_SAMPLE 66 1310720 1572864 1835008 4718592
GPU_TIMER_SAMPLE 67 1310720 1572864 1835008 4718592
GPU_TIMER_SAMPLE 68 1048576 1310720 1835008 4194304
GPU_TIMER_SAMPLE 69 1310720 1310720 1572864 4194304
GPU_TIMER_SAMPLE 70 1048576 1835008 1572864 4456448
GPU_TIMER_SAMPLE 71 1572864 2883584 4980736 9437184
GPU_TIMER_SAMPLE 72 1048576 1572864 1310720 3932160
GPU_TIMER_SAMPLE 73 1048576 1835008 1835008 4718592
GPU_TIMER_SAMPLE 74 1310720 1572864 1572864 4456448
GPU_TIMER_SAMPLE 75 1572864 2621440 1572864 5767168
GPU_TIMER_SAMPLE 76 1048576 1572864 1572864 4194304
GPU_TIMER_SAMPLE 77 8650752 14680064 2621440 25952256
GPU_TIMER_SAMPLE 78 1048576 1572864 1835008 4456448
GPU_TIMER_SAMPLE 79 1048576 2097152 1835008 4980736
GPU_TIMER_SAMPLE 80 1310720 1310720 1835008 4456448
GPU_TIMER_SAMPLE 81 1310720 1835008 1572864 4718592
GPU_TIMER_SAMPLE 82 1310720 1048576 1835008 4194304
GPU_TIMER_SAMPLE 83 1310720 1310720 1835008 4456448
GPU_TIMER_SAMPLE 84 1310720 1572864 1572864 4456448
GPU_TIMER_SAMPLE 85 1310720 1310720 1835008 4456448
GPU_TIMER_SAMPLE 86 1310720 1310720 1572864 4194304
GPU_TIMER_SAMPLE 87 1572864 2621440 4980736 9175040
GPU_TIMER_SAMPLE 88 1310720 1572864 1835008 4718592
GPU_TIMER_SAMPLE 89 1310720 1048576 1835008 4194304
GPU_TIMER_SAMPLE 90 1310720 1310720 2097152 4718592
GPU_TIMER_SAMPLE 91 1310720 1310720 1572864 4194304
GPU_TIMER_SAMPLE 92 1310720 1835008 2097152 5242880
GPU_TIMER_SAMPLE 93 1310720 1572864 1572864 4456448
GPU_TIMER_SAMPLE 94 1048576 1310720 3407872 5767168
GPU_TIMER_SAMPLE 95 1048576 1310720 1572864 3932160
GPU_TIMER_SAMPLE 96 1310720 1572864 1835008 4718592
GPU_TIMER_SAMPLE 97 1835008 2097152 1835008 5767168
GPU_TIMER_SAMPLE 98 1310720 1310720 1835008 4456448
GPU_TIMER_SAMPLE 99 1310720 1572864 1835008 4718592
GPU_TIMER_SAMPLE 100 1310720 1310720 1572864 4194304
GPU_TIMER_SAMPLE 101 1310720 1310720 1572864 4194304
GPU_TIMER_SAMPLE 102 1310720 1310720 1572864 4194304
GPU_TIMER_SAMPLE 103 1048576 1572864 1835008 4456448
GPU_TIMER_SAMPLE 104 1835008 1572864 1572864 4980736
GPU_TIMER_SAMPLE 105 1048576 1572864 1572864 4194304
GPU_TIMER_SAMPLE 106 1048576 1572864 1835008 4456448
GPU_TIMER_SAMPLE 107 1310720 1572864 7340032 10223616
GPU_TIMER_SAMPLE 108 1310720 1835008 1835008 4980736
GPU_TIMER_SAMPLE 109 1310720 1048576 1835008 4194304
GPU_TIMER_SAMPLE 110 1310720 2621440 2883584 6815744
GPU_TIMER_SAMPLE 111 1048576 1572864 1572864 4194304
GPU_TIMER_SAMPLE 112 1310720 1310720 1572864 4194304
GPU_TIMER_SAMPLE 113 1572864 1835008 1835008 5242880
GPU_TIMER_SAMPLE 114 1310720 1572864 1835008 4718592
GPU_TIMER_SAMPLE 115 1310720 1310720 1835008 4456448
GPU_TIMER_SAMPLE 116 1310720 1572864 1572864 4456448
GPU_TIMER_SAMPLE 117 1310720 1310720 1572864 4194304
GPU_TIMER_SAMPLE 118 1310720 2883584 2621440 6815744
GPU_TIMER_SAMPLE 119 1310720 1310720 1572864 4194304
{"seed":43,"vendor":"Microsoft Corporation","renderer":"D3D12 (Intel(R) Arc(TM) 140T GPU (16GB))","gl_version":"4.6 (Compatibility Profile) Mesa 26.2.2","gallium_path":"/root/.cache/football-mesa-build-20260913-a/install-wayland/lib/libgallium-26.2.2.so","width":1920,"height":1080,"quality":"pbr+bloom+fxaa+auto_exposure","swap_enabled":true,"swap_interval":0,"warmup_frames":30,"measured_frames":120,"in_play_frames":150,"p50_ms":18.622278,"p95_ms":31.373457,"p99_ms":43.598296,"submit_p50_ms":18.586998,"submit_p95_ms":31.327232,"finish_p50_ms":0.039003,"finish_p95_ms":0.059197,"samples_ms":[18.328406,26.452040,21.130453,20.320985,19.924523,31.373457,32.946045,24.074761,18.833487,21.123289,18.622278,24.608987,15.911970,18.409923,20.972601,17.289795,17.721852,17.141963,20.682580,18.810115,16.719614,18.133010,23.951605,16.905062,17.433209,21.476916,19.067456,19.709826,19.195548,22.570954,28.816540,17.581801,29.694432,22.384163,34.357233,55.515107,29.654284,21.291261,27.767158,19.276994,20.597299,17.828565,19.780082,22.542103,17.453986,17.668332,16.930973,20.898622,17.263969,18.199623,27.220264,28.531678,33.806228,21.878785,36.672225,21.545973,17.450727,22.021376,19.116945,17.278920,16.798982,23.192412,16.430816,17.842605,17.514902,17.976651,17.325337,20.764712,16.895644,17.573109,16.589313,24.516096,17.066245,23.225298,24.251346,17.819097,20.810330,43.598296,23.512337,23.704493,18.247999,18.704581,15.569152,16.222070,14.925853,15.393552,16.606709,22.347537,19.536962,16.980404,21.559872,19.034014,17.629069,15.275446,18.821593,17.453971,16.173083,17.608413,15.201483,16.238242,15.928821,14.707167,15.854824,16.704617,20.927147,16.881333,20.548041,22.423619,16.955231,17.236364,23.546467,16.647648,16.408505,16.645915,17.123784,18.023482,17.833581,17.489741,19.374514,18.431925],"submit_samples_ms":[18.291750,26.411376,21.092712,20.288729,19.878314,31.327232,32.889440,24.040776,18.783354,21.085800,18.586998,24.570850,15.873362,18.375164,20.942034,17.211839,17.680987,17.108188,20.650345,18.770919,16.681486,18.090568,23.888709,16.863485,17.368028,21.435367,19.026050,19.667195,19.159389,22.524959,28.772164,17.539418,29.635235,22.340373,34.314806,55.469126,29.602569,21.238445,27.718929,19.240484,20.558206,17.792963,19.743916,22.502458,17.412976,17.635184,16.896628,20.866367,17.230058,18.153653,27.180975,28.474183,33.769815,21.840960,36.632492,21.498222,17.413539,21.982221,19.075805,17.231476,16.760270,23.158312,16.394905,17.802874,17.473872,17.942848,17.287759,20.695609,16.858479,17.535320,16.550857,24.480904,17.006945,23.187370,24.212343,17.774509,20.771152,43.561135,23.466366,23.670765,18.202351,18.664121,15.532525,16.187827,14.890309,15.355034,16.572564,22.312842,19.492009,16.942728,21.512996,18.969699,17.594696,15.232343,18.781601,17.427700,16.144036,17.569736,15.155469,16.199704,15.891064,14.669867,15.819746,16.653827,20.892128,16.839449,20.511988,22.386822,16.912792,17.195438,23.511795,16.614043,16.356896,16.599421,17.071301,17.989692,17.787382,17.456430,19.330721,18.393856],"finish_samples_ms":[0.036656,0.040664,0.037741,0.032256,0.046209,0.046225,0.056605,0.033985,0.050133,0.037489,0.035280,0.038137,0.038608,0.034759,0.030567,0.077956,0.040865,0.033775,0.032235,0.039196,0.038128,0.042442,0.062896,0.041577,0.065181,0.041549,0.041406,0.042631,0.036159,0.045995,0.044376,0.042383,0.059197,0.043790,0.042427,0.045981,0.051715,0.052816,0.048229,0.036510,0.039093,0.035602,0.036166,0.039645,0.041010,0.033148,0.034345,0.032255,0.033911,0.045970,0.039289,0.057495,0.036413,0.037825,0.039733,0.047751,0.037188,0.039155,0.041140,0.047444,0.038712,0.034100,0.035911,0.039731,0.041030,0.033803,0.037578,0.069103,0.037165,0.037789,0.038456,0.035192,0.059300,0.037928,0.039003,0.044588,0.039178,0.037161,0.045971,0.033728,0.045648,0.040460,0.036627,0.034243,0.035544,0.038518,0.034145,0.034695,0.044953,0.037676,0.046876,0.064315,0.034373,0.043103,0.039992,0.026271,0.029047,0.038677,0.046014,0.038538,0.037757,0.037300,0.035078,0.050790,0.035019,0.041884,0.036053,0.036797,0.042439,0.040926,0.034672,0.033605,0.051609,0.046494,0.052483,0.033790,0.046199,0.033311,0.043793,0.038069]}
