MESA-EGL: warning: egl: failed to create dri2 screen
 dllPath = /usr/lib/wsl/drivers/iigd_dch.inf_amd64_3e6575b60ae27560, dllName = libigdgmm_w.so.12 
 IsWddmLinux = 1, dllWslName = /usr/lib/wsl/drivers/iigd_dch.inf_amd64_3e6575b60ae27560/libigdgmm_w.so.12  flags = 2
 dllPath = /usr/lib/wsl/drivers/iigd_dch.inf_amd64_3e6575b60ae27560, dllName = libigdgmm_w.so.12 
 IsWddmLinux = 1, dllWslName = /usr/lib/wsl/drivers/iigd_dch.inf_amd64_3e6575b60ae27560/libigdgmm_w.so.12  flags = 2
GPU_POST_SAMPLE 0 1048576 2359296 0 0 262144 0 786432 524288 4980736
GPU_POST_SAMPLE 1 1048576 3407872 2097152 262144 0 0 1048576 1310720 9175040
GPU_POST_SAMPLE 2 2621440 2359296 262144 0 262144 0 524288 786432 6815744
GPU_POST_SAMPLE 3 1048576 2621440 0 262144 262144 0 524288 1048576 5767168
GPU_POST_SAMPLE 4 1310720 2097152 0 262144 0 262144 524288 786432 5242880
GPU_POST_SAMPLE 5 1048576 2359296 262144 0 0 0 524288 786432 4980736
GPU_POST_SAMPLE 6 1310720 2359296 262144 262144 0 0 786432 786432 5767168
GPU_POST_SAMPLE 7 1048576 2359296 262144 0 262144 0 524288 786432 5242880
GPU_POST_SAMPLE 8 1048576 2097152 0 262144 0 262144 262144 1048576 4980736
GPU_POST_SAMPLE 9 1310720 2097152 262144 0 262144 0 786432 786432 5505024
GPU_POST_SAMPLE 10 1048576 2883584 0 262144 0 0 524288 786432 5505024
GPU_POST_SAMPLE 11 1310720 2359296 0 0 262144 0 524288 786432 5242880
GPU_POST_SAMPLE 12 1048576 1835008 2621440 262144 0 0 786432 786432 7340032
GPU_POST_SAMPLE 13 1310720 2097152 262144 0 262144 0 524288 524288 4980736
GPU_POST_SAMPLE 14 1310720 2097152 0 0 0 262144 524288 786432 4980736
GPU_POST_SAMPLE 15 1572864 3932160 1835008 262144 262144 0 524288 786432 9175040
GPU_POST_SAMPLE 16 1048576 2097152 262144 262144 0 262144 262144 786432 4980736
GPU_POST_SAMPLE 17 1048576 2883584 0 262144 0 262144 524288 786432 5767168
GPU_POST_SAMPLE 18 1048576 2359296 0 262144 2097152 0 786432 786432 7340032
GPU_POST_SAMPLE 19 1048576 2359296 0 262144 262144 0 262144 1048576 5242880
GPU_POST_SAMPLE 20 1310720 2359296 0 262144 0 262144 262144 1048576 5505024
GPU_POST_SAMPLE 21 1048576 1835008 262144 262144 0 0 524288 786432 4718592
GPU_POST_SAMPLE 22 1310720 2359296 0 262144 0 262144 524288 786432 5505024
GPU_POST_SAMPLE 23 1310720 2097152 262144 0 262144 0 524288 786432 5242880
GPU_POST_SAMPLE 24 1310720 2097152 0 262144 0 262144 524288 786432 5242880
GPU_POST_SAMPLE 25 1048576 2097152 0 262144 262144 0 524288 786432 4980736
GPU_POST_SAMPLE 26 1048576 3145728 2883584 262144 262144 0 524288 1048576 9175040
GPU_POST_SAMPLE 27 1310720 2621440 0 262144 0 262144 262144 1048576 5767168
GPU_POST_SAMPLE 28 1048576 2097152 0 262144 0 262144 524288 786432 4980736
GPU_POST_SAMPLE 29 1048576 2359296 0 262144 0 0 524288 786432 4980736
GPU_POST_SAMPLE 30 1048576 2097152 262144 262144 0 0 524288 786432 4980736
GPU_POST_SAMPLE 31 1048576 2097152 262144 0 262144 0 786432 524288 4980736
GPU_POST_SAMPLE 32 2359296 2621440 262144 262144 0 262144 262144 1048576 7077888
GPU_POST_SAMPLE 33 1310720 2097152 262144 0 262144 0 524288 786432 5242880
GPU_POST_SAMPLE 34 1310720 2097152 262144 0 262144 0 524288 786432 5242880
GPU_POST_SAMPLE 35 1048576 1835008 262144 262144 0 0 524288 786432 4718592
GPU_POST_SAMPLE 36 1310720 1835008 1835008 262144 0 0 786432 786432 6815744
GPU_POST_SAMPLE 37 2097152 2359296 0 262144 0 262144 524288 786432 6291456
GPU_POST_SAMPLE 38 1048576 2621440 6553600 262144 262144 0 786432 1048576 12582912
GPU_POST_SAMPLE 39 1048576 1835008 262144 262144 0 0 524288 786432 4718592
GPU_POST_SAMPLE 40 1048576 2097152 262144 0 262144 0 524288 786432 4980736
GPU_POST_SAMPLE 41 1048576 2097152 262144 0 262144 0 524288 786432 4980736
GPU_POST_SAMPLE 42 1048576 2097152 262144 0 0 0 786432 524288 4718592
GPU_POST_SAMPLE 43 1048576 2097152 1835008 262144 0 0 786432 524288 6553600
GPU_POST_SAMPLE 44 1048576 2359296 262144 0 262144 0 524288 786432 5242880
GPU_POST_SAMPLE 45 1048576 2097152 262144 262144 0 0 524288 786432 4980736
GPU_POST_SAMPLE 46 1048576 2359296 262144 1048576 7864320 262144 524288 786432 14155776
GPU_POST_SAMPLE 47 1572864 2097152 262144 0 0 0 786432 1048576 5767168
GPU_POST_SAMPLE 48 1048576 1835008 0 262144 0 262144 524288 3932160 7864320
GPU_POST_SAMPLE 49 1048576 1835008 0 0 262144 0 786432 524288 4456448
GPU_POST_SAMPLE 50 2621440 6029312 2883584 262144 262144 262144 1310720 6291456 19922944
GPU_POST_SAMPLE 51 1048576 1835008 0 0 0 262144 524288 524288 4194304
GPU_POST_SAMPLE 52 1048576 1835008 262144 0 262144 0 262144 2883584 6553600
GPU_POST_SAMPLE 53 1310720 2883584 262144 0 0 262144 524288 786432 6029312
GPU_POST_SAMPLE 54 1048576 1835008 262144 262144 0 262144 262144 786432 4718592
GPU_POST_SAMPLE 55 1310720 2097152 0 0 0 262144 786432 4718592 9175040
GPU_POST_SAMPLE 56 1048576 2359296 0 0 262144 0 524288 786432 4980736
GPU_POST_SAMPLE 57 1048576 2097152 262144 0 262144 0 262144 786432 4718592
GPU_POST_SAMPLE 58 1048576 2097152 262144 0 262144 0 262144 3145728 7077888
GPU_POST_SAMPLE 59 3670016 2359296 0 262144 0 262144 524288 786432 7864320
GPU_POST_SAMPLE 60 1048576 2359296 0 0 262144 0 524288 786432 4980736
GPU_POST_SAMPLE 61 2097152 2359296 0 262144 0 0 524288 786432 6029312
GPU_POST_SAMPLE 62 1048576 2883584 262144 0 0 0 786432 524288 5505024
GPU_POST_SAMPLE 63 1048576 2097152 262144 0 262144 0 262144 1048576 4980736
GPU_POST_SAMPLE 64 1048576 2097152 2621440 262144 0 262144 524288 786432 7602176
GPU_POST_SAMPLE 65 2359296 3670016 262144 262144 0 0 524288 786432 7864320
GPU_POST_SAMPLE 66 1048576 2097152 262144 0 262144 0 262144 1048576 4980736
GPU_POST_SAMPLE 67 1048576 2359296 262144 0 262144 0 524288 786432 5242880
GPU_POST_SAMPLE 68 1048576 2097152 2883584 262144 262144 262144 262144 1048576 8126464
GPU_POST_SAMPLE 69 1572864 2359296 262144 0 0 0 786432 524288 5505024
GPU_POST_SAMPLE 70 1048576 2097152 0 262144 262144 0 262144 1048576 4980736
GPU_POST_SAMPLE 71 1310720 2097152 262144 0 262144 0 524288 524288 4980736
GPU_POST_SAMPLE 72 1048576 2097152 0 262144 0 0 786432 524288 4718592
GPU_POST_SAMPLE 73 1048576 2097152 262144 0 262144 0 262144 1048576 4980736
GPU_POST_SAMPLE 74 1572864 2097152 262144 0 0 0 786432 524288 5242880
GPU_POST_SAMPLE 75 1048576 2097152 262144 0 262144 0 524288 786432 4980736
GPU_POST_SAMPLE 76 1048576 2097152 262144 0 0 0 524288 786432 4718592
GPU_POST_SAMPLE 77 1048576 2359296 0 0 262144 0 786432 786432 5242880
GPU_POST_SAMPLE 78 1310720 1835008 262144 262144 0 262144 262144 786432 4980736
GPU_POST_SAMPLE 79 1572864 3407872 3145728 262144 262144 0 524288 786432 9961472
GPU_POST_SAMPLE 80 1310720 3407872 262144 0 262144 262144 524288 1048576 7077888
GPU_POST_SAMPLE 81 1048576 2097152 1835008 262144 262144 0 786432 786432 7077888
GPU_POST_SAMPLE 82 1310720 2097152 0 262144 0 0 786432 524288 4980736
GPU_POST_SAMPLE 83 1310720 2883584 262144 262144 262144 0 786432 1310720 7077888
GPU_POST_SAMPLE 84 1048576 2097152 0 262144 0 262144 262144 1048576 4980736
GPU_POST_SAMPLE 85 1572864 2359296 0 262144 0 0 524288 786432 5505024
GPU_POST_SAMPLE 86 1048576 2097152 524288 0 262144 262144 1048576 1835008 7077888
GPU_POST_SAMPLE 87 1048576 2097152 0 262144 0 0 524288 786432 4718592
GPU_POST_SAMPLE 88 1048576 2097152 262144 0 0 262144 524288 524288 4718592
GPU_POST_SAMPLE 89 1310720 1835008 262144 0 262144 0 524288 786432 4980736
GPU_POST_SAMPLE 90 1572864 2097152 0 262144 0 0 786432 524288 5242880
GPU_POST_SAMPLE 91 1835008 3407872 262144 0 262144 0 524288 786432 7077888
GPU_POST_SAMPLE 92 1048576 2097152 262144 0 262144 0 262144 786432 4718592
GPU_POST_SAMPLE 93 1310720 1835008 262144 0 262144 0 524288 786432 4980736
GPU_POST_SAMPLE 94 2359296 6029312 0 262144 0 262144 262144 1048576 10223616
GPU_POST_SAMPLE 95 1048576 2097152 262144 0 0 0 786432 524288 4718592
GPU_POST_SAMPLE 96 3407872 4980736 2359296 262144 0 0 524288 786432 12320768
GPU_POST_SAMPLE 97 1310720 2097152 262144 262144 0 0 786432 524288 5242880
GPU_POST_SAMPLE 98 1310720 2097152 262144 0 262144 0 262144 1048576 5242880
GPU_POST_SAMPLE 99 1310720 2359296 262144 0 262144 0 262144 786432 5242880
GPU_POST_SAMPLE 100 1310720 1835008 262144 0 262144 0 524288 786432 4980736
GPU_POST_SAMPLE 101 1048576 3407872 262144 2097152 0 0 786432 786432 8388608
GPU_POST_SAMPLE 102 1310720 1835008 262144 0 262144 0 262144 1048576 4980736
GPU_POST_SAMPLE 103 1310720 2097152 0 262144 0 0 524288 786432 4980736
GPU_POST_SAMPLE 104 1310720 3145728 0 262144 0 0 524288 786432 6029312
GPU_POST_SAMPLE 105 1310720 2359296 0 0 0 262144 524288 786432 5242880
GPU_POST_SAMPLE 106 1048576 2097152 0 262144 262144 0 524288 786432 4980736
GPU_POST_SAMPLE 107 1310720 1835008 262144 262144 0 262144 262144 1048576 5242880
GPU_POST_SAMPLE 108 1048576 2097152 262144 0 262144 0 786432 524288 4980736
GPU_POST_SAMPLE 109 1310720 2097152 2097152 262144 0 262144 524288 786432 7340032
GPU_POST_SAMPLE 110 1048576 2097152 0 262144 0 262144 524288 786432 4980736
GPU_POST_SAMPLE 111 1310720 3145728 2359296 262144 0 0 786432 786432 8650752
GPU_POST_SAMPLE 112 1310720 2097152 0 0 262144 0 786432 524288 4980736
GPU_POST_SAMPLE 113 1048576 2097152 262144 0 0 0 524288 786432 4718592
GPU_POST_SAMPLE 114 1310720 2359296 0 262144 0 262144 524288 1048576 5767168
GPU_POST_SAMPLE 115 1048576 2097152 0 262144 262144 0 262144 1048576 4980736
GPU_POST_SAMPLE 116 1310720 1835008 262144 0 0 0 786432 524288 4718592
GPU_POST_SAMPLE 117 1572864 2621440 0 262144 0 0 524288 786432 5767168
GPU_POST_SAMPLE 118 1048576 2097152 262144 0 262144 0 524288 786432 4980736
GPU_POST_SAMPLE 119 1310720 2097152 262144 0 262144 0 524288 786432 5242880
{"seed":42,"vendor":"Microsoft Corporation","renderer":"D3D12 (Intel(R) Arc(TM) 140T GPU (16GB))","gl_version":"4.6 (Compatibility Profile) Mesa 26.2.2","gallium_path":"/root/.cache/football-mesa-build-20260913-a/install-wayland/lib/libgallium-26.2.2.so","width":1920,"height":1080,"quality":"pbr+bloom+fxaa+auto_exposure","swap_enabled":true,"swap_interval":0,"warmup_frames":30,"measured_frames":120,"in_play_frames":141,"p50_ms":20.123275,"p95_ms":25.430676,"p99_ms":34.772435,"submit_p50_ms":20.087472,"submit_p95_ms":25.394025,"finish_p50_ms":0.038626,"finish_p95_ms":0.062664,"samples_ms":[18.088859,25.071854,21.356740,21.417057,23.742528,34.772435,22.960569,25.430676,17.228333,19.789141,18.947259,20.936228,22.632697,19.410947,18.389571,23.612196,19.383531,20.481613,20.155619,19.719753,19.648236,18.380358,20.083961,20.417103,18.636112,17.781888,22.343983,19.585293,23.588738,20.186250,19.942796,19.194553,24.320090,21.801661,21.427592,19.022030,24.036087,23.691510,27.360630,18.275963,20.068513,24.444885,20.635218,21.002478,19.196213,18.267266,28.812222,19.783275,20.899488,18.266559,43.010492,24.566689,22.452048,23.733756,17.606941,25.647330,19.501986,18.493149,21.192450,22.477468,20.800598,22.243593,19.371628,17.191117,21.670188,21.064987,16.792505,19.346186,22.090367,19.974355,21.906971,18.541174,17.923535,17.835520,20.187011,19.497401,19.174965,18.451171,16.984212,23.587005,19.563620,22.807429,20.441974,22.836944,18.680258,22.134812,22.381047,17.244284,18.988745,18.535432,20.603744,20.123275,19.274486,19.233342,23.762455,20.451866,25.680215,25.143419,20.474792,19.423441,16.862450,22.970010,18.258406,18.958553,22.591768,20.866062,18.242885,16.339003,16.866652,20.132365,23.500362,24.452475,18.841099,18.356996,20.415463,17.051829,19.137428,19.907847,16.747582,17.805010],"submit_samples_ms":[18.048365,25.036335,21.312405,21.380554,23.690102,34.736122,22.929026,25.394025,17.194276,19.756426,18.905349,20.897799,22.596887,19.301200,18.353758,23.579122,19.341954,20.441661,20.122326,19.683547,19.609610,18.346502,20.052441,20.366007,18.601294,17.747471,22.307354,19.531676,23.510045,20.146322,19.903632,19.157687,24.276475,21.760193,21.394676,18.956544,24.001586,23.625370,27.319866,18.224965,20.030088,24.395884,20.591334,20.969266,19.157964,18.204602,28.756730,19.744625,20.838346,18.233365,42.970729,24.504092,22.418094,23.694343,17.564557,25.610934,19.459656,18.442535,21.152676,22.427579,20.759141,22.200289,19.332579,17.153654,21.633834,21.024008,16.751862,19.312202,22.056120,19.917799,21.871491,18.506407,17.882435,17.797282,20.150272,19.145449,19.135588,18.410117,16.948100,23.548976,19.493440,22.773317,20.398441,22.795705,18.645723,22.092286,22.343056,17.214015,18.945347,18.495852,20.570126,20.087472,19.233807,19.182714,23.729302,20.411124,25.643054,25.102049,20.441029,19.377632,16.825294,22.934215,18.219147,18.913985,22.557565,20.822029,18.201282,16.300391,16.830754,20.096636,23.450314,24.417127,18.793209,18.319132,20.381186,17.014521,19.092989,19.873127,16.711298,17.769513],"finish_samples_ms":[0.040494,0.035519,0.044335,0.036503,0.052426,0.036313,0.031543,0.036651,0.034057,0.032715,0.041910,0.038429,0.035810,0.109747,0.035813,0.033074,0.041577,0.039952,0.033293,0.036206,0.038626,0.033856,0.031520,0.051096,0.034818,0.034417,0.036629,0.053617,0.078693,0.039928,0.039164,0.036866,0.043615,0.041468,0.032916,0.065486,0.034501,0.066140,0.040764,0.050998,0.038425,0.049001,0.043884,0.033212,0.038249,0.062664,0.055492,0.038650,0.061142,0.033194,0.039763,0.062597,0.033954,0.039413,0.042384,0.036396,0.042330,0.050614,0.039774,0.049889,0.041457,0.043304,0.039049,0.037463,0.036354,0.040979,0.040643,0.033984,0.034247,0.056556,0.035480,0.034767,0.041100,0.038238,0.036739,0.351952,0.039377,0.041054,0.036112,0.038029,0.070180,0.034112,0.043533,0.041239,0.034535,0.042526,0.037991,0.030269,0.043398,0.039580,0.033618,0.035803,0.040679,0.050628,0.033153,0.040742,0.037161,0.041370,0.033763,0.045809,0.037156,0.035795,0.039259,0.044568,0.034203,0.044033,0.041603,0.038612,0.035898,0.035729,0.050048,0.035348,0.047890,0.037864,0.034277,0.037308,0.044439,0.034720,0.036284,0.035497]}
