MESA-EGL: warning: egl: failed to create dri2 screen
 dllPath = /usr/lib/wsl/drivers/iigd_dch.inf_amd64_3e6575b60ae27560, dllName = libigdgmm_w.so.12 
 IsWddmLinux = 1, dllWslName = /usr/lib/wsl/drivers/iigd_dch.inf_amd64_3e6575b60ae27560/libigdgmm_w.so.12  flags = 2
 dllPath = /usr/lib/wsl/drivers/iigd_dch.inf_amd64_3e6575b60ae27560, dllName = libigdgmm_w.so.12 
 IsWddmLinux = 1, dllWslName = /usr/lib/wsl/drivers/iigd_dch.inf_amd64_3e6575b60ae27560/libigdgmm_w.so.12  flags = 2
GPU_POST_SAMPLE 0 1835008 4456448 262144 0 262144 0 786432 1572864 9175040
GPU_POST_SAMPLE 1 2097152 3932160 262144 262144 0 262144 1048576 1048576 8912896
GPU_POST_SAMPLE 2 2097152 4456448 0 262144 0 262144 786432 1572864 9437184
GPU_POST_SAMPLE 3 1835008 3932160 262144 2883584 262144 0 1048576 1310720 11534336
GPU_POST_SAMPLE 4 1835008 3932160 262144 262144 0 0 1310720 1048576 8650752
GPU_POST_SAMPLE 5 2097152 4194304 2097152 262144 262144 262144 786432 1572864 11534336
GPU_POST_SAMPLE 6 1835008 3932160 0 262144 262144 0 1048576 1310720 8650752
GPU_POST_SAMPLE 7 1572864 4194304 3145728 524288 0 0 1048576 1310720 11796480
GPU_POST_SAMPLE 8 1835008 4194304 0 262144 262144 0 786432 1572864 8912896
GPU_POST_SAMPLE 9 2359296 5242880 262144 262144 0 262144 1048576 1835008 11272192
GPU_POST_SAMPLE 10 1835008 4456448 0 262144 262144 0 1048576 1572864 9437184
GPU_POST_SAMPLE 11 2621440 5505024 262144 262144 262144 2883584 1310720 1572864 14680064
GPU_POST_SAMPLE 12 2621440 4456448 0 262144 262144 0 786432 1048576 9437184
GPU_POST_SAMPLE 13 2097152 3670016 2621440 262144 262144 0 1048576 1310720 11272192
GPU_POST_SAMPLE 14 1835008 3932160 262144 262144 262144 0 1048576 1310720 8912896
GPU_POST_SAMPLE 15 1835008 6553600 262144 262144 262144 0 786432 1572864 11534336
GPU_POST_SAMPLE 16 1572864 4456448 0 0 262144 0 786432 1835008 8912896
GPU_POST_SAMPLE 17 1835008 4194304 262144 262144 262144 0 786432 1572864 9175040
GPU_POST_SAMPLE 18 1835008 4194304 262144 262144 2097152 262144 786432 1572864 11272192
GPU_POST_SAMPLE 19 2097152 5505024 262144 262144 262144 0 1048576 1835008 11272192
GPU_POST_SAMPLE 20 2097152 4194304 262144 0 262144 262144 786432 1310720 9175040
GPU_POST_SAMPLE 21 1835008 3932160 0 262144 262144 0 524288 1048576 7864320
GPU_POST_SAMPLE 22 1835008 4194304 262144 262144 262144 0 1048576 1310720 9175040
GPU_POST_SAMPLE 23 1835008 4456448 262144 262144 262144 0 786432 1572864 9437184
GPU_POST_SAMPLE 24 2097152 3932160 524288 0 0 262144 1048576 1310720 9175040
GPU_POST_SAMPLE 25 2621440 5767168 262144 262144 0 0 1048576 4718592 14680064
GPU_POST_SAMPLE 26 1835008 4456448 0 262144 262144 262144 786432 1310720 9175040
GPU_POST_SAMPLE 27 1835008 3932160 2621440 262144 262144 262144 786432 1572864 11534336
GPU_POST_SAMPLE 28 3670016 7077888 2621440 524288 0 0 1048576 1310720 16252928
GPU_POST_SAMPLE 29 1835008 3407872 262144 262144 0 262144 524288 786432 7340032
GPU_POST_SAMPLE 30 1835008 2621440 262144 0 0 0 1048576 1310720 7077888
GPU_POST_SAMPLE 31 2097152 4194304 262144 262144 262144 0 786432 786432 8650752
GPU_POST_SAMPLE 32 1835008 4456448 0 262144 262144 1835008 1048576 1310720 11010048
GPU_POST_SAMPLE 33 2621440 5505024 524288 262144 262144 0 1048576 1572864 11796480
GPU_POST_SAMPLE 34 2621440 5767168 262144 262144 262144 0 1310720 1572864 12058624
GPU_POST_SAMPLE 35 1835008 4194304 2097152 524288 0 0 1048576 1310720 11010048
GPU_POST_SAMPLE 36 1310720 2621440 262144 262144 0 0 786432 1048576 6291456
GPU_POST_SAMPLE 37 1572864 3145728 0 262144 262144 0 524288 1048576 6815744
GPU_POST_SAMPLE 38 2359296 5767168 262144 524288 262144 0 1048576 786432 11010048
GPU_POST_SAMPLE 39 1835008 3932160 262144 262144 2359296 262144 786432 1572864 11272192
GPU_POST_SAMPLE 40 2097152 5242880 262144 0 262144 0 524288 1048576 9437184
GPU_POST_SAMPLE 41 1835008 3932160 2621440 262144 0 0 1310720 1310720 11272192
GPU_POST_SAMPLE 42 2883584 4456448 262144 0 262144 0 786432 1048576 9699328
GPU_POST_SAMPLE 43 1835008 4194304 2621440 262144 262144 262144 786432 1572864 11796480
GPU_POST_SAMPLE 44 1310720 2359296 262144 262144 262144 0 524288 1048576 6029312
GPU_POST_SAMPLE 45 2097152 3932160 2621440 262144 262144 0 1048576 1310720 11534336
GPU_POST_SAMPLE 46 1572864 4194304 262144 0 262144 0 1048576 1310720 8650752
GPU_POST_SAMPLE 47 1835008 4456448 262144 262144 0 0 1048576 1572864 9437184
GPU_POST_SAMPLE 48 1835008 4194304 262144 0 0 5767168 1048576 1310720 14417920
GPU_POST_SAMPLE 49 1310720 2621440 262144 262144 0 262144 524288 1048576 6291456
GPU_POST_SAMPLE 50 1835008 3932160 2359296 0 262144 0 1048576 1572864 11010048
GPU_POST_SAMPLE 51 2359296 4194304 0 262144 0 0 786432 1048576 8650752
GPU_POST_SAMPLE 52 1835008 4194304 2097152 262144 262144 0 1048576 1310720 11010048
GPU_POST_SAMPLE 53 2621440 6029312 262144 262144 0 0 786432 1048576 11010048
GPU_POST_SAMPLE 54 2097152 5505024 0 262144 262144 262144 786432 1835008 11010048
GPU_POST_SAMPLE 55 2097152 3932160 524288 0 262144 0 786432 1048576 8650752
GPU_POST_SAMPLE 56 1835008 4194304 262144 262144 0 0 1048576 1310720 8912896
GPU_POST_SAMPLE 57 1835008 4194304 524288 262144 0 0 1048576 1310720 9175040
GPU_POST_SAMPLE 58 1835008 3932160 262144 262144 0 0 1048576 4456448 11796480
GPU_POST_SAMPLE 59 1835008 4194304 0 262144 262144 262144 786432 1572864 9175040
GPU_POST_SAMPLE 60 2097152 3670016 2359296 262144 262144 262144 786432 1572864 11272192
GPU_POST_SAMPLE 61 2097152 5767168 0 262144 262144 262144 1048576 1572864 11272192
GPU_POST_SAMPLE 62 2097152 5242880 262144 262144 0 262144 1048576 1572864 10747904
GPU_POST_SAMPLE 63 1835008 5767168 262144 262144 0 262144 786432 1572864 10747904
GPU_POST_SAMPLE 64 1835008 3932160 3145728 262144 262144 0 1048576 1310720 11796480
GPU_POST_SAMPLE 65 2621440 5767168 262144 262144 262144 0 1048576 4718592 14942208
GPU_POST_SAMPLE 66 1835008 3932160 262144 0 262144 0 1048576 1310720 8650752
GPU_POST_SAMPLE 67 2621440 5505024 2883584 262144 262144 0 1048576 1310720 13893632
GPU_POST_SAMPLE 68 2621440 6029312 262144 0 262144 0 1048576 1835008 12058624
GPU_POST_SAMPLE 69 1572864 4194304 262144 262144 262144 0 786432 1572864 8912896
GPU_POST_SAMPLE 70 1835008 4194304 262144 0 262144 262144 786432 3670016 11272192
GPU_POST_SAMPLE 71 1835008 4194304 262144 0 262144 262144 786432 1572864 9175040
GPU_POST_SAMPLE 72 2097152 3932160 1835008 0 262144 262144 786432 1572864 10747904
GPU_POST_SAMPLE 73 1835008 3932160 262144 262144 262144 0 786432 1310720 8650752
GPU_POST_SAMPLE 74 2359296 3670016 3145728 0 262144 262144 786432 1572864 12058624
GPU_POST_SAMPLE 75 2883584 5767168 262144 0 1572864 0 1048576 3145728 14680064
GPU_POST_SAMPLE 76 2883584 5767168 262144 0 262144 262144 1048576 1572864 12058624
GPU_POST_SAMPLE 77 2097152 3932160 262144 262144 262144 262144 786432 1310720 9175040
GPU_POST_SAMPLE 78 1835008 3932160 2097152 262144 0 262144 1048576 1310720 10747904
GPU_POST_SAMPLE 79 2359296 3932160 262144 262144 262144 0 524288 1048576 8650752
GPU_POST_SAMPLE 80 1835008 3145728 2097152 0 262144 262144 786432 1572864 9961472
GPU_POST_SAMPLE 81 1310720 2359296 262144 262144 262144 0 524288 1048576 6029312
GPU_POST_SAMPLE 82 2359296 4456448 3407872 262144 262144 262144 524288 1048576 12582912
GPU_POST_SAMPLE 83 1310720 2621440 262144 0 262144 262144 524288 786432 6029312
GPU_POST_SAMPLE 84 1835008 8126464 262144 262144 0 0 786432 1048576 12320768
GPU_POST_SAMPLE 85 1310720 2621440 262144 262144 0 262144 524288 1310720 6553600
GPU_POST_SAMPLE 86 1835008 6553600 0 262144 0 262144 786432 1048576 10747904
GPU_POST_SAMPLE 87 1310720 2359296 262144 262144 262144 0 524288 1048576 6029312
GPU_POST_SAMPLE 88 1572864 2883584 2883584 262144 0 0 1310720 1310720 10223616
GPU_POST_SAMPLE 89 1572864 2359296 262144 0 262144 0 786432 1048576 6291456
GPU_POST_SAMPLE 90 2621440 5505024 2883584 262144 262144 0 786432 1310720 13631488
GPU_POST_SAMPLE 91 1572864 2883584 0 262144 262144 0 524288 1048576 6553600
GPU_POST_SAMPLE 92 1572864 2359296 262144 262144 1572864 262144 524288 1048576 7864320
GPU_POST_SAMPLE 93 1310720 3145728 262144 262144 0 262144 524288 1048576 6815744
GPU_POST_SAMPLE 94 1310720 2621440 262144 262144 0 0 786432 786432 6029312
GPU_POST_SAMPLE 95 1310720 3932160 0 262144 262144 0 1048576 1572864 8388608
GPU_POST_SAMPLE 96 2621440 5767168 262144 262144 0 0 1310720 4456448 14680064
GPU_POST_SAMPLE 97 1835008 3670016 262144 0 0 0 786432 1048576 7602176
GPU_POST_SAMPLE 98 2097152 3145728 262144 262144 262144 262144 786432 3670016 10747904
GPU_POST_SAMPLE 99 2621440 4194304 262144 262144 262144 0 524288 1048576 9175040
GPU_POST_SAMPLE 100 1572864 2883584 0 2359296 0 262144 786432 1572864 9437184
GPU_POST_SAMPLE 101 1310720 2359296 262144 262144 262144 0 524288 1048576 6029312
GPU_POST_SAMPLE 102 2097152 3145728 262144 262144 0 0 786432 1048576 7602176
GPU_POST_SAMPLE 103 2621440 3145728 0 262144 0 262144 524288 1048576 7864320
GPU_POST_SAMPLE 104 2097152 2621440 262144 262144 262144 0 786432 4194304 10485760
GPU_POST_SAMPLE 105 1572864 3145728 0 262144 0 262144 524288 1048576 6815744
GPU_POST_SAMPLE 106 2097152 2621440 262144 262144 0 0 786432 1048576 7077888
GPU_POST_SAMPLE 107 2621440 4980736 262144 262144 0 0 786432 1048576 9961472
GPU_POST_SAMPLE 108 1572864 2621440 262144 262144 0 262144 524288 1048576 6553600
GPU_POST_SAMPLE 109 1310720 4456448 0 262144 262144 0 1048576 1572864 8912896
GPU_POST_SAMPLE 110 2359296 4718592 262144 262144 0 262144 524288 1048576 9437184
GPU_POST_SAMPLE 111 1835008 4194304 262144 262144 262144 0 1048576 1310720 9175040
GPU_POST_SAMPLE 112 2621440 4456448 0 262144 524288 2621440 1048576 1835008 13369344
GPU_POST_SAMPLE 113 1310720 2621440 262144 0 262144 0 524288 1048576 6029312
GPU_POST_SAMPLE 114 2359296 5505024 262144 262144 262144 2621440 1310720 1572864 14155776
GPU_POST_SAMPLE 115 2883584 5767168 524288 0 262144 0 1048576 1048576 11534336
GPU_POST_SAMPLE 116 2883584 5242880 262144 0 0 262144 786432 1048576 10485760
GPU_POST_SAMPLE 117 1572864 2621440 262144 0 0 262144 786432 786432 6291456
GPU_POST_SAMPLE 118 1572864 2621440 1835008 262144 262144 0 786432 786432 8126464
GPU_POST_SAMPLE 119 1572864 3145728 262144 0 262144 0 786432 1048576 7077888
{"seed":42,"vendor":"Microsoft Corporation","renderer":"D3D12 (Intel(R) Arc(TM) 140T GPU (16GB))","gl_version":"4.6 (Compatibility Profile) Mesa 26.2.2","gallium_path":"/root/.cache/football-mesa-build-20260913-a/install-wayland/lib/libgallium-26.2.2.so","width":1920,"height":1080,"quality":"pbr+bloom+fxaa+auto_exposure","swap_enabled":true,"swap_interval":0,"warmup_frames":30,"measured_frames":120,"in_play_frames":141,"p50_ms":24.036073,"p95_ms":28.673097,"p99_ms":29.083175,"submit_p50_ms":24.000980,"submit_p95_ms":28.636226,"finish_p50_ms":0.036303,"finish_p95_ms":0.049608,"samples_ms":[21.459470,26.195922,24.571226,25.606421,23.478107,25.167756,23.027455,26.114595,25.788751,27.515403,23.290775,27.881408,22.551197,25.114925,23.220267,25.438662,26.360098,23.230787,25.305100,28.234641,21.654101,23.456147,22.199665,25.062292,22.334336,28.057372,23.657919,26.303234,29.007280,21.470973,22.079833,22.906158,24.036073,28.673097,25.842180,24.759787,19.300071,23.196037,24.804939,25.140283,23.294797,25.502909,22.489517,25.845495,20.016732,26.662010,24.000647,22.933502,28.824658,18.976351,24.379357,23.583021,23.587123,24.407959,29.481686,23.112546,24.875811,24.660120,25.122044,23.546506,24.751502,27.274962,27.105575,26.270516,28.032888,28.433783,22.308648,27.170427,26.604671,22.377868,24.470689,23.193629,24.343837,22.187999,27.223710,27.302039,29.083175,25.502296,25.145419,22.415313,22.825185,21.694877,28.504396,21.635899,25.400087,20.706089,24.069447,19.519127,23.141067,19.701401,28.632015,19.627858,21.760584,22.224644,20.288556,21.175194,29.065190,22.574743,25.347321,22.734745,23.007490,20.067933,24.160099,23.597754,25.202359,20.255812,22.459689,23.594968,20.809830,22.080968,24.834802,22.941236,27.237901,18.568336,28.778168,27.548736,24.908456,19.704443,21.589491,21.044055],"submit_samples_ms":[21.426223,26.161481,24.531376,25.571412,23.370382,25.133949,22.991152,26.074560,25.755203,27.478229,23.251091,27.849063,22.510039,25.080754,23.186109,25.402304,26.325845,23.192827,25.270144,28.200437,21.616170,23.418510,22.162906,25.029525,22.296773,28.023942,23.609958,26.261131,28.975016,21.432192,22.047138,22.867440,24.000980,28.636226,25.802323,24.725144,19.253857,23.161919,24.762621,25.106548,23.258149,25.468336,22.453078,25.794851,19.981543,26.615741,23.967114,22.894785,28.791396,18.937135,24.345355,23.542867,23.552915,24.358402,29.446375,23.077313,24.839331,24.616680,25.087604,23.498302,24.712881,27.237208,27.049963,26.221845,27.990898,28.399519,22.263647,27.135753,26.570173,22.340886,24.437213,23.151535,24.307566,22.149589,27.190824,27.266237,29.049842,25.458591,25.109660,22.378106,22.791498,21.655839,28.457530,21.600196,25.362346,20.670929,24.031468,19.482048,23.107388,19.659429,28.597202,19.588455,21.725930,22.179364,20.252637,21.140595,29.029948,22.531432,25.313481,22.695348,22.971820,20.029437,24.124275,23.494257,25.152751,20.216127,22.425688,23.556378,20.775843,22.047126,24.800651,22.905033,27.204538,18.532825,28.744547,27.511451,24.872275,19.651646,21.556855,20.986521],"finish_samples_ms":[0.033247,0.034441,0.039850,0.035009,0.107725,0.033807,0.036303,0.040035,0.033548,0.037174,0.039684,0.032345,0.041158,0.034171,0.034158,0.036358,0.034253,0.037960,0.034956,0.034204,0.037931,0.037637,0.036759,0.032767,0.037563,0.033430,0.047961,0.042103,0.032264,0.038781,0.032695,0.038718,0.035093,0.036871,0.039857,0.034643,0.046214,0.034118,0.042318,0.033735,0.036648,0.034573,0.036439,0.050644,0.035189,0.046269,0.033533,0.038717,0.033262,0.039216,0.034002,0.040154,0.034208,0.049557,0.035311,0.035233,0.036480,0.043440,0.034440,0.048204,0.038621,0.037754,0.055612,0.048671,0.041990,0.034264,0.045001,0.034674,0.034498,0.036982,0.033476,0.042094,0.036271,0.038410,0.032886,0.035802,0.033333,0.043705,0.035759,0.037207,0.033687,0.039038,0.046866,0.035703,0.037741,0.035160,0.037979,0.037079,0.033679,0.041972,0.034813,0.039403,0.034654,0.045280,0.035919,0.034599,0.035242,0.043311,0.033840,0.039397,0.035670,0.038496,0.035824,0.103497,0.049608,0.039685,0.034001,0.038590,0.033987,0.033842,0.034151,0.036203,0.033363,0.035511,0.033621,0.037285,0.036181,0.052797,0.032636,0.057534]}
