MESA-EGL: warning: egl: failed to create dri2 screen
 dllPath = /usr/lib/wsl/drivers/iigd_dch.inf_amd64_3e6575b60ae27560, dllName = libigdgmm_w.so.12 
 IsWddmLinux = 1, dllWslName = /usr/lib/wsl/drivers/iigd_dch.inf_amd64_3e6575b60ae27560/libigdgmm_w.so.12  flags = 2
 dllPath = /usr/lib/wsl/drivers/iigd_dch.inf_amd64_3e6575b60ae27560, dllName = libigdgmm_w.so.12 
 IsWddmLinux = 1, dllWslName = /usr/lib/wsl/drivers/iigd_dch.inf_amd64_3e6575b60ae27560/libigdgmm_w.so.12  flags = 2
GPU_POST_SAMPLE 0 1310720 1835008 262144 0 262144 0 262144 1048576 4980736
GPU_POST_SAMPLE 1 1310720 2097152 0 262144 262144 0 524288 786432 5242880
GPU_POST_SAMPLE 2 1310720 2097152 0 0 0 262144 524288 786432 4980736
GPU_POST_SAMPLE 3 1572864 2883584 0 262144 0 0 524288 786432 6029312
GPU_POST_SAMPLE 4 1310720 5505024 2883584 524288 0 0 1048576 2097152 13369344
GPU_POST_SAMPLE 5 1048576 1835008 262144 262144 0 0 524288 786432 4718592
GPU_POST_SAMPLE 6 1310720 2621440 262144 262144 0 262144 262144 4456448 9437184
GPU_POST_SAMPLE 7 1048576 2621440 262144 262144 0 0 524288 786432 5505024
GPU_POST_SAMPLE 8 1310720 2097152 0 0 262144 0 786432 524288 4980736
GPU_POST_SAMPLE 9 1048576 2359296 0 262144 262144 0 524288 786432 5242880
GPU_POST_SAMPLE 10 1048576 2359296 0 0 0 262144 524288 786432 4980736
GPU_POST_SAMPLE 11 1048576 2097152 262144 0 262144 0 524288 524288 4718592
GPU_POST_SAMPLE 12 1048576 1835008 2359296 262144 0 262144 262144 1048576 7077888
GPU_POST_SAMPLE 13 7340032 13893632 2621440 262144 262144 0 524288 786432 25690112
GPU_POST_SAMPLE 14 786432 1835008 262144 0 262144 0 262144 786432 4194304
GPU_POST_SAMPLE 15 2097152 1835008 0 262144 0 0 262144 786432 5242880
GPU_POST_SAMPLE 16 1310720 3932160 3407872 524288 262144 262144 1048576 1572864 12320768
GPU_POST_SAMPLE 17 1835008 2621440 262144 262144 0 0 524288 524288 6029312
GPU_POST_SAMPLE 18 1048576 2097152 262144 0 0 0 786432 524288 4718592
GPU_POST_SAMPLE 19 7340032 6553600 0 262144 0 262144 524288 786432 15728640
GPU_POST_SAMPLE 20 1048576 2097152 0 262144 262144 0 262144 786432 4718592
GPU_POST_SAMPLE 21 1048576 2621440 2883584 262144 0 262144 524288 786432 8388608
GPU_POST_SAMPLE 22 1835008 2621440 262144 262144 262144 0 524288 786432 6553600
GPU_POST_SAMPLE 23 1310720 2097152 0 262144 262144 0 524288 786432 5242880
GPU_POST_SAMPLE 24 1310720 2359296 262144 0 262144 0 262144 1048576 5505024
GPU_POST_SAMPLE 25 1572864 3670016 262144 262144 0 262144 262144 786432 7077888
GPU_POST_SAMPLE 26 1310720 2097152 0 0 262144 0 786432 786432 5242880
GPU_POST_SAMPLE 27 1572864 2359296 262144 0 262144 0 524288 524288 5505024
GPU_POST_SAMPLE 28 1048576 2359296 0 0 262144 0 786432 786432 5242880
GPU_POST_SAMPLE 29 1310720 1835008 2097152 262144 0 0 786432 1048576 7340032
GPU_POST_SAMPLE 30 1310720 2097152 262144 0 0 0 786432 524288 4980736
GPU_POST_SAMPLE 31 1048576 2883584 0 262144 262144 262144 786432 1572864 7077888
GPU_POST_SAMPLE 32 1310720 2097152 262144 0 262144 0 524288 786432 5242880
GPU_POST_SAMPLE 33 2883584 2097152 262144 0 262144 0 524288 786432 6815744
GPU_POST_SAMPLE 34 2097152 2097152 262144 0 0 0 786432 524288 5767168
GPU_POST_SAMPLE 35 1048576 3932160 262144 0 262144 262144 524288 786432 7077888
GPU_POST_SAMPLE 36 1048576 2097152 262144 0 262144 0 524288 786432 4980736
GPU_POST_SAMPLE 37 1310720 1835008 262144 0 262144 0 524288 786432 4980736
GPU_POST_SAMPLE 38 1310720 2097152 0 262144 0 0 786432 524288 4980736
GPU_POST_SAMPLE 39 1310720 2097152 3407872 262144 262144 262144 1310720 786432 9699328
GPU_POST_SAMPLE 40 1048576 2359296 0 0 0 262144 524288 786432 4980736
GPU_POST_SAMPLE 41 1310720 2097152 0 262144 0 0 524288 786432 4980736
GPU_POST_SAMPLE 42 1310720 1835008 262144 262144 0 0 524288 786432 4980736
GPU_POST_SAMPLE 43 1310720 1835008 262144 0 262144 0 262144 786432 4718592
GPU_POST_SAMPLE 44 1310720 2359296 0 262144 0 0 524288 786432 5242880
GPU_POST_SAMPLE 45 1048576 2097152 262144 262144 0 0 524288 786432 4980736
GPU_POST_SAMPLE 46 1310720 2097152 0 262144 0 262144 524288 786432 5242880
GPU_POST_SAMPLE 47 1048576 2097152 0 1835008 262144 0 524288 786432 6553600
GPU_POST_SAMPLE 48 1048576 2097152 262144 0 262144 0 524288 1048576 5242880
GPU_POST_SAMPLE 49 1835008 1835008 262144 0 262144 0 524288 1048576 5767168
GPU_POST_SAMPLE 50 1310720 1835008 262144 262144 0 262144 262144 786432 4980736
GPU_POST_SAMPLE 51 2359296 6029312 262144 0 262144 0 262144 1048576 10223616
GPU_POST_SAMPLE 52 1310720 2097152 0 262144 0 0 524288 786432 4980736
GPU_POST_SAMPLE 53 1835008 1835008 262144 262144 0 262144 262144 1048576 5767168
GPU_POST_SAMPLE 54 1310720 1835008 3932160 0 262144 0 786432 524288 8650752
GPU_POST_SAMPLE 55 1048576 3407872 0 0 262144 0 524288 786432 6029312
GPU_POST_SAMPLE 56 1048576 2097152 0 262144 262144 0 524288 786432 4980736
GPU_POST_SAMPLE 57 1310720 1835008 262144 0 262144 0 524288 786432 4980736
GPU_POST_SAMPLE 58 1310720 1835008 262144 0 262144 0 524288 786432 4980736
GPU_POST_SAMPLE 59 1048576 2097152 262144 0 262144 0 524288 786432 4980736
GPU_POST_SAMPLE 60 1835008 4456448 262144 262144 0 262144 786432 2621440 10485760
GPU_POST_SAMPLE 61 2359296 2097152 262144 0 262144 0 262144 786432 6029312
GPU_POST_SAMPLE 62 1048576 2359296 0 0 0 262144 524288 786432 4980736
GPU_POST_SAMPLE 63 1310720 1835008 0 262144 0 262144 524288 786432 4980736
GPU_POST_SAMPLE 64 1310720 1835008 3145728 0 0 262144 524288 786432 7864320
GPU_POST_SAMPLE 65 1310720 2883584 262144 262144 0 0 524288 524288 5767168
GPU_POST_SAMPLE 66 2359296 2359296 262144 0 2621440 0 524288 786432 8912896
GPU_POST_SAMPLE 67 1048576 2359296 0 0 262144 0 524288 786432 4980736
GPU_POST_SAMPLE 68 1310720 2097152 262144 0 262144 0 524288 786432 5242880
GPU_POST_SAMPLE 69 2097152 2097152 0 0 262144 0 524288 786432 5767168
GPU_POST_SAMPLE 70 1310720 4194304 262144 262144 0 0 524288 786432 7340032
GPU_POST_SAMPLE 71 1310720 2097152 262144 0 0 0 786432 524288 4980736
GPU_POST_SAMPLE 72 1310720 1835008 262144 0 262144 0 524288 524288 4718592
GPU_POST_SAMPLE 73 1310720 1835008 262144 0 262144 0 786432 524288 4980736
GPU_POST_SAMPLE 74 1310720 2097152 0 262144 0 0 524288 2097152 6291456
GPU_POST_SAMPLE 75 1310720 2097152 262144 0 262144 0 524288 786432 5242880
GPU_POST_SAMPLE 76 1048576 2097152 0 262144 262144 0 262144 1048576 4980736
GPU_POST_SAMPLE 77 1310720 2621440 262144 262144 0 0 524288 786432 5767168
GPU_POST_SAMPLE 78 2097152 4980736 262144 0 262144 0 524288 524288 8650752
GPU_POST_SAMPLE 79 1310720 1835008 262144 0 262144 0 524288 786432 4980736
GPU_POST_SAMPLE 80 1310720 3145728 262144 0 262144 0 524288 786432 6291456
GPU_POST_SAMPLE 81 1310720 5242880 262144 262144 0 0 524288 786432 8388608
GPU_POST_SAMPLE 82 1310720 2621440 0 0 0 262144 524288 786432 5505024
GPU_POST_SAMPLE 83 1310720 1835008 0 262144 262144 0 262144 1048576 4980736
GPU_POST_SAMPLE 84 1310720 8388608 262144 0 262144 0 524288 786432 11534336
GPU_POST_SAMPLE 85 2621440 2359296 262144 0 0 0 786432 3145728 9175040
GPU_POST_SAMPLE 86 1310720 2359296 262144 0 262144 0 786432 524288 5505024
GPU_POST_SAMPLE 87 1310720 1835008 262144 0 262144 0 524288 786432 4980736
GPU_POST_SAMPLE 88 1310720 1835008 262144 262144 0 0 524288 786432 4980736
GPU_POST_SAMPLE 89 1310720 3145728 2097152 262144 262144 0 524288 1048576 8650752
GPU_POST_SAMPLE 90 1572864 2621440 0 0 262144 0 786432 524288 5767168
GPU_POST_SAMPLE 91 1310720 2883584 0 262144 0 262144 786432 3670016 9175040
GPU_POST_SAMPLE 92 2097152 2621440 262144 0 262144 0 524288 786432 6553600
GPU_POST_SAMPLE 93 2097152 1835008 262144 262144 0 0 524288 2883584 7864320
GPU_POST_SAMPLE 94 1310720 2097152 262144 0 262144 0 524288 786432 5242880
GPU_POST_SAMPLE 95 1310720 1835008 262144 0 262144 0 524288 786432 4980736
GPU_POST_SAMPLE 96 1310720 2621440 262144 0 262144 0 262144 786432 5505024
GPU_POST_SAMPLE 97 1048576 2621440 0 262144 0 0 524288 786432 5242880
GPU_POST_SAMPLE 98 1048576 2097152 262144 262144 0 0 524288 786432 4980736
GPU_POST_SAMPLE 99 1310720 1835008 262144 262144 0 0 524288 786432 4980736
GPU_POST_SAMPLE 100 1048576 2097152 262144 0 0 262144 524288 786432 4980736
GPU_POST_SAMPLE 101 1310720 4194304 262144 262144 0 0 524288 786432 7340032
GPU_POST_SAMPLE 102 1310720 2097152 262144 0 262144 0 524288 786432 5242880
GPU_POST_SAMPLE 103 1048576 2359296 0 0 262144 0 524288 786432 4980736
GPU_POST_SAMPLE 104 1048576 1835008 262144 262144 0 0 524288 786432 4718592
GPU_POST_SAMPLE 105 1310720 2097152 0 262144 0 0 786432 524288 4980736
GPU_POST_SAMPLE 106 1310720 2621440 262144 0 262144 0 524288 786432 5767168
GPU_POST_SAMPLE 107 1310720 2359296 0 0 262144 0 524288 786432 5242880
GPU_POST_SAMPLE 108 1310720 1835008 262144 262144 0 0 524288 524288 4718592
GPU_POST_SAMPLE 109 1310720 3932160 0 262144 262144 0 524288 786432 7077888
GPU_POST_SAMPLE 110 1835008 2359296 0 262144 0 0 786432 524288 5767168
GPU_POST_SAMPLE 111 1048576 2621440 262144 262144 0 262144 524288 786432 5767168
GPU_POST_SAMPLE 112 1048576 2359296 0 262144 0 262144 524288 786432 5242880
GPU_POST_SAMPLE 113 1310720 1835008 0 262144 262144 0 524288 786432 4980736
GPU_POST_SAMPLE 114 1310720 1835008 262144 262144 0 0 524288 2883584 7077888
GPU_POST_SAMPLE 115 2359296 2359296 0 262144 262144 0 524288 786432 6553600
GPU_POST_SAMPLE 116 1048576 2097152 0 262144 0 0 786432 524288 4718592
GPU_POST_SAMPLE 117 1310720 2359296 0 262144 262144 0 786432 786432 5767168
GPU_POST_SAMPLE 118 2097152 4718592 2621440 262144 0 262144 262144 1048576 11272192
GPU_POST_SAMPLE 119 1572864 2097152 262144 0 262144 0 524288 786432 5505024
{"seed":43,"vendor":"Microsoft Corporation","renderer":"D3D12 (Intel(R) Arc(TM) 140T GPU (16GB))","gl_version":"4.6 (Compatibility Profile) Mesa 26.2.2","gallium_path":"/root/.cache/football-mesa-build-20260913-a/install-wayland/lib/libgallium-26.2.2.so","width":1920,"height":1080,"quality":"pbr+bloom+fxaa+auto_exposure","swap_enabled":true,"swap_interval":0,"warmup_frames":30,"measured_frames":120,"in_play_frames":150,"p50_ms":19.981103,"p95_ms":25.222925,"p99_ms":35.898890,"submit_p50_ms":19.944517,"submit_p95_ms":25.183710,"finish_p50_ms":0.034651,"finish_p95_ms":0.046132,"samples_ms":[21.404333,21.939004,21.212491,22.333056,28.835395,17.022968,24.488606,22.845982,18.152120,23.599516,19.573649,22.704571,26.943357,39.964023,23.997528,19.008962,27.882566,19.969676,21.664126,35.898890,18.853132,25.014978,19.087145,20.046029,22.250053,21.903983,18.652994,21.421534,20.955075,21.465388,19.509595,24.046086,18.696485,20.915328,20.489973,19.948389,18.010326,18.035353,19.423330,22.668776,17.474576,17.566963,20.085337,16.942936,19.398125,19.439319,19.180474,20.197104,18.430116,20.845956,17.382600,23.093135,18.643026,19.689943,21.069097,20.340372,20.407980,17.658082,20.407828,19.102551,22.315743,21.315678,17.793157,17.764508,22.050209,21.084459,23.395026,18.500766,19.864563,20.202413,20.672194,17.804577,17.756508,17.376443,18.696596,21.913629,16.328411,19.797468,23.009520,18.519532,18.616271,25.191513,19.718464,18.983042,26.331015,23.236893,19.797168,19.981103,18.083084,21.317333,19.204558,25.222925,20.364004,22.921348,20.544622,18.227157,18.560082,17.263612,21.661920,18.712138,18.487209,21.305855,19.705156,18.028427,19.607659,19.462417,18.222983,18.709351,16.416262,21.077585,22.377276,20.058541,22.084867,18.982587,20.890272,19.208426,21.613932,18.124805,24.854369,17.705577],"submit_samples_ms":[21.367369,21.906459,21.179215,22.289337,28.793637,16.984942,24.447209,22.803340,18.107121,23.532176,19.525597,22.655481,26.904336,39.928750,23.960307,18.969813,27.847418,19.936963,21.620749,35.860192,18.812488,24.977645,19.034526,20.012398,22.220153,21.865458,18.620413,21.391996,20.918738,21.433796,19.472707,24.011063,18.666202,20.873332,20.458086,19.916024,17.982607,17.992650,19.390419,22.634957,17.426947,17.529726,20.052537,16.907420,19.367577,19.401279,19.144175,20.164373,18.394417,20.812289,17.348813,23.059139,18.600619,19.656691,21.035430,20.300988,20.371217,17.624309,20.377185,19.057302,22.282886,21.281749,17.752701,17.730255,22.016755,21.043107,23.361630,18.466894,19.820683,20.169116,20.638190,17.771949,17.717939,17.337602,18.664032,21.881857,16.289489,19.765632,22.977185,18.476198,18.582350,25.157104,19.678419,18.949475,26.291790,23.203900,19.768672,19.944517,18.049228,21.285095,19.151852,25.183710,20.324636,22.887438,20.509517,18.182991,18.526620,17.227812,21.624920,18.667379,18.452865,21.272672,19.661444,17.993420,19.575887,19.428799,18.176851,18.674700,16.383512,21.045177,22.336651,20.024512,22.052513,18.945997,20.856444,19.174575,21.579472,18.090924,24.809591,17.671353],"finish_samples_ms":[0.036964,0.032545,0.033276,0.043719,0.041758,0.038026,0.041397,0.042642,0.044999,0.067340,0.048052,0.049090,0.039021,0.035273,0.037221,0.039149,0.035148,0.032713,0.043377,0.038698,0.040644,0.037333,0.052619,0.033631,0.029900,0.038525,0.032581,0.029538,0.036337,0.031592,0.036888,0.035023,0.030283,0.041996,0.031887,0.032365,0.027719,0.042703,0.032911,0.033819,0.047629,0.037237,0.032800,0.035516,0.030548,0.038040,0.036299,0.032731,0.035699,0.033667,0.033787,0.033996,0.042407,0.033252,0.033667,0.039384,0.036763,0.033773,0.030643,0.045249,0.032857,0.033929,0.040456,0.034253,0.033454,0.041352,0.033396,0.033872,0.043880,0.033297,0.034004,0.032628,0.038569,0.038841,0.032564,0.031772,0.038922,0.031836,0.032335,0.043334,0.033921,0.034409,0.040045,0.033567,0.039225,0.032993,0.028496,0.036586,0.033856,0.032238,0.052706,0.039215,0.039368,0.033910,0.035105,0.044166,0.033462,0.035800,0.037000,0.044759,0.034344,0.033183,0.043712,0.035007,0.031772,0.033618,0.046132,0.034651,0.032750,0.032408,0.040625,0.034029,0.032354,0.036590,0.033828,0.033851,0.034460,0.033881,0.044778,0.034224]}
