MESA-EGL: warning: egl: failed to create dri2 screen
 dllPath = /usr/lib/wsl/drivers/iigd_dch.inf_amd64_3e6575b60ae27560, dllName = libigdgmm_w.so.12 
 IsWddmLinux = 1, dllWslName = /usr/lib/wsl/drivers/iigd_dch.inf_amd64_3e6575b60ae27560/libigdgmm_w.so.12  flags = 2
 dllPath = /usr/lib/wsl/drivers/iigd_dch.inf_amd64_3e6575b60ae27560, dllName = libigdgmm_w.so.12 
 IsWddmLinux = 1, dllWslName = /usr/lib/wsl/drivers/iigd_dch.inf_amd64_3e6575b60ae27560/libigdgmm_w.so.12  flags = 2
GPU_POST_SAMPLE 0 1310720 1835008 262144 0 0 0 786432 2883584 7077888
GPU_POST_SAMPLE 1 1310720 2359296 0 0 262144 0 524288 786432 5242880
GPU_POST_SAMPLE 2 1310720 1835008 0 262144 0 262144 524288 786432 4980736
GPU_POST_SAMPLE 3 1310720 3932160 1835008 262144 262144 0 786432 524288 8912896
GPU_POST_SAMPLE 4 1310720 2097152 262144 262144 0 262144 262144 786432 5242880
GPU_POST_SAMPLE 5 1310720 1572864 262144 262144 0 0 524288 786432 4718592
GPU_POST_SAMPLE 6 1048576 2097152 262144 0 0 262144 524288 1048576 5242880
GPU_POST_SAMPLE 7 1310720 2359296 0 0 262144 0 524288 786432 5242880
GPU_POST_SAMPLE 8 1048576 1572864 262144 262144 0 262144 262144 786432 4456448
GPU_POST_SAMPLE 9 1310720 1835008 262144 0 0 0 786432 524288 4718592
GPU_POST_SAMPLE 10 1048576 2097152 262144 262144 0 262144 524288 1048576 5505024
GPU_POST_SAMPLE 11 1310720 2359296 0 262144 0 262144 524288 786432 5505024
GPU_POST_SAMPLE 12 2097152 1835008 0 262144 262144 0 262144 1048576 5767168
GPU_POST_SAMPLE 13 1310720 1835008 0 262144 0 262144 524288 4456448 8650752
GPU_POST_SAMPLE 14 1572864 2621440 262144 262144 0 0 524288 786432 6029312
GPU_POST_SAMPLE 15 1048576 1835008 0 262144 262144 0 262144 1048576 4718592
GPU_POST_SAMPLE 16 1310720 2883584 262144 262144 262144 0 786432 786432 6553600
GPU_POST_SAMPLE 17 1048576 2097152 0 0 0 262144 524288 786432 4718592
GPU_POST_SAMPLE 18 1572864 2097152 262144 0 262144 0 524288 786432 5505024
GPU_POST_SAMPLE 19 1310720 4456448 2097152 0 262144 0 524288 786432 9437184
GPU_POST_SAMPLE 20 1310720 1835008 0 262144 0 0 786432 524288 4718592
GPU_POST_SAMPLE 21 1048576 1835008 262144 262144 0 0 524288 786432 4718592
GPU_POST_SAMPLE 22 1048576 1835008 1835008 262144 0 0 786432 524288 6291456
GPU_POST_SAMPLE 23 1048576 2097152 0 262144 0 0 524288 786432 4718592
GPU_POST_SAMPLE 24 1572864 2883584 262144 0 0 262144 524288 524288 6029312
GPU_POST_SAMPLE 25 1048576 2097152 0 0 262144 0 786432 524288 4718592
GPU_POST_SAMPLE 26 1048576 3932160 262144 524288 262144 262144 786432 524288 7602176
GPU_POST_SAMPLE 27 1310720 2097152 0 262144 0 262144 262144 1048576 5242880
GPU_POST_SAMPLE 28 1572864 2883584 262144 0 0 262144 524288 524288 6029312
GPU_POST_SAMPLE 29 1310720 2097152 0 0 262144 0 786432 2621440 7077888
GPU_POST_SAMPLE 30 1310720 2359296 262144 0 262144 0 524288 786432 5505024
GPU_POST_SAMPLE 31 1310720 1835008 262144 262144 0 0 524288 786432 4980736
GPU_POST_SAMPLE 32 1310720 2359296 262144 262144 262144 0 524288 1310720 6291456
GPU_POST_SAMPLE 33 1048576 3932160 2883584 262144 262144 0 524288 1048576 9961472
GPU_POST_SAMPLE 34 1048576 2359296 0 0 262144 0 786432 524288 4980736
GPU_POST_SAMPLE 35 1310720 2359296 262144 262144 0 0 524288 786432 5505024
GPU_POST_SAMPLE 36 1310720 1835008 0 262144 0 0 786432 524288 4718592
GPU_POST_SAMPLE 37 1310720 1835008 0 262144 0 0 786432 524288 4718592
GPU_POST_SAMPLE 38 1835008 1835008 0 262144 0 262144 524288 786432 5505024
GPU_POST_SAMPLE 39 1835008 4194304 262144 0 0 0 786432 524288 7602176
GPU_POST_SAMPLE 40 1048576 2621440 0 262144 262144 0 262144 1048576 5505024
GPU_POST_SAMPLE 41 1048576 1835008 262144 0 262144 0 524288 786432 4718592
GPU_POST_SAMPLE 42 1048576 1835008 262144 262144 0 0 524288 786432 4718592
GPU_POST_SAMPLE 43 1310720 1835008 0 262144 262144 0 262144 1048576 4980736
GPU_POST_SAMPLE 44 1048576 3932160 262144 0 262144 0 262144 786432 6553600
GPU_POST_SAMPLE 45 1048576 2097152 0 0 262144 0 524288 786432 4718592
GPU_POST_SAMPLE 46 1310720 2097152 0 0 262144 0 786432 524288 4980736
GPU_POST_SAMPLE 47 1310720 2097152 262144 0 262144 0 524288 786432 5242880
GPU_POST_SAMPLE 48 1048576 1835008 262144 0 262144 0 524288 786432 4718592
GPU_POST_SAMPLE 49 1310720 2359296 0 262144 262144 0 262144 1048576 5505024
GPU_POST_SAMPLE 50 1310720 1835008 0 262144 262144 0 2883584 786432 7340032
GPU_POST_SAMPLE 51 1310720 1835008 0 262144 0 262144 262144 786432 4718592
GPU_POST_SAMPLE 52 1572864 2097152 262144 0 0 0 786432 524288 5242880
GPU_POST_SAMPLE 53 2359296 2359296 0 0 262144 0 524288 786432 6291456
GPU_POST_SAMPLE 54 1048576 2359296 0 262144 262144 2621440 786432 786432 8126464
GPU_POST_SAMPLE 55 1572864 2097152 262144 0 262144 0 524288 786432 5505024
GPU_POST_SAMPLE 56 1310720 1835008 262144 0 262144 0 262144 1048576 4980736
GPU_POST_SAMPLE 57 1048576 2097152 0 262144 0 262144 262144 1048576 4980736
GPU_POST_SAMPLE 58 1048576 2359296 0 0 262144 0 524288 786432 4980736
GPU_POST_SAMPLE 59 1310720 1835008 262144 0 0 0 786432 524288 4718592
GPU_POST_SAMPLE 60 1572864 6553600 0 262144 0 0 786432 524288 9699328
GPU_POST_SAMPLE 61 1310720 1835008 0 262144 0 262144 262144 1048576 4980736
GPU_POST_SAMPLE 62 1048576 2097152 262144 0 0 0 524288 786432 4718592
GPU_POST_SAMPLE 63 3407872 1835008 262144 262144 0 0 524288 786432 7077888
GPU_POST_SAMPLE 64 1310720 1572864 262144 262144 0 0 524288 786432 4718592
GPU_POST_SAMPLE 65 1310720 1835008 0 262144 0 262144 262144 786432 4718592
GPU_POST_SAMPLE 66 1048576 1835008 262144 0 3145728 0 786432 786432 7864320
GPU_POST_SAMPLE 67 1310720 2359296 262144 0 262144 0 524288 786432 5505024
GPU_POST_SAMPLE 68 1048576 1835008 262144 0 262144 0 524288 786432 4718592
GPU_POST_SAMPLE 69 1048576 2359296 0 262144 262144 0 524288 1048576 5505024
GPU_POST_SAMPLE 70 1048576 1835008 262144 0 262144 0 786432 524288 4718592
GPU_POST_SAMPLE 71 1572864 2359296 0 262144 0 0 524288 786432 5505024
GPU_POST_SAMPLE 72 1310720 2621440 262144 262144 0 262144 262144 786432 5767168
GPU_POST_SAMPLE 73 1310720 2097152 262144 262144 0 262144 524288 786432 5505024
GPU_POST_SAMPLE 74 1310720 3407872 262144 0 262144 0 786432 786432 6815744
GPU_POST_SAMPLE 75 1310720 2359296 262144 0 262144 0 524288 786432 5505024
GPU_POST_SAMPLE 76 1310720 2359296 0 0 262144 0 786432 2359296 7077888
GPU_POST_SAMPLE 77 2359296 2621440 0 262144 0 262144 524288 786432 6815744
GPU_POST_SAMPLE 78 1310720 2097152 0 0 262144 0 786432 524288 4980736
GPU_POST_SAMPLE 79 1572864 2359296 262144 262144 0 0 524288 1048576 6029312
GPU_POST_SAMPLE 80 6815744 5505024 0 262144 0 0 786432 786432 14155776
GPU_POST_SAMPLE 81 1048576 2621440 0 262144 262144 0 524288 786432 5505024
GPU_POST_SAMPLE 82 1572864 2621440 262144 0 262144 0 524288 786432 6029312
GPU_POST_SAMPLE 83 1572864 2097152 262144 262144 0 262144 524288 4456448 9437184
GPU_POST_SAMPLE 84 1048576 2883584 262144 262144 0 0 786432 786432 6029312
GPU_POST_SAMPLE 85 1835008 2883584 0 262144 0 262144 524288 1048576 6815744
GPU_POST_SAMPLE 86 1572864 2359296 262144 0 262144 0 524288 1048576 6029312
GPU_POST_SAMPLE 87 1310720 2359296 262144 0 262144 0 524288 1048576 5767168
GPU_POST_SAMPLE 88 1048576 2883584 0 262144 262144 0 524288 786432 5767168
GPU_POST_SAMPLE 89 1310720 2621440 262144 262144 262144 262144 786432 1310720 7077888
GPU_POST_SAMPLE 90 1310720 2621440 0 262144 0 262144 524288 1048576 6029312
GPU_POST_SAMPLE 91 3670016 2883584 2097152 262144 262144 0 524288 1048576 10747904
GPU_POST_SAMPLE 92 1572864 2621440 0 262144 262144 0 524288 786432 6029312
GPU_POST_SAMPLE 93 2359296 2359296 0 262144 262144 0 524288 1048576 6815744
GPU_POST_SAMPLE 94 1572864 2359296 262144 0 262144 0 524288 1048576 6029312
GPU_POST_SAMPLE 95 1310720 3145728 0 0 262144 0 786432 1048576 6553600
GPU_POST_SAMPLE 96 1572864 6553600 262144 0 0 262144 524288 1048576 10223616
GPU_POST_SAMPLE 97 1572864 2359296 262144 0 262144 0 524288 1310720 6291456
GPU_POST_SAMPLE 98 1572864 3145728 2097152 262144 262144 0 786432 786432 8912896
GPU_POST_SAMPLE 99 1835008 2621440 262144 0 0 262144 786432 786432 6553600
GPU_POST_SAMPLE 100 2359296 2621440 262144 262144 262144 0 524288 3407872 9699328
GPU_POST_SAMPLE 101 1572864 2359296 262144 262144 0 262144 524288 1048576 6291456
GPU_POST_SAMPLE 102 1572864 2621440 0 0 262144 0 786432 3145728 8388608
GPU_POST_SAMPLE 103 1572864 2621440 262144 0 0 0 786432 1048576 6291456
GPU_POST_SAMPLE 104 1310720 2621440 0 262144 262144 0 524288 1048576 6029312
GPU_POST_SAMPLE 105 1835008 4718592 262144 262144 0 262144 3145728 6815744 17301504
GPU_POST_SAMPLE 106 1572864 3670016 2359296 262144 0 262144 786432 1048576 9961472
GPU_POST_SAMPLE 107 1835008 2621440 262144 0 262144 0 524288 1048576 6553600
GPU_POST_SAMPLE 108 2097152 4456448 2621440 262144 262144 0 786432 1048576 11534336
GPU_POST_SAMPLE 109 1572864 2621440 262144 0 262144 0 524288 1048576 6291456
GPU_POST_SAMPLE 110 1835008 5505024 262144 0 262144 0 524288 1310720 9699328
GPU_POST_SAMPLE 111 1572864 2359296 262144 262144 262144 0 524288 1048576 6291456
GPU_POST_SAMPLE 112 1835008 3670016 2359296 262144 0 262144 524288 1310720 10223616
GPU_POST_SAMPLE 113 1572864 2883584 262144 262144 0 262144 524288 1048576 6815744
GPU_POST_SAMPLE 114 1835008 3407872 2359296 262144 0 262144 786432 1310720 10223616
GPU_POST_SAMPLE 115 1572864 2621440 262144 0 0 0 786432 1048576 6291456
GPU_POST_SAMPLE 116 2359296 4456448 262144 2097152 262144 0 1048576 1310720 11796480
GPU_POST_SAMPLE 117 1310720 2621440 262144 262144 262144 0 524288 1048576 6291456
GPU_POST_SAMPLE 118 2097152 4718592 0 262144 0 2359296 786432 1572864 11796480
GPU_POST_SAMPLE 119 1572864 2883584 0 262144 262144 0 524288 1048576 6553600
{"seed":43,"vendor":"Microsoft Corporation","renderer":"D3D12 (Intel(R) Arc(TM) 140T GPU (16GB))","gl_version":"4.6 (Compatibility Profile) Mesa 26.2.2","gallium_path":"/root/.cache/football-mesa-build-20260913-a/install-wayland/lib/libgallium-26.2.2.so","width":1920,"height":1080,"quality":"pbr+bloom+fxaa+auto_exposure","swap_enabled":true,"swap_interval":0,"warmup_frames":30,"measured_frames":120,"in_play_frames":150,"p50_ms":20.151274,"p95_ms":25.594953,"p99_ms":34.282898,"submit_p50_ms":20.109823,"submit_p95_ms":25.558651,"finish_p50_ms":0.037452,"finish_p95_ms":0.059238,"samples_ms":[19.149059,20.940719,20.071883,22.781874,19.331879,21.046909,19.190293,19.435800,19.782625,18.116712,18.863011,21.656844,19.060073,21.694342,20.108370,19.775930,20.507130,19.048175,20.560006,23.523848,19.899362,19.104225,19.887462,17.971504,19.780582,17.904773,20.163827,19.377437,19.445078,20.998895,21.107569,20.139102,17.756814,22.900123,20.246935,19.872725,18.810711,18.039809,20.151274,20.024039,19.709828,17.993104,17.300941,18.471052,20.231754,18.998318,18.695704,21.250176,19.140538,19.954514,22.266829,17.529541,17.787764,19.401062,22.392504,20.728114,20.187570,19.107252,22.585589,18.735434,25.681501,18.743777,19.956943,21.040325,19.738512,19.128767,21.754537,18.852675,17.504705,19.363668,18.046923,20.596547,22.136096,18.884935,20.806416,18.164875,20.993294,19.776889,17.834286,26.313188,34.282898,25.594953,23.723013,22.809234,20.494547,21.830751,18.977209,17.626856,19.025108,24.512353,20.988227,24.981761,21.135066,22.294538,24.557530,20.674937,24.288692,19.830697,21.801519,21.738798,23.424610,19.942711,24.247419,22.240496,22.339428,43.584908,25.540377,20.523574,27.924359,19.829599,25.115197,20.151482,25.098033,20.085942,23.523915,20.250911,25.982776,20.263210,25.321178,20.116041],"submit_samples_ms":[19.113369,20.906212,20.034368,22.748546,19.284844,20.986823,19.153903,19.405654,19.743969,18.081440,18.826949,21.613056,19.023690,21.659610,20.060038,19.736076,20.471144,19.014426,20.521085,23.487592,19.857013,19.069016,19.851999,17.936524,19.729766,17.866424,20.128191,19.346215,19.405016,20.964388,21.069343,20.100798,17.720414,22.859811,20.207649,19.835805,18.775832,18.003221,20.112769,19.988199,19.680108,17.928299,17.247818,18.436109,20.196890,18.957937,18.654638,21.214847,19.104716,19.895276,22.230989,17.492607,17.745327,19.359983,22.357848,20.683985,20.148292,19.072154,22.543269,18.698425,25.643558,18.699092,19.918272,21.004541,19.669933,19.094768,21.717085,18.787518,17.463957,19.328760,18.010550,20.559153,22.101446,18.848411,20.764121,18.124463,20.956454,19.744504,17.775430,26.268233,34.243160,25.558651,23.678420,22.774331,20.443719,21.796278,18.942451,17.594718,18.982116,24.476776,20.925344,24.947121,21.092342,22.236508,24.501430,20.637117,24.247437,19.795036,21.766033,21.694116,23.388911,19.893132,24.210583,22.196713,22.301052,43.541595,25.504377,20.481154,27.880460,19.789260,25.078863,20.109823,25.061554,20.041698,23.488117,20.189106,25.947102,20.215740,25.284071,20.062022],"finish_samples_ms":[0.035690,0.034507,0.037515,0.033328,0.047035,0.060086,0.036390,0.030146,0.038656,0.035272,0.036062,0.043788,0.036383,0.034732,0.048332,0.039854,0.035986,0.033749,0.038921,0.036256,0.042349,0.035209,0.035463,0.034980,0.050816,0.038349,0.035636,0.031222,0.040062,0.034507,0.038226,0.038304,0.036400,0.040312,0.039286,0.036920,0.034879,0.036588,0.038505,0.035840,0.029720,0.064805,0.053123,0.034943,0.034864,0.040381,0.041066,0.035329,0.035822,0.059238,0.035840,0.036934,0.042437,0.041079,0.034656,0.044129,0.039278,0.035098,0.042320,0.037009,0.037943,0.044685,0.038671,0.035784,0.068579,0.033999,0.037452,0.065157,0.040748,0.034908,0.036373,0.037394,0.034650,0.036524,0.042295,0.040412,0.036840,0.032385,0.058856,0.044955,0.039738,0.036302,0.044593,0.034903,0.050828,0.034473,0.034758,0.032138,0.042992,0.035577,0.062883,0.034640,0.042724,0.058030,0.056100,0.037820,0.041255,0.035661,0.035486,0.044682,0.035699,0.049579,0.036836,0.043783,0.038376,0.043313,0.036000,0.042420,0.043899,0.040339,0.036334,0.041659,0.036479,0.044244,0.035798,0.061805,0.035674,0.047470,0.037107,0.054019]}
